06-14 14:55:30.841 32424 32424 D BgTest  : uiCount 0
06-14 14:55:30.880 32424 32489 D BgTest  : bgCount 0
06-14 14:55:30.953   336   336 W ADB_SERVICES: create_local_service_socket() name=shell:cat /proc/net/xt_qtaguid/stats | grep 10069
06-14 14:55:30.953   336   336 W ADB_SERVICES: service_to_fd() name=shell:cat /proc/net/xt_qtaguid/stats | grep 10069
06-14 14:55:30.953   336   336 W ADB_SERVICES: read_meminfo() mem_free=51212
06-14 14:55:30.953   336   336 W ADB_SERVICES: create_subproc ret_fd=26 pid=32511
06-14 14:55:30.953   336   336 W ADB_SERVICES: LS(30202): bound to 'shell:cat /proc/net/xt_qtaguid/stats | grep 10069' via 26
06-14 14:55:30.954 32511 32511 W ADB_SERVICES: adb: unable to update oom_score_adj
06-14 14:55:30.966   336   336 D ADB_SERVICES:  closing because is_eof=1 r=-1 s->fde.force_eof=0
06-14 14:55:30.966   336   336 W ADB_SERVICES: entered. LS(30202) fd=26
06-14 14:55:30.974   336   336 W ADB_SERVICES: create_local_service_socket() name=shell:cat /proc/net/xt_qtaguid/stats | grep 10069
06-14 14:55:30.974   336   336 W ADB_SERVICES: service_to_fd() name=shell:cat /proc/net/xt_qtaguid/stats | grep 10069
06-14 14:55:30.974   336   336 W ADB_SERVICES: read_meminfo() mem_free=50996
06-14 14:55:30.974   336   336 W ADB_SERVICES: create_subproc ret_fd=26 pid=32514
06-14 14:55:30.974   336   336 W ADB_SERVICES: LS(30203): bound to 'shell:cat /proc/net/xt_qtaguid/stats | grep 10069' via 26
06-14 14:55:30.975 32514 32514 W ADB_SERVICES: adb: unable to update oom_score_adj
06-14 14:55:30.988   336   336 D ADB_SERVICES:  closing because is_eof=1 r=-1 s->fde.force_eof=0
06-14 14:55:30.988   336   336 W ADB_SERVICES: entered. LS(30203) fd=26
06-14 14:55:31.080   336   336 W ADB_SERVICES: create_local_service_socket() name=shell:cat /proc/32424/stat
06-14 14:55:31.080   336   336 W ADB_SERVICES: service_to_fd() name=shell:cat /proc/32424/stat
06-14 14:55:31.080   336   336 W ADB_SERVICES: read_meminfo() mem_free=53228
06-14 14:55:31.081   336   336 W ADB_SERVICES: create_subproc ret_fd=26 pid=32517
06-14 14:55:31.081   336   336 W ADB_SERVICES: LS(30204): bound to 'shell:cat /proc/32424/stat' via 26
06-14 14:55:31.081 32517 32517 W ADB_SERVICES: adb: unable to update oom_score_adj
06-14 14:55:31.087   336   336 D ADB_SERVICES:  closing because is_eof=1 r=-1 s->fde.force_eof=0
06-14 14:55:31.087   336   336 W ADB_SERVICES: entered. LS(30204) fd=26
06-14 14:55:31.100   336   336 W ADB_SERVICES: create_local_service_socket() name=shell:cat /proc/32424/stat
06-14 14:55:31.100   336   336 W ADB_SERVICES: service_to_fd() name=shell:cat /proc/32424/stat
06-14 14:55:31.100   336   336 W ADB_SERVICES: read_meminfo() mem_free=53476
06-14 14:55:31.101   336   336 W ADB_SERVICES: create_subproc ret_fd=26 pid=32518
06-14 14:55:31.101   336   336 W ADB_SERVICES: LS(30205): bound to 'shell:cat /proc/32424/stat' via 26
06-14 14:55:31.101 32518 32518 W ADB_SERVICES: adb: unable to update oom_score_adj
06-14 14:55:31.105   336   336 D ADB_SERVICES:  closing because is_eof=1 r=-1 s->fde.force_eof=0
06-14 14:55:31.105   336   336 W ADB_SERVICES: entered. LS(30205) fd=26
06-14 14:55:31.113 32355 32419 I System.out: [CDS]EAGAIN in Recvfrom
06-14 14:55:31.113 32355 32419 I System.out: [CDS]read byte is 0
06-14 14:55:31.113 32355 32419 D MLog    : org.eclipse.paho.client.mqttv3.internal.CommsReceiver::run -> 852
06-14 14:55:31.119   336   336 W ADB_SERVICES: create_local_service_socket() name=shell:cat /proc/stat
06-14 14:55:31.119   336   336 W ADB_SERVICES: service_to_fd() name=shell:cat /proc/stat
06-14 14:55:31.120   336   336 W ADB_SERVICES: read_meminfo() mem_free=53460
06-14 14:55:31.120   336   336 W ADB_SERVICES: create_subproc ret_fd=26 pid=32519
06-14 14:55:31.120   336   336 W ADB_SERVICES: LS(30206): bound to 'shell:cat /proc/stat' via 26
06-14 14:55:31.120 32519 32519 W ADB_SERVICES: adb: unable to update oom_score_adj
06-14 14:55:31.125   336   336 D ADB_SERVICES:  closing because is_eof=1 r=1 s->fde.force_eof=0
06-14 14:55:31.125   336   336 W ADB_SERVICES: entered. LS(30206) fd=26
06-14 14:55:31.137   336   336 W ADB_SERVICES: create_local_service_socket() name=shell:cat /proc/stat
06-14 14:55:31.137   336   336 W ADB_SERVICES: service_to_fd() name=shell:cat /proc/stat
06-14 14:55:31.137   336   336 W ADB_SERVICES: read_meminfo() mem_free=53228
06-14 14:55:31.137   336   336 W ADB_SERVICES: create_subproc ret_fd=26 pid=32520
06-14 14:55:31.137   336   336 W ADB_SERVICES: LS(30207): bound to 'shell:cat /proc/stat' via 26
06-14 14:55:31.138 32520 32520 W ADB_SERVICES: adb: unable to update oom_score_adj
06-14 14:55:31.142   336   336 D ADB_SERVICES:  closing because is_eof=1 r=1 s->fde.force_eof=0
06-14 14:55:31.142   336   336 W ADB_SERVICES: entered. LS(30207) fd=26
06-14 14:55:31.494   336   336 W ADB_SERVICES: create_local_service_socket() name=shell:cat /proc/net/xt_qtaguid/stats | grep 10069
06-14 14:55:31.494   336   336 W ADB_SERVICES: service_to_fd() name=shell:cat /proc/net/xt_qtaguid/stats | grep 10069
06-14 14:55:31.495   336   336 W ADB_SERVICES: read_meminfo() mem_free=53556
06-14 14:55:31.495   336   336 W ADB_SERVICES: create_subproc ret_fd=26 pid=32521
06-14 14:55:31.495   336   336 W ADB_SERVICES: LS(30208): bound to 'shell:cat /proc/net/xt_qtaguid/stats | grep 10069' via 26
06-14 14:55:31.496 32521 32521 W ADB_SERVICES: adb: unable to update oom_score_adj
06-14 14:55:31.508   336   336 D ADB_SERVICES:  closing because is_eof=1 r=-1 s->fde.force_eof=0
06-14 14:55:31.508   336   336 W ADB_SERVICES: entered. LS(30208) fd=26
06-14 14:55:31.513   336   336 W ADB_SERVICES: create_local_service_socket() name=shell:cat /proc/net/xt_qtaguid/stats | grep 10069
06-14 14:55:31.513   336   336 W ADB_SERVICES: service_to_fd() name=shell:cat /proc/net/xt_qtaguid/stats | grep 10069
06-14 14:55:31.514   336   336 W ADB_SERVICES: read_meminfo() mem_free=53260
06-14 14:55:31.514   336   336 W ADB_SERVICES: create_subproc ret_fd=26 pid=32524
06-14 14:55:31.514   336   336 W ADB_SERVICES: LS(30209): bound to 'shell:cat /proc/net/xt_qtaguid/stats | grep 10069' via 26
06-14 14:55:31.514 32524 32524 W ADB_SERVICES: adb: unable to update oom_score_adj
06-14 14:55:31.527   336   336 D ADB_SERVICES:  closing because is_eof=1 r=-1 s->fde.force_eof=0
06-14 14:55:31.527   336   336 W ADB_SERVICES: entered. LS(30209) fd=26
06-14 14:55:31.636  1040  1040 D NetworkController.WifiSignalController: setActivity: wifiActivity= 0
06-14 14:55:31.636  1040  1040 D NetworkController.WifiSignalController: isDirty : false
06-14 14:55:31.636  1040  1040 D NetworkController.WifiSignalController: Change in state from: connected=true,enabled=true,level=4,inetCondition=1,iconGroup=IconGroup(Wi-Fi Icons),activityIn=true,activityOut=false,rssi=-53,networkType=null,lastModified=06-14 02:55:30,ssid="sodino"enabling=falsedisabling=falseconnecting=false
06-14 14:55:31.636  1040  1040 D NetworkController.WifiSignalController: 	to: connected=true,enabled=true,level=4,inetCondition=1,iconGroup=IconGroup(Wi-Fi Icons),activityIn=false,activityOut=false,rssi=-53,networkType=null,lastModified=06-14 02:55:30,ssid="sodino"enabling=falsedisabling=falseconnecting=false
06-14 14:55:31.637  1040  1040 D NetworkController.WifiSignalController: Wifi notifyListeners: level= 4, wifiActivity= 0
06-14 14:55:31.637  1040  1040 D SignalClusterView: setWifiIndicators, visible=true, strengthIcon=2130839040, contentDescription=WLAN信号满格。
06-14 14:55:31.637  1040  1040 D NetworkController.WifiSignalController: Wifi notifyListeners: level= 4, wifiActivity= 0
06-14 14:55:31.637  1040  1040 D SignalClusterView: setWifiIndicators, visible=true, strengthIcon=2130839040, contentDescription=WLAN信号满格。
06-14 14:55:31.637  1040  1040 D NetworkController.WifiSignalController: Wifi notifyListeners: level= 4, wifiActivity= 0
06-14 14:55:31.637  1040  1040 D SignalClusterView: setWifiIndicators, visible=true, strengthIcon=2130839040, contentDescription=WLAN信号满格。
06-14 14:55:31.637  1040  1040 D NetworkController.WifiSignalController: Wifi notifyListeners: level= 4, wifiActivity= 0
06-14 14:55:31.637  1040  1040 D SignalClusterView: setWifiIndicators, visible=true, strengthIcon=2130839040, contentDescription=WLAN信号满格。
06-14 14:55:31.637  1040  1040 D ConnectionRateView: DataConnection: new=true,old=true
06-14 14:55:31.637  1040  1040 D ConnectionRateView: DataConnection: new=true,old=true
06-14 14:55:31.640   874   985 D PerfServiceManager: [PerfService] MESSAGE_TIMER_TOUCH_BOOST_DURATION 
06-14 14:55:31.640   874   985 I libPerfService: 7: set: 4
06-14 14:55:31.640   874   985 I libPerfService: 7: set freq: 1235000
06-14 14:55:31.664   336   336 W ADB_SERVICES: create_local_service_socket() name=shell:cat /proc/32424/stat
06-14 14:55:31.664   336   336 W ADB_SERVICES: service_to_fd() name=shell:cat /proc/32424/stat
06-14 14:55:31.664   336   336 W ADB_SERVICES: read_meminfo() mem_free=53088
06-14 14:55:31.664   336   336 W ADB_SERVICES: create_subproc ret_fd=26 pid=32527
06-14 14:55:31.664   336   336 W ADB_SERVICES: LS(30210): bound to 'shell:cat /proc/32424/stat' via 26
06-14 14:55:31.665 32527 32527 W ADB_SERVICES: adb: unable to update oom_score_adj
06-14 14:55:31.669   336   336 D ADB_SERVICES:  closing because is_eof=1 r=-1 s->fde.force_eof=0
06-14 14:55:31.669   336   336 W ADB_SERVICES: entered. LS(30210) fd=26
06-14 14:55:31.675   272   272 I SurfaceFlinger: [Built-in Screen (type:0)] fps:6.595427,dur:1819.44,max:984.35,min:16.79
06-14 14:55:31.681   336   336 W ADB_SERVICES: create_local_service_socket() name=shell:cat /proc/32424/stat
06-14 14:55:31.681   336   336 W ADB_SERVICES: service_to_fd() name=shell:cat /proc/32424/stat
06-14 14:55:31.681   336   336 W ADB_SERVICES: read_meminfo() mem_free=53212
06-14 14:55:31.682   336   336 W ADB_SERVICES: create_subproc ret_fd=26 pid=32528
06-14 14:55:31.682   336   336 W ADB_SERVICES: LS(30211): bound to 'shell:cat /proc/32424/stat' via 26
06-14 14:55:31.682 32528 32528 W ADB_SERVICES: adb: unable to update oom_score_adj
06-14 14:55:31.687   336   336 D ADB_SERVICES:  closing because is_eof=1 r=-1 s->fde.force_eof=0
06-14 14:55:31.687   336   336 W ADB_SERVICES: entered. LS(30211) fd=26
06-14 14:55:31.719   336   336 W ADB_SERVICES: create_local_service_socket() name=shell:cat /proc/stat
06-14 14:55:31.719   336   336 W ADB_SERVICES: service_to_fd() name=shell:cat /proc/stat
06-14 14:55:31.719   336   336 W ADB_SERVICES: read_meminfo() mem_free=53336
06-14 14:55:31.720   336   336 W ADB_SERVICES: create_subproc ret_fd=26 pid=32529
06-14 14:55:31.720   336   336 W ADB_SERVICES: LS(30212): bound to 'shell:cat /proc/stat' via 26
06-14 14:55:31.720 32529 32529 W ADB_SERVICES: adb: unable to update oom_score_adj
06-14 14:55:31.720   336   336 W ADB_SERVICES: create_local_service_socket() name=shell:cat /proc/stat
06-14 14:55:31.721   336   336 W ADB_SERVICES: service_to_fd() name=shell:cat /proc/stat
06-14 14:55:31.721   336   336 W ADB_SERVICES: read_meminfo() mem_free=53336
06-14 14:55:31.721   336   336 W ADB_SERVICES: create_subproc ret_fd=27 pid=32530
06-14 14:55:31.721   336   336 W ADB_SERVICES: LS(30213): bound to 'shell:cat /proc/stat' via 27
06-14 14:55:31.722 32530 32530 W ADB_SERVICES: adb: unable to update oom_score_adj
06-14 14:55:31.725   336   336 D ADB_SERVICES:  closing because is_eof=1 r=1 s->fde.force_eof=0
06-14 14:55:31.725   336   336 W ADB_SERVICES: entered. LS(30212) fd=26
06-14 14:55:31.726   336   336 D ADB_SERVICES:  closing because is_eof=1 r=-1 s->fde.force_eof=0
06-14 14:55:31.726   336   336 W ADB_SERVICES: entered. LS(30213) fd=27
06-14 14:55:31.762   874   985 D PerfServiceManager: [PerfService] MESSAGE_TIMER_SCN_USER_BASE:76 
06-14 14:55:31.762   874   985 I libPerfService: 12: set: 1
06-14 14:55:31.762   874   985 I libPerfService: 12: set freq: 0
06-14 14:55:31.762   874   985 I libPerfService: 12: set gpu level: 0
06-14 14:55:31.834   874   968 D WifiHW  : enter -->wifi_send_command cmd=IFNAME=wlan0 SIGNAL_POLL
06-14 14:55:31.834  1428  1428 D wpa_supplicant: wlan0: Control interface command 'SIGNAL_POLL'
06-14 14:55:31.843 32424 32424 D BgTest  : uiCount 1
06-14 14:55:31.856   874   968 D WifiHW  : leave --> reply=RSSI=-52
06-14 14:55:31.856   874   968 D WifiHW  : LINKSPEED=65
06-14 14:55:31.856   874   968 D WifiHW  : NOISE=9999
06-14 14:55:31.856   874   968 D WifiHW  : FREQUENCY=2462
06-14 14:55:31.856   874   968 D WifiHW  : 
06-14 14:55:31.857   874   968 D WifiStateMachine: mLastSignalLevel:3, newSignalLevel:3
06-14 14:55:31.920 32424 32489 D BgTest  : bgCount 1
06-14 14:55:32.034   336   336 W ADB_SERVICES: create_local_service_socket() name=shell:cat /proc/net/xt_qtaguid/stats | grep 10069
06-14 14:55:32.034   336   336 W ADB_SERVICES: service_to_fd() name=shell:cat /proc/net/xt_qtaguid/stats | grep 10069
06-14 14:55:32.035   336   336 W ADB_SERVICES: read_meminfo() mem_free=53584
06-14 14:55:32.036   336   336 W ADB_SERVICES: create_subproc ret_fd=26 pid=32531
06-14 14:55:32.036   336   336 W ADB_SERVICES: LS(30214): bound to 'shell:cat /proc/net/xt_qtaguid/stats | grep 10069' via 26
06-14 14:55:32.037 32531 32531 W ADB_SERVICES: adb: unable to update oom_score_adj
06-14 14:55:32.052   336   336 W ADB_SERVICES: create_local_service_socket() name=shell:cat /proc/net/xt_qtaguid/stats | grep 10069
06-14 14:55:32.052   336   336 W ADB_SERVICES: service_to_fd() name=shell:cat /proc/net/xt_qtaguid/stats | grep 10069
06-14 14:55:32.058   336   336 W ADB_SERVICES: read_meminfo() mem_free=53600
06-14 14:55:32.060   336   336 W ADB_SERVICES: create_subproc ret_fd=27 pid=32534
06-14 14:55:32.061   336   336 W ADB_SERVICES: LS(30215): bound to 'shell:cat /proc/net/xt_qtaguid/stats | grep 10069' via 27
06-14 14:55:32.072 32534 32534 W ADB_SERVICES: adb: unable to update oom_score_adj
06-14 14:55:32.086   336   336 D ADB_SERVICES:  closing because is_eof=1 r=-1 s->fde.force_eof=0
06-14 14:55:32.087   336   336 W ADB_SERVICES: entered. LS(30214) fd=26
06-14 14:55:32.100   336   336 D ADB_SERVICES:  closing because is_eof=1 r=-1 s->fde.force_eof=0
06-14 14:55:32.100   336   336 W ADB_SERVICES: entered. LS(30215) fd=27
06-14 14:55:32.113 32355 32419 I System.out: [CDS]EAGAIN in Recvfrom
06-14 14:55:32.114 32355 32419 I System.out: [CDS]read byte is 0
06-14 14:55:32.115 32355 32419 D MLog    : org.eclipse.paho.client.mqttv3.internal.CommsReceiver::run -> 852
06-14 14:55:32.259   336   336 W ADB_SERVICES: create_local_service_socket() name=shell:cat /proc/32424/stat
06-14 14:55:32.259   336   336 W ADB_SERVICES: service_to_fd() name=shell:cat /proc/32424/stat
06-14 14:55:32.259   336   336 W ADB_SERVICES: read_meminfo() mem_free=54692
06-14 14:55:32.261   336   336 W ADB_SERVICES: create_subproc ret_fd=26 pid=32537
06-14 14:55:32.261   336   336 W ADB_SERVICES: LS(30216): bound to 'shell:cat /proc/32424/stat' via 26
06-14 14:55:32.265   336   336 W ADB_SERVICES: create_local_service_socket() name=shell:cat /proc/32424/stat
06-14 14:55:32.265   336   336 W ADB_SERVICES: service_to_fd() name=shell:cat /proc/32424/stat
06-14 14:55:32.266   336   336 W ADB_SERVICES: read_meminfo() mem_free=54692
06-14 14:55:32.269   336   336 W ADB_SERVICES: create_subproc ret_fd=27 pid=32538
06-14 14:55:32.270   336   336 W ADB_SERVICES: LS(30217): bound to 'shell:cat /proc/32424/stat' via 27
06-14 14:55:32.273 32537 32537 W ADB_SERVICES: adb: unable to update oom_score_adj
06-14 14:55:32.277 32538 32538 W ADB_SERVICES: adb: unable to update oom_score_adj
06-14 14:55:32.291   336   336 D ADB_SERVICES:  closing because is_eof=1 r=-1 s->fde.force_eof=0
06-14 14:55:32.291   336   336 W ADB_SERVICES: entered. LS(30217) fd=27
06-14 14:55:32.294   336   336 D ADB_SERVICES:  closing because is_eof=1 r=-1 s->fde.force_eof=0
06-14 14:55:32.294   336   336 W ADB_SERVICES: entered. LS(30216) fd=26
06-14 14:55:32.309   336   336 W ADB_SERVICES: create_local_service_socket() name=shell:cat /proc/stat
06-14 14:55:32.309   336   336 W ADB_SERVICES: service_to_fd() name=shell:cat /proc/stat
06-14 14:55:32.310   336   336 W ADB_SERVICES: read_meminfo() mem_free=54624
06-14 14:55:32.310   336   336 W ADB_SERVICES: create_subproc ret_fd=26 pid=32539
06-14 14:55:32.310   336   336 W ADB_SERVICES: LS(30218): bound to 'shell:cat /proc/stat' via 26
06-14 14:55:32.312 32539 32539 W ADB_SERVICES: adb: unable to update oom_score_adj
06-14 14:55:32.318   336   336 D ADB_SERVICES:  closing because is_eof=1 r=-1 s->fde.force_eof=0
06-14 14:55:32.318   336   336 W ADB_SERVICES: entered. LS(30218) fd=26
06-14 14:55:32.324   336   336 W ADB_SERVICES: create_local_service_socket() name=shell:cat /proc/stat
06-14 14:55:32.324   336   336 W ADB_SERVICES: service_to_fd() name=shell:cat /proc/stat
06-14 14:55:32.324   336   336 W ADB_SERVICES: read_meminfo() mem_free=54676
06-14 14:55:32.325   336   336 W ADB_SERVICES: create_subproc ret_fd=26 pid=32540
06-14 14:55:32.325   336   336 W ADB_SERVICES: LS(30219): bound to 'shell:cat /proc/stat' via 26
06-14 14:55:32.327 32540 32540 W ADB_SERVICES: adb: unable to update oom_score_adj
06-14 14:55:32.336   336   336 D ADB_SERVICES:  closing because is_eof=1 r=-1 s->fde.force_eof=0
06-14 14:55:32.336   336   336 W ADB_SERVICES: entered. LS(30219) fd=26
06-14 14:55:32.541  1860  1860 V SettingsInterface:  from settings cache , name = multi_sim_voice_call , value = null
06-14 14:55:32.548  1860  1860 V SettingsInterface:  from settings cache , name = multi_sim_voice_call , value = null
06-14 14:55:32.557  1860  1860 V SettingsInterface:  from settings cache , name = multi_sim_voice_call , value = null
06-14 14:55:32.563  1860  1860 V SettingsInterface:  from settings cache , name = multi_sim_voice_call , value = null
06-14 14:55:32.565  1860  1860 V SettingsInterface:  from settings cache , name = multi_sim_voice_call , value = null
06-14 14:55:32.568  1860  1860 V SettingsInterface:  from settings cache , name = multi_sim_voice_call , value = null
06-14 14:55:32.571   874  1162 V ActivityManager: Broadcast sticky: Intent { act=android.intent.action.SIG_STR flg=0x20000010 (has extras) } ordered=false userid=-1 callerApp=ProcessRecord{2de77b41 874:system/1000}
06-14 14:55:32.608   336   336 W ADB_SERVICES: create_local_service_socket() name=shell:cat /proc/net/xt_qtaguid/stats | grep 10069
06-14 14:55:32.608   336   336 W ADB_SERVICES: service_to_fd() name=shell:cat /proc/net/xt_qtaguid/stats | grep 10069
06-14 14:55:32.609   336   336 W ADB_SERVICES: read_meminfo() mem_free=54656
06-14 14:55:32.610   336   336 W ADB_SERVICES: create_subproc ret_fd=26 pid=32541
06-14 14:55:32.610   336   336 W ADB_SERVICES: LS(30220): bound to 'shell:cat /proc/net/xt_qtaguid/stats | grep 10069' via 26
06-14 14:55:32.615 32541 32541 W ADB_SERVICES: adb: unable to update oom_score_adj
06-14 14:55:32.630   336   336 W ADB_SERVICES: create_local_service_socket() name=shell:cat /proc/net/xt_qtaguid/stats | grep 10069
06-14 14:55:32.630   336   336 W ADB_SERVICES: service_to_fd() name=shell:cat /proc/net/xt_qtaguid/stats | grep 10069
06-14 14:55:32.631   336   336 W ADB_SERVICES: read_meminfo() mem_free=54396
06-14 14:55:32.631   336   336 W ADB_SERVICES: create_subproc ret_fd=27 pid=32544
06-14 14:55:32.631   336   336 W ADB_SERVICES: LS(30221): bound to 'shell:cat /proc/net/xt_qtaguid/stats | grep 10069' via 27
06-14 14:55:32.635 32544 32544 W ADB_SERVICES: adb: unable to update oom_score_adj
06-14 14:55:32.646   336   336 D ADB_SERVICES:  closing because is_eof=1 r=-1 s->fde.force_eof=0
06-14 14:55:32.646   336   336 W ADB_SERVICES: entered. LS(30220) fd=26
06-14 14:55:32.659   336   336 D ADB_SERVICES:  closing because is_eof=1 r=-1 s->fde.force_eof=0
06-14 14:55:32.659   336   336 W ADB_SERVICES: entered. LS(30221) fd=27
06-14 14:55:32.833   319   319 I thermal_repeater: oh, queryMdThermalInfo (0)Bad file number
06-14 14:55:32.833   874   985 D PerfServiceManager: [PerfService] MESSAGE_TIMER_TOUCH_BOOST_DURATION 
06-14 14:55:32.833   874   985 I libPerfService: 7: set: 1
06-14 14:55:32.834   874   985 I libPerfService: 7: set freq: 0
06-14 14:55:32.843 32424 32424 D BgTest  : uiCount 2
06-14 14:55:32.847   319   319 I thermal_repeater: [recvMdThermalInfo] ret=25, strLen=127,  1, 32767,,, -1, 32767, 2
06-14 14:55:32.850   336   336 W ADB_SERVICES: create_local_service_socket() name=shell:cat /proc/32424/stat
06-14 14:55:32.850   336   336 W ADB_SERVICES: service_to_fd() name=shell:cat /proc/32424/stat
06-14 14:55:32.851   336   336 W ADB_SERVICES: read_meminfo() mem_free=54676
06-14 14:55:32.854   336   336 W ADB_SERVICES: create_subproc ret_fd=26 pid=32547
06-14 14:55:32.855   336   336 W ADB_SERVICES: LS(30222): bound to 'shell:cat /proc/32424/stat' via 26
06-14 14:55:32.858 32547 32547 W ADB_SERVICES: adb: unable to update oom_score_adj
06-14 14:55:32.866   336   336 W ADB_SERVICES: create_local_service_socket() name=shell:cat /proc/32424/stat
06-14 14:55:32.866   336   336 W ADB_SERVICES: service_to_fd() name=shell:cat /proc/32424/stat
06-14 14:55:32.867   336   336 W ADB_SERVICES: read_meminfo() mem_free=54640
06-14 14:55:32.867   336   336 W ADB_SERVICES: create_subproc ret_fd=27 pid=32548
06-14 14:55:32.867   336   336 W ADB_SERVICES: LS(30223): bound to 'shell:cat /proc/32424/stat' via 27
06-14 14:55:32.874 32548 32548 W ADB_SERVICES: adb: unable to update oom_score_adj
06-14 14:55:32.886   336   336 D ADB_SERVICES:  closing because is_eof=1 r=-1 s->fde.force_eof=0
06-14 14:55:32.886   336   336 W ADB_SERVICES: entered. LS(30222) fd=26
06-14 14:55:32.889   336   336 D ADB_SERVICES:  closing because is_eof=1 r=-1 s->fde.force_eof=0
06-14 14:55:32.889   336   336 W ADB_SERVICES: entered. LS(30223) fd=27
06-14 14:55:32.894   336   336 W ADB_SERVICES: create_local_service_socket() name=shell:cat /proc/stat
06-14 14:55:32.894   336   336 W ADB_SERVICES: service_to_fd() name=shell:cat /proc/stat
06-14 14:55:32.894   336   336 W ADB_SERVICES: read_meminfo() mem_free=54624
06-14 14:55:32.894   336   336 W ADB_SERVICES: create_subproc ret_fd=26 pid=32549
06-14 14:55:32.894   336   336 W ADB_SERVICES: LS(30224): bound to 'shell:cat /proc/stat' via 26
06-14 14:55:32.896 32549 32549 W ADB_SERVICES: adb: unable to update oom_score_adj
06-14 14:55:32.902   336   336 D ADB_SERVICES:  closing because is_eof=1 r=-1 s->fde.force_eof=0
06-14 14:55:32.903   336   336 W ADB_SERVICES: entered. LS(30224) fd=26
06-14 14:55:32.907   336   336 W ADB_SERVICES: create_local_service_socket() name=shell:cat /proc/stat
06-14 14:55:32.907   336   336 W ADB_SERVICES: service_to_fd() name=shell:cat /proc/stat
06-14 14:55:32.907   336   336 W ADB_SERVICES: read_meminfo() mem_free=54624
06-14 14:55:32.908   336   336 W ADB_SERVICES: create_subproc ret_fd=26 pid=32550
06-14 14:55:32.908   336   336 W ADB_SERVICES: LS(30225): bound to 'shell:cat /proc/stat' via 26
06-14 14:55:32.909 32550 32550 W ADB_SERVICES: adb: unable to update oom_score_adj
06-14 14:55:32.916   336   336 D ADB_SERVICES:  closing because is_eof=1 r=-1 s->fde.force_eof=0
06-14 14:55:32.916   336   336 W ADB_SERVICES: entered. LS(30225) fd=26
06-14 14:55:32.960 32424 32489 D BgTest  : bgCount 2
06-14 14:55:33.091   272   272 I SurfaceFlinger: [Built-in Screen (type:0)] fps:0.705878,dur:1416.68,max:1416.68,min:1416.68
06-14 14:55:33.113 32355 32419 I System.out: [CDS]EAGAIN in Recvfrom
06-14 14:55:33.115 32355 32419 I System.out: [CDS]read byte is 0
06-14 14:55:33.117 32355 32419 D MLog    : org.eclipse.paho.client.mqttv3.internal.CommsReceiver::run -> 852
06-14 14:55:33.170   336   336 W ADB_SERVICES: create_local_service_socket() name=shell:cat /proc/net/xt_qtaguid/stats | grep 10069
06-14 14:55:33.170   336   336 W ADB_SERVICES: service_to_fd() name=shell:cat /proc/net/xt_qtaguid/stats | grep 10069
06-14 14:55:33.171   336   336 W ADB_SERVICES: read_meminfo() mem_free=54724
06-14 14:55:33.172   336   336 W ADB_SERVICES: create_subproc ret_fd=26 pid=32551
06-14 14:55:33.172   336   336 W ADB_SERVICES: LS(30226): bound to 'shell:cat /proc/net/xt_qtaguid/stats | grep 10069' via 26
06-14 14:55:33.177 32551 32551 W ADB_SERVICES: adb: unable to update oom_score_adj
06-14 14:55:33.179   336   336 W ADB_SERVICES: create_local_service_socket() name=shell:cat /proc/net/xt_qtaguid/stats | grep 10069
06-14 14:55:33.179   336   336 W ADB_SERVICES: service_to_fd() name=shell:cat /proc/net/xt_qtaguid/stats | grep 10069
06-14 14:55:33.180   336   336 W ADB_SERVICES: read_meminfo() mem_free=54724
06-14 14:55:33.181   336   336 W ADB_SERVICES: create_subproc ret_fd=27 pid=32552
06-14 14:55:33.181   336   336 W ADB_SERVICES: LS(30227): bound to 'shell:cat /proc/net/xt_qtaguid/stats | grep 10069' via 27
06-14 14:55:33.189 32552 32552 W ADB_SERVICES: adb: unable to update oom_score_adj
06-14 14:55:33.226   336   336 D ADB_SERVICES:  closing because is_eof=1 r=-1 s->fde.force_eof=0
06-14 14:55:33.226   336   336 W ADB_SERVICES: entered. LS(30227) fd=27
06-14 14:55:33.231   336   336 D ADB_SERVICES:  closing because is_eof=1 r=-1 s->fde.force_eof=0
06-14 14:55:33.231   336   336 W ADB_SERVICES: entered. LS(30226) fd=26
06-14 14:55:33.441   336   336 W ADB_SERVICES: create_local_service_socket() name=shell:cat /proc/32424/stat
06-14 14:55:33.442   336   336 W ADB_SERVICES: service_to_fd() name=shell:cat /proc/32424/stat
06-14 14:55:33.444   336   336 W ADB_SERVICES: read_meminfo() mem_free=54600
06-14 14:55:33.446   336   336 W ADB_SERVICES: create_subproc ret_fd=26 pid=32557
06-14 14:55:33.446   336   336 W ADB_SERVICES: LS(30228): bound to 'shell:cat /proc/32424/stat' via 26
06-14 14:55:33.449 32557 32557 W ADB_SERVICES: adb: unable to update oom_score_adj
06-14 14:55:33.454   336   336 W ADB_SERVICES: create_local_service_socket() name=shell:cat /proc/32424/stat
06-14 14:55:33.454   336   336 W ADB_SERVICES: service_to_fd() name=shell:cat /proc/32424/stat
06-14 14:55:33.454   336   336 W ADB_SERVICES: read_meminfo() mem_free=54548
06-14 14:55:33.456   336   336 W ADB_SERVICES: create_subproc ret_fd=27 pid=32558
06-14 14:55:33.456   336   336 W ADB_SERVICES: LS(30229): bound to 'shell:cat /proc/32424/stat' via 27
06-14 14:55:33.465 32558 32558 W ADB_SERVICES: adb: unable to update oom_score_adj
06-14 14:55:33.473   336   336 D ADB_SERVICES:  closing because is_eof=1 r=-1 s->fde.force_eof=0
06-14 14:55:33.473   336   336 W ADB_SERVICES: entered. LS(30228) fd=26
06-14 14:55:33.475   336   336 D ADB_SERVICES:  closing because is_eof=1 r=-1 s->fde.force_eof=0
06-14 14:55:33.475   336   336 W ADB_SERVICES: entered. LS(30229) fd=27
06-14 14:55:33.491   336   336 W ADB_SERVICES: create_local_service_socket() name=shell:cat /proc/stat
06-14 14:55:33.491   336   336 W ADB_SERVICES: service_to_fd() name=shell:cat /proc/stat
06-14 14:55:33.491   336   336 W ADB_SERVICES: read_meminfo() mem_free=54680
06-14 14:55:33.492   336   336 W ADB_SERVICES: create_subproc ret_fd=26 pid=32559
06-14 14:55:33.492   336   336 W ADB_SERVICES: LS(30230): bound to 'shell:cat /proc/stat' via 26
06-14 14:55:33.493   336   336 W ADB_SERVICES: create_local_service_socket() name=shell:cat /proc/stat
06-14 14:55:33.493   336   336 W ADB_SERVICES: service_to_fd() name=shell:cat /proc/stat
06-14 14:55:33.494   336   336 W ADB_SERVICES: read_meminfo() mem_free=54680
06-14 14:55:33.494   336   336 W ADB_SERVICES: create_subproc ret_fd=27 pid=32560
06-14 14:55:33.494   336   336 W ADB_SERVICES: LS(30231): bound to 'shell:cat /proc/stat' via 27
06-14 14:55:33.496 32560 32560 W ADB_SERVICES: adb: unable to update oom_score_adj
06-14 14:55:33.497 32559 32559 W ADB_SERVICES: adb: unable to update oom_score_adj
06-14 14:55:33.509   336   336 D ADB_SERVICES:  closing because is_eof=1 r=-1 s->fde.force_eof=0
06-14 14:55:33.509   336   336 W ADB_SERVICES: entered. LS(30231) fd=27
06-14 14:55:33.513   336   336 D ADB_SERVICES:  closing because is_eof=1 r=-1 s->fde.force_eof=0
06-14 14:55:33.513   336   336 W ADB_SERVICES: entered. LS(30230) fd=26
06-14 14:55:33.720  1231  8560 D UsageStats_UsageStatsUploader: DB_CHANGED, current count is 0, stop time alarm.
06-14 14:55:33.725   874  1848 D AlarmManager: manual remove option = PendingIntent{1140bcb8: PendingIntentRecord{18285cb9 com.meizu.safe broadcastIntent}}
06-14 14:55:33.726  1885  2026 D UsageStats_UsageStatsUploader: DB_CHANGED, start time alarm, current count: 2
06-14 14:55:33.729   874  1082 D AlarmManager: manual remove option = PendingIntent{609a91: PendingIntentRecord{22e02b7b com.meizu.flyme.launcher broadcastIntent}}
06-14 14:55:33.730   874  1830 V AlarmManager: APP set(PendingIntent{35602df6: PendingIntentRecord{22e02b7b com.meizu.flyme.launcher broadcastIntent}}) : type=1 triggerAtTime=1497425133728 win=-1 tElapsed=14435390 maxElapsed=15785388 interval=0 standalone=false
06-14 14:55:33.746 32152 32326 D UsageStats_UsageStatsUploader: DB_CHANGED, current count is 0, stop time alarm.
06-14 14:55:33.749   874  1162 D AlarmManager: manual remove option = PendingIntent{a38b5f7: PendingIntentRecord{21690b75 com.meizu.mstore broadcastIntent}}
06-14 14:55:33.753 32103 32134 D UsageStats_UsageStatsUploader: DB_CHANGED, current count is 0, stop time alarm.
06-14 14:55:33.753   336   336 W ADB_SERVICES: create_local_service_socket() name=shell:cat /proc/net/xt_qtaguid/stats | grep 10069
06-14 14:55:33.753   336   336 W ADB_SERVICES: service_to_fd() name=shell:cat /proc/net/xt_qtaguid/stats | grep 10069
06-14 14:55:33.754   336   336 W ADB_SERVICES: read_meminfo() mem_free=54708
06-14 14:55:33.754   336   336 W ADB_SERVICES: create_subproc ret_fd=26 pid=32561
06-14 14:55:33.754   336   336 W ADB_SERVICES: LS(30232): bound to 'shell:cat /proc/net/xt_qtaguid/stats | grep 10069' via 26
06-14 14:55:33.756 13331 13354 D UsageStats_UsageStatsUploader: DB_CHANGED, current count is 0, stop time alarm.
06-14 14:55:33.757 32561 32561 W ADB_SERVICES: adb: unable to update oom_score_adj
06-14 14:55:33.770   336   336 W ADB_SERVICES: create_local_service_socket() name=shell:cat /proc/net/xt_qtaguid/stats | grep 10069
06-14 14:55:33.770   336   336 W ADB_SERVICES: service_to_fd() name=shell:cat /proc/net/xt_qtaguid/stats | grep 10069
06-14 14:55:33.770   336   336 W ADB_SERVICES: read_meminfo() mem_free=54412
06-14 14:55:33.770   336   336 W ADB_SERVICES: create_subproc ret_fd=27 pid=32564
06-14 14:55:33.770   336   336 W ADB_SERVICES: LS(30233): bound to 'shell:cat /proc/net/xt_qtaguid/stats | grep 10069' via 27
06-14 14:55:33.774 32564 32564 W ADB_SERVICES: adb: unable to update oom_score_adj
06-14 14:55:33.782   336   336 D ADB_SERVICES:  closing because is_eof=1 r=-1 s->fde.force_eof=0
06-14 14:55:33.782   336   336 W ADB_SERVICES: entered. LS(30232) fd=26
06-14 14:55:33.795   336   336 D ADB_SERVICES:  closing because is_eof=1 r=-1 s->fde.force_eof=0
06-14 14:55:33.795   336   336 W ADB_SERVICES: entered. LS(30233) fd=27
06-14 14:55:33.800  3445  3477 D UsageStats_UsageStatsUploader: DB_CHANGED, current count is 0, stop time alarm.
06-14 14:55:33.806   874  1824 D AlarmManager: manual remove option = PendingIntent{15a0ec64: PendingIntentRecord{2efbccac com.flyme.netadmin broadcastIntent}}
06-14 14:55:33.807   874  1832 D AlarmManager: manual remove option = PendingIntent{36e34ecd: PendingIntentRecord{20593382 com.meizu.net.search broadcastIntent}}
06-14 14:55:33.808   874  1245 D AlarmManager: manual remove option = PendingIntent{c38ba93: PendingIntentRecord{1ca25b41 com.meizu.mzsyncservice broadcastIntent}}
06-14 14:55:33.844 32424 32424 D BgTest  : uiCount 3
06-14 14:55:33.985 32424 32489 D BgTest  : bgCount 3
06-14 14:55:34.034   336   336 W ADB_SERVICES: create_local_service_socket() name=shell:cat /proc/32424/stat
06-14 14:55:34.034   336   336 W ADB_SERVICES: service_to_fd() name=shell:cat /proc/32424/stat
06-14 14:55:34.034   336   336 W ADB_SERVICES: read_meminfo() mem_free=55080
06-14 14:55:34.036   336   336 W ADB_SERVICES: create_subproc ret_fd=26 pid=32567
06-14 14:55:34.036   336   336 W ADB_SERVICES: LS(30234): bound to 'shell:cat /proc/32424/stat' via 26
06-14 14:55:34.037 32567 32567 W ADB_SERVICES: adb: unable to update oom_score_adj
06-14 14:55:34.037   336   336 W ADB_SERVICES: create_local_service_socket() name=shell:cat /proc/32424/stat
06-14 14:55:34.037   336   336 W ADB_SERVICES: service_to_fd() name=shell:cat /proc/32424/stat
06-14 14:55:34.037   336   336 W ADB_SERVICES: read_meminfo() mem_free=54816
06-14 14:55:34.039   336   336 W ADB_SERVICES: create_subproc ret_fd=27 pid=32568
06-14 14:55:34.039   336   336 W ADB_SERVICES: LS(30235): bound to 'shell:cat /proc/32424/stat' via 27
06-14 14:55:34.040 32568 32568 W ADB_SERVICES: adb: unable to update oom_score_adj
06-14 14:55:34.051   336   336 D ADB_SERVICES:  closing because is_eof=1 r=-1 s->fde.force_eof=0
06-14 14:55:34.051   336   336 W ADB_SERVICES: entered. LS(30234) fd=26
06-14 14:55:34.054   336   336 D ADB_SERVICES:  closing because is_eof=1 r=-1 s->fde.force_eof=0
06-14 14:55:34.054   336   336 W ADB_SERVICES: entered. LS(30235) fd=27
06-14 14:55:34.074   336   336 W ADB_SERVICES: create_local_service_socket() name=shell:cat /proc/stat
06-14 14:55:34.074   336   336 W ADB_SERVICES: service_to_fd() name=shell:cat /proc/stat
06-14 14:55:34.075   336   336 W ADB_SERVICES: read_meminfo() mem_free=54676
06-14 14:55:34.076   336   336 W ADB_SERVICES: create_subproc ret_fd=26 pid=32569
06-14 14:55:34.077   336   336 W ADB_SERVICES: LS(30236): bound to 'shell:cat /proc/stat' via 26
06-14 14:55:34.077 32569 32569 W ADB_SERVICES: adb: unable to update oom_score_adj
06-14 14:55:34.080   336   336 W ADB_SERVICES: create_local_service_socket() name=shell:cat /proc/stat
06-14 14:55:34.081   336   336 W ADB_SERVICES: service_to_fd() name=shell:cat /proc/stat
06-14 14:55:34.081   336   336 W ADB_SERVICES: read_meminfo() mem_free=54536
06-14 14:55:34.083   336   336 W ADB_SERVICES: create_subproc ret_fd=27 pid=32570
06-14 14:55:34.083   336   336 W ADB_SERVICES: LS(30237): bound to 'shell:cat /proc/stat' via 27
06-14 14:55:34.083 32570 32570 W ADB_SERVICES: adb: unable to update oom_score_adj
06-14 14:55:34.094   336   336 D ADB_SERVICES:  closing because is_eof=1 r=-1 s->fde.force_eof=0
06-14 14:55:34.094   336   336 W ADB_SERVICES: entered. LS(30236) fd=26
06-14 14:55:34.098   336   336 D ADB_SERVICES:  closing because is_eof=1 r=-1 s->fde.force_eof=0
06-14 14:55:34.098   336   336 W ADB_SERVICES: entered. LS(30237) fd=27
06-14 14:55:34.113 32355 32419 I System.out: [CDS]EAGAIN in Recvfrom
06-14 14:55:34.113 32355 32419 I System.out: [CDS]read byte is 0
06-14 14:55:34.113 32355 32419 D MLog    : org.eclipse.paho.client.mqttv3.internal.CommsReceiver::run -> 852
06-14 14:55:34.296   336   336 W ADB_SERVICES: create_local_service_socket() name=shell:cat /proc/net/xt_qtaguid/stats | grep 10069
06-14 14:55:34.296   336   336 W ADB_SERVICES: service_to_fd() name=shell:cat /proc/net/xt_qtaguid/stats | grep 10069
06-14 14:55:34.297   336   336 W ADB_SERVICES: read_meminfo() mem_free=54272
06-14 14:55:34.298   336   336 W ADB_SERVICES: create_subproc ret_fd=26 pid=32571
06-14 14:55:34.299   336   336 W ADB_SERVICES: LS(30238): bound to 'shell:cat /proc/net/xt_qtaguid/stats | grep 10069' via 26
06-14 14:55:34.299 32571 32571 W ADB_SERVICES: adb: unable to update oom_score_adj
06-14 14:55:34.310   336   336 W ADB_SERVICES: create_local_service_socket() name=shell:cat /proc/net/xt_qtaguid/stats | grep 10069
06-14 14:55:34.310   336   336 W ADB_SERVICES: service_to_fd() name=shell:cat /proc/net/xt_qtaguid/stats | grep 10069
06-14 14:55:34.311   336   336 W ADB_SERVICES: read_meminfo() mem_free=54396
06-14 14:55:34.313   336   336 W ADB_SERVICES: create_subproc ret_fd=27 pid=32573
06-14 14:55:34.313   336   336 W ADB_SERVICES: LS(30239): bound to 'shell:cat /proc/net/xt_qtaguid/stats | grep 10069' via 27
06-14 14:55:34.314 32573 32573 W ADB_SERVICES: adb: unable to update oom_score_adj
06-14 14:55:34.332   336   336 D ADB_SERVICES:  closing because is_eof=1 r=-1 s->fde.force_eof=0
06-14 14:55:34.332   336   336 W ADB_SERVICES: entered. LS(30238) fd=26
06-14 14:55:34.342   336   336 D ADB_SERVICES:  closing because is_eof=1 r=-1 s->fde.force_eof=0
06-14 14:55:34.342   336   336 W ADB_SERVICES: entered. LS(30239) fd=27
06-14 14:55:34.613   336   336 W ADB_SERVICES: create_local_service_socket() name=shell:cat /proc/32424/stat
06-14 14:55:34.613   336   336 W ADB_SERVICES: service_to_fd() name=shell:cat /proc/32424/stat
06-14 14:55:34.614   336   336 W ADB_SERVICES: read_meminfo() mem_free=55800
06-14 14:55:34.615   336   336 W ADB_SERVICES: create_subproc ret_fd=26 pid=32577
06-14 14:55:34.615   336   336 W ADB_SERVICES: LS(30240): bound to 'shell:cat /proc/32424/stat' via 26
06-14 14:55:34.620 32577 32577 W ADB_SERVICES: adb: unable to update oom_score_adj
06-14 14:55:34.626   336   336 W ADB_SERVICES: create_local_service_socket() name=shell:cat /proc/32424/stat
06-14 14:55:34.626   336   336 W ADB_SERVICES: service_to_fd() name=shell:cat /proc/32424/stat
06-14 14:55:34.626   336   336 W ADB_SERVICES: read_meminfo() mem_free=55800
06-14 14:55:34.630   336   336 W ADB_SERVICES: create_subproc ret_fd=27 pid=32578
06-14 14:55:34.630   336   336 W ADB_SERVICES: LS(30241): bound to 'shell:cat /proc/32424/stat' via 27
06-14 14:55:34.637 32578 32578 W ADB_SERVICES: adb: unable to update oom_score_adj
06-14 14:55:34.641   336   336 D ADB_SERVICES:  closing because is_eof=1 r=-1 s->fde.force_eof=0
06-14 14:55:34.641   336   336 W ADB_SERVICES: entered. LS(30240) fd=26
06-14 14:55:34.645   336   336 D ADB_SERVICES:  closing because is_eof=1 r=1 s->fde.force_eof=0
06-14 14:55:34.645   336   336 W ADB_SERVICES: entered. LS(30241) fd=27
06-14 14:55:34.653   336   336 W ADB_SERVICES: create_local_service_socket() name=shell:cat /proc/stat
06-14 14:55:34.653   336   336 W ADB_SERVICES: service_to_fd() name=shell:cat /proc/stat
06-14 14:55:34.653   336   336 W ADB_SERVICES: read_meminfo() mem_free=55396
06-14 14:55:34.654   336   336 W ADB_SERVICES: create_subproc ret_fd=26 pid=32579
06-14 14:55:34.654   336   336 W ADB_SERVICES: LS(30242): bound to 'shell:cat /proc/stat' via 26
06-14 14:55:34.655 32579 32579 W ADB_SERVICES: adb: unable to update oom_score_adj
06-14 14:55:34.662   336   336 D ADB_SERVICES:  closing because is_eof=1 r=-1 s->fde.force_eof=0
06-14 14:55:34.662   336   336 W ADB_SERVICES: entered. LS(30242) fd=26
06-14 14:55:34.668   336   336 W ADB_SERVICES: create_local_service_socket() name=shell:cat /proc/stat
06-14 14:55:34.668   336   336 W ADB_SERVICES: service_to_fd() name=shell:cat /proc/stat
06-14 14:55:34.668   336   336 W ADB_SERVICES: read_meminfo() mem_free=55396
06-14 14:55:34.668   336   336 W ADB_SERVICES: create_subproc ret_fd=26 pid=32580
06-14 14:55:34.668   336   336 W ADB_SERVICES: LS(30243): bound to 'shell:cat /proc/stat' via 26
06-14 14:55:34.670 32580 32580 W ADB_SERVICES: adb: unable to update oom_score_adj
06-14 14:55:34.677   336   336 D ADB_SERVICES:  closing because is_eof=1 r=-1 s->fde.force_eof=0
06-14 14:55:34.677   336   336 W ADB_SERVICES: entered. LS(30243) fd=26
06-14 14:55:34.846 32424 32424 D BgTest  : uiCount 4
06-14 14:55:34.865   874   968 D WifiHW  : enter -->wifi_send_command cmd=IFNAME=wlan0 SIGNAL_POLL
06-14 14:55:34.866   336   336 W ADB_SERVICES: create_local_service_socket() name=shell:cat /proc/net/xt_qtaguid/stats | grep 10069
06-14 14:55:34.866   336   336 W ADB_SERVICES: service_to_fd() name=shell:cat /proc/net/xt_qtaguid/stats | grep 10069
06-14 14:55:34.867   336   336 W ADB_SERVICES: read_meminfo() mem_free=55396
06-14 14:55:34.868   336   336 W ADB_SERVICES: create_subproc ret_fd=26 pid=32581
06-14 14:55:34.868   336   336 W ADB_SERVICES: LS(30244): bound to 'shell:cat /proc/net/xt_qtaguid/stats | grep 10069' via 26
06-14 14:55:34.873  1428  1428 D wpa_supplicant: wlan0: Control interface command 'SIGNAL_POLL'
06-14 14:55:34.880   336   336 W ADB_SERVICES: create_local_service_socket() name=shell:cat /proc/net/xt_qtaguid/stats | grep 10069
06-14 14:55:34.881   336   336 W ADB_SERVICES: service_to_fd() name=shell:cat /proc/net/xt_qtaguid/stats | grep 10069
06-14 14:55:34.882   336   336 W ADB_SERVICES: read_meminfo() mem_free=55396
06-14 14:55:34.883   336   336 W ADB_SERVICES: create_subproc ret_fd=27 pid=32582
06-14 14:55:34.884   336   336 W ADB_SERVICES: LS(30245): bound to 'shell:cat /proc/net/xt_qtaguid/stats | grep 10069' via 27
06-14 14:55:34.884 32581 32581 W ADB_SERVICES: adb: unable to update oom_score_adj
06-14 14:55:34.889 32582 32582 W ADB_SERVICES: adb: unable to update oom_score_adj
06-14 14:55:34.895   874   968 D WifiHW  : leave --> reply=RSSI=-52
06-14 14:55:34.895   874   968 D WifiHW  : LINKSPEED=65
06-14 14:55:34.895   874   968 D WifiHW  : NOISE=9999
06-14 14:55:34.895   874   968 D WifiHW  : FREQUENCY=2462
06-14 14:55:34.895   874   968 D WifiHW  : 
06-14 14:55:34.895   874   968 D WifiStateMachine: mLastSignalLevel:3, newSignalLevel:3
06-14 14:55:34.917   336   336 D ADB_SERVICES:  closing because is_eof=1 r=-1 s->fde.force_eof=0
06-14 14:55:34.917   336   336 W ADB_SERVICES: entered. LS(30244) fd=26
06-14 14:55:34.923   336   336 D ADB_SERVICES:  closing because is_eof=1 r=-1 s->fde.force_eof=0
06-14 14:55:34.923   336   336 W ADB_SERVICES: entered. LS(30245) fd=27
06-14 14:55:35.023 32424 32489 D BgTest  : bgCount 4
06-14 14:55:35.113   874   953 V AlarmManager: Checking for alarms... rtc=1497423335113, elapsed=12636775
06-14 14:55:35.114   874   953 D AlarmManager: set alarm to RTC 2-12661986-14:56:00
06-14 14:55:35.116   874   953 D AlarmManager: sending alarm Alarm{1db26ad0 type 0 when 14:55:35 start 14:55:35 end 14:55:35 com.meitu.mtsdk}and operation:MqttService.pingSender.17241a5a-51a1-401d-bc08-4c3708f8458a
06-14 14:55:35.117   874   953 V ActivityManager: Broadcast: Intent { act=MqttService.pingSender.17241a5a-51a1-401d-bc08-4c3708f8458a flg=0x114 (has extras) } ordered=true userid=0 callerApp=null
06-14 14:55:35.128   874   953 V AlarmManager: sending alarm Alarm{1db26ad0 type 0 when 14:55:35 start 14:55:35 end 14:55:35 com.meitu.mtsdk} success
06-14 14:55:35.132 32355 32355 D AlarmPingSender: Ping 1 times.
06-14 14:55:35.134 32355 32419 I System.out: [CDS]EAGAIN in Recvfrom
06-14 14:55:35.136 32355 32419 I System.out: [CDS]read byte is 0
06-14 14:55:35.140 32355 32355 D AlarmPingSender: Check time :1497423335139
06-14 14:55:35.142 32355 32419 D MLog    : org.eclipse.paho.client.mqttv3.internal.CommsReceiver::run -> 852
06-14 14:55:35.145 32355 32355 D MLog    : org.eclipse.paho.client.mqttv3.internal.ClientState::checkForActivity -> 616 inserts:0 
06-14 14:55:35.146 32355 32355 D MLog    : org.eclipse.paho.client.mqttv3.internal.ClientState::checkForActivity -> 620 inserts:3 10000 1497423325031 1497423325110 
06-14 14:55:35.147 32355 32355 D MLog    : org.eclipse.paho.client.mqttv3.internal.CommsTokenStore::saveToken -> 300 inserts:2 Ping PINGREQ 
06-14 14:55:35.148 32355 32355 D MLog    : org.eclipse.paho.client.mqttv3.internal.CommsTokenStore::saveToken -> 307 inserts:2 Ping org.eclipse.paho.client.mqttv3.MqttToken@29ea2937 
06-14 14:55:35.148 32355 32355 D MLog    : org.eclipse.paho.client.mqttv3.internal.ClientState::notifyQueueLock -> 638
06-14 14:55:35.149 32355 32420 D MLog    : org.eclipse.paho.client.mqttv3.internal.ClientState::get -> 647
06-14 14:55:35.150 32355 32420 D MLog    : org.eclipse.paho.client.mqttv3.internal.CommsSender::run -> 802 inserts:2 Ping PINGREQ 
06-14 14:55:35.150 32355 32420 D MLog    : org.eclipse.paho.client.mqttv3.internal.ClientState::notifySentBytes -> 643 inserts:1 2 
06-14 14:55:35.151 32355 32420 D MLog    : org.eclipse.paho.client.mqttv3.internal.wire.MqttOutputStream::write -> 500 inserts:1 PINGREQ 
06-14 14:55:35.152 32355 32420 D MLog    : org.eclipse.paho.client.mqttv3.internal.ClientState::notifySent -> 625 inserts:1 Ping 
06-14 14:55:35.153 32355 32420 D MLog    : org.eclipse.paho.client.mqttv3.internal.Token::notifySent -> 403 inserts:1 Ping 
06-14 14:55:35.193 32355 32420 D MLog    : org.eclipse.paho.client.mqttv3.internal.ClientState::notifySent -> 635 inserts:1 1 
06-14 14:55:35.195 32355 32420 D MLog    : org.eclipse.paho.client.mqttv3.internal.ClientState::get -> 644
06-14 14:55:35.196   336   336 W ADB_SERVICES: create_local_service_socket() name=shell:cat /proc/32424/stat
06-14 14:55:35.196   336   336 W ADB_SERVICES: service_to_fd() name=shell:cat /proc/32424/stat
06-14 14:55:35.196   336   336 W ADB_SERVICES: read_meminfo() mem_free=55412
06-14 14:55:35.200   336   336 W ADB_SERVICES: create_subproc ret_fd=26 pid=32587
06-14 14:55:35.200   336   336 W ADB_SERVICES: LS(30246): bound to 'shell:cat /proc/32424/stat' via 26
06-14 14:55:35.204 32587 32587 W ADB_SERVICES: adb: unable to update oom_score_adj
06-14 14:55:35.209   336   336 W ADB_SERVICES: create_local_service_socket() name=shell:cat /proc/32424/stat
06-14 14:55:35.209   336   336 W ADB_SERVICES: service_to_fd() name=shell:cat /proc/32424/stat
06-14 14:55:35.209   336   336 W ADB_SERVICES: read_meminfo() mem_free=55288
06-14 14:55:35.211   336   336 W ADB_SERVICES: create_subproc ret_fd=27 pid=32588
06-14 14:55:35.211   336   336 W ADB_SERVICES: LS(30247): bound to 'shell:cat /proc/32424/stat' via 27
06-14 14:55:35.220 32588 32588 W ADB_SERVICES: adb: unable to update oom_score_adj
06-14 14:55:35.229   336   336 D ADB_SERVICES:  closing because is_eof=1 r=1 s->fde.force_eof=0
06-14 14:55:35.229   336   336 W ADB_SERVICES: entered. LS(30246) fd=26
06-14 14:55:35.232   336   336 D ADB_SERVICES:  closing because is_eof=1 r=1 s->fde.force_eof=0
06-14 14:55:35.232   336   336 W ADB_SERVICES: entered. LS(30247) fd=27
06-14 14:55:35.234 32355 32419 D MLog    : org.eclipse.paho.client.mqttv3.internal.ClientState::notifyReceivedBytes -> 630 inserts:1 1 
06-14 14:55:35.235 32355 32419 D MLog    : org.eclipse.paho.client.mqttv3.internal.wire.MqttInputStream::readMqttWireMessage -> 501 inserts:1 PINGRESP msgId 0 
06-14 14:55:35.236 32355 32419 D MLog    : org.eclipse.paho.client.mqttv3.internal.ClientState::notifyReceivedAck -> 627 inserts:2 0 PINGRESP msgId 0 
06-14 14:55:35.236 32355 32419 D MLog    : org.eclipse.paho.client.mqttv3.internal.Token::markComplete -> 404 inserts:3 Ping PINGRESP msgId 0 [null] 
06-14 14:55:35.237 32355 32419 D MLog    : org.eclipse.paho.client.mqttv3.internal.Token::notifyComplete -> 404 inserts:3 Ping PINGRESP msgId 0 [null] 
06-14 14:55:35.237 32355 32419 D MLog    : org.eclipse.paho.client.mqttv3.internal.ClientState::notifyResult -> 648 inserts:3 Ping PINGRESP msgId 0 [null] 
06-14 14:55:35.237 32355 32419 D MLog    : org.eclipse.paho.client.mqttv3.internal.CommsCallback::asyncOperationComplete -> 715 inserts:1 Ping 
06-14 14:55:35.238 32355 32419 D MLog    : org.eclipse.paho.client.mqttv3.internal.CommsTokenStore::removeToken -> 306 inserts:1 Ping 
06-14 14:55:35.239 32355 32419 D MLog    : org.eclipse.paho.client.mqttv3.internal.ClientState::notifyReceivedAck -> 636 inserts:1 0 
06-14 14:55:35.239 32355 32421 D MLog    : org.eclipse.paho.client.mqttv3.internal.CommsCallback::handleActionComplete -> 705 inserts:1 Ping 
06-14 14:55:35.240 32355 32421 D MLog    : org.eclipse.paho.client.mqttv3.internal.ClientState::notifyComplete -> 629 inserts:3 0 org.eclipse.paho.client.mqttv3.MqttToken@29ea2937 PINGRESP msgId 0 
06-14 14:55:35.241 32355 32421 D MLog    : org.eclipse.paho.client.mqttv3.internal.Token::notifyComplete -> 404 inserts:3 Ping PINGRESP msgId 0 [null] 
06-14 14:55:35.241 32355 32421 D MLog    : org.eclipse.paho.client.mqttv3.internal.CommsCallback::fireActionEvent -> 716 inserts:1 Ping 
06-14 14:55:35.242 32355 32421 D AlarmPingSender: Success. Release lock(MqttService.client.17241a5a-51a1-401d-bc08-4c3708f8458a):1497423335242
06-14 14:55:35.244   336   336 W ADB_SERVICES: create_local_service_socket() name=shell:cat /proc/stat
06-14 14:55:35.244   336   336 W ADB_SERVICES: service_to_fd() name=shell:cat /proc/stat
06-14 14:55:35.244   336   336 W ADB_SERVICES: read_meminfo() mem_free=55288
06-14 14:55:35.244   336   336 W ADB_SERVICES: create_subproc ret_fd=26 pid=32589
06-14 14:55:35.244   336   336 W ADB_SERVICES: LS(30248): bound to 'shell:cat /proc/stat' via 26
06-14 14:55:35.246 32355 32421 D MLog    : org.eclipse.paho.client.mqttv3.internal.CommsCallback::run -> 706
06-14 14:55:35.247 32589 32589 W ADB_SERVICES: adb: unable to update oom_score_adj
06-14 14:55:35.248   336   336 W ADB_SERVICES: create_local_service_socket() name=shell:cat /proc/stat
06-14 14:55:35.248   336   336 W ADB_SERVICES: service_to_fd() name=shell:cat /proc/stat
06-14 14:55:35.248   336   336 W ADB_SERVICES: read_meminfo() mem_free=55288
06-14 14:55:35.248   336   336 W ADB_SERVICES: create_subproc ret_fd=27 pid=32590
06-14 14:55:35.248   336   336 W ADB_SERVICES: LS(30249): bound to 'shell:cat /proc/stat' via 27
06-14 14:55:35.253 32590 32590 W ADB_SERVICES: adb: unable to update oom_score_adj
06-14 14:55:35.257 32355 32421 D MLog    : org.eclipse.paho.client.mqttv3.internal.CommsCallback::run -> 704
06-14 14:55:35.263   336   336 D ADB_SERVICES:  closing because is_eof=1 r=1 s->fde.force_eof=0
06-14 14:55:35.264   336   336 W ADB_SERVICES: entered. LS(30248) fd=26
06-14 14:55:35.265 32355 32419 D MLog    : org.eclipse.paho.client.mqttv3.internal.CommsReceiver::run -> 852
06-14 14:55:35.267   336   336 D ADB_SERVICES:  closing because is_eof=1 r=-1 s->fde.force_eof=0
06-14 14:55:35.267   336   336 W ADB_SERVICES: entered. LS(30249) fd=27
06-14 14:55:35.269 32355 32355 D MLog    : org.eclipse.paho.client.mqttv3.internal.ClientState::checkForActivity -> 624 inserts:1 10000 
06-14 14:55:35.269 32355 32355 D AlarmPingSender: Schedule next alarm at 1497423345269
06-14 14:55:35.270   874  1891 V AlarmManager: APP set(PendingIntent{2e630ac9: PendingIntentRecord{7f56fb1 com.meitu.mtsdk broadcastIntent}}) : type=0 triggerAtTime=1497423345269 win=0 tElapsed=12646931 maxElapsed=12646931 interval=0 standalone=true
06-14 14:55:35.271   874  1891 D AlarmManager: set alarm to RTC 2-12646931-14:55:45
06-14 14:55:35.272   874  1082 I libPerfService: perfSetFavorPid - pid:32424, 7ea8
06-14 14:55:35.436   336   336 W ADB_SERVICES: create_local_service_socket() name=shell:cat /proc/net/xt_qtaguid/stats | grep 10069
06-14 14:55:35.436   336   336 W ADB_SERVICES: service_to_fd() name=shell:cat /proc/net/xt_qtaguid/stats | grep 10069
06-14 14:55:35.436   336   336 W ADB_SERVICES: read_meminfo() mem_free=55304
06-14 14:55:35.440   336   336 W ADB_SERVICES: create_subproc ret_fd=26 pid=32591
06-14 14:55:35.441   336   336 W ADB_SERVICES: LS(30250): bound to 'shell:cat /proc/net/xt_qtaguid/stats | grep 10069' via 26
06-14 14:55:35.444 32591 32591 W ADB_SERVICES: adb: unable to update oom_score_adj
06-14 14:55:35.458   336   336 W ADB_SERVICES: create_local_service_socket() name=shell:cat /proc/net/xt_qtaguid/stats | grep 10069
06-14 14:55:35.458   336   336 W ADB_SERVICES: service_to_fd() name=shell:cat /proc/net/xt_qtaguid/stats | grep 10069
06-14 14:55:35.458   336   336 W ADB_SERVICES: read_meminfo() mem_free=55304
06-14 14:55:35.459   336   336 W ADB_SERVICES: create_subproc ret_fd=27 pid=32592
06-14 14:55:35.460   336   336 W ADB_SERVICES: LS(30251): bound to 'shell:cat /proc/net/xt_qtaguid/stats | grep 10069' via 27
06-14 14:55:35.465 32592 32592 W ADB_SERVICES: adb: unable to update oom_score_adj
06-14 14:55:35.488   336   336 D ADB_SERVICES:  closing because is_eof=1 r=-1 s->fde.force_eof=0
06-14 14:55:35.488   336   336 W ADB_SERVICES: entered. LS(30250) fd=26
06-14 14:55:35.493   336   336 D ADB_SERVICES:  closing because is_eof=1 r=-1 s->fde.force_eof=0
06-14 14:55:35.493   336   336 W ADB_SERVICES: entered. LS(30251) fd=27
06-14 14:55:35.647  1040  1040 D NetworkController.WifiSignalController: setActivity: wifiActivity= 3
06-14 14:55:35.647  1040  1040 D NetworkController.WifiSignalController: isDirty : false
06-14 14:55:35.649  1040  1040 D NetworkController.WifiSignalController: Change in state from: connected=true,enabled=true,level=4,inetCondition=1,iconGroup=IconGroup(Wi-Fi Icons),activityIn=false,activityOut=false,rssi=-53,networkType=null,lastModified=06-14 02:55:31,ssid="sodino"enabling=falsedisabling=falseconnecting=false
06-14 14:55:35.649  1040  1040 D NetworkController.WifiSignalController: 	to: connected=true,enabled=true,level=4,inetCondition=1,iconGroup=IconGroup(Wi-Fi Icons),activityIn=true,activityOut=true,rssi=-53,networkType=null,lastModified=06-14 02:55:31,ssid="sodino"enabling=falsedisabling=falseconnecting=false
06-14 14:55:35.649  1040  1040 D NetworkController.WifiSignalController: Wifi notifyListeners: level= 4, wifiActivity= 3
06-14 14:55:35.649  1040  1040 D SignalClusterView: setWifiIndicators, visible=true, strengthIcon=2130839042, contentDescription=WLAN信号满格。
06-14 14:55:35.662  1040  1040 D NetworkController.WifiSignalController: Wifi notifyListeners: level= 4, wifiActivity= 3
06-14 14:55:35.663  1040  1040 D SignalClusterView: setWifiIndicators, visible=true, strengthIcon=2130839042, contentDescription=WLAN信号满格。
06-14 14:55:35.665  1040  1040 D NetworkController.WifiSignalController: Wifi notifyListeners: level= 4, wifiActivity= 3
06-14 14:55:35.665  1040  1040 D SignalClusterView: setWifiIndicators, visible=true, strengthIcon=2130839042, contentDescription=WLAN信号满格。
06-14 14:55:35.666  1040  1040 D NetworkController.WifiSignalController: Wifi notifyListeners: level= 4, wifiActivity= 3
06-14 14:55:35.667  1040  1040 D SignalClusterView: setWifiIndicators, visible=true, strengthIcon=2130839042, contentDescription=WLAN信号满格。
06-14 14:55:35.668  1040  1040 D ConnectionRateView: DataConnection: new=true,old=true
06-14 14:55:35.668  1040  1040 D ConnectionRateView: DataConnection: new=true,old=true
06-14 14:55:35.671   874  1592 I libPerfService: perfSetFavorPid - pid:0, 0
06-14 14:55:35.681   272   272 I SurfaceFlinger: [Built-in Screen (type:0)] fps:0.386168,dur:2589.55,max:2589.55,min:2589.55
06-14 14:55:35.747   874   900 V SettingsInterface:  from settings cache , name = netstats_time_cache_max_age , value = null
06-14 14:55:35.748   874   900 V NetworkStats: performPollLocked(flags=0x3)
06-14 14:55:35.755   874   900 D NetdConnector: SND -> {677 bandwidth gettetherstats}
06-14 14:55:35.758   296   779 D FrameworkListener: dispatchCommand data = (677 bandwidth gettetherstats)
06-14 14:55:35.758   296   779 D SocketClient: SocketClient sendData done: 200 677 Tethering stats list completed
06-14 14:55:35.758   874   960 D NetdConnector: RCV <- {200 677 Tethering stats list completed}
06-14 14:55:35.761   874   900 D NetdConnector: RMV <- {200 677 Tethering stats list completed}
06-14 14:55:35.767   874   900 I NetworkStatsRecorder: recordSnapshotLocked: ident[[{type=WIFI, subType=COMBINED, networkId=sodino}]]
06-14 14:55:35.769   874   900 W NetworkStatsRecorder: unknown interfaces [lo, p2p0], ignoring those stats
06-14 14:55:35.771   874   900 I NetworkStatsRecorder: recordSnapshotLocked: ident[[{type=WIFI, subType=COMBINED, networkId=sodino}]]
06-14 14:55:35.773   874   900 W NetworkStatsRecorder: unknown interfaces [lo, p2p0], ignoring those stats
06-14 14:55:35.776   874   900 I NetworkStatsRecorder: recordSnapshotLocked: ident[[{type=WIFI, subType=COMBINED, networkId=sodino}]]
06-14 14:55:35.779   874   900 I NetworkStatsRecorder: recordSnapshotLocked: ident[[{type=WIFI, subType=COMBINED, networkId=sodino}]]
06-14 14:55:35.781   336   336 W ADB_SERVICES: create_local_service_socket() name=shell:cat /proc/32424/stat
06-14 14:55:35.781   336   336 W ADB_SERVICES: service_to_fd() name=shell:cat /proc/32424/stat
06-14 14:55:35.782   336   336 W ADB_SERVICES: read_meminfo() mem_free=55288
06-14 14:55:35.784   336   336 W ADB_SERVICES: create_subproc ret_fd=26 pid=32597
06-14 14:55:35.784   336   336 W ADB_SERVICES: LS(30252): bound to 'shell:cat /proc/32424/stat' via 26
06-14 14:55:35.785   874   900 W NetworkStatsRecorder: unknown interfaces [lo, p2p0], ignoring those stats
06-14 14:55:35.786   874   900 W NetworkStatsRecorder: unknown interfaces [lo, p2p0], ignoring those stats
06-14 14:55:35.787   874   900 V NetworkStats: performPollLocked() took 39ms
06-14 14:55:35.788   874   900 V SettingsInterface:  from settings cache , name = netstats_sample_enabled , value = null
06-14 14:55:35.789   336   336 W ADB_SERVICES: create_local_service_socket() name=shell:cat /proc/32424/stat
06-14 14:55:35.789   336   336 W ADB_SERVICES: service_to_fd() name=shell:cat /proc/32424/stat
06-14 14:55:35.789   336   336 W ADB_SERVICES: read_meminfo() mem_free=55180
06-14 14:55:35.790   336   336 W ADB_SERVICES: create_subproc ret_fd=27 pid=32598
06-14 14:55:35.790   336   336 W ADB_SERVICES: LS(30253): bound to 'shell:cat /proc/32424/stat' via 27
06-14 14:55:35.792 32597 32597 W ADB_SERVICES: adb: unable to update oom_score_adj
06-14 14:55:35.793   874   900 V ActivityManager: Broadcast: Intent { act=com.android.server.action.NETWORK_STATS_UPDATED flg=0x40000010 } ordered=false userid=-1 callerApp=ProcessRecord{2de77b41 874:system/1000}
06-14 14:55:35.798   874   966 V NetworkPolicy: updateNetworkEnabledLocked()
06-14 14:55:35.800  1860  1880 V SettingsInterface:  from settings cache , name = multi_sim_data_call , value = -1
06-14 14:55:35.800   874   966 V NetworkPolicy:  checking policy:NetworkPolicy[NetworkTemplate: matchRule=MOBILE_ALL, matchSubscriberIds=[null]]: cycleDay=19, cycleTimezone=Asia/Shanghai, warningBytes=104857600, limitBytes=-1, lastWarningSnooze=-1, lastLimitSnooze=-1, metered=true, inferred=true
06-14 14:55:35.800   874   966 V NetworkPolicy:  checking policy:NetworkPolicy[NetworkTemplate: matchRule=MOBILE_ALL, subscriberId=460028..., matchSubscriberIds=[460028...]]: cycleDay=1, cycleTimezone=Asia/Shanghai, warningBytes=2412510335, limitBytes=3015637919, lastWarningSnooze=-1, lastLimitSnooze=-1, metered=true, inferred=false
06-14 14:55:35.801   874   966 V NetworkPolicy:  checking policy:NetworkPolicy[NetworkTemplate: matchRule=MOBILE_ALL, subscriberId=460006..., matchSubscriberIds=[460006...]]: cycleDay=1, cycleTimezone=Asia/Shanghai, warningBytes=104857600, limitBytes=-1, lastWarningSnooze=-1, lastLimitSnooze=-1, metered=true, inferred=false
06-14 14:55:35.801   874   966 V NetworkPolicy:  checking policy:NetworkPolicy[NetworkTemplate: matchRule=MOBILE_ALL, subscriberId=460028..., matchSubscriberIds=[460028...]]: cycleDay=1, cycleTimezone=Asia/Shanghai, warningBytes=-1, limitBytes=-1, lastWarningSnooze=-1, lastLimitSnooze=-1, metered=true, inferred=false
06-14 14:55:35.801   874   966 V NetworkPolicy: updateNotificationsLocked()
06-14 14:55:35.802  1860  2369 V SettingsInterface:  from settings cache , name = multi_sim_data_call , value = -1
06-14 14:55:35.806  1860  1881 V SettingsInterface:  from settings cache , name = multi_sim_data_call , value = -1
06-14 14:55:35.807  1231  1559 D trafficTest: whichSimSelected slotId=-1,可能是未插卡，也可能是modern挂了，也可能插了双卡，其中流量卡挂了，或还在初始化中, 而另一张卡没有自动切换成流量
06-14 14:55:35.807  1231  1559 D NetworkManagementMz: LocalSubscriptionManager: getSubId 0
06-14 14:55:35.808  1231  1559 D NetworkManagementMz: LocalSubscriptionManager: intSubId -2
06-14 14:55:35.809  1231  1559 D NetworkManagementMz: LocalSubscriptionManager: intSubId -2
06-14 14:55:35.809  1231  1559 D NetworkManagementMz: LocalSubscriptionManager: subId[0] is : -2
06-14 14:55:35.810  1231  1559 D NetworkManagementMz: LocalTelephonyManager: imsi null
06-14 14:55:35.811  1231  1559 D NetworkManagementMz: LocalSubscriptionManager: getSubId 1
06-14 14:55:35.812  1231  1559 D NetworkManagementMz: LocalSubscriptionManager: intSubId -3
06-14 14:55:35.812  1231  1559 D NetworkManagementMz: LocalSubscriptionManager: intSubId -3
06-14 14:55:35.812  1231  1559 D NetworkManagementMz: LocalSubscriptionManager: subId[1] is : -3
06-14 14:55:35.814  1231  1559 D NetworkManagementMz: LocalTelephonyManager: imsi null
06-14 14:55:35.816  1860  1881 V SettingsInterface:  from settings cache , name = multi_sim_data_call , value = -1
06-14 14:55:35.817  1231  1559 D trafficTest: whichSimSelected slotId=-1,可能是未插卡，也可能是modern挂了，也可能插了双卡，其中流量卡挂了，或还在初始化中, 而另一张卡没有自动切换成流量
06-14 14:55:35.817  1231  1559 D NetworkManagementMz: LocalSubscriptionManager: getSubId 0
06-14 14:55:35.819  1231  1559 D NetworkManagementMz: LocalSubscriptionManager: intSubId -2
06-14 14:55:35.819  1231  1559 D NetworkManagementMz: LocalSubscriptionManager: intSubId -2
06-14 14:55:35.819  1231  1559 D NetworkManagementMz: LocalSubscriptionManager: subId[0] is : -2
06-14 14:55:35.820  1231  1559 D NetworkManagementMz: LocalTelephonyManager: imsi null
06-14 14:55:35.820  1231  1559 D NetworkManagementMz: LocalSubscriptionManager: getSubId 1
06-14 14:55:35.822  1231  1559 D NetworkManagementMz: LocalSubscriptionManager: intSubId -3
06-14 14:55:35.822  1231  1559 D NetworkManagementMz: LocalSubscriptionManager: intSubId -3
06-14 14:55:35.822  1231  1559 D NetworkManagementMz: LocalSubscriptionManager: subId[1] is : -3
06-14 14:55:35.825  1231  1559 D NetworkManagementMz: LocalTelephonyManager: imsi null
06-14 14:55:35.826  1231  1231 D trafficTest: has data listener
06-14 14:55:35.826   874  1891 V ActivityManager: Broadcast: Intent { act=android.com.meizu.safe.provider.SafeWidgetProvider flg=0x10 (has extras) } ordered=false userid=-2 callerApp=ProcessRecord{25d454a8 1231:com.meizu.safe/1000}
06-14 14:55:35.826  1231  1231 D trafficTest1: pollingService通知Ui更新
06-14 14:55:35.826  1231  1231 D trafficTest: ----refreshGeneralShowData
06-14 14:55:35.826  1231  1231 D trafficTest: ----------widget manager receiver dataChanged
06-14 14:55:35.826  1231  1231 D trafficTest: widget manager send broadcast to widget
06-14 14:55:35.827   874   923 I libPerfService: perfSetFavorPid - pid:32424, 7ea8
06-14 14:55:35.829  1231  1231 I vpnTrace: notifySavingDataChanged: isShowSavingFunc: false
06-14 14:55:35.829  1231  1231 D TrafficTest: --------------亮屏且有监听器updateDataInterval = 15000
06-14 14:55:35.829  1231  1231 D trafficTest3: ---------widget receiver data change msg
06-14 14:55:35.831  1231  1231 D trafficTest3: updateRemoteView: SimCardTrafficForShow{imsi='null', totalBytes=-1, remainBytes=0, dayUsedBytes=0, leftDays=0, monthUsedbytes=0, usedPercent=0.0, idleMode=false}
06-14 14:55:35.840 32598 32598 W ADB_SERVICES: adb: unable to update oom_score_adj
06-14 14:55:35.846   336   336 D ADB_SERVICES:  closing because is_eof=1 r=-1 s->fde.force_eof=0
06-14 14:55:35.846   336   336 W ADB_SERVICES: entered. LS(30252) fd=26
06-14 14:55:35.847 32424 32424 D BgTest  : uiCount 5
06-14 14:55:35.851   336   336 D ADB_SERVICES:  closing because is_eof=1 r=-1 s->fde.force_eof=0
06-14 14:55:35.851   336   336 W ADB_SERVICES: entered. LS(30253) fd=27
06-14 14:55:35.861  1231  1231 D RemoteViews: mActions is repeat
06-14 14:55:35.861  1231  1231 D RemoteViews: mActions is repeat
06-14 14:55:35.866  1885  1885 D AppWidgetHost: updateAppWidgetView HANDLE_UPDATE 
06-14 14:55:35.867  1885  1885 D AppWidgetHost: updateAppWidgetView appWidgetId 15 com.meizu.flyme.launcher.at@179658cb
06-14 14:55:35.869   336   336 W ADB_SERVICES: create_local_service_socket() name=shell:cat /proc/stat
06-14 14:55:35.869   336   336 W ADB_SERVICES: service_to_fd() name=shell:cat /proc/stat
06-14 14:55:35.869   336   336 W ADB_SERVICES: read_meminfo() mem_free=54384
06-14 14:55:35.870   336   336 W ADB_SERVICES: create_subproc ret_fd=26 pid=32599
06-14 14:55:35.870 32599 32599 W ADB_SERVICES: adb: unable to update oom_score_adj
06-14 14:55:35.870   336   336 W ADB_SERVICES: LS(30254): bound to 'shell:cat /proc/stat' via 26
06-14 14:55:35.875   336   336 D ADB_SERVICES:  closing because is_eof=1 r=1 s->fde.force_eof=0
06-14 14:55:35.875   336   336 W ADB_SERVICES: entered. LS(30254) fd=26
06-14 14:55:35.881   336   336 W ADB_SERVICES: create_local_service_socket() name=shell:cat /proc/stat
06-14 14:55:35.881   336   336 W ADB_SERVICES: service_to_fd() name=shell:cat /proc/stat
06-14 14:55:35.881   336   336 W ADB_SERVICES: read_meminfo() mem_free=53640
06-14 14:55:35.882   336   336 W ADB_SERVICES: create_subproc ret_fd=26 pid=32600
06-14 14:55:35.882   336   336 W ADB_SERVICES: LS(30255): bound to 'shell:cat /proc/stat' via 26
06-14 14:55:35.882 32600 32600 W ADB_SERVICES: adb: unable to update oom_score_adj
06-14 14:55:35.887   336   336 D ADB_SERVICES:  closing because is_eof=1 r=1 s->fde.force_eof=0
06-14 14:55:35.887   336   336 W ADB_SERVICES: entered. LS(30255) fd=26
06-14 14:55:36.012   336   336 W ADB_SERVICES: create_local_service_socket() name=shell:cat /proc/net/xt_qtaguid/stats | grep 10069
06-14 14:55:36.012   336   336 W ADB_SERVICES: service_to_fd() name=shell:cat /proc/net/xt_qtaguid/stats | grep 10069
06-14 14:55:36.012   336   336 W ADB_SERVICES: read_meminfo() mem_free=53516
06-14 14:55:36.014   336   336 W ADB_SERVICES: create_subproc ret_fd=26 pid=32601
06-14 14:55:36.014   336   336 W ADB_SERVICES: LS(30256): bound to 'shell:cat /proc/net/xt_qtaguid/stats | grep 10069' via 26
06-14 14:55:36.015 32601 32601 W ADB_SERVICES: adb: unable to update oom_score_adj
06-14 14:55:36.031   336   336 W ADB_SERVICES: create_local_service_socket() name=shell:cat /proc/net/xt_qtaguid/stats | grep 10069
06-14 14:55:36.031   336   336 W ADB_SERVICES: service_to_fd() name=shell:cat /proc/net/xt_qtaguid/stats | grep 10069
06-14 14:55:36.032   336   336 W ADB_SERVICES: read_meminfo() mem_free=53128
06-14 14:55:36.033   336   336 W ADB_SERVICES: create_subproc ret_fd=27 pid=32604
06-14 14:55:36.033   336   336 W ADB_SERVICES: LS(30257): bound to 'shell:cat /proc/net/xt_qtaguid/stats | grep 10069' via 27
06-14 14:55:36.034 32604 32604 W ADB_SERVICES: adb: unable to update oom_score_adj
06-14 14:55:36.052   336   336 D ADB_SERVICES:  closing because is_eof=1 r=-1 s->fde.force_eof=0
06-14 14:55:36.052   336   336 W ADB_SERVICES: entered. LS(30256) fd=26
06-14 14:55:36.063 32424 32489 D BgTest  : bgCount 5
06-14 14:55:36.067   336   336 D ADB_SERVICES:  closing because is_eof=1 r=-1 s->fde.force_eof=0
06-14 14:55:36.067   336   336 W ADB_SERVICES: entered. LS(30257) fd=27
06-14 14:55:36.263 32355 32419 I System.out: [CDS]EAGAIN in Recvfrom
06-14 14:55:36.263 32355 32419 I System.out: [CDS]read byte is 0
06-14 14:55:36.263 32355 32419 D MLog    : org.eclipse.paho.client.mqttv3.internal.CommsReceiver::run -> 852
06-14 14:55:36.415   336   336 W ADB_SERVICES: create_local_service_socket() name=shell:cat /proc/32424/stat
06-14 14:55:36.416   336   336 W ADB_SERVICES: service_to_fd() name=shell:cat /proc/32424/stat
06-14 14:55:36.417   336   336 W ADB_SERVICES: read_meminfo() mem_free=54528
06-14 14:55:36.419   336   336 W ADB_SERVICES: create_subproc ret_fd=26 pid=32607
06-14 14:55:36.420   336   336 W ADB_SERVICES: LS(30258): bound to 'shell:cat /proc/32424/stat' via 26
06-14 14:55:36.423 32607 32607 W ADB_SERVICES: adb: unable to update oom_score_adj
06-14 14:55:36.427   336   336 W ADB_SERVICES: create_local_service_socket() name=shell:cat /proc/32424/stat
06-14 14:55:36.427   336   336 W ADB_SERVICES: service_to_fd() name=shell:cat /proc/32424/stat
06-14 14:55:36.428   336   336 W ADB_SERVICES: read_meminfo() mem_free=54592
06-14 14:55:36.429   336   336 W ADB_SERVICES: create_subproc ret_fd=27 pid=32608
06-14 14:55:36.429   336   336 W ADB_SERVICES: LS(30259): bound to 'shell:cat /proc/32424/stat' via 27
06-14 14:55:36.436 32608 32608 W ADB_SERVICES: adb: unable to update oom_score_adj
06-14 14:55:36.442   336   336 D ADB_SERVICES:  closing because is_eof=1 r=1 s->fde.force_eof=0
06-14 14:55:36.442   336   336 W ADB_SERVICES: entered. LS(30258) fd=26
06-14 14:55:36.446   336   336 D ADB_SERVICES:  closing because is_eof=1 r=1 s->fde.force_eof=0
06-14 14:55:36.446   336   336 W ADB_SERVICES: entered. LS(30259) fd=27
06-14 14:55:36.458   336   336 W ADB_SERVICES: create_local_service_socket() name=shell:cat /proc/stat
06-14 14:55:36.458   336   336 W ADB_SERVICES: service_to_fd() name=shell:cat /proc/stat
06-14 14:55:36.458   336   336 W ADB_SERVICES: read_meminfo() mem_free=54416
06-14 14:55:36.458   336   336 W ADB_SERVICES: create_subproc ret_fd=26 pid=32609
06-14 14:55:36.458   336   336 W ADB_SERVICES: LS(30260): bound to 'shell:cat /proc/stat' via 26
06-14 14:55:36.460 32609 32609 W ADB_SERVICES: adb: unable to update oom_score_adj
06-14 14:55:36.464   336   336 W ADB_SERVICES: create_local_service_socket() name=shell:cat /proc/stat
06-14 14:55:36.464   336   336 W ADB_SERVICES: service_to_fd() name=shell:cat /proc/stat
06-14 14:55:36.464   336   336 W ADB_SERVICES: read_meminfo() mem_free=54468
06-14 14:55:36.465   336   336 W ADB_SERVICES: create_subproc ret_fd=27 pid=32610
06-14 14:55:36.465   336   336 W ADB_SERVICES: LS(30261): bound to 'shell:cat /proc/stat' via 27
06-14 14:55:36.468 32610 32610 W ADB_SERVICES: adb: unable to update oom_score_adj
06-14 14:55:36.471   336   336 D ADB_SERVICES:  closing because is_eof=1 r=-1 s->fde.force_eof=0
06-14 14:55:36.471   336   336 W ADB_SERVICES: entered. LS(30260) fd=26
06-14 14:55:36.478   336   336 D ADB_SERVICES:  closing because is_eof=1 r=-1 s->fde.force_eof=0
06-14 14:55:36.478   336   336 W ADB_SERVICES: entered. LS(30261) fd=27
06-14 14:55:36.652  3944 13686 I MtpServer: request read returned -1, errno: 5
06-14 14:55:36.655   336 13244 W ADB_SERVICES: remote usb: read terminated (message)
06-14 14:55:36.659   874   984 D UsbDeviceManager: updateState - RNDIS_UPDATE_DELAY  DISCONNECTED mSettingFunction: mtp,adb
06-14 14:55:36.655   336 13244 W ADB_SERVICES: (null): remote read failed for transport
06-14 14:55:36.659   874   984 D UsbDeviceManager: updateState - UPDATE_DELAY  HWDISCONNECTED mSettingFunction: mtp,adb
06-14 14:55:36.655   336 13244 W ADB_SERVICES: (null): SYNC offline for transport
06-14 14:55:36.677   874  1891 I BatteryStatsImpl: Resetting battery stats: level=100 status=5 dischargeLevel=100 lowAmount=0 highAmount=0
06-14 14:55:36.655   336 13244 W ADB_SERVICES: (null): transport output thread is exiting fd 19 
06-14 14:55:36.655   336 13244 D ADB_SERVICES: kick_transport fd: 19 
06-14 14:55:36.655   336 13244 D ADB_SERVICES: kick_transport kicked fd: 19 
06-14 14:55:36.655   336 13244 D ADB_SERVICES: transport: (null) transport_unref fd:19 (kick)
06-14 14:55:36.655   336 13244 D ADB_SERVICES: transport: (null) unref (count=1)
06-14 14:55:36.656   336   338 D ADB_SERVICES: transport: 0x7f80408280 init'ing for usb_handle 0x7f8083d080 (sn='')
06-14 14:55:36.656   336   338 W ADB_SERVICES: transport: usb
06-14 14:55:36.656   336   338 D ADB_SERVICES: transport: (null) registered
06-14 14:55:36.673   336   336 D ADB_SERVICES: transport: (null) (26,27) starting
06-14 14:55:36.673   336   336 D ADB_SERVICES: recv: SYNC 00000000 00000000 0000 
06-14 14:55:36.673   336   336 D ADB_SERVICES: adb: offline
06-14 14:55:36.673   336   336 D ADB_SERVICES: (null): run_transport_disconnects fd: 19
06-14 14:55:36.673   336   336 W ADB_SERVICES: entered. LS(30170) fd=21
06-14 14:55:36.681   336   336 W ADB_SERVICES: entered. LS(30171) fd=14
06-14 14:55:36.682   336   336 W ADB_SERVICES: entered. LS(30172) fd=23
06-14 14:55:36.682   336   336 W ADB_SERVICES: entered. LS(30173) fd=25
06-14 14:55:36.682 32424 32439 I art     : Debugger is no longer active
06-14 14:55:36.682   336 13243 W ADB_SERVICES: (null): transport SYNC offline
06-14 14:55:36.682   336 13243 W ADB_SERVICES: (null): transport input thread is exiting, fd 19
06-14 14:55:36.682   336 13243 D ADB_SERVICES: kick_transport fd: 19 
06-14 14:55:36.682   336 13243 D ADB_SERVICES: transport: (null) transport_unref fd:19 (kick)
06-14 14:55:36.682   336 13243 D ADB_SERVICES: transport: (null) unref (kicking and closing)
06-14 14:55:36.682   336 13243 D ADB_SERVICES: transport: (null) removed
06-14 14:55:36.684  1040  1040 D NetworkController.WifiSignalController: setActivity: wifiActivity= 0
06-14 14:55:36.684  1040  1040 D NetworkController.WifiSignalController: isDirty : false
06-14 14:55:36.685  1040  1040 D NetworkController.WifiSignalController: Change in state from: connected=true,enabled=true,level=4,inetCondition=1,iconGroup=IconGroup(Wi-Fi Icons),activityIn=true,activityOut=true,rssi=-53,networkType=null,lastModified=06-14 02:55:35,ssid="sodino"enabling=falsedisabling=falseconnecting=false
06-14 14:55:36.685  1040  1040 D NetworkController.WifiSignalController: 	to: connected=true,enabled=true,level=4,inetCondition=1,iconGroup=IconGroup(Wi-Fi Icons),activityIn=false,activityOut=false,rssi=-53,networkType=null,lastModified=06-14 02:55:35,ssid="sodino"enabling=falsedisabling=falseconnecting=false
06-14 14:55:36.685  1040  1040 D NetworkController.WifiSignalController: Wifi notifyListeners: level= 4, wifiActivity= 0
06-14 14:55:36.685  1040  1040 D SignalClusterView: setWifiIndicators, visible=true, strengthIcon=2130839040, contentDescription=WLAN信号满格。
06-14 14:55:36.685  1040  1040 D NetworkController.WifiSignalController: Wifi notifyListeners: level= 4, wifiActivity= 0
06-14 14:55:36.685  1040  1040 D SignalClusterView: setWifiIndicators, visible=true, strengthIcon=2130839040, contentDescription=WLAN信号满格。
06-14 14:55:36.685  1040  1040 D NetworkController.WifiSignalController: Wifi notifyListeners: level= 4, wifiActivity= 0
06-14 14:55:36.685  1040  1040 D SignalClusterView: setWifiIndicators, visible=true, strengthIcon=2130839040, contentDescription=WLAN信号满格。
06-14 14:55:36.685  1040  1040 D NetworkController.WifiSignalController: Wifi notifyListeners: level= 4, wifiActivity= 0
06-14 14:55:36.685  1040  1040 D SignalClusterView: setWifiIndicators, visible=true, strengthIcon=2130839040, contentDescription=WLAN信号满格。
06-14 14:55:36.686  1040  1040 D ConnectionRateView: DataConnection: new=true,old=true
06-14 14:55:36.686  1040  1040 D ConnectionRateView: DataConnection: new=true,old=true
06-14 14:55:36.686   874  1082 I libPerfService: perfSetFavorPid - pid:0, 0
06-14 14:55:36.691   336   336 D ADB_SERVICES: transport: (null) removing and free'ing 13
06-14 14:55:36.691   336   336 D ADB_SERVICES: transport: transport_registration_func adb_close fd: 19 
06-14 14:55:36.691   336   336 D ADB_SERVICES: (null): run_transport_disconnects fd: 19
06-14 14:55:36.719   336 32612 W ADB_SERVICES: (null): starting transport output thread on fd 27, SYNC online (2)
06-14 14:55:36.719   336 32611 W ADB_SERVICES: (null): starting transport input thread, reading from fd 27
06-14 14:55:36.720   336   336 D ADB_SERVICES: recv: SYNC 00000001 00000002 0000 
06-14 14:55:36.720   336 32611 W ADB_SERVICES: (null): transport SYNC online
06-14 14:55:36.734   272   272 I SurfaceFlinger: [Built-in Screen (type:0)] fps:1.898642,dur:1053.38,max:657.74,min:395.64
06-14 14:55:36.747  3944 13686 E MtpServer: Try to wait for next command until success!! returned -1, errno: 5
06-14 14:55:36.747 32355 32370 I art     : Debugger is no longer active
06-14 14:55:36.748  3944 13686 E MtpServer: EIO!! returned -1, errno: 5
06-14 14:55:36.748  3944 13686 I MtpServerJNI: void android_mtp_MtpServer_cleanup(JNIEnv*, jobject): Ready to delete MtpServer
06-14 14:55:36.752  3944 13686 I MtpServerJNI: free Storages
06-14 14:55:36.752  3944 13686 I MtpServer: remove storage 0, id=0x10001
06-14 14:55:36.757  3944 13686 I MtpServerJNI: Ready to delete MtpServer
06-14 14:55:36.757  3944 13686 V MtpServer: MtpServer run-end!!
06-14 14:55:36.772   874   874 V ActivityManager: Broadcast sticky: Intent { act=android.intent.action.BATTERY_CHANGED flg=0x60000010 (has extras) } ordered=false userid=-1 callerApp=null
06-14 14:55:36.775   874   874 D UsbDeviceManager: onReceive - BATTERY_CHANGED - mPlugType: 0, mSettingUsbCharging: false, mConnected: true, mSettingUsbBicr: false
06-14 14:55:36.775   874   874 D AlarmAlignManager: I got broadcast:android.intent.action.BATTERY_CHANGED
06-14 14:55:36.775   874   874 D UsbDeviceManager: onReceive - BATTERY_CHANGED - [HW USB Disconnected] mHwDisconnected: true, mConnected: true, mConfigured: true
06-14 14:55:36.778  1835  1835 D BroadcastCenter: receive intent: android.intent.action.BATTERY_CHANGED
06-14 14:55:36.775   874   874 D WifiService: onReceive, action:android.intent.action.BATTERY_CHANGED
06-14 14:55:36.778  1561  1561 D PowerBroadcastCenter: receive intent: android.intent.action.BATTERY_CHANGED
06-14 14:55:36.776   874   970 D WifiController: DeviceActiveState{ when=-1ms what=155652 target=com.android.internal.util.StateMachine$SmHandler }
06-14 14:55:36.778  1040  1040 D KeyguardUpdateMonitor: received broadcast android.intent.action.BATTERY_CHANGED
06-14 14:55:36.776   874   970 D WifiController: StaEnabledState{ when=-1ms what=155652 target=com.android.internal.util.StateMachine$SmHandler }
06-14 14:55:36.778  1561  1718 D IPowerModeImp: getCurrentModeLocked:0
06-14 14:55:36.776   874   970 D WifiController: DefaultState{ when=-1ms what=155652 target=com.android.internal.util.StateMachine$SmHandler }
06-14 14:55:36.778  1561  1718 D PowerLevelNotification: level = 100 plugged = 0 show = false mBatteryLastLevel = 100 currentMode = 0 isDialogShowing = false isDeviceProvisioned = true
06-14 14:55:36.778  1561  1750 D PowerGaugeStats: battery level is changed: 100
06-14 14:55:36.779   874   874 V ActivityManager: Broadcast: Intent { act=android.intent.action.ACTION_POWER_DISCONNECTED flg=0x4000010 } ordered=false userid=-1 callerApp=ProcessRecord{2de77b41 874:system/1000}
06-14 14:55:36.778  1561  1750 D PowerGaugeStats: unplugged, no battery level change
06-14 14:55:36.780   874   899 D AlarmManager: manual remove option = PendingIntent{deb05ce: PendingIntentRecord{3372517b com.meizu.battery broadcastIntent}}
06-14 14:55:36.779  1040  1040 D FlymeBatteryMeterView: hashCode=122392665,level=100,pluggedIn=false,status=5
06-14 14:55:36.784   874   874 V ActivityManager: Broadcast sticky: Intent { act=android.intent.action.BATTERY_CHANGED flg=0x60000010 (has extras) } ordered=false userid=-1 callerApp=null
06-14 14:55:36.779  1561  2082 D PowerGaugeStats:  MSG_LEVEL_COMPUTE processLevelStats
06-14 14:55:36.784   874   874 D AlarmManager: manual remove option = PendingIntent{26246a9e: PendingIntentRecord{2a31b97f android broadcastIntent}}
06-14 14:55:36.779  1561  1717 I BatteryConsumeMonitor: idleModeFlag : false
06-14 14:55:36.784   874   874 V AlarmManager: remove(operation) changed bounds; rebatching com.android.server.task.controllers.BatteryController.ACTION_CHARGING_STABLE
06-14 14:55:36.779  1040  1040 D FlymeBatteryMeterView: hashCode=296548458,level=100,pluggedIn=false,status=5
06-14 14:55:36.785  1231  1231 W ContextImpl: Calling a method in the system process without a qualified user: android.app.ContextImpl.stopService:1869 android.content.ContextWrapper.stopService:521 android.content.ContextWrapper.stopService:521 com.meizu.safe.blockService.receiver.PowerConnectionReceiver.onReceive:29 android.app.ActivityThread.handleReceiver:2993 
06-14 14:55:36.779  1561  2082 D SQLiteDatabase: beginTransaction()
06-14 14:55:36.788   874  1162 D AlarmManager: manual remove option = PendingIntent{38dae90b: PendingIntentRecord{31b8c3e8 com.meizu.mstore broadcastIntent}}
06-14 14:55:36.779  1040  1040 D FlymeBatteryMeterView: hashCode=720319172,level=100,pluggedIn=false,status=5
06-14 14:55:36.780  1040  1040 I KeyguardUpdateMonitor: handleBatteryUpdate index=0 updateInteresting=true
06-14 14:55:36.780  1040  1040 D KeyguardIndicationController: onRefreshBatteryInfo  mIsPluggedIn = false
06-14 14:55:36.780  1040  1040 D PhoneStatusBar: shouldChargingViewShow hasActiveNotificationsAndShowLockScreenNotification() = true, mNotificationPanel.isExpanding() = false, mNotificationPanel.isNotificationPanelFullyExpandedOnKeyguardShade() = false, mQsExpansionFraction = 0.0, isKeyguardShadeMode() = false, mKeyguardMusicController.isMusicViewShowing() = false, isQsExpanded() = false, mNotificationPanel.isMzKeyguardAffordanceHelperSwiping() = false, mNotificationPanel.shouldCameraIntercept()false, isInLaunchTransition()false
06-14 14:55:36.780  1040  1040 D KeyguardIndicationController: mVisible = false, isScreenOn = true, isKeyguardBouncer = false, isMusicViewShow = false, isChargingViewShow = false, getUnlockTimes = 4, isSmartLock = false
06-14 14:55:36.780  1040  1040 D KeyguardIndicationController: showTransientIndication
06-14 14:55:36.780  1040  1040 D PhoneStatusBar: shouldChargingViewShow hasActiveNotificationsAndShowLockScreenNotification() = true, mNotificationPanel.isExpanding() = false, mNotificationPanel.isNotificationPanelFullyExpandedOnKeyguardShade() = false, mQsExpansionFraction = 0.0, isKeyguardShadeMode() = false, mKeyguardMusicController.isMusicViewShowing() = false, isQsExpanded() = false, mNotificationPanel.isMzKeyguardAffordanceHelperSwiping() = false, mNotificationPanel.shouldCameraIntercept()false, isInLaunchTransition()false
06-14 14:55:36.780  1040  1040 D KeyguardIndicationController: mVisible = false, isScreenOn = true, isKeyguardBouncer = false, isMusicViewShow = false, isChargingViewShow = false, getUnlockTimes = 4, isSmartLock = false
06-14 14:55:36.780  1561  1717 I BatteryConsumeMonitor: cancelRepeatAlarm
06-14 14:55:36.780  1561  1717 I BatteryConsumeMonitor: init var lastPlugType : 0 lastBatteryChangedLevel : 100
06-14 14:55:36.780   874  1891 D BatteryService: mBatteryVoltage=4375, batteryLevel=50
06-14 14:55:36.781  1561  2082 D PowerGaugeStats: delete record in db: battery_level < time: 13-14-55-36
06-14 14:55:36.781  1561  2082 D PowerGaugeStats: execute battery level sql phrase: insert into battery_level (time, level, plugged, status) values (1497423336778, 100, 1, 1) current utc time: 14-14-55-36
06-14 14:55:36.782  1561  2082 D SQLiteDatabase: endTransaction()
06-14 14:55:36.782   874   923 I libPerfService: perfSetFavorPid - pid:32424, 7ea8
06-14 14:55:36.783 32152 32152 D ConditionReceiver: Action: android.intent.action.ACTION_POWER_DISCONNECTED bAutoDownload: true
06-14 14:55:36.786  1561  1561 D PowerBroadcastCenter: receive intent: android.intent.action.BATTERY_CHANGED
06-14 14:55:36.786  1835  1835 D BroadcastCenter: receive intent: android.intent.action.BATTERY_CHANGED
06-14 14:55:36.786   874   874 D AlarmManager:  alarm = Alarm{142a6cef type 3 when 14:56:00 start 14:56:00 end 14:56:00 com.tencent.mm} add to Batch{331b63fc num=1 start=12661662 end=12661662}
06-14 14:55:36.787   874  1082 D LinkWakenInterception: isInterceptAsUsual, the callerPkg(com.meizu.safe) and calleePkg are same, return false.
06-14 14:55:36.787  1561  1750 D PowerGaugeStats: battery level is changed: 100
06-14 14:55:36.787  1561  1750 D PowerGaugeStats: unplugged, no battery level change
06-14 14:55:36.787   874  1082 D Interception: isInterceptByRule realCallingPid: 1231 isInterceptAsUsual: false isMatch: false, runType===retrieve_service|||callerPkg===com.meizu.safe|||calleePkg===com.meizu.safe|||calleeClass===com.meizu.safe.blockService.service.SDKUpdateService|||processName===com.meizu.safe|||action===*|||data===*|||extras===*|||interception===false
06-14 14:55:36.787  1561  1718 D IPowerModeImp: getCurrentModeLocked:0
06-14 14:55:36.787  1561  1718 D PowerLevelNotification: level = 100 plugged = 0 show = false mBatteryLastLevel = 100 currentMode = 0 isDialogShowing = false isDeviceProvisioned = true
06-14 14:55:36.797   874   874 D UsbDeviceManager: onReceive - BATTERY_CHANGED - mPlugType: 0, mSettingUsbCharging: false, mConnected: true, mSettingUsbBicr: false
06-14 14:55:36.788   874   874 D AlarmManager:  alarm = Alarm{2c088a85 type 3 when 17:25:30 start 17:25:30 end 17:25:30 android} add to Batch{1b5b0da num=1 start=21631909 end=21631909}
06-14 14:55:36.797   874   874 D UsbDeviceManager: onReceive - BATTERY_CHANGED - [HW USB Disconnected] mHwDisconnected: true, mConnected: true, mConfigured: true
06-14 14:55:36.788  1561  1717 I BatteryConsumeMonitor: init var lastPlugType : 0 lastBatteryChangedLevel : 100
06-14 14:55:36.797   874   874 D WifiService: onReceive, action:android.intent.action.BATTERY_CHANGED
06-14 14:55:36.789  1040  1040 D KeyguardUpdateMonitor: received broadcast android.intent.action.BATTERY_CHANGED
06-14 14:55:36.797   874   970 D WifiController: DeviceActiveState{ when=0 what=155652 target=com.android.internal.util.StateMachine$SmHandler }
06-14 14:55:36.790   874   874 D AlarmManager:  alarm = Alarm{24cc4a01 type 0 when 23:00:00 start 23:00:00 end 23:00:00 com.android.settings} add to Batch{274e00a6 num=1 start=41701662 end=41701662 STANDALONE}
06-14 14:55:36.797   874   970 D WifiController: StaEnabledState{ when=0 what=155652 target=com.android.internal.util.StateMachine$SmHandler }
06-14 14:55:36.790  1040  1040 D FlymeBatteryMeterView: hashCode=122392665,level=100,pluggedIn=false,status=5
06-14 14:55:36.797   874   970 D WifiController: DefaultState{ when=0 what=155652 target=com.android.internal.util.StateMachine$SmHandler }
06-14 14:55:36.790  1040  1040 D FlymeBatteryMeterView: hashCode=296548458,level=100,pluggedIn=false,status=5
06-14 14:55:36.790  1040  1040 D FlymeBatteryMeterView: hashCode=720319172,level=100,pluggedIn=false,status=5
06-14 14:55:36.791   874   874 D AlarmManager:  alarm = Alarm{26cd0ae7 type 1 when 00:00:00 start 00:00:00 end 00:00:00 android} add to Batch{144a3694 num=1 start=45301662 end=45301662 STANDALONE}
06-14 14:55:36.791 32355 32355 D MLog    : Thread:main  MKeepAliveReceiver#onReceive()--->action=android.intent.action.ACTION_POWER_DISCONNECTED
06-14 14:55:36.792   874   874 D AlarmManager:  alarm = Alarm{ab2853d type 1 when 00:00:00 start 00:00:00 end 00:00:00 com.android.calendar} add to Batch{144a3694 num=2 start=45301662 end=45301662 STANDALONE}
06-14 14:55:36.794   874   874 D AlarmManager:  alarm = Alarm{3cc98132 type 1 when 00:00:00 start 00:00:00 end 00:00:00 com.meizu.flyme.launcher} add to Batch{144a3694 num=3 start=45301662 end=45301662 STANDALONE}
06-14 14:55:36.794 32355 32355 D MLog    : Thread:main  MKeepAliveService#onStartCommand()--->  onStartCommand  pid 32355 com.meitu.mkit.mkeepalive.MKeepAliveService@3df791ba
06-14 14:55:36.795   874   874 D AlarmManager:  alarm = Alarm{25d56e83 type 1 when 00:00:00 start 23:59:59 end 00:00:00 com.meizu.flyme.input} add to Batch{144a3694 num=4 start=45301663 end=45301662 STANDALONE}
06-14 14:55:36.796   874   874 D AlarmManager:  alarm = Alarm{1fde2800 type 0 when 07:00:00 start 07:00:00 end 07:00:00 com.android.settings} add to Batch{31c73839 num=1 start=70501662 end=70501662 STANDALONE}
06-14 14:55:36.797   874   874 D AlarmAlignManager: I got broadcast:android.intent.action.BATTERY_CHANGED
06-14 14:55:36.798 32152 32193 W auto_update_AppAutoUpdateManager: <<Power change and cancel scheduler download, switch: true----Screen on: true, Power Connected: false, Battery: 100, Competitive Installed: false, d size: 0, d time: 0
06-14 14:55:36.799  1561  2082 D SQLiteDatabase: beginTransaction()
06-14 14:55:36.800  1561  2082 D PowerGaugeStats: delete record in db: battery_screen < time: 13-14-55-36
06-14 14:55:36.800  1561  2082 D PowerGaugeStats: execute battery screen sql phrase: insert into battery_screen (time, screen) values (1497423336799, 2) current utc time: 14-14-55-36
06-14 14:55:36.801  1561  2082 D SQLiteDatabase: endTransaction()
06-14 14:55:36.803  1040  1040 I KeyguardUpdateMonitor: handleBatteryUpdate index=0 updateInteresting=false
06-14 14:55:36.837   874  1592 D BatteryService: mBatteryVoltage=4373, batteryLevel=50
06-14 14:55:36.838   874   874 V ActivityManager: Broadcast sticky: Intent { act=android.intent.action.BATTERY_CHANGED flg=0x60000010 (has extras) } ordered=false userid=-1 callerApp=null
06-14 14:55:36.839   874   874 D UsbDeviceManager: onReceive - BATTERY_CHANGED - mPlugType: 0, mSettingUsbCharging: false, mConnected: true, mSettingUsbBicr: false
06-14 14:55:36.839   874   874 D UsbDeviceManager: onReceive - BATTERY_CHANGED - [HW USB Disconnected] mHwDisconnected: true, mConnected: true, mConfigured: true
06-14 14:55:36.840   874   874 D AlarmAlignManager: I got broadcast:android.intent.action.BATTERY_CHANGED
06-14 14:55:36.840   874   874 D WifiService: onReceive, action:android.intent.action.BATTERY_CHANGED
06-14 14:55:36.842  1561  1561 D PowerBroadcastCenter: receive intent: android.intent.action.BATTERY_CHANGED
06-14 14:55:36.841   874   970 D WifiController: DeviceActiveState{ when=-1ms what=155652 target=com.android.internal.util.StateMachine$SmHandler }
06-14 14:55:36.843  1561  1750 D PowerGaugeStats: battery level is changed: 100
06-14 14:55:36.841   874   970 D WifiController: StaEnabledState{ when=-1ms what=155652 target=com.android.internal.util.StateMachine$SmHandler }
06-14 14:55:36.843  1561  1750 D PowerGaugeStats: unplugged, no battery level change
06-14 14:55:36.841   874   970 D WifiController: DefaultState{ when=-1ms what=155652 target=com.android.internal.util.StateMachine$SmHandler }
06-14 14:55:36.844  1835  1835 D BroadcastCenter: receive intent: android.intent.action.BATTERY_CHANGED
06-14 14:55:36.844  1561  1718 D IPowerModeImp: getCurrentModeLocked:0
06-14 14:55:36.844  1561  1718 D PowerLevelNotification: level = 100 plugged = 0 show = false mBatteryLastLevel = 100 currentMode = 0 isDialogShowing = false isDeviceProvisioned = true
06-14 14:55:36.844  1561  1717 I BatteryConsumeMonitor: init var lastPlugType : 0 lastBatteryChangedLevel : 100
06-14 14:55:36.849 32424 32424 D BgTest  : uiCount 6
06-14 14:55:36.854  1040  1040 D KeyguardUpdateMonitor: received broadcast android.intent.action.BATTERY_CHANGED
06-14 14:55:36.856  1040  1040 D FlymeBatteryMeterView: hashCode=122392665,level=100,pluggedIn=false,status=5
06-14 14:55:36.856  1040  1040 D FlymeBatteryMeterView: hashCode=296548458,level=100,pluggedIn=false,status=5
06-14 14:55:36.856  1040  1040 D FlymeBatteryMeterView: hashCode=720319172,level=100,pluggedIn=false,status=5
06-14 14:55:36.857  1040  1040 I KeyguardUpdateMonitor: handleBatteryUpdate index=0 updateInteresting=false
06-14 14:55:37.103 32424 32489 D BgTest  : bgCount 6
06-14 14:55:37.263 32355 32419 I System.out: [CDS]EAGAIN in Recvfrom
06-14 14:55:37.263 32355 32419 I System.out: [CDS]read byte is 0
06-14 14:55:37.263 32355 32419 D MLog    : org.eclipse.paho.client.mqttv3.internal.CommsReceiver::run -> 852
06-14 14:55:37.702  1040  1040 D NetworkController.WifiSignalController: setActivity: wifiActivity= 3
06-14 14:55:37.702  1040  1040 D NetworkController.WifiSignalController: isDirty : false
06-14 14:55:37.704  1040  1040 D NetworkController.WifiSignalController: Change in state from: connected=true,enabled=true,level=4,inetCondition=1,iconGroup=IconGroup(Wi-Fi Icons),activityIn=false,activityOut=false,rssi=-53,networkType=null,lastModified=06-14 02:55:36,ssid="sodino"enabling=falsedisabling=falseconnecting=false
06-14 14:55:37.704  1040  1040 D NetworkController.WifiSignalController: 	to: connected=true,enabled=true,level=4,inetCondition=1,iconGroup=IconGroup(Wi-Fi Icons),activityIn=true,activityOut=true,rssi=-53,networkType=null,lastModified=06-14 02:55:36,ssid="sodino"enabling=falsedisabling=falseconnecting=false
06-14 14:55:37.704  1040  1040 D NetworkController.WifiSignalController: Wifi notifyListeners: level= 4, wifiActivity= 3
06-14 14:55:37.705  1040  1040 D SignalClusterView: setWifiIndicators, visible=true, strengthIcon=2130839042, contentDescription=WLAN信号满格。
06-14 14:55:37.706  1040  1040 D NetworkController.WifiSignalController: Wifi notifyListeners: level= 4, wifiActivity= 3
06-14 14:55:37.707  1040  1040 D SignalClusterView: setWifiIndicators, visible=true, strengthIcon=2130839042, contentDescription=WLAN信号满格。
06-14 14:55:37.708  1040  1040 D NetworkController.WifiSignalController: Wifi notifyListeners: level= 4, wifiActivity= 3
06-14 14:55:37.708  1040  1040 D SignalClusterView: setWifiIndicators, visible=true, strengthIcon=2130839042, contentDescription=WLAN信号满格。
06-14 14:55:37.709  1040  1040 D NetworkController.WifiSignalController: Wifi notifyListeners: level= 4, wifiActivity= 3
06-14 14:55:37.709  1040  1040 D SignalClusterView: setWifiIndicators, visible=true, strengthIcon=2130839042, contentDescription=WLAN信号满格。
06-14 14:55:37.709  1040  1040 D ConnectionRateView: DataConnection: new=true,old=true
06-14 14:55:37.709  1040  1040 D ConnectionRateView: DataConnection: new=true,old=true
06-14 14:55:37.713   874   900 I libPerfService: perfSetFavorPid - pid:0, 0
06-14 14:55:37.841   874   925 D UsbDeviceManager: handleMessage - MSG_UPDATE_STATE/MSG_UPDATE_DISCONNECT_STATE - mConnected: false, mSettingUsbCharging: false, mSettingUsbBicr: false
06-14 14:55:37.844   874   874 D lights  : color_to_brightness, color=200,state->color=1000
06-14 14:55:37.842   874   925 D UsbDeviceManager: sys.usb.acm_idx=
06-14 14:55:37.844   874   874 D lights  : blink_button, level=512, onMS=0, offMS=0
06-14 14:55:37.842   874   925 D UsbDeviceManager: else setEnabledFunctions, functions: mtp,adb, mCurrentFunctions: mtp,adb
06-14 14:55:37.845   874   874 D lights  : color_to_brightness, color=400,state->color=4000
06-14 14:55:37.842   874   925 V ActivityManager: Broadcast sticky: Intent { act=android.hardware.usb.action.USB_STATE flg=0x20000010 (has extras) } ordered=false userid=-1 callerApp=ProcessRecord{2de77b41 874:system/1000}
06-14 14:55:37.845   874   874 D lights  : blink_button, level=1024, onMS=0, offMS=0
06-14 14:55:37.846   874   874 D LedTest : mNotificationLight.turnOffFlick() && turnOffDoubleFlick() called!
06-14 14:55:37.854   319   319 I thermal_repeater: oh, queryMdThermalInfo (0)Bad file number
06-14 14:55:37.847   874   874 D lights  : color_to_brightness, color=200,state->color=1000
06-14 14:55:37.865   319   319 I thermal_repeater: [recvMdThermalInfo] ret=25, strLen=127,  1, 32767,,, -1, 32767, 2
06-14 14:55:37.847   874   874 D lights  : blink_button, level=512, onMS=0, offMS=0
06-14 14:55:37.873   874   925 W UsbDeviceManager: sys.usb.mtpConnect = noneMTPConnection
06-14 14:55:37.850 32424 32424 D BgTest  : uiCount 7
06-14 14:55:37.873   874   925 D UsbDeviceManager: sys.usb.acm_idx=
06-14 14:55:37.850   874   874 D lights  : color_to_brightness, color=400,state->color=4000
06-14 14:55:37.873   874   925 D UsbDeviceManager: handleMessage mConnected:false,mConfigured:false, mHwDisconnected:true
06-14 14:55:37.850   874   874 D lights  : blink_button, level=1024, onMS=0, offMS=0
06-14 14:55:37.874  1040  1585 D StorageNotification: onUsbMassStorageConnectionChangedAsync - mLastState: mounted, st: removed, mLastConnected: false, connected: false, path: /storage/sdcard1
06-14 14:55:37.859   874   874 D LedTest : mNotificationLight.turnOffFlick() && turnOffDoubleFlick() called!
06-14 14:55:37.874  1040  1040 W StatusBar: updateNotification for unknown pkg: android
06-14 14:55:37.862   874   923 D Interception: isAlwaysAllow the calleePkg: com.mediatek.mtklogger is system application, return true.
06-14 14:55:37.875  1040  1585 D StorageNotification: isAbleToShare - length:2
06-14 14:55:37.862   874   923 D Interception: isInterceptByRule realCallingPid: -1 isInterceptAsUsual: false isMatch: false, runType===broadcast|||callerPkg===*|||calleePkg===com.mediatek.mtklogger|||calleeClass===com.mediatek.mtklogger.framework.LogReceiver|||processName===com.mediatek.mtklogger|||action===android.hardware.usb.action.USB_STATE|||data===*|||extras===Bundle[{USB_VIA_CDROM_EJECTED=false, connected=false, SettingUsbCharging=false, adb=true, mtp=true, configured=false, USB_HW_DISCONNECTED=true, USB_IS_PC_KNOW_ME=true}]|||interception===false
06-14 14:55:37.875  1040  1585 D StorageNotification: isAbleToShare - allowMassStorage:falseisEmulated:true
06-14 14:55:37.867   874   985 D PerfServiceManager: [PerfService] MESSAGE_USER_ENABLE_TIMEOUT_MS: 10, 1000 
06-14 14:55:37.875  1040  1585 D StorageNotification: isAbleToShare - allowMassStorage:trueisEmulated:false
06-14 14:55:37.867   874   985 I libPerfService: 10: set freq: 1300000
06-14 14:55:37.875  1040  1585 D StorageNotification: isAbleToShare - /storage/sdcard1 @ removed
06-14 14:55:37.867   874   985 I libPerfService: 10: set: 6
06-14 14:55:37.875  1040  1585 D StorageNotification: isAbleToShare - allowedShareNum:0
06-14 14:55:37.872   874   874 I Tethering: StateReceiver onReceive action:android.hardware.usb.action.USB_STATE
06-14 14:55:37.875  1040  1585 D StorageNotification: updateUsbMassStorageNotification - isStorageCanShared=false,available=false
06-14 14:55:37.872   874   874 I Tethering: StateReceiver onReceive action synchronized: usbConnected = false usbConfigured = false, mRndisEnabled = false, mUsbTetherRequested = false
06-14 14:55:37.876   874  1830 D VoldConnector: SND -> {108 volume shared /storage/sdcard1 ums}
06-14 14:55:37.872   874   874 I Tethering: StateReceiver onReceive action synchronized: mUsbTetherEnabled = false
06-14 14:55:37.877   271   836 D FrameworkListener: dispatchCommand data = (108 volume shared /storage/sdcard1 ums)
06-14 14:55:37.873  1561  1588 D NotificationService: onNotificationRemoved: sbn packageName : android id : 17040636 flag : 2
06-14 14:55:37.877   271   836 D VoldCmdListener: volume shared /storage/sdcard1 ums
06-14 14:55:37.873  1561  1588 D NotificationState: removeNotification: packageName : android id : 17040636 flag : 2 idSet : [PowerNotification{packageName='android', id=17040644, flag=2}]
06-14 14:55:37.877   271   836 D SocketClient: SocketClient sendData done: 212 108 Share disabled
06-14 14:55:37.874  1561  1588 D NotificationService: onNotificationRemoved: sbn packageName : android id : 17040644 flag : 2
06-14 14:55:37.877   874   958 D VoldConnector: RCV <- {212 108 Share disabled}
06-14 14:55:37.874  1561  1588 D NotificationState: removeNotification: packageName : android id : 17040644 flag : 2 idSet : []
06-14 14:55:37.877  1040  1040 W StatusBar: removeFakeNotificationViews()---removeNotification for unknown pkg: android
06-14 14:55:37.875  1040  1040 D ChargeViewUtils: onNotificationCountChaned hasActiveNotifications = true, mHasActiveNotifications = true
06-14 14:55:37.877   874  1830 D VoldConnector: RMV <- {212 108 Share disabled}
06-14 14:55:37.875  1040  1040 I PhoneStatusBar: updateNotificationCountChange,mLastHasNotification:true , hasActiveNotifications:true
06-14 14:55:37.877   874  1830 I MountService: isUsbMassStorageEnabled: false
06-14 14:55:37.877  1040  1040 V PhoneStatusBar: DEBUG_MEDIA: updateDropViews for notification null metadata=null metaDataChanged=false state=0 notificationChanged = false hasArtwork false wallpaperChanged = false
06-14 14:55:37.877  1040  1585 D StorageNotification: updateUsbMassStorageNotification - [false]
06-14 14:55:37.878  1040  1585 D StorageNotification: setUsbStorageNotification - visible: {false}
06-14 14:55:37.878  1040  1040 D ChargeViewUtils: onNotificationCountChaned hasActiveNotifications = false, mHasActiveNotifications = true
06-14 14:55:37.878  1040  1585 D StorageNotification: setUsbStorageNotification - mIsLastVisible: false
06-14 14:55:37.878  1040  1040 I PhoneStatusBar: updateNotificationCountChange,mLastHasNotification:true , hasActiveNotifications:false
06-14 14:55:37.878  1040  1585 D StorageNotification: onUsbMassStorageConnectionChangedAsync - Disconnect
06-14 14:55:37.878  1040  1040 V PhoneStatusBar: DEBUG_MEDIA: updateDropViews for notification null metadata=null metaDataChanged=false state=0 notificationChanged = true hasArtwork false wallpaperChanged = false
06-14 14:55:37.878  1040  1585 D StorageNotification: onUsbMassStorageConnectionChangedAsync - mLastConnected: false
06-14 14:55:37.878  1040  1040 D BlurUtils: onNotificationCountChaned hasActiveNotifications = false
06-14 14:55:37.878  1040  1040 D BlurUtils: animationClear mBlurView.getCurrentFrame() = 0
06-14 14:55:37.878  1040  1040 D KeyguardIndicationController: onNotificationCountChaned visible = false
06-14 14:55:37.878  1040  1040 D PhoneStatusBar: shouldChargingViewShow hasActiveNotificationsAndShowLockScreenNotification() = false, mNotificationPanel.isExpanding() = false, mNotificationPanel.isNotificationPanelFullyExpandedOnKeyguardShade() = false, mQsExpansionFraction = 0.0, isKeyguardShadeMode() = false, mKeyguardMusicController.isMusicViewShowing() = false, isQsExpanded() = false, mNotificationPanel.isMzKeyguardAffordanceHelperSwiping() = false, mNotificationPanel.shouldCameraIntercept()false, isInLaunchTransition()false
06-14 14:55:37.878  1040  1040 D KeyguardIndicationController: mVisible = false, isScreenOn = true, isKeyguardBouncer = false, isMusicViewShow = false, isChargingViewShow = false, getUnlockTimes = 4, isSmartLock = false
06-14 14:55:37.878  1040  1040 D PhoneStatusBar: shouldChargingViewShow hasActiveNotificationsAndShowLockScreenNotification() = false, mNotificationPanel.isExpanding() = false, mNotificationPanel.isNotificationPanelFullyExpandedOnKeyguardShade() = false, mQsExpansionFraction = 0.0, isKeyguardShadeMode() = false, mKeyguardMusicController.isMusicViewShowing() = false, isQsExpanded() = false, mNotificationPanel.isMzKeyguardAffordanceHelperSwiping() = false, mNotificationPanel.shouldCameraIntercept()false, isInLaunchTransition()false
06-14 14:55:37.878  1040  1040 D KeyguardIndicationController: hideTransientIndication anim = true
06-14 14:55:37.879  1040  1040 V PhoneStatusBar: DEBUG_MEDIA: updateDropViews for notification null metadata=null metaDataChanged=false state=0 notificationChanged = false hasArtwork false wallpaperChanged = false
06-14 14:55:37.893   874   955 V SettingsInterface:  from settings cache , name = home_double_click , value = null
06-14 14:55:37.893   874   955 I WindowManager: interceptKeyTq keycode=26 interactive=true keyguardActive=false policyFlags=22000000 down =true canceled = false isWakeKey=false mVolumeDownKeyTriggered =false mVolumeUpKeyTriggered =false result = 1 useHapticFeedback = false isInjected = false result = 1
06-14 14:55:37.895   874   955 D Telecom : TelecomServiceImpl: isInCall() callState: 0
06-14 14:55:37.900   874   968 D WifiHW  : enter -->wifi_send_command cmd=IFNAME=wlan0 SIGNAL_POLL
06-14 14:55:37.900  1428  1428 D wpa_supplicant: wlan0: Control interface command 'SIGNAL_POLL'
06-14 14:55:37.902   272   272 I SurfaceFlinger: [Built-in Screen (type:0)] fps:17.984423,dur:1167.68,max:639.11,min:1.72
06-14 14:55:37.902   874   968 D WifiHW  : leave --> reply=RSSI=-45
06-14 14:55:37.902   874   968 D WifiHW  : LINKSPEED=65
06-14 14:55:37.902   874   968 D WifiHW  : NOISE=9999
06-14 14:55:37.902   874   968 D WifiHW  : FREQUENCY=2462
06-14 14:55:37.902   874   968 D WifiHW  : 
06-14 14:55:37.902   874   968 D WifiStateMachine: mLastSignalLevel:3, newSignalLevel:3
06-14 14:55:37.906  1040  1040 V PhoneStatusBar: DEBUG_STATUSBAR_COLOR:  mHasArtwork = false,  mHasNotification = false, currentColor = -1, isShade = false, isQsFullyExpanded = false, isFullyExpandedfalse
06-14 14:55:37.918 32613 32613 W Zygote  : mz_is_rooted false
06-14 14:55:37.922   874   923 I ActivityManager: Start proc 32613:com.mediatek.mtklogger/u0a51 for broadcast com.mediatek.mtklogger/.framework.LogReceiver
06-14 14:55:37.922   874   957 V ActivityManager: Broadcast: Intent { act=android.intent.action.UMS_DISCONNECTED flg=0x10 } ordered=false userid=-1 callerApp=ProcessRecord{2de77b41 874:system/1000}
06-14 14:55:37.938   874  1882 W ActivityManager: Skip forceProcessStateUpTo() to newState 8
06-14 14:55:37.938   874  1882 I libPerfService: perfSetFavorPid - pid:32424, 7ea8
06-14 14:55:37.943   874  1830 D ActivityManager: getContentProviderImpl: from caller=android.app.ApplicationThreadProxy@1a0a7e7e (pid=32613, userId=0) to get content provider settings cpr=ContentProviderRecord{153e5775 u0 com.android.providers.settings/.SettingsProvider}
06-14 14:55:37.943   874  1830 D ActivityManager: getContentProviderImpl: updateLruProcessLocked cpr.proc=ProcessRecord{2de77b41 874:system/1000}
06-14 14:55:37.949 32613 32613 D Proxy   : setHttpRequestCheckHandler
06-14 14:55:37.951 32613 32613 E System  : stat file error, path is /system/app/MTKLogger/lib/arm64, exception is android.system.ErrnoException: stat failed: ENOENT (No such file or directory)
06-14 14:55:37.954 32613 32613 W linker  : /system/lib64/libfilterUtils.so: unused DT entry: type 0x6ffffffe arg 0x808
06-14 14:55:37.954 32613 32613 W linker  : /system/lib64/libfilterUtils.so: unused DT entry: type 0x6fffffff arg 0x2
06-14 14:55:37.958 32613 32613 I MTKLogger/Utils: Andriod version string = 5.1
06-14 14:55:37.958 32613 32613 I MTKLogger/Utils: Android version number=5.1
06-14 14:55:37.959 32613 32613 D MTKLogger/Utils: MODEM_INDEX_SET added index: 1
06-14 14:55:37.959 32613 32613 D MTKLogger/Utils: MODEM_INDEX_FOLDER_MAP added index: 1
06-14 14:55:37.960 32613 32613 D MTKLogger/Utils: MODEM_LOG_NAME_MAP added index: 1
06-14 14:55:37.960 32613 32613 I MTKLogger/LogReceiver:  -->onReceive(), action=android.hardware.usb.action.USB_STATE, bootupFlag=false
06-14 14:55:37.962 32613 32613 I MTKLogger/LogReceiver:  Native modem log running status=0
06-14 14:55:38.003 32613 32613 V MTKLogger/LogReceiver: isModemLogRunning?false, modemLogRunningMode=2
06-14 14:55:38.004 32613 32613 V MTKLogger/Utils: mtp=true
06-14 14:55:38.004 32613 32613 V MTKLogger/Utils: accessory=false
06-14 14:55:38.004 32613 32613 V MTKLogger/Utils: audio_source=false
06-14 14:55:38.004 32613 32613 V MTKLogger/Utils: acm=false
06-14 14:55:38.004 32613 32613 V MTKLogger/Utils: eem=false
06-14 14:55:38.004 32613 32613 V MTKLogger/Utils: rndis=false
06-14 14:55:38.004 32613 32613 V MTKLogger/Utils: bicr=false
06-14 14:55:38.004 32613 32613 V MTKLogger/Utils: mass_storage=false
06-14 14:55:38.004 32613 32613 V MTKLogger/Utils: ptp=false
06-14 14:55:38.004 32613 32613 V MTKLogger/Utils: charging=false
06-14 14:55:38.004 32613 32613 V MTKLogger/Utils: adb=true
06-14 14:55:38.005 32613 32613 I MTKLogger/LogReceiver:  usbConfigured?false, usbConnected?false, nweUsbMode=10, oldUSBModeValue=10, oldUsbConnectedValue=true, needNotifyModemLog=true
06-14 14:55:38.006 32613 32613 V MTKLogger/LogReceiver: Modem log is not running in USB mode or USB status not change, do not need to send down switch command. newUsbMode=10, usbConnected=false
06-14 14:55:38.006 32613 32613 D MTKLogger/LogReceiver: -->needStartLogAtBootTime(), needStart=false
06-14 14:55:38.006 32613 32613 D MTKLogger/LogReceiver: -->checkProcess(), needAutoStart=false, canKillSelf=true
06-14 14:55:38.006 32613 32613 I MTKLogger/LogReceiver: MTKLogger process should not startup, send a kill message to kill it.
06-14 14:55:38.006 32613 32613 V MTKLogger/LogReceiver:  OnReceive function exit.
06-14 14:55:38.034  3944  3944 D MtpReceiver: onRecevier action:android.hardware.usb.action.USB_STATE
06-14 14:55:38.034  3944  3944 D MtpReceiver: bootTime = 1497410750640
06-14 14:55:38.034  3944  3944 D MtpReceiver: handleUsbState connected = false, mtpEnabled = true, ptpEnabled = false
06-14 14:55:38.035  3944  3944 V MediaProvider: delete: match = 705, MTP_CONNECTED= 705
06-14 14:55:38.035  3944  3944 V MediaProvider: unbind the MtpServiceConnection and delete the MtpService 
06-14 14:55:38.035  3944  3944 V MediaProvider: deleteMtpTransferFile: path=null
06-14 14:55:38.039   874  1824 I ActivityManager: Killing 8915:com.meizu.compaign/u0a56 (adj 15): empty #17
06-14 14:55:38.085  1040  1040 D ColorMasking: hideCover
06-14 14:55:38.088   874   955 V SettingsInterface:  from settings cache , name = home_double_click , value = null
06-14 14:55:38.088   874   955 I WindowManager: interceptKeyTq keycode=26 interactive=true keyguardActive=false policyFlags=22000000 down =false canceled = false isWakeKey=false mVolumeDownKeyTriggered =false mVolumeUpKeyTriggered =false result = 1 useHapticFeedback = false isInjected = false result = 1
06-14 14:55:38.088   874   955 I PowerManagerService: Going to sleep due to power button (uid 1000)...
06-14 14:55:38.088   874   955 V SettingsInterface:  from settings cache , name = intercpt_powerkey , value = 0
06-14 14:55:38.088   874   955 D PowerManagerService: wakelock list dump: mLocks.size=1:
06-14 14:55:38.088   874   955 I PowerManagerService: Sleeping (uid 1000)...
06-14 14:55:38.089  1040  2060 D KeyguardViewMediator: >>>onScreenTurnedOff(2) ---ScreenOff Before--synchronized (this)
06-14 14:55:38.088   874   874 I ActivityManager: onWakefulnessChanged: 3
06-14 14:55:38.089  1040  2060 D KeyguardViewMediator: onScreenTurnedOff(2) ---ScreenOff mScreenOn = false; Before--boolean lockImmediately
06-14 14:55:38.089   874   931 D DisplayPowerController: debounceProximitySensor : mProximity:-1,setInteractive:false, mProximityScreenOffBroadcastSend:false
06-14 14:55:38.090  1040  2060 D KeyguardViewMediator: onScreenTurnedOff(2) ---ScreenOff mScreenOn = false; After--boolean lockImmediately=true, mExitSecureCallback=null, mShowing=false, mIsIPOShutDown = false
06-14 14:55:38.089   874   874 V ActivityManager: Broadcast: Intent { act=android.intent.action.ACCESS_CONTROL_CHANGED flg=0x10 } ordered=false userid=-1 callerApp=ProcessRecord{2de77b41 874:system/1000}
06-14 14:55:38.090  1040  2060 D KeyguardViewMediator: notifyScreenOffLocked
06-14 14:55:38.090  1040  2060 D KeyguardViewMediator: doKeyguard: get keyguard.no_require_sim property before
06-14 14:55:38.090  1040  2060 D KeyguardViewMediator: doKeyguard: get requireSim=false
06-14 14:55:38.091  1040  2060 D KeyguardViewMediator: doKeyguard: keyguardDisable query end
06-14 14:55:38.091   874   874 V ActivityManager: Broadcast: Intent { act=android.intent.action.ACCESS_CONTROL_CHANGED flg=0x10 } ordered=false userid=-1 callerApp=ProcessRecord{2de77b41 874:system/1000}
06-14 14:55:38.091  1040  2060 D KeyguardViewMediator: lockedOrMissing is false, requireSim=false, provisioned=true, keyguardisable=false, antiTheftLocked=false, showWellcome=false
06-14 14:55:38.091  1040  2060 D KeyguardViewMediator: doKeyguard: showing the lock screen
06-14 14:55:38.091  1040  2060 D KeyguardViewMediator: showLocked
06-14 14:55:38.091  1040  2060 D KeyguardViewMediator: mReadyToShow set as true
06-14 14:55:38.091  1040  2060 D KeyguardViewMediator: updateActivityLockScreenState() - mShowing = false mReadyToShow = true !mOccluded = true
06-14 14:55:38.092  9199  9199 D MzCalendarWidget: AppWidgetService received an intent. It was Intent { act=android.intent.action.ACCESS_CONTROL_CHANGED flg=0x10 cmp=com.android.calendar/com.meizu.flyme.calendar.widget.CalendarAppWidgetService$CalendarFactory }
06-14 14:55:38.094  9199  9199 D MzCalendarWidget: Querying for widget events...
06-14 14:55:38.094   272   272 D Surface : Surface::connect(this=0x7f7a1f5c00,api=1)
06-14 14:55:38.095   272   352 I [MALI][Gralloc]: Usage: 0x333, format: 0x1 stride: 544 vertical_stride: 960 size: 2088960
06-14 14:55:38.096   272   352 D GraphicBuffer: alloc, handle(0x7f74d3c2e0) (w:540 h:960 s:544 f:0x1 u:0x000333) err(0)
06-14 14:55:38.096   874  1848 D GraphicBuffer: register, handle(0x7f5bfdd840) (w:540 h:960 s:544 f:0x1 u:0x000333)
06-14 14:55:38.097   272   935 D GraphicBuffer: free, handle(0x7f74d3c2e0) (w:540 h:960 s:544 f:0x1 u:0x000333)
06-14 14:55:38.097   272   272 D GraphicBuffer: register, handle(0x7f74d12a20) (w:540 h:960 s:544 f:0x1 u:0x000333)
06-14 14:55:38.103   272   272 D Surface : Surface::disconnect(this=0x7f7a1f5c00,api=1)
06-14 14:55:38.103   272   272 D GraphicBuffer: unregister, handle(0x7f74d12a20) (w:540 h:960 s:544 f:0x1 u:0x000333)
06-14 14:55:38.104   874   931 D Surface : Surface::connect(this=0x7f60fd3e00,api=1)
06-14 14:55:38.104   874  1848 I art     : [heap] RegisterNativeAllocation start bytes:2088960
06-14 14:55:38.104   874  1848 I art     : [heap] RegisterNativeAllocation RunFinalization time 1
06-14 14:55:38.104   874  1848 I art     : [heap] RegisterNativeAllocation native_bytes_allocated_:0
06-14 14:55:38.104   874  1848 I art     : [heap] RegisterNativeAllocation new_native_bytes_allocated:0, native_bytes_allocated_:2088960, native_footprint_gc_watermark_:524288, growth_limit_:536870912
06-14 14:55:38.104   874  1848 I art     : [heap] RegisterNativeAllocation end
06-14 14:55:38.105   874   931 D mali_winsys: new_window_surface returns 0x3000
06-14 14:55:38.112   874  1848 D GraphicBuffer: unregister, handle(0x7f5bfdd840) (w:540 h:960 s:544 f:0x1 u:0x000333)
06-14 14:55:38.113   874  1848 D BatteryStatsImpl: app: 10069 paused
06-14 14:55:38.114   272   272 D Surface : Surface::connect(this=0x7f7a1f5c00,api=1)
06-14 14:55:38.115   272  8099 I [MALI][Gralloc]: Usage: 0x333, format: 0x1 stride: 1088 vertical_stride: 1920 size: 8355840
06-14 14:55:38.117   272  8099 D GraphicBuffer: alloc, handle(0x7f74d13e20) (w:1080 h:1920 s:1088 f:0x1 u:0x000333) err(0)
06-14 14:55:38.118   874   931 D GraphicBuffer: register, handle(0x7f60c16ca0) (w:1080 h:1920 s:1088 f:0x1 u:0x000333)
06-14 14:55:38.118   272   350 D GraphicBuffer: free, handle(0x7f74d13e20) (w:1080 h:1920 s:1088 f:0x1 u:0x000333)
06-14 14:55:38.119   272   272 D GraphicBuffer: register, handle(0x7f74d13ec0) (w:1080 h:1920 s:1088 f:0x1 u:0x000333)
06-14 14:55:38.119   272   272 D GraphicBuffer: free, handle(0x7f74d3ca60) (w:1080 h:1920 s:1088 f:0x1 u:0x000b00)
06-14 14:55:38.130   272   272 D Surface : Surface::disconnect(this=0x7f7a1f5c00,api=1)
06-14 14:55:38.130   272   272 D GraphicBuffer: unregister, handle(0x7f74d13ec0) (w:1080 h:1920 s:1088 f:0x1 u:0x000333)
06-14 14:55:38.136   272   934 I [MALI][Gralloc]: Usage: 0xb00, format: 0x1 stride: 1088 vertical_stride: 1920 size: 8355840
06-14 14:55:38.136   272   934 D GraphicBuffer: alloc, handle(0x7f79812520) (w:1080 h:1920 s:1088 f:0x1 u:0x000b00) err(0)
06-14 14:55:38.138   874   931 D GraphicBuffer: register, handle(0x7f60f46d40) (w:1080 h:1920 s:1088 f:0x1 u:0x000b00)
06-14 14:55:38.139   874   874 V ActivityManager: Broadcast: Intent { act=android.intent.action.SCREEN_OFF flg=0x50000010 } ordered=true userid=-1 callerApp=ProcessRecord{2de77b41 874:system/1000}
06-14 14:55:38.140   272  8099 I [MALI][Gralloc]: Usage: 0xb00, format: 0x1 stride: 1088 vertical_stride: 1920 size: 8355840
06-14 14:55:38.141   272  8099 D GraphicBuffer: alloc, handle(0x7f74d3ba20) (w:1080 h:1920 s:1088 f:0x1 u:0x000b00) err(0)
06-14 14:55:38.142  9199  9199 D MzCalendarWidget: AppWidgetService received an intent. It was Intent { act=android.intent.action.ACCESS_CONTROL_CHANGED flg=0x10 cmp=com.android.calendar/com.meizu.flyme.calendar.widget.CalendarAppWidgetService$CalendarFactory }
06-14 14:55:38.143 32424 32489 D BgTest  : bgCount 7
06-14 14:55:38.143   272   272 I PerfService: PerfServiceNative_notifyDisplayType:0
06-14 14:55:38.143   874   931 D GraphicBuffer: register, handle(0x7f60c82b60) (w:1080 h:1920 s:1088 f:0x1 u:0x000b00)
06-14 14:55:38.145  9199  9199 D MzCalendarWidget: Querying for widget events...
06-14 14:55:38.147   874  1082 D ActivityManager: getContentProviderImpl: from caller=android.app.ApplicationThreadProxy@20cc048a (pid=9199, userId=0) to get content provider com.android.calendar cpr=ContentProviderRecord{1f6da373 u0 com.android.providers.calendar/.CalendarProvider2}
06-14 14:55:38.148  1561  1561 D PowerBroadcastCenter: receive intent: android.intent.action.SCREEN_OFF
06-14 14:55:38.148  1561  2082 D SQLiteDatabase: beginTransaction()
06-14 14:55:38.148   874  1824 V AlarmManager: APP set(PendingIntent{2cfc2afb: PendingIntentRecord{7658c08 com.meizu.battery broadcastIntent}}) : type=3 triggerAtTime=12939810 win=0 tElapsed=12939810 maxElapsed=12939810 interval=0 standalone=true
06-14 14:55:38.149  1561  1717 I BatteryConsumeMonitor: watting idle mode !
06-14 14:55:38.149   874   900 D ActivityManager: getContentProviderImpl: from caller=android.app.ApplicationThreadProxy@3598f718 (pid=9199, userId=0) to get content provider com.android.calendar cpr=ContentProviderRecord{1f6da373 u0 com.android.providers.calendar/.CalendarProvider2}
06-14 14:55:38.149  1561  2082 D PowerGaugeStats: delete record in db: battery_screen < time: 13-14-55-38
06-14 14:55:38.150  1561  2082 D PowerGaugeStats: execute battery screen sql phrase: insert into battery_screen (time, screen) values (1497423338148, 3) current utc time: 14-14-55-38
06-14 14:55:38.150  1561  2082 D SQLiteDatabase: endTransaction()
06-14 14:55:38.150  1040  2060 D KeyguardViewMediator: bindLauncherAnimationService mBindLauncherAnimationService = false
06-14 14:55:38.150  1040  2060 D KeyguardViewMediator: <<<onScreenTurnedOff(2) ---ScreenOff After--synchronized (this)
06-14 14:55:38.151  1040  1040 D KeyguardViewMediator: handleNotifyScreenOff
06-14 14:55:38.151  1040  2060 D MzGestureHelper: setLaunchAppUnlocked 0
06-14 14:55:38.151  1040  1040 D ChargeViewUtils: onScreenTurnedOff
06-14 14:55:38.151  1040  2060 V SettingsInterface:  from settings cache , name = mz_fingerprint_use_unlock , value = 0
06-14 14:55:38.151  1040  1040 I PalmRejection: disableProximityLockLocked, mProximitySensorEnabled = false
06-14 14:55:38.151  1040  2060 D KeyguardUpdateMonitor: usedAsUnlock = false
06-14 14:55:38.151  1040  1040 I PalmRejection: disableProximityLockLocked() failed... Proximity Sensor already disabled
06-14 14:55:38.151  1040  1040 V PhoneStatusBar: onReceive: Intent { act=android.intent.action.ACCESS_CONTROL_CHANGED flg=0x10 }
06-14 14:55:38.151  1040  1040 V PhoneStatusBar: ACCESS_CONTROL_CHANGED!!!
06-14 14:55:38.151  1040  1040 V PhoneStatusBar: changed pkg = null
06-14 14:55:38.151  1040  1040 D ChargeViewUtils: onNotificationCountChaned hasActiveNotifications = false, mHasActiveNotifications = false
06-14 14:55:38.151  1040  1040 I PhoneStatusBar: updateNotificationCountChange,mLastHasNotification:false , hasActiveNotifications:false
06-14 14:55:38.152  1835  1958 D SleepModeEngine: receive screen state: 0
06-14 14:55:38.152  1835  1958 D SleepModeEngine: current minutes: 895
06-14 14:55:38.158   874  1848 D DisplayManagerService: Display listener for pid 8915 died.
06-14 14:55:38.152  1835  1958 D SleepModeEngine: sleep start is updated, using old: 1444
06-14 14:55:38.152  1835  1958 D SleepModeEngine: sleep mode end updated, using old: 1879
06-14 14:55:38.152  1835  1958 D SleepModeEngine: is working: false
06-14 14:55:38.152  1835  1958 D SleepModeEngine: current time is out of the sleep range, current: 895 start: 1444 end: 1879
06-14 14:55:38.152  1040  1040 V PhoneStatusBar: DEBUG_MEDIA: updateDropViews for notification null metadata=null metaDataChanged=false state=0 notificationChanged = false hasArtwork false wallpaperChanged = false
06-14 14:55:38.160   874  1828 D PowerManagerService:  mFlags=1 mTag = show keyguard PackageName = 'com.android.systemui' (uid=10027, pid=1040, ws=null)
06-14 14:55:38.153  1040  1040 V PhoneStatusBar: onReceive: Intent { act=android.intent.action.ACCESS_CONTROL_CHANGED flg=0x10 }
06-14 14:55:38.160   874  1882 D ActivityManager: SVC-handleAppDiedLocked: app = ProcessRecord{21fab571 8915:com.meizu.compaign/u0a56}, app.pid = 8915
06-14 14:55:38.153  1040  1040 V PhoneStatusBar: ACCESS_CONTROL_CHANGED!!!
06-14 14:55:38.160   874  1882 D ActivityManager: removeDyingProviderLocked: cpr=ContentProviderRecord{216ddf56 u0 com.meizu.compaign/.sdkcommon.crossprocess.SdkProvider} always=false inLaunching=false
06-14 14:55:38.153  1040  1040 V PhoneStatusBar: changed pkg = null
06-14 14:55:38.160   874  1882 D ActivityManager: removeDyingProviderLocked: cpr=ContentProviderRecord{8587bd7 u0 com.meizu.compaign/com.meizu.address.provider.CitySelectorContentProvider} always=false inLaunching=false
06-14 14:55:38.153   874  1884 I libPerfService: perfSetFavorPid - pid:0, 0
06-14 14:55:38.160   874  1882 D ActivityManager: removeDyingProviderLocked: cpr=ContentProviderRecord{22b26cc4 u0 com.meizu.compaign/com.meizu.address.provider.AddressProvider} always=false inLaunching=false
06-14 14:55:38.153  1040  1040 D ChargeViewUtils: onNotificationCountChaned hasActiveNotifications = false, mHasActiveNotifications = false
06-14 14:55:38.160   874  1882 D ActivityManager: SVC-mBroadcastQueues: com.android.server.am.BroadcastQueue@3255f377
06-14 14:55:38.153  1040  1040 I PhoneStatusBar: updateNotificationCountChange,mLastHasNotification:false , hasActiveNotifications:false
06-14 14:55:38.160   874  1882 D ActivityManager: SVC-mBroadcastQueues: com.android.server.am.BroadcastQueue@23d11be4
06-14 14:55:38.154   874   923 I libPerfService: perfSetFavorPid - pid:32424, 7ea8
06-14 14:55:38.161   874  1884 D CSLegacyTypeTracker: getNetworkForType type 0
06-14 14:55:38.154  1040  1040 V PhoneStatusBar: DEBUG_MEDIA: updateDropViews for notification null metadata=null metaDataChanged=false state=0 notificationChanged = false hasArtwork false wallpaperChanged = false
06-14 14:55:38.161   874  1884 D CSLegacyTypeTracker: getNetworkForType type 1
06-14 14:55:38.155  1040  1040 D KeyguardViewMediator: handleShow
06-14 14:55:38.161   874  1884 D CSLegacyTypeTracker: getNetworkForType type 2
06-14 14:55:38.155  1040  1040 D KeyguardViewMediator: setShowingLocked() - showing = true, mShowing = false
06-14 14:55:38.161   874  1884 D CSLegacyTypeTracker: getNetworkForType type 3
06-14 14:55:38.155  1040  1040 D KeyguardViewMediator: setShowingLocked() - set mShowing = true
06-14 14:55:38.161   874  1884 D CSLegacyTypeTracker: getNetworkForType type 4
06-14 14:55:38.155  1835  1835 D BroadcastCenter: receive intent: android.intent.action.SCREEN_OFF
06-14 14:55:38.161   874  1884 D CSLegacyTypeTracker: getNetworkForType type 5
06-14 14:55:38.157  1040  1040 D StatusBarKeyguardViewManager: show() is called.
06-14 14:55:38.161   874  1884 D CSLegacyTypeTracker: getNetworkForType type 7
06-14 14:55:38.158  1040  1040 D StatusBarKeyguardViewManager: reset() is called, mShowing = true ,mOccluded = false
06-14 14:55:38.161   874  1884 D CSLegacyTypeTracker: getNetworkForType type 10
06-14 14:55:38.158  1040  1040 D StatusBarKeyguardViewManager: showBouncerOrKeyguard() is called.
06-14 14:55:38.161   874  1884 D CSLegacyTypeTracker: getNetworkForType type 11
06-14 14:55:38.158  1040  1040 D KeyguardSecurityModel: isPinPukOrMeRequiredOfSubId() - phoneId = 0, simState = ABSENT
06-14 14:55:38.161   874  1884 D CSLegacyTypeTracker: getNetworkForType type 12
06-14 14:55:38.158  1040  1040 D KeyguardSecurityModel: isPinPukOrMeRequiredOfSubId() - phoneId = 1, simState = ABSENT
06-14 14:55:38.161   874  1884 D CSLegacyTypeTracker: getNetworkForType type 14
06-14 14:55:38.158  1040  1040 D AntiTheftManager: getCurrentAntiTheftMode() is called.
06-14 14:55:38.161   874  1884 D CSLegacyTypeTracker: getNetworkForType type 15
06-14 14:55:38.159  1040  1040 D KeyguardSecurityModel: getSecurityMode() - PW_Quality = 0
06-14 14:55:38.161   874  1884 D CSLegacyTypeTracker: getNetworkForType type 17
06-14 14:55:38.160  1835  1973 D RecordState: startCheck recordList = [] currentTime = 12639822
06-14 14:55:38.161   874  1884 D CSLegacyTypeTracker: getNetworkForType type 34
06-14 14:55:38.160  1835  1973 V SettingsInterface:  from settings cache , name = location_providers_allowed , value = default
06-14 14:55:38.162   874  1884 D CSLegacyTypeTracker: getNetworkForType type 35
06-14 14:55:38.160  1835  1973 V SettingsInterface:  from settings cache , name = location_providers_allowed , value = default
06-14 14:55:38.162   874  1884 D CSLegacyTypeTracker: getNetworkForType type 36
06-14 14:55:38.160  1835  1973 D LocationState: startCheck navigatingList = [] currentTime = 12639822
06-14 14:55:38.162   874  1884 D CSLegacyTypeTracker: getNetworkForType type 37
06-14 14:55:38.161  1040  1040 D LockPatternUtils: s=true ,L=false ,q=false ,v=false
06-14 14:55:38.162   874  1884 D CSLegacyTypeTracker: getNetworkForType type 38
06-14 14:55:38.162   874  1884 D CSLegacyTypeTracker: getNetworkForType type 40
06-14 14:55:38.162  1040  1040 D KeyguardSecurityModel: getSecurityMode() - mode = None
06-14 14:55:38.162   874  1884 D CSLegacyTypeTracker: getNetworkForType type 41
06-14 14:55:38.163  1040  1040 D StatusBarKeyguardViewManager: needsFullscreenBouncer() is false, show "Notification Keyguard" view.
06-14 14:55:38.162   874  1884 D CSLegacyTypeTracker: getNetworkForType type 49
06-14 14:55:38.164  1040  1040 D KeyguardMusicController: onShowKeyguard
06-14 14:55:38.165   874   874 D AlarmAlignManager: I got broadcast:android.intent.action.SCREEN_OFF
06-14 14:55:38.170   874  1828 D CSLegacyTypeTracker: getNetworkForType type 0
06-14 14:55:38.165   272   934 I [MALI][Gralloc]: Usage: 0xb00, format: 0x1 stride: 1088 vertical_stride: 1920 size: 8355840
06-14 14:55:38.170   874  1828 D CSLegacyTypeTracker: getNetworkForType type 1
06-14 14:55:38.166   272   934 D GraphicBuffer: alloc, handle(0x7f79812b60) (w:1080 h:1920 s:1088 f:0x1 u:0x000b00) err(0)
06-14 14:55:38.170   874  1828 D CSLegacyTypeTracker: getNetworkForType type 2
06-14 14:55:38.166  1835  1973 D MultiMediaState: startCheck musicList = [] currentTime = 12639826 isMusicPlaying = true  isPluggedHeadPhone = false isInteractive = false
06-14 14:55:38.170   874  1828 D CSLegacyTypeTracker: getNetworkForType type 3
06-14 14:55:38.166  1040  1040 D KeyguardMusicController: isMeizuMusic remoteClientPackage = null
06-14 14:55:38.170   874  1828 D CSLegacyTypeTracker: getNetworkForType type 4
06-14 14:55:38.166  1040  1040 D KeyguardMusicController: registerRemoteController,mRemoteController:android.media.RemoteController@1db70dcf, mCurrentPosition = 0
06-14 14:55:38.170   874  1828 D CSLegacyTypeTracker: getNetworkForType type 5
06-14 14:55:38.166  1040  1040 D KeyguardMusicController: isMeizuMusic remoteClientPackage = null
06-14 14:55:38.170   874  1828 D CSLegacyTypeTracker: getNetworkForType type 7
06-14 14:55:38.166  1040  1040 D KeyguardMusicController: isMusicPlaying 0
06-14 14:55:38.170   874  1828 D CSLegacyTypeTracker: getNetworkForType type 10
06-14 14:55:38.166  1040  1040 D KeyguardMusicView: KeyguardMusicView onShowKeyguard
06-14 14:55:38.170   874  1828 D CSLegacyTypeTracker: getNetworkForType type 11
06-14 14:55:38.166  1040  1040 V KeyguardMusicView: updatePlayPauseState(), old=0, state=0
06-14 14:55:38.171   874  1828 D CSLegacyTypeTracker: getNetworkForType type 12
06-14 14:55:38.166  1835  1973 D MultiMediaState: startCheck  otherList = [com.sodino.postdelay, com.meizu.flyme.launcher, com.meitu.mtsdk, com.android.calendar, com.android.providers.media, com.android.providers.downloads, com.mediatek.mtklogger, com.meizu.safe, com.meizu.battery, com.meizu.flyme.weather, com.meizu.mstore, com.meizu.net.search, com.meizu.privacy, com.meizu.flyme.service.find, com.tencent.mm, com.android.providers.calendar, com.flyme.netadmin, com.mediatek.systemupdate, com.meizu.mzsyncservice, com.mediatek.providers.drm, com.android.email, com.android.defcontainer, com.meizu.media.music, com.android.providers.applications, com.android.providers.userdictionary, com.android.providers.contacts, com.meizu.voiceassistant, com.meizu.compaign, com.meizu.account, com.flyme.systemuitools, com.meizu.share, com.meizu.cloud, com.android.providers.telephony, com.android.stk, com.android.phone, com.meizu.alphame, com.mediatek.nlpservice, com.android.incallui, com.waves.maxxservice, com.amap.android.location, com.meizu.experiencedatasync, com.tencent.qqpinyin, com.android.systemui, android, com.android.providers.settings, com.android.server.telecom, com.android.location.fused] currentTime = 12639826 isMusicPlaying = false  isPluggedHeadPhone = false isInteractive = false
06-14 14:55:38.171   874  1828 D CSLegacyTypeTracker: getNetworkForType type 14
06-14 14:55:38.166  1835  1973 D ScreenRecordState: isScreenRecord currentTime = 12639828 mScreenRecordTime = 0 isScreenRecord = false
06-14 14:55:38.171   874  1828 D CSLegacyTypeTracker: getNetworkForType type 15
06-14 14:55:38.166  1835  1973 D RecordState: isRecording currentTime = 12639828 mRecordTime = 0 isRecord = false
06-14 14:55:38.171   874  1828 D CSLegacyTypeTracker: getNetworkForType type 17
06-14 14:55:38.166  1835  1973 D LocationState: isNavigation currentTime = 12639828 mNavigationTime = 0 isNavigation = false
06-14 14:55:38.171   874  1879 V AlarmManager: APP set(PendingIntent{6b437ad: PendingIntentRecord{16dc4805 com.meizu.alphame broadcastIntent}}) : type=3 triggerAtTime=12819833 win=0 tElapsed=12819833 maxElapsed=12819833 interval=0 standalone=true
06-14 14:55:38.166  1835  1973 D DownloadState: isDownload currentTime = 12639828 mDownloadTime = 10595501 isDownload = false
06-14 14:55:38.171   874  1828 D CSLegacyTypeTracker: getNetworkForType type 34
06-14 14:55:38.166  1835  1973 D MultiMediaState: isPlayMusic currentTime = 12639828 mPlayMusicTime = 0 isMusic = false
06-14 14:55:38.171   874  1828 D CSLegacyTypeTracker: getNetworkForType type 35
06-14 14:55:38.167  1835  1973 D SystemStateEngine: SystemStateEngine onStateChange: 2
06-14 14:55:38.171   874  1828 D CSLegacyTypeTracker: getNetworkForType type 36
06-14 14:55:38.167   874   931 D GraphicBuffer: register, handle(0x7f6647ea20) (w:1080 h:1920 s:1088 f:0x1 u:0x000b00)
06-14 14:55:38.171   874  1828 D CSLegacyTypeTracker: getNetworkForType type 37
06-14 14:55:38.168  1561  1589 D AppManager: system change: 2
06-14 14:55:38.171   874  1828 D CSLegacyTypeTracker: getNetworkForType type 38
06-14 14:55:38.168  1561  1589 D DeviceManager: system change: 2
06-14 14:55:38.171   874  1828 D CSLegacyTypeTracker: getNetworkForType type 40
06-14 14:55:38.168  1561  1589 D PowerGaugeStats: system change: 2
06-14 14:55:38.171   874  1828 D CSLegacyTypeTracker: getNetworkForType type 41
06-14 14:55:38.169   874   874 D WifiStateMachine: onReceive, action:android.intent.action.SCREEN_OFF
06-14 14:55:38.171   874  1828 D CSLegacyTypeTracker: getNetworkForType type 49
06-14 14:55:38.170  1835  1974 D RecordState: startCheck recordList = [] currentTime = 12639832
06-14 14:55:38.173   874   874 V AlarmManager: APP set(PendingIntent{188ae79b: PendingIntentRecord{2980738 android broadcastIntent}}) : type=2 triggerAtTime=16899835 win=300000 tElapsed=16899835 maxElapsed=17199835 interval=0 standalone=false
06-14 14:55:38.170  1835  1974 V SettingsInterface:  from settings cache , name = location_providers_allowed , value = default
06-14 14:55:38.176   874   874 D WifiService: onReceive, action:android.intent.action.SCREEN_OFF
06-14 14:55:38.170  1835  1974 V SettingsInterface:  from settings cache , name = location_providers_allowed , value = default
06-14 14:55:38.177   874   970 D WifiController: DeviceActiveState{ when=0 what=155651 target=com.android.internal.util.StateMachine$SmHandler }
06-14 14:55:38.170  1835  1974 D LocationState: startCheck navigatingList = [] currentTime = 12639832
06-14 14:55:38.177   874   970 D WifiController: StaEnabledState{ when=0 what=155651 target=com.android.internal.util.StateMachine$SmHandler }
06-14 14:55:38.170 12571 13275 D SQLiteDatabase: beginTransaction()
06-14 14:55:38.177   874   970 D WifiController: DefaultState{ when=0 what=155651 target=com.android.internal.util.StateMachine$SmHandler }
06-14 14:55:38.170  1040  1040 D KeyguardMusicView: prepareLyricContent , can construct lrcContent 
06-14 14:55:38.177   874   970 D WifiController: wifiSleepPolicy:2
06-14 14:55:38.170  1040  1040 D KeyguardMusicView: setLrcContent mLrcList = []
06-14 14:55:38.178   874   966 D NetworkPolicy: rule3gBackgroundChanged 10000 false
06-14 14:55:38.170   874   874 D lights  : color_to_brightness, color=200,state->color=1000
06-14 14:55:38.178   874   966 D NetworkPolicy: ruleWifiBackgroundChanged 10000 false
06-14 14:55:38.170   874   874 D lights  : blink_button, level=512, onMS=0, offMS=0
06-14 14:55:38.179   874   966 V NetworkStats: setKernelCounterSet uid=10000 set=0
06-14 14:55:38.170  1040  1040 D KeyguardMusicController: requestLyric ...
06-14 14:55:38.179   874   966 D NetworkPolicy: rule3gBackgroundChanged 10005 false
06-14 14:55:38.170  1040  1040 D KeyguardMusicController: isMeizuMusic remoteClientPackage = null
06-14 14:55:38.179   874   966 D NetworkPolicy: ruleWifiBackgroundChanged 10005 false
06-14 14:55:38.170  1040  1040 D KeyguardMusicController: isMeizuMusic remoteClientPackage = null
06-14 14:55:38.179   874   966 V NetworkStats: setKernelCounterSet uid=10005 set=0
06-14 14:55:38.170  1040  1040 D KeyguardMusicView: mMusicController.getDuration() = -1
06-14 14:55:38.179   874   966 D NetworkPolicy: rule3gBackgroundChanged 10027 false
06-14 14:55:38.170   874   874 D lights  : color_to_brightness, color=400,state->color=4000
06-14 14:55:38.179   874   966 D NetworkPolicy: ruleWifiBackgroundChanged 10027 false
06-14 14:55:38.170   874   874 D lights  : blink_button, level=1024, onMS=0, offMS=0
06-14 14:55:38.180   874   966 V NetworkStats: setKernelCounterSet uid=10027 set=0
06-14 14:55:38.170   874   874 D LedTest : mNotificationLight.turnOffFlick() && turnOffDoubleFlick() called!
06-14 14:55:38.180   874   966 D NetworkPolicy: rule3gBackgroundChanged 10053 false
06-14 14:55:38.171   874   874 D AudioSystem: +setParameters(): screen_state=off 
06-14 14:55:38.180   874   966 D NetworkPolicy: ruleWifiBackgroundChanged 10053 false
06-14 14:55:38.172   301   301 I AudioFlinger: setParameters(): io 0, keyvalue screen_state=off, calling pid 874
06-14 14:55:38.180   874   966 V NetworkStats: setKernelCounterSet uid=10053 set=0
06-14 14:55:38.172   874   968 E WifiStateMachine: cancelDelayedScan -> 30
06-14 14:55:38.180   874   966 D NetworkPolicy: rule3gBackgroundChanged 10063 false
06-14 14:55:38.172   301   301 D AudioALSAHardware: +setParameters(): screen_state=off
06-14 14:55:38.180   874   966 D NetworkPolicy: ruleWifiBackgroundChanged 10063 false
06-14 14:55:38.172   301   301 D AudioALSAStreamOut: +setLowLatencyMode(), mode 0
06-14 14:55:38.181   874   966 V NetworkStats: setKernelCounterSet uid=10063 set=0
06-14 14:55:38.172  1040  1040 I MeizuKeyguardThemeManager: setBarState ------ statusBarState=1,keyguardFadingAway=false,goingToFullShade=false,keyguardShowing=true
06-14 14:55:38.181   874   966 D NetworkPolicy: rule3gBackgroundChanged 10069 false
06-14 14:55:38.172   301   301 D AudioALSAHardware: -setParameters(): screen_state=off 
06-14 14:55:38.181   874   966 D NetworkPolicy: ruleWifiBackgroundChanged 10069 false
06-14 14:55:38.172   301   301 D bt_audio_a2dp_hw: [A2DP_HW] [adev_set_parameters@1540] out is null , check in stream
06-14 14:55:38.181   874   966 V NetworkStats: setKernelCounterSet uid=10069 set=0
06-14 14:55:38.172  1040  1040 I MeizuKeyguardThemeManager: setBarState 1
06-14 14:55:38.181   874   966 D ConnectivityService: onUidRulesChanged(uid=10000, uidRules=0)
06-14 14:55:38.172   301   301 I str_params: key: 'screen_state' value: 'off'
06-14 14:55:38.181   874   966 D ConnectivityService: onUidRulesChanged(uid=10005, uidRules=0)
06-14 14:55:38.172   301   301 D usb_audio_hw: adev_set_parameters: kvpairs = screen_state=off
06-14 14:55:38.181   874   966 D ConnectivityService: onUidRulesChanged(uid=10027, uidRules=0)
06-14 14:55:38.172 12571 13275 D SQLiteDatabase: endTransaction()
06-14 14:55:38.181   874   966 D ConnectivityService: onUidRulesChanged(uid=10053, uidRules=0)
06-14 14:55:38.172   874   874 D AudioSystem: -setParameters(): screen_state=off 
06-14 14:55:38.181   874   966 D ConnectivityService: onUidRulesChanged(uid=10063, uidRules=0)
06-14 14:55:38.172  1040  1040 D KeyguardMusicController: isMusicPlaying 0
06-14 14:55:38.181   874   966 D ConnectivityService: onUidRulesChanged(uid=10069, uidRules=0)
06-14 14:55:38.172  1040  1040 D PanelView: setKeyguardStatusViewVisibility statusBarState = 1, isMusicPlaying = false,keyguardFadingAway = false, goingToFullShade = false, mStatusBarState = 0
06-14 14:55:38.194   874  1832 D AlarmManager: manual remove option = PendingIntent{1409a1a9: PendingIntentRecord{13026d0d com.android.calendar broadcastIntent}}
06-14 14:55:38.172  1040  1040 D KeyguardMusicController: isMusicPlaying 0
06-14 14:55:38.194   874  1832 V AlarmManager: remove(operation) changed bounds; rebatching com.android.calendar.APPWIDGET_SCHEDULED_UPDATE
06-14 14:55:38.174   874   968 E native  : do suspend true
06-14 14:55:38.174   874   968 D WifiHW  : enter -->wifi_send_command cmd=IFNAME=wlan0 DRIVER SETSUSPENDMODE 1
06-14 14:55:38.174   874   874 D PerfService: [PerfService] Intent.ACTION_SCREEN_OFF 
06-14 14:55:38.174  1428  1428 D wpa_supplicant: wlan0: Control interface command 'DRIVER SETSUSPENDMODE 1'
06-14 14:55:38.174  1428  1428 D wpa_supplicant: iface wlan0 recv cmd SETSUSPENDMODE 1
06-14 14:55:38.174  1428  1428 D wpa_supplicant: nl80211: Test Mode buflen = 12, ifindex=10
06-14 14:55:38.174   874   985 D PerfServiceManager: [PerfService] MESSAGE_USER_DISABLE_ALL 
06-14 14:55:38.175   874   985 I libPerfService: perfUserScnDisableAll, h:10, s:1, a:0
06-14 14:55:38.175   874   985 I libPerfService: 10: set: 1
06-14 14:55:38.175  1835  1974 D MultiMediaState: startCheck musicList = [] currentTime = 12639835 isMusicPlaying = true  isPluggedHeadPhone = false isInteractive = false
06-14 14:55:38.175   874   985 I libPerfService: 10: set freq: 0
06-14 14:55:38.175   874   985 I libPerfService: 10: set gpu level: 0
06-14 14:55:38.175  1428  1428 D wpa_supplicant: ret = 0, nl=-1912469952
06-14 14:55:38.175  1428  1428 D wpa_supplicant: wpa_driver_nl80211_driver_cmd: ret = 0 used = 2 total = 4096
06-14 14:55:38.175  1428  1428 I wpa_supplicant: wpa_driver_nl80211_driver_cmd: buf =  ret = 2 used = 2 total = 4096
06-14 14:55:38.175   874   968 D WifiHW  : leave --> reply=
06-14 14:55:38.175  1835  1974 D MultiMediaState: startCheck  otherList = [com.sodino.postdelay, com.meizu.flyme.launcher, com.meitu.mtsdk, com.android.calendar, com.android.providers.media, com.android.providers.downloads, com.mediatek.mtklogger, com.meizu.safe, com.meizu.battery, com.meizu.flyme.weather, com.meizu.mstore, com.meizu.net.search, com.meizu.privacy, com.meizu.flyme.service.find, com.tencent.mm, com.android.providers.calendar, com.flyme.netadmin, com.mediatek.systemupdate, com.meizu.mzsyncservice, com.mediatek.providers.drm, com.android.email, com.android.defcontainer, com.meizu.media.music, com.android.providers.applications, com.android.providers.userdictionary, com.android.providers.contacts, com.meizu.voiceassistant, com.meizu.account, com.flyme.systemuitools, com.meizu.share, com.meizu.cloud, com.android.providers.telephony, com.android.stk, com.android.phone, com.meizu.alphame, com.mediatek.nlpservice, com.android.incallui, com.waves.maxxservice, com.amap.android.location, com.meizu.experiencedatasync, com.tencent.qqpinyin, com.android.systemui, android, com.android.providers.settings, com.android.server.telecom, com.android.location.fused] currentTime = 12639835 isMusicPlaying = false  isPluggedHeadPhone = false isInteractive = false
06-14 14:55:38.175  1835  1974 D ScreenRecordState: isScreenRecord currentTime = 12639837 mScreenRecordTime = 0 isScreenRecord = false
06-14 14:55:38.206   874  1879 V AlarmManager: APP set(PendingIntent{17314719: PendingIntentRecord{13026d0d com.android.calendar broadcastIntent}}) : type=1 triggerAtTime=1497456000000 win=0 tElapsed=45301662 maxElapsed=45301662 interval=0 standalone=true
06-14 14:55:38.175  1835  1974 D RecordState: isRecording currentTime = 12639838 mRecordTime = 0 isRecord = false
06-14 14:55:38.175  1835  1974 D LocationState: isNavigation currentTime = 12639838 mNavigationTime = 0 isNavigation = false
06-14 14:55:38.176  1835  1974 D DownloadState: isDownload currentTime = 12639838 mDownloadTime = 10595501 isDownload = false
06-14 14:55:38.176  1835  1974 D MultiMediaState: isPlayMusic currentTime = 12639838 mPlayMusicTime = 0 isMusic = false
06-14 14:55:38.177  1040  1040 D KeyguardSecurityModel: isPinPukOrMeRequiredOfSubId() - phoneId = 0, simState = ABSENT
06-14 14:55:38.177  1040  1040 D KeyguardSecurityModel: isPinPukOrMeRequiredOfSubId() - phoneId = 1, simState = ABSENT
06-14 14:55:38.177  1040  1040 D AntiTheftManager: getCurrentAntiTheftMode() is called.
06-14 14:55:38.178  1040  1040 D KeyguardSecurityModel: getSecurityMode() - PW_Quality = 0
06-14 14:55:38.180  1040  1040 D LockPatternUtils: s=true ,L=false ,q=false ,v=false
06-14 14:55:38.180  1040  1040 D KeyguardSecurityModel: getSecurityMode() - mode = None
06-14 14:55:38.181 12571 12609 D SQLiteDatabase: beginTransaction()
06-14 14:55:38.181  1040  1040 D ChargeViewUtils: onNotificationCountChaned hasActiveNotifications = false, mHasActiveNotifications = false
06-14 14:55:38.181  1040  1040 I PhoneStatusBar: updateNotificationCountChange,mLastHasNotification:false , hasActiveNotifications:false
06-14 14:55:38.182 12571 12609 D SQLiteDatabase: endTransaction()
06-14 14:55:38.182  1040  1040 V PhoneStatusBar: DEBUG_MEDIA: updateDropViews for notification null metadata=null metaDataChanged=false state=1 notificationChanged = false hasArtwork false wallpaperChanged = false
06-14 14:55:38.183  1040  1040 D KeyguardSecurityModel: isPinPukOrMeRequiredOfSubId() - phoneId = 0, simState = ABSENT
06-14 14:55:38.183  1040  1040 D KeyguardSecurityModel: isPinPukOrMeRequiredOfSubId() - phoneId = 1, simState = ABSENT
06-14 14:55:38.183  1040  1040 D AntiTheftManager: getCurrentAntiTheftMode() is called.
06-14 14:55:38.183  1040  1040 D KeyguardSecurityModel: getSecurityMode() - PW_Quality = 0
06-14 14:55:38.184  1040  1040 D LockPatternUtils: s=true ,L=false ,q=false ,v=false
06-14 14:55:38.184  1040  1040 D KeyguardSecurityModel: getSecurityMode() - mode = None
06-14 14:55:38.185  1040  1040 D PhoneStatusBar: disable: 0x00000000 -> 0x00000000 (diff: 0x00000000)
06-14 14:55:38.185  1040  1040 D PhoneStatusBar: disable: < expand icons alerts system_info back home recent clock search >
06-14 14:55:38.185  1040  1040 D PanelView: non keyguard-shade mode, notify panel expansion change normally
06-14 14:55:38.185  1040  1040 D PanelView: non keyguard-shade mode, notify panel expansion change normally
06-14 14:55:38.186  1040  1040 D QSPanel : setListening: old: false, new: true
06-14 14:55:38.186  1040  1040 D WifiTile: onWifiSignalChanged info= CallbackInfo[enabled=true,connected=true,wifiSignalIconId=2130837780,enabledDesc="sodino",activityIn=true,activityOut=true,wifiSignalContentDescription=WLAN信号满格。,enabling=false,connecting=false,disabling=false]
06-14 14:55:38.211   874   931 D DisplayPowerState: setColorFadeLevel: level=0.99554986
06-14 14:55:38.186  1040  1040 D NetworkController.WifiSignalController: Wifi notifyListeners: level= 4, wifiActivity= 3
06-14 14:55:38.186  1040  1040 D SignalClusterView: setWifiIndicators, visible=true, strengthIcon=2130839042, contentDescription=WLAN信号满格。
06-14 14:55:38.186  1040  2068 D WifiTile: handleUpdateState arg=CallbackInfo[enabled=true,connected=true,wifiSignalIconId=2130837780,enabledDesc="sodino",activityIn=true,activityOut=true,wifiSignalContentDescription=WLAN信号满格。,enabling=false,connecting=false,disabling=false]
06-14 14:55:38.187  1040  2068 D WifiTile: state.label=sodino state.enabled=true state.connected=true state.intermediate=false mDetailItemClickManuallyfalse
06-14 14:55:38.187  1040  2068 D QSPanel : onStateChanged: com.android.systemui.qs.tiles.WifiTile@5f657f4, v: 0, gv: true
06-14 14:55:38.188  1040  1040 D NetworkController.WifiSignalController: Wifi notifyListeners: level= 4, wifiActivity= 3
06-14 14:55:38.188  1040  1040 D SignalClusterView: setWifiIndicators, visible=true, strengthIcon=2130839042, contentDescription=WLAN信号满格。
06-14 14:55:38.188  1040  1040 D NetworkController.WifiSignalController: Wifi notifyListeners: level= 4, wifiActivity= 3
06-14 14:55:38.188  1040  1040 D SignalClusterView: setWifiIndicators, visible=true, strengthIcon=2130839042, contentDescription=WLAN信号满格。
06-14 14:55:38.188  1040  1040 D NetworkController.WifiSignalController: Wifi notifyListeners: level= 4, wifiActivity= 3
06-14 14:55:38.188  1040  1040 D SignalClusterView: setWifiIndicators, visible=true, strengthIcon=2130839042, contentDescription=WLAN信号满格。
06-14 14:55:38.190  1040  1040 D WifiTile: onWifiSignalChanged info= CallbackInfo[enabled=true,connected=true,wifiSignalIconId=2130837780,enabledDesc="sodino",activityIn=true,activityOut=true,wifiSignalContentDescription=WLAN信号满格。,enabling=false,connecting=false,disabling=false]
06-14 14:55:38.190  1040  1040 D NetworkController.WifiSignalController: Wifi notifyListeners: level= 4, wifiActivity= 3
06-14 14:55:38.190  1040  1040 D SignalClusterView: setWifiIndicators, visible=true, strengthIcon=2130839042, contentDescription=WLAN信号满格。
06-14 14:55:38.190  1040  2068 D WifiTile: handleUpdateState arg=CallbackInfo[enabled=true,connected=true,wifiSignalIconId=2130837780,enabledDesc="sodino",activityIn=true,activityOut=true,wifiSignalContentDescription=WLAN信号满格。,enabling=false,connecting=false,disabling=false]
06-14 14:55:38.190  1040  2068 D WifiTile: state.label=sodino state.enabled=true state.connected=true state.intermediate=false mDetailItemClickManuallyfalse
06-14 14:55:38.190  1040  1040 D NetworkController.WifiSignalController: Wifi notifyListeners: level= 4, wifiActivity= 3
06-14 14:55:38.190  1040  1040 D SignalClusterView: setWifiIndicators, visible=true, strengthIcon=2130839042, contentDescription=WLAN信号满格。
06-14 14:55:38.191  1040  1040 D NetworkController.WifiSignalController: Wifi notifyListeners: level= 4, wifiActivity= 3
06-14 14:55:38.191  1040  1040 D SignalClusterView: setWifiIndicators, visible=true, strengthIcon=2130839042, contentDescription=WLAN信号满格。
06-14 14:55:38.191  1040  1040 D NetworkController.WifiSignalController: Wifi notifyListeners: level= 4, wifiActivity= 3
06-14 14:55:38.191  1040  1040 D SignalClusterView: setWifiIndicators, visible=true, strengthIcon=2130839042, contentDescription=WLAN信号满格。
06-14 14:55:38.191  1040  1040 D MobileDataTile: onNoSimVisibleChanged noSim=true
06-14 14:55:38.191  1040  1040 D WifiTile: onWifiSignalChanged info= CallbackInfo[enabled=true,connected=true,wifiSignalIconId=2130837780,enabledDesc="sodino",activityIn=true,activityOut=true,wifiSignalContentDescription=WLAN信号满格。,enabling=false,connecting=false,disabling=false]
06-14 14:55:38.191  1040  2068 D MobileDataTile: handleUpdateState arg=CallbackInfo[enabled=false,wifiEnabled=true,wifiConnected=true,airplaneModeEnabled=false,mobileSignalIconId=0,dataTypeIconId=0,activityIn=false,activityOut=false,enabledDesc=null,noSim=true,mobileDataModeDesc=优先 4G]
06-14 14:55:38.191  1040  1040 D NetworkController.WifiSignalController: Wifi notifyListeners: level= 4, wifiActivity= 3
06-14 14:55:38.191  1040  1040 D SignalClusterView: setWifiIndicators, visible=true, strengthIcon=2130839042, contentDescription=WLAN信号满格。
06-14 14:55:38.191  1040  1040 D NetworkController.WifiSignalController: Wifi notifyListeners: level= 4, wifiActivity= 3
06-14 14:55:38.191  1040  1040 D SignalClusterView: setWifiIndicators, visible=true, strengthIcon=2130839042, contentDescription=WLAN信号满格。
06-14 14:55:38.192  1040  1040 D NetworkController.WifiSignalController: Wifi notifyListeners: level= 4, wifiActivity= 3
06-14 14:55:38.192  1040  1040 D SignalClusterView: setWifiIndicators, visible=true, strengthIcon=2130839042, contentDescription=WLAN信号满格。
06-14 14:55:38.192  1040  1040 D NetworkController.WifiSignalController: Wifi notifyListeners: level= 4, wifiActivity= 3
06-14 14:55:38.192  1040  1040 D SignalClusterView: setWifiIndicators, visible=true, strengthIcon=2130839042, contentDescription=WLAN信号满格。
06-14 14:55:38.192  1040  1040 D MobileDataController: getPreferredMode 9
06-14 14:55:38.192  1040  1040 D MobileDataTile: updateItems
06-14 14:55:38.193  1860  1881 V SettingsInterface:  from settings cache , name = multi_sim_voice_call , value = null
06-14 14:55:38.193  1040  1040 V SettingsInterface:  from settings cache , name = location_providers_allowed , value = default
06-14 14:55:38.193  1040  1040 V SettingsInterface:  from settings cache , name = location_providers_allowed , value = default
06-14 14:55:38.195   272   934 I [MALI][Gralloc]: Usage: 0xb00, format: 0x1 stride: 1088 vertical_stride: 1920 size: 8355840
06-14 14:55:38.195   272   934 D GraphicBuffer: alloc, handle(0x7f79812340) (w:1080 h:1920 s:1088 f:0x1 u:0x000b00) err(0)
06-14 14:55:38.196  1040  1040 D BluetoothAdapter: 653040189: getState() :  mService = null. Returning STATE_OFF
06-14 14:55:38.196  1860  2189 V SettingsInterface:  from settings cache , name = multi_sim_data_call , value = -1
06-14 14:55:38.196   874  1832 D AlarmManager:  alarm = Alarm{2911832e type 3 when 14:56:00 start 14:56:00 end 14:56:00 com.tencent.mm} add to Batch{36010ecf num=1 start=12661662 end=12661662}
06-14 14:55:38.197   874   931 D GraphicBuffer: register, handle(0x7f66690660) (w:1080 h:1920 s:1088 f:0x1 u:0x000b00)
06-14 14:55:38.197  1040  2068 D MobileDataController: isValidSubId subId:-1
06-14 14:55:38.199  1040  2068 D MobileDataController: is valid: false
06-14 14:55:38.199   874  1832 D AlarmManager:  alarm = Alarm{1410905c type 3 when 17:25:30 start 17:25:30 end 17:25:30 android} add to Batch{1a31af65 num=1 start=21631909 end=21631909}
06-14 14:55:38.199  1040  2068 D MobileDataTile: handleUpdateState state=SignalState[visible=false,icon=ResourceIcon[resId=0x7f0204cb],label=移动数据,contentDescription=null,dualLabelContentDescription=null,autoMirrorDrawable=true,intermediate=false,enabled=false,connected=false,activityIn=false,activityOut=false,overlayIconId=0,filter=true,wideOverlayIcon=false]
06-14 14:55:38.199  1040  2068 D MobileDataTile: handleUpdateState arg=CallbackInfo[enabled=false,wifiEnabled=true,wifiConnected=true,airplaneModeEnabled=false,mobileSignalIconId=0,dataTypeIconId=0,activityIn=false,activityOut=false,enabledDesc=null,noSim=true,mobileDataModeDesc=优先 4G]
06-14 14:55:38.200  1860  1880 V SettingsInterface:  from settings cache , name = multi_sim_voice_call , value = null
06-14 14:55:38.201  1040  1040 D ChargeViewUtils: onShowKeyguard
06-14 14:55:38.201   874  1832 D AlarmManager:  alarm = Alarm{3c12dce1 type 0 when 23:00:00 start 23:00:00 end 23:00:00 com.android.settings} add to Batch{a5aca06 num=1 start=41701662 end=41701662 STANDALONE}
06-14 14:55:38.201  1040  1040 V KeyguardUpdateMonitor: *** register callback for com.android.systemui.keyguard.ChargeViewUtils$1@108724a8
06-14 14:55:38.201  1040  1040 V KeyguardUpdateMonitor: *** unregister callback for null
06-14 14:55:38.201  1040  1040 I ChargeViewUtils: onRefreshBatteryInfo
06-14 14:55:38.201  1040  1040 D PhoneStatusBar: shouldChargingViewShow hasActiveNotificationsAndShowLockScreenNotification() = false, mNotificationPanel.isExpanding() = false, mNotificationPanel.isNotificationPanelFullyExpandedOnKeyguardShade() = false, mQsExpansionFraction = 0.0, isKeyguardShadeMode() = false, mKeyguardMusicController.isMusicViewShowing() = false, isQsExpanded() = false, mNotificationPanel.isMzKeyguardAffordanceHelperSwiping() = false, mNotificationPanel.shouldCameraIntercept()false, isInLaunchTransition()false
06-14 14:55:38.201  1040  1040 I ChargeViewUtils: updateChargingState shouldChargingViewShow = true , mPluggedIn = false
06-14 14:55:38.201  1040  1040 D PhoneStatusBar: shouldChargingViewShow hasActiveNotificationsAndShowLockScreenNotification() = false, mNotificationPanel.isExpanding() = false, mNotificationPanel.isNotificationPanelFullyExpandedOnKeyguardShade() = false, mQsExpansionFraction = 0.0, isKeyguardShadeMode() = false, mKeyguardMusicController.isMusicViewShowing() = false, isQsExpanded() = false, mNotificationPanel.isMzKeyguardAffordanceHelperSwiping() = false, mNotificationPanel.shouldCameraIntercept()false, isInLaunchTransition()false
06-14 14:55:38.201  1040  1040 I ChargeViewUtils: onRefreshBatteryInfo
06-14 14:55:38.201  1040  1040 D PhoneStatusBar: shouldChargingViewShow hasActiveNotificationsAndShowLockScreenNotification() = false, mNotificationPanel.isExpanding() = false, mNotificationPanel.isNotificationPanelFullyExpandedOnKeyguardShade() = false, mQsExpansionFraction = 0.0, isKeyguardShadeMode() = false, mKeyguardMusicController.isMusicViewShowing() = false, isQsExpanded() = false, mNotificationPanel.isMzKeyguardAffordanceHelperSwiping() = false, mNotificationPanel.shouldCameraIntercept()false, isInLaunchTransition()false
06-14 14:55:38.201  1040  1040 I ChargeViewUtils: updateChargingState shouldChargingViewShow = true , mPluggedIn = false
06-14 14:55:38.201  1040  1040 D PhoneStatusBar: shouldChargingViewShow hasActiveNotificationsAndShowLockScreenNotification() = false, mNotificationPanel.isExpanding() = false, mNotificationPanel.isNotificationPanelFullyExpandedOnKeyguardShade() = false, mQsExpansionFraction = 0.0, isKeyguardShadeMode() = false, mKeyguardMusicController.isMusicViewShowing() = false, isQsExpanded() = false, mNotificationPanel.isMzKeyguardAffordanceHelperSwiping() = false, mNotificationPanel.shouldCameraIntercept()false, isInLaunchTransition()false
06-14 14:55:38.201  1040  1040 D PhoneStatusBar: shouldChargingViewShow hasActiveNotificationsAndShowLockScreenNotification() = false, mNotificationPanel.isExpanding() = false, mNotificationPanel.isNotificationPanelFullyExpandedOnKeyguardShade() = false, mQsExpansionFraction = 0.0, isKeyguardShadeMode() = false, mKeyguardMusicController.isMusicViewShowing() = false, isQsExpanded() = false, mNotificationPanel.isMzKeyguardAffordanceHelperSwiping() = false, mNotificationPanel.shouldCameraIntercept()false, isInLaunchTransition()false
06-14 14:55:38.201  1040  1040 I ChargeViewUtils: updateChargingState shouldChargingViewShow = true , mPluggedIn = false
06-14 14:55:38.201  1040  1040 D PhoneStatusBar: shouldChargingViewShow hasActiveNotificationsAndShowLockScreenNotification() = false, mNotificationPanel.isExpanding() = false, mNotificationPanel.isNotificationPanelFullyExpandedOnKeyguardShade() = false, mQsExpansionFraction = 0.0, isKeyguardShadeMode() = false, mKeyguardMusicController.isMusicViewShowing() = false, isQsExpanded() = false, mNotificationPanel.isMzKeyguardAffordanceHelperSwiping() = false, mNotificationPanel.shouldCameraIntercept()false, isInLaunchTransition()false
06-14 14:55:38.201  1040  1040 D BlurUtils: onShowKeyguard hasActiveNotifications = false
06-14 14:55:38.201  1040  1040 V SettingsInterface:  from settings cache , name = set_wallpaper_simultaneously , value = 0
06-14 14:55:38.201  1040  1040 D BlurUtils: hideBlurView
06-14 14:55:38.202   874  1832 D AlarmManager:  alarm = Alarm{18da08c7 type 1 when 00:00:00 start 00:00:00 end 00:00:00 com.meizu.flyme.launcher} add to Batch{146c8ef4 num=1 start=45301662 end=45301662 STANDALONE}
06-14 14:55:38.203  1860  1881 V SettingsInterface:  from settings cache , name = multi_sim_data_call , value = -1
06-14 14:55:38.203  1040  2068 D MobileDataController: isValidSubId subId:-1
06-14 14:55:38.203  1040  1040 D KeyguardBouncer: hide() is called, destroyView = false
06-14 14:55:38.203  1040  1040 D KeyguardSecurityContainer: onPause()
06-14 14:55:38.203  1040  1040 D KeyguardBouncer: hide() - user has left keyguard, setAlternateUnlockEnabled(true)
06-14 14:55:38.203  1040  1040 D KeyguardUpdateMonitor: setAlternateUnlockEnabled(enabled = true)
06-14 14:55:38.203  1040  1040 D KeyguardBouncer: inflateView() is called, we force to re-inflate the "Bouncer" view.
06-14 14:55:38.204   874  1832 D AlarmManager:  alarm = Alarm{a7f661d type 1 when 00:00:00 start 00:00:00 end 23:59:59 android} add to Batch{146c8ef4 num=2 start=45301662 end=45301662 STANDALONE}
06-14 14:55:38.225   874  1245 I StatusBarManagerService: disable by pkg=com.android.systemui
06-14 14:55:38.204  1040  2068 D MobileDataController: is valid: false
06-14 14:55:38.225   874  1245 D StatusBarManagerService: disable statusbar calling PID = 1040
06-14 14:55:38.204   874  1832 D AlarmManager:  alarm = Alarm{20c98092 type 1 when 00:00:00 start 00:00:00 end 00:00:00 com.meizu.safe} add to Batch{146c8ef4 num=3 start=45301662 end=45301662 STANDALONE}
06-14 14:55:38.205   874  1832 D AlarmManager:  alarm = Alarm{1de46a63 type 0 when 07:00:00 start 07:00:00 end 07:00:00 com.android.settings} add to Batch{3e3da660 num=1 start=70501662 end=70501662 STANDALONE}
06-14 14:55:38.206  1040  2068 D MobileDataTile: handleUpdateState state=SignalState[visible=false,icon=ResourceIcon[resId=0x7f0204cb],label=移动数据,contentDescription=null,dualLabelContentDescription=null,autoMirrorDrawable=true,intermediate=false,enabled=false,connected=false,activityIn=false,activityOut=false,overlayIconId=0,filter=true,wideOverlayIcon=false]
06-14 14:55:38.207  1040  2068 D WifiTile: handleUpdateState arg=CallbackInfo[enabled=true,connected=true,wifiSignalIconId=2130837780,enabledDesc="sodino",activityIn=true,activityOut=true,wifiSignalContentDescription=WLAN信号满格。,enabling=false,connecting=false,disabling=false]
06-14 14:55:38.207  1040  2068 D WifiTile: state.label=sodino state.enabled=true state.connected=true state.intermediate=false mDetailItemClickManuallyfalse
06-14 14:55:38.207  1040  2068 D MobileDataTile: handleUpdateState arg=CallbackInfo[enabled=false,wifiEnabled=true,wifiConnected=true,airplaneModeEnabled=false,mobileSignalIconId=0,dataTypeIconId=0,activityIn=false,activityOut=false,enabledDesc=null,noSim=true,mobileDataModeDesc=优先 4G]
06-14 14:55:38.208   874  1879 D AlarmManager:  alarm = Alarm{39fb13de type 1 when 00:00:00 start 00:00:00 end 00:00:00 com.android.calendar} add to Batch{146c8ef4 num=4 start=45301662 end=45301662 STANDALONE}
06-14 14:55:38.208  1860  2189 V SettingsInterface:  from settings cache , name = multi_sim_voice_call , value = null
06-14 14:55:38.209  1040  1040 V KeyguardUpdateMonitor: *** register callback for com.android.keyguard.KeyguardSimpleHostView$1@2370e7c7
06-14 14:55:38.209  1040  1040 V KeyguardUpdateMonitor: *** unregister callback for null
06-14 14:55:38.210  1860  1880 V SettingsInterface:  from settings cache , name = multi_sim_data_call , value = -1
06-14 14:55:38.210  1040  1040 D KeyguardSecurityContainer: lock screen instance created in keyguard com.mediatek.keyguard.ext.DefaultLockScreenExt@211cf253
06-14 14:55:38.229  1040  1040 V KeyguardDisplayManager: show
06-14 14:55:38.210  1040  2068 D MobileDataController: isValidSubId subId:-1
06-14 14:55:38.212  1040  2068 D MobileDataController: is valid: false
06-14 14:55:38.230   874   931 D DisplayPowerState: Screen ready
06-14 14:55:38.212  1040  1040 D KeyguardSecurityModel: isPinPukOrMeRequiredOfSubId() - phoneId = 0, simState = ABSENT
06-14 14:55:38.231   874   931 D DisplayPowerState: setColorFadeLevel: level=0.9822787
06-14 14:55:38.212  1040  1040 D KeyguardSecurityModel: isPinPukOrMeRequiredOfSubId() - phoneId = 1, simState = ABSENT
06-14 14:55:38.212  1040  1040 D AntiTheftManager: getCurrentAntiTheftMode() is called.
06-14 14:55:38.213  1040  1040 D KeyguardSecurityModel: getSecurityMode() - PW_Quality = 0
06-14 14:55:38.213  1040  2068 D MobileDataTile: handleUpdateState state=SignalState[visible=false,icon=ResourceIcon[resId=0x7f0204cb],label=移动数据,contentDescription=null,dualLabelContentDescription=null,autoMirrorDrawable=true,intermediate=false,enabled=false,connected=false,activityIn=false,activityOut=false,overlayIconId=0,filter=true,wideOverlayIcon=false]
06-14 14:55:38.213  1040  2068 D MobileDataTile: handleUpdateState arg=CallbackInfo[enabled=false,wifiEnabled=true,wifiConnected=true,airplaneModeEnabled=false,mobileSignalIconId=0,dataTypeIconId=0,activityIn=false,activityOut=false,enabledDesc=null,noSim=true,mobileDataModeDesc=优先 4G]
06-14 14:55:38.214  1040  1040 D LockPatternUtils: s=true ,L=false ,q=false ,v=false
06-14 14:55:38.214  1860  1881 V SettingsInterface:  from settings cache , name = multi_sim_voice_call , value = null
06-14 14:55:38.215  1040  1040 D KeyguardSecurityModel: getSecurityMode() - mode = None
06-14 14:55:38.215  1040  1040 V KeyguardSecurityContainer: showPrimarySecurityScreen(turningOff=false)
06-14 14:55:38.215  1040  1040 D KeyguardSecurityContainer: showSecurityScreen(None)
06-14 14:55:38.215  1040  1040 D VoiceWakeupManager: getInstance(...) is called.
06-14 14:55:38.215  1040  1040 D KeyguardSecurityContainer: showSecurityScreen() - get oldview forInvalid
06-14 14:55:38.215  1040  1040 D KeyguardSecurityContainer: showSecurityScreen() - get newview forNone
06-14 14:55:38.215  1040  1040 D KeyguardSecurityContainer: Before update, mCurrentSecuritySelection = Invalid
06-14 14:55:38.215  1040  1040 D KeyguardSecurityContainer: After update, mCurrentSecuritySelection = None
06-14 14:55:38.215  1040  1040 D StatusBarKeyguardViewManager: setNeedsInput() - needsInput = false
06-14 14:55:38.215  1040  1040 D KeyguardSecurityModel: isPinPukOrMeRequiredOfSubId() - phoneId = 0, simState = ABSENT
06-14 14:55:38.215  1040  1040 D KeyguardSecurityModel: isPinPukOrMeRequiredOfSubId() - phoneId = 1, simState = ABSENT
06-14 14:55:38.215  1040  1040 D AntiTheftManager: getCurrentAntiTheftMode() is called.
06-14 14:55:38.216  1040  1040 D KeyguardSecurityModel: getSecurityMode() - PW_Quality = 0
06-14 14:55:38.216  1860  2189 V SettingsInterface:  from settings cache , name = multi_sim_data_call , value = -1
06-14 14:55:38.216  1040  2068 D MobileDataController: isValidSubId subId:-1
06-14 14:55:38.217  1040  1040 D LockPatternUtils: s=true ,L=false ,q=false ,v=false
06-14 14:55:38.217  1040  2068 D MobileDataController: is valid: false
06-14 14:55:38.217  1040  1040 D KeyguardSecurityModel: getSecurityMode() - mode = None
06-14 14:55:38.217  1040  1040 D DefaultLockScreenExt: initDgilLayout called
06-14 14:55:38.217  1040  2068 D MobileDataTile: handleUpdateState state=SignalState[visible=false,icon=ResourceIcon[resId=0x7f0204cb],label=移动数据,contentDescription=null,dualLabelContentDescription=null,autoMirrorDrawable=true,intermediate=false,enabled=false,connected=false,activityIn=false,activityOut=false,overlayIconId=0,filter=true,wideOverlayIcon=false]
06-14 14:55:38.218  1040  2068 V SettingsInterface:  from settings cache , name = location_providers_allowed , value = default
06-14 14:55:38.218  1040  2068 V SettingsInterface:  from settings cache , name = location_providers_allowed , value = default
06-14 14:55:38.218  1040  2068 D LocationController: state.contentDescription=位置报告功能关闭。 locationEnabled=false
06-14 14:55:38.219  1040  1040 V KeyguardBouncer: showBatteryOrNot mPowerState = normal
06-14 14:55:38.220  1040 32643 D FlymeWallpaperManager: getLockWallpaperBitmap
06-14 14:55:38.220  1040  2068 D BluetoothAdapter: isEnabled
06-14 14:55:38.220  1040  2068 D BluetoothAdapter: 653040189: getState() :  mService = null. Returning STATE_OFF
06-14 14:55:38.220  1040  2068 D BluetoothAdapter: 653040189: getState() :  mService = null. Returning STATE_OFF
06-14 14:55:38.220  1040  2068 D BluetoothAdapter: 653040189: getState() :  mService = null. Returning STATE_OFF
06-14 14:55:38.220  1040  2068 D BluetoothController: state.contentDescription=蓝牙关闭。 connected=false connecting=false state.label=蓝牙 state.dualLabelContentDescription=蓝牙
06-14 14:55:38.222  1040  1040 V KeyguardUpdateMonitor: *** register callback for com.android.systemui.statusbar.phone.KeyguardBouncer$6@32d03e16
06-14 14:55:38.222  1040  1040 V KeyguardUpdateMonitor: *** unregister callback for null
06-14 14:55:38.222  1040  1040 D StatusBarKeyguardViewManager: updateStates() - showing = true, mLastShowing = false
06-14 14:55:38.222  1040  1040 D StatusBarKeyguardViewManager: updateStates() - occluded = falsemLastOccluded = false
06-14 14:55:38.222  1040  1040 D StatusBarKeyguardViewManager: updateStates() - bouncerShowing = false, mLastBouncerShowing = false
06-14 14:55:38.222  1040  1040 D StatusBarKeyguardViewManager: updateStates() - mFirstUpdate = false
06-14 14:55:38.222  1040  1040 D KeyguardUpdateMonitor: sendKeyguardVisibilityChanged(true)
06-14 14:55:38.222  1040  1040 D KeyguardViewMediator: mReadyToShow set as false
06-14 14:55:38.222  1040  1040 D KeyguardViewMediator: updateActivityLockScreenState() - mShowing = true mReadyToShow = false !mOccluded = true
06-14 14:55:38.222  1040  2068 D QSTile.ScreenshotTile: state.value=false
06-14 14:55:38.223  1040  1040 D DefaultLockScreenExt: disableSearch called
06-14 14:55:38.224  1040  1040 D KeyguardViewMediator: adjustStatusBarLocked: mShowing=true mOccluded=false isSecure=false --> flags=0x1200000
06-14 14:55:38.224  1040  2068 D ScreenRecordController: state.value=false
06-14 14:55:38.225  1040  2068 D WifiTile: handleUpdateState arg=null
06-14 14:55:38.225  1040  2068 D MobileDataTile: handleUpdateState arg=null
06-14 14:55:38.226  1040  2068 V SettingsInterface:  from settings cache , name = location_providers_allowed , value = default
06-14 14:55:38.226  1040  2068 V SettingsInterface:  from settings cache , name = location_providers_allowed , value = default
06-14 14:55:38.227  1040  1040 D KeyguardViewMediator: playSounds(locked = true), mSuppressNextLockSound =false
06-14 14:55:38.227  1040  2068 D LocationController: state.contentDescription=位置报告功能关闭。 locationEnabled=false
06-14 14:55:38.227  1040  2068 V SettingsInterface:  from settings cache , name = airplane_mode_on , value = 0
06-14 14:55:38.227  1040  2068 D AirplaneModeTile: handleUpdateState: false, 0, null
06-14 14:55:38.227  1040  2068 D AirplaneModeTile: handleUpdateState(), common flow
06-14 14:55:38.229  1040  1040 D KeyguardViewMediator: handleShow exit
06-14 14:55:38.229  1040  1040 D KeyguardViewMediator: handle show call mKeyguardDisplayManager.show()
06-14 14:55:38.236  1040  2068 D BluetoothAdapter: isEnabled
06-14 14:55:38.236  1040  2068 D BluetoothAdapter: 653040189: getState() :  mService = null. Returning STATE_OFF
06-14 14:55:38.236  1040  2068 D BluetoothAdapter: 653040189: getState() :  mService = null. Returning STATE_OFF
06-14 14:55:38.236  1040  2068 D BluetoothAdapter: 653040189: getState() :  mService = null. Returning STATE_OFF
06-14 14:55:38.236  1040  2068 D BluetoothController: state.contentDescription=蓝牙关闭。 connected=false connecting=false state.label=蓝牙 state.dualLabelContentDescription=蓝牙
06-14 14:55:38.238  1040  2068 D QSTile.ScreenshotTile: state.value=false
06-14 14:55:38.239   874  1592 V SettingsInterface:  from settings cache , name = tether_supported , value = null
06-14 14:55:38.239   874  1592 D Tethering: isGeminiSupport: true
06-14 14:55:38.240  1860  1880 V SettingsInterface:  from settings cache , name = multi_sim_data_call , value = -1
06-14 14:55:38.241   874  1592 E Tethering: updateConfiguration: wrong MCCMNC =null
06-14 14:55:38.241   874  1592 I Tethering: ifaceTypes = null, use default
06-14 14:55:38.241   874  1592 I Tethering: upstreamIfaceTypes.add:0
06-14 14:55:38.241   874  1592 I Tethering: upstreamIfaceTypes.add:1
06-14 14:55:38.241   874  1592 I Tethering: upstreamIfaceTypes.add:5
06-14 14:55:38.241   874  1592 I Tethering: upstreamIfaceTypes.add:7
06-14 14:55:38.241   874  1592 I Tethering: upstreamIfaceTypes.add:9
06-14 14:55:38.241   874  1592 I Tethering: upstreamIfaceTypes.add:49
06-14 14:55:38.242  1860  2369 V SettingsInterface:  from settings cache , name = tether_dun_required , value = null
06-14 14:55:38.242  1860  2369 V SettingsInterface:  from settings cache , name = tether_dun_apn , value = null
06-14 14:55:38.242   874  1592 I Tethering: checkDunRequired:2
06-14 14:55:38.243   874  1592 D Tethering: mPreferredUpstreamMobileApn = 5
06-14 14:55:38.243   874  1592 D Tethering: isTetheringIpv6Support: true
06-14 14:55:38.243   874  1592 V SettingsInterface:  from settings cache , name = tether_ipv6_feature , value = 0
06-14 14:55:38.243   874  1592 D Tethering: getIpv6FeatureEnable:0
06-14 14:55:38.244  1040  2068 D ScreenRecordController: state.value=false
06-14 14:55:38.248   874  1848 V WindowManager: Changing focus from Window{3f366fcc u0 com.sodino.postdelay/com.sodino.postdelay.MainActivity} to Window{2d0534c8 u0 StatusBar} Callers=com.android.server.wm.WindowManagerService.relayoutWindow:3701 com.android.server.wm.Session.relayout:203 android.view.IWindowSession$Stub.onTransact:273 com.android.server.wm.Session.onTransact:136 
06-14 14:55:38.253   874   931 D DisplayPowerState: Screen ready
06-14 14:55:38.253   874   931 D DisplayPowerState: setColorFadeLevel: level=0.9588773
06-14 14:55:38.263 32355 32419 I System.out: [CDS]EAGAIN in Recvfrom
06-14 14:55:38.263 32355 32419 I System.out: [CDS]read byte is 0
06-14 14:55:38.263 32355 32419 D MLog    : org.eclipse.paho.client.mqttv3.internal.CommsReceiver::run -> 852
06-14 14:55:38.265   874   928 I WindowManager: Gaining focus: Window{2d0534c8 u0 StatusBar}
06-14 14:55:38.265   874   928 I WindowManager: Losing focus: Window{3f366fcc u0 com.sodino.postdelay/com.sodino.postdelay.MainActivity}
06-14 14:55:38.275   874   931 D DisplayPowerState: Screen ready
06-14 14:55:38.275   874   931 D DisplayPowerState: setColorFadeLevel: level=0.92835873
06-14 14:55:38.275  1040  2131 D Surface : Surface::disconnect(this=0x7f80223600,api=1)
06-14 14:55:38.275  1040  2131 D GraphicBuffer: unregister, handle(0x7f67051b00) (w:1080 h:66 s:1088 f:0x1 u:0x000b00)
06-14 14:55:38.276  1040  2131 D GraphicBuffer: unregister, handle(0x7f670e0ba0) (w:1080 h:66 s:1088 f:0x1 u:0x000b00)
06-14 14:55:38.276  1040  2131 D GraphicBuffer: unregister, handle(0x7f66c7e7a0) (w:1080 h:66 s:1088 f:0x1 u:0x000b00)
06-14 14:55:38.277  1040  2131 D GraphicBuffer: unregister, handle(0x7f66ce97a0) (w:1080 h:66 s:1088 f:0x1 u:0x000b00)
06-14 14:55:38.277   272   352 D GraphicBuffer: free, handle(0x7f74c8d9c0) (w:1080 h:66 s:1088 f:0x1 u:0x000b00)
06-14 14:55:38.278   272   352 D GraphicBuffer: free, handle(0x7f7a2806a0) (w:1080 h:66 s:1088 f:0x1 u:0x000b00)
06-14 14:55:38.278  1040  2131 D Surface : Surface::connect(this=0x7f80223600,api=1)
06-14 14:55:38.278  1040  2131 D mali_winsys: new_window_surface returns 0x3000
06-14 14:55:38.287  1040  1040 W View    : requestLayout() improperly called by android.widget.FrameLayout{2834cfa9 V.E..... ......ID 0,2681-1080,2681 #7f0e0297 app:id/mz_dismiss_view} during layout: running second layout pass
06-14 14:55:38.288  1040  1040 D ColorMasking: updateMaskingColor, frank = 0.0,isExpendfalse, mHasNotificationfalse
06-14 14:55:38.288  1040  1040 D ColorMasking: hideCover
06-14 14:55:38.293  1040  1040 D PanelView: non keyguard-shade mode, notify panel expansion change normally
06-14 14:55:38.293  1040  1040 D PhoneStatusBar: shouldChargingViewShow hasActiveNotificationsAndShowLockScreenNotification() = false, mNotificationPanel.isExpanding() = false, mNotificationPanel.isNotificationPanelFullyExpandedOnKeyguardShade() = false, mQsExpansionFraction = 0.0, isKeyguardShadeMode() = false, mKeyguardMusicController.isMusicViewShowing() = false, isQsExpanded() = false, mNotificationPanel.isMzKeyguardAffordanceHelperSwiping() = false, mNotificationPanel.shouldCameraIntercept()false, isInLaunchTransition()false
06-14 14:55:38.296  1040  1040 I ChargeViewUtils: updateChargingState shouldChargingViewShow = true , mPluggedIn = false
06-14 14:55:38.296  1040  1040 D PhoneStatusBar: shouldChargingViewShow hasActiveNotificationsAndShowLockScreenNotification() = false, mNotificationPanel.isExpanding() = false, mNotificationPanel.isNotificationPanelFullyExpandedOnKeyguardShade() = false, mQsExpansionFraction = 0.0, isKeyguardShadeMode() = false, mKeyguardMusicController.isMusicViewShowing() = false, isQsExpanded() = false, mNotificationPanel.isMzKeyguardAffordanceHelperSwiping() = false, mNotificationPanel.shouldCameraIntercept()false, isInLaunchTransition()false
06-14 14:55:38.296  1040  1040 D PanelView: notifyExpandedOnShadeChanged fullyExpandedOnShade = true
06-14 14:55:38.296  1040  1040 D SystemUIMobEventUtils: onEvent keyguard_slide_down_statusbar
06-14 14:55:38.298   874   931 D DisplayPowerState: Screen ready
06-14 14:55:38.298   874   931 D DisplayPowerState: setColorFadeLevel: level=0.8451257
06-14 14:55:38.319   874   931 D DisplayPowerState: Screen ready
06-14 14:55:38.319   874   931 D DisplayPowerState: setColorFadeLevel: level=0.7907066
06-14 14:55:38.341   874   931 D DisplayPowerState: Screen ready
06-14 14:55:38.341   874   931 D DisplayPowerState: setColorFadeLevel: level=0.73396486
06-14 14:55:38.342  1040  1040 D VolumePanel.06007275: forceTimeout delay=0 callers=com.android.systemui.volume.VolumePanel.postDismiss:1273 com.android.systemui.volume.VolumePanel$4.onReceive:631 android.app.LoadedApk$ReceiverDispatcher$Args.run:953 
06-14 14:55:38.344   272  8099 I [MALI][Gralloc]: Usage: 0xb00, format: 0x1 stride: 1088 vertical_stride: 1920 size: 8355840
06-14 14:55:38.344   272  8099 D GraphicBuffer: alloc, handle(0x7f7a1b2ce0) (w:1080 h:1920 s:1088 f:0x1 u:0x000b00) err(0)
06-14 14:55:38.346  1040  2131 D GraphicBuffer: register, handle(0x7f6735ee80) (w:1080 h:1920 s:1088 f:0x1 u:0x000b00)
06-14 14:55:38.349   272   934 I [MALI][Gralloc]: Usage: 0xb00, format: 0x1 stride: 1088 vertical_stride: 1920 size: 8355840
06-14 14:55:38.350   272   272 D GraphicBuffer: free, handle(0x7f74d3c240) (w:1080 h:66 s:1088 f:0x1 u:0x000b00)
06-14 14:55:38.350   272   934 D GraphicBuffer: alloc, handle(0x7f798123e0) (w:1080 h:1920 s:1088 f:0x1 u:0x000b00) err(0)
06-14 14:55:38.352  1040  2131 D GraphicBuffer: register, handle(0x7f66c09a20) (w:1080 h:1920 s:1088 f:0x1 u:0x000b00)
06-14 14:55:38.363   874   931 D DisplayPowerState: Screen ready
06-14 14:55:38.364   874   931 D DisplayPowerState: setColorFadeLevel: level=0.67305845
06-14 14:55:38.375  1040  1040 D KeyguardUpdateMonitor: handleKeyguardVisibilityChanged(1)
06-14 14:55:38.375  1040  1040 D PhoneStatusBar: disable: 0x00000000 -> 0x01200000 (diff: 0x01200000)
06-14 14:55:38.375  1040  1040 D PhoneStatusBar: disable: < expand icons alerts system_info back HOME* RECENT* clock search >
06-14 14:55:38.378  1040  1040 D PhoneStatusBar: hiding the MENU button
06-14 14:55:38.379  1040  1040 D VolumePanel: [GJ_VOLUME_1] msg.what = 5
06-14 14:55:38.380   874   922 D GpsLocationProvider: receive broadcast intent, action: android.intent.action.SCREEN_OFF
06-14 14:55:38.380   874   922 V SettingsInterface:  from settings cache , name = batterySaverGpsMode , value = null
06-14 14:55:38.381  1040  1040 W View    : requestLayout() improperly called by android.widget.FrameLayout{2834cfa9 V.E..... ......ID 0,2526-1080,2526 #7f0e0297 app:id/mz_dismiss_view} during second layout pass: posting in next frame
06-14 14:55:38.383  1561  1561 I PowerLogHandler: set screenoff msg 
06-14 14:55:38.387   874   931 D DisplayPowerState: Screen ready
06-14 14:55:38.388   874   931 D DisplayPowerState: setColorFadeLevel: level=0.5392295
06-14 14:55:38.396   272   934 I [MALI][Gralloc]: Usage: 0xb00, format: 0x1 stride: 1088 vertical_stride: 1920 size: 8355840
06-14 14:55:38.397   272   934 D GraphicBuffer: alloc, handle(0x7f79812980) (w:1080 h:1920 s:1088 f:0x1 u:0x000b00) err(0)
06-14 14:55:38.398  1040  2131 D GraphicBuffer: register, handle(0x7f670df2a0) (w:1080 h:1920 s:1088 f:0x1 u:0x000b00)
06-14 14:55:38.399  1040  1040 V PhoneStatusBar: onReceive: Intent { act=android.intent.action.SCREEN_OFF flg=0x50000010 }
06-14 14:55:38.400  1040  1040 V PhoneStatusBar: hiding heads up window
06-14 14:55:38.406  1885  1885 I Launcher: launcher stats1 = WORKSPACE
06-14 14:55:38.413  1860  1860 V SettingsInterface:  from settings cache , name = rp_notify_when_screen_off , value = null
06-14 14:55:38.417 32152 32152 D ConditionReceiver: Action: android.intent.action.SCREEN_OFF bAutoDownload: true
06-14 14:55:38.419   874   931 D DisplayPowerState: Screen ready
06-14 14:55:38.419   874   931 D DisplayPowerState: setColorFadeLevel: level=0.40630943
06-14 14:55:38.420 32152 32193 W auto_update_AppAutoUpdateManager: --Screen off, switch: true----Screen on: false, Power Connected: false, Battery: 100, Competitive Installed: false, d size: 0, d time: 0
06-14 14:55:38.428   272   352 I [MALI][Gralloc]: Usage: 0xb00, format: 0x1 stride: 1088 vertical_stride: 1920 size: 8355840
06-14 14:55:38.429   272   352 D GraphicBuffer: alloc, handle(0x7f798128e0) (w:1080 h:1920 s:1088 f:0x1 u:0x000b00) err(0)
06-14 14:55:38.430  1040  2131 D GraphicBuffer: register, handle(0x7f670514c0) (w:1080 h:1920 s:1088 f:0x1 u:0x000b00)
06-14 14:55:38.450   874   931 D DisplayPowerState: Screen ready
06-14 14:55:38.450   874   931 D DisplayPowerState: setColorFadeLevel: level=0.33804125
06-14 14:55:38.479   874   931 D DisplayPowerState: Screen ready
06-14 14:55:38.480   874   931 D DisplayPowerState: setColorFadeLevel: level=0.21895826
06-14 14:55:38.489  1040  1040 D KeyguardBouncer: setBouncerBackgroud background = android.graphics.drawable.BitmapDrawable@db92e19, mPowerState = normal
06-14 14:55:38.509   874   931 D DisplayPowerState: Screen ready
06-14 14:55:38.509   874   931 D DisplayPowerState: setColorFadeLevel: level=0.11725849
06-14 14:55:38.537   874   931 D DisplayPowerState: Screen ready
06-14 14:55:38.538   874   931 D DisplayPowerState: setColorFadeLevel: level=0.0778361
06-14 14:55:38.566   874   931 D DisplayPowerState: Screen ready
06-14 14:55:38.566   874   931 D DisplayPowerState: setColorFadeLevel: level=0.022103548
06-14 14:55:38.578   874  1891 I libPerfService: perfSetFavorPid - pid:0, 0
06-14 14:55:38.578   874  1891 D DeviceStateService: doCheckState handle=3
06-14 14:55:38.581   874  1891 D DeviceStateService: Native: nativeDoCheckLockState check=0, lock_rtx->enable=0,lock_rtx->lock_state=0,result:0.
06-14 14:55:38.582   874  1592 D DeviceStateService: doCheckState handle=4
06-14 14:55:38.583   874  1592 D DeviceStateService: Native: nativeDoCheckLockState check=0, lock_rtx->enable=0,lock_rtx->lock_state=0,result:0.
06-14 14:55:38.594   874   931 D DisplayPowerState: Screen ready
06-14 14:55:38.594   874   931 D DisplayPowerState: setColorFadeLevel: level=1.3875961E-4
06-14 14:55:38.621   874   931 D DisplayPowerState: Screen ready
06-14 14:55:38.621   874   931 D DisplayPowerState: setColorFadeLevel: level=0.0
06-14 14:55:38.633  1040  1040 D ColorMasking: hideCover, end
06-14 14:55:38.649   874   931 D DisplayPowerState: Requesting new screen state: state=ON, backlight=0
06-14 14:55:38.649   874   931 D DisplayPowerState: Screen not ready
06-14 14:55:38.649   874   993 D lights  : write 0 to /sys/class/leds/lcd-backlight/brightness
06-14 14:55:38.649   874   993 D DisplayPowerState: Updating screen state: state=ON, backlight=0, backlightChanged=true
06-14 14:55:38.649   874   993 D lights  : write_int open fd=300
06-14 14:55:38.649   874   931 D DisplayPowerController: debounceProximitySensor : mProximity:-1,setInteractive:false, mProximityScreenOffBroadcastSend:false
06-14 14:55:38.649   874   931 D DisplayPowerState: setScreenState: state=1
06-14 14:55:38.661   874   931 D SensorService: SensorDevice::activate: ident=0x7f72d4faa0, handle=0x00000002, enabled=0, count=1
06-14 14:55:38.661   874   931 D SensorService: disable index=0
06-14 14:55:38.661   874   931 D SensorService: 	>>> actuating h/w activate handle=2 enabled=0
06-14 14:55:38.661   874   931 I SensorHAL: Dev Active, handle: 2, name: LTR559 Proximity Sensor, enable: 0.
06-14 14:55:38.661   874   931 I SensorHAL: SensorBase::Enable. name: LTR559 Proximity Sensor, enable: 0
06-14 14:55:38.662   874   931 I SensorHAL: HWSensorBase::Enable, handle: 2, name: lsm6ds3_proximity, enable: 0
06-14 14:55:38.663   874   931 D SensorService: ~SensorEventConnection(0x7f72d4faa0)
06-14 14:55:38.663   874   931 D SensorService: 2 active sensors
06-14 14:55:38.663   874   931 D SensorService: removing connection 0x7f72d4faa0 for sensor[0].handle=0x00000001
06-14 14:55:38.663   874   931 D SensorService: removing connection 0x7f72d4faa0 for sensor[1].handle=0x00000007
06-14 14:55:38.663   874   931 D SensorService: SensorDevice::activate: ident=0x7f72d4fb80, handle=0x00000001, enabled=0, count=1
06-14 14:55:38.665   874   931 D DisplayPowerState: setScreenBrightness: brightness=0
06-14 14:55:38.663   874   931 D SensorService: disable index=0
06-14 14:55:38.666   874   931 D DisplayPowerState: Requesting new screen state: state=OFF, backlight=0
06-14 14:55:38.663   874   931 D SensorService: 	>>> actuating h/w activate handle=1 enabled=0
06-14 14:55:38.666   874   931 D DisplayPowerState: Screen not ready
06-14 14:55:38.664   874   931 I SensorHAL: Dev Active, handle: 1, name: LTR559 Light Sensor, enable: 0.
06-14 14:55:38.666   874   993 D DisplayPowerState: Updating screen state: state=OFF, backlight=0, backlightChanged=false
06-14 14:55:38.664   874   931 I SensorHAL: SensorBase::Enable. name: LTR559 Light Sensor, enable: 0
06-14 14:55:38.666   874   931 D DisplayPowerController: debounceProximitySensor : mProximity:-1,setInteractive:false, mProximityScreenOffBroadcastSend:false
06-14 14:55:38.665   874   931 I SensorHAL: HWSensorBase::Enable, handle: 1, name: lsm6ds3_light, enable: 0
06-14 14:55:38.666   874   993 D DisplayManagerService: Update global display state for DisplayDeviceInfo{"内置屏幕": uniqueId="local:0", 1080 x 1920, 57.860004 fps, supportedRefreshRates [57.860004], density 480, 480.0 x 480.0 dpi, appVsyncOff -8000000, presDeadline 26283096, touch INTERNAL, rotation 0, type BUILT_IN, state ON, subtype 0, FLAG_DEFAULT_DISPLAY, FLAG_ROTATES_WITH_CONTENT, FLAG_SECURE, FLAG_SUPPORTS_PROTECTED_BUFFERS}
06-14 14:55:38.665   874   931 D SensorService: ~SensorEventConnection(0x7f72d4fb80)
06-14 14:55:38.667   874   993 D LocalDisplayAdapter: requestDisplayState(OFF, id=0)
06-14 14:55:38.665   874   931 D SensorService: 1 active sensors
06-14 14:55:38.667   874   928 I DisplayManagerService: Display device changed: DisplayDeviceInfo{"内置屏幕": uniqueId="local:0", 1080 x 1920, 57.860004 fps, supportedRefreshRates [57.860004], density 480, 480.0 x 480.0 dpi, appVsyncOff -8000000, presDeadline 26283096, touch INTERNAL, rotation 0, type BUILT_IN, state OFF, subtype 0, FLAG_DEFAULT_DISPLAY, FLAG_ROTATES_WITH_CONTENT, FLAG_SECURE, FLAG_SUPPORTS_PROTECTED_BUFFERS}
06-14 14:55:38.665   874   931 D SensorService: removing connection 0x7f72d4fb80 for sensor[0].handle=0x00000007
06-14 14:55:38.667   874   928 D DisplayManagerService: Delivering display event: displayId=0, event=2
06-14 14:55:38.667   272   272 D SurfaceFlinger: Set power mode=0, type=0 flinger=0x7f7a059000
06-14 14:55:38.668   874   874 V ActivityManager: Display changed displayId=0
06-14 14:55:38.668   272   272 I hwcomposer: [HWC] SetPowerMode(0) Display(0)
06-14 14:55:38.688   272   272 I PerfService: PerfServiceNative_notifyDisplayType:1
06-14 14:55:38.728   874  1830 V ActivityManager: Broadcast: Intent { act=android.intent.action.CLOSE_SYSTEM_DIALOGS flg=0x50000010 (has extras) } ordered=false userid=-1 callerApp=null
06-14 14:55:38.729  1040  1040 V PhoneStatusBar: onReceive: Intent { act=android.intent.action.CLOSE_SYSTEM_DIALOGS flg=0x50000010 (has extras) }
06-14 14:55:38.754   874   982 D AudioService: MzCreateMediaserverWatchdogThread: monitor mediaserver end !!!
06-14 14:55:38.754   874   982 D AudioService: MzCreateMediaserverWatchdogThread: monitor mediaserver start !!!
06-14 14:55:38.755   874 32648 D AudioSystem: +setParameters(): mediaserver_monitor=1 
06-14 14:55:38.755   301  6737 I AudioFlinger: setParameters(): io 0, keyvalue mediaserver_monitor=1, calling pid 874
06-14 14:55:38.756   301  6737 D AudioALSAHardware: +setParameters(): mediaserver_monitor=1
06-14 14:55:38.756   301  6737 W AudioALSAHardware: setParameters(), still have param.size() = 1, remain param = "mediaserver_monitor=1"
06-14 14:55:38.756   301  6737 D AudioALSAHardware: -setParameters(): mediaserver_monitor=1 
06-14 14:55:38.756   301  6737 D bt_audio_a2dp_hw: [A2DP_HW] [adev_set_parameters@1540] out is null , check in stream
06-14 14:55:38.756   301  6737 I str_params: key: 'mediaserver_monitor' value: '1'
06-14 14:55:38.756   301  6737 D usb_audio_hw: adev_set_parameters: kvpairs = mediaserver_monitor=1
06-14 14:55:38.756   874 32648 D AudioSystem: -setParameters(): mediaserver_monitor=1 
06-14 14:55:38.757   301   981 I AudioPolicyManager: setStreamVolumeIndex stream = 7 index = 15 device = 0x400
06-14 14:55:38.773   874   931 D DisplayPowerState: Screen ready
06-14 14:55:38.773   874   931 D DisplayPowerController: debounceProximitySensor : mProximity:-1,setInteractive:false, mProximityScreenOffBroadcastSend:false
06-14 14:55:38.773   874   874 I ActivityManager: onWakefulnessChanged: 0
06-14 14:55:38.850 32424 32424 D BgTest  : uiCount 8
06-14 14:55:39.150 32424 32489 D BgTest  : bgCount 8
06-14 14:55:39.151  1040  1040 W recents.Component: create a new LoadPlan to load thumbnail -- background
06-14 14:55:39.156  1040  1040 W recents.Performance: preload while task Change spend : 6
06-14 14:55:39.263 32355 32419 I System.out: [CDS]EAGAIN in Recvfrom
06-14 14:55:39.263 32355 32419 I System.out: [CDS]read byte is 0
06-14 14:55:39.263 32355 32419 D MLog    : org.eclipse.paho.client.mqttv3.internal.CommsReceiver::run -> 852
06-14 14:55:39.852 32424 32424 D BgTest  : uiCount 9
06-14 14:55:40.191 32424 32489 D BgTest  : bgCount 9
06-14 14:55:40.263 32355 32419 I System.out: [CDS]EAGAIN in Recvfrom
06-14 14:55:40.263 32355 32419 I System.out: [CDS]read byte is 0
06-14 14:55:40.263 32355 32419 D MLog    : org.eclipse.paho.client.mqttv3.internal.CommsReceiver::run -> 852
06-14 14:55:40.852 32424 32424 D BgTest  : uiCount 10
06-14 14:55:41.223 32424 32489 D BgTest  : bgCount 10
06-14 14:55:41.273 32355 32419 I System.out: [CDS]EAGAIN in Recvfrom
06-14 14:55:41.273 32355 32419 I System.out: [CDS]read byte is 0
06-14 14:55:41.273 32355 32419 D MLog    : org.eclipse.paho.client.mqttv3.internal.CommsReceiver::run -> 852
06-14 14:55:41.783  1561  2084 D DataBuryManager: end charging 
06-14 14:55:41.783  1561  2084 D DataBuryManager: currentLevel : 100 currentStatus : 5 currentPlugType : 0
06-14 14:55:41.787  1561  2084 D DataBuryManager: end charging 
06-14 14:55:41.787  1561  2084 D DataBuryManager: currentLevel : 100 currentStatus : 5 currentPlugType : 0
06-14 14:55:41.843  1561  2084 D DataBuryManager: end charging 
06-14 14:55:41.843  1561  2084 D DataBuryManager: currentLevel : 100 currentStatus : 5 currentPlugType : 0
06-14 14:55:41.853 32424 32424 D BgTest  : uiCount 11
06-14 14:55:42.242 32424 32489 D BgTest  : bgCount 11
06-14 14:55:42.273 32355 32419 I System.out: [CDS]EAGAIN in Recvfrom
06-14 14:55:42.273 32355 32419 I System.out: [CDS]read byte is 0
06-14 14:55:42.273 32355 32419 D MLog    : org.eclipse.paho.client.mqttv3.internal.CommsReceiver::run -> 852
06-14 14:55:42.854 32424 32424 D BgTest  : uiCount 12
06-14 14:55:42.872   319   319 I thermal_repeater: oh, queryMdThermalInfo (0)Bad file number
06-14 14:55:42.880   319   319 I thermal_repeater: [recvMdThermalInfo] ret=25, strLen=127,  1, 32767,,, -1, 32767, 2
06-14 14:55:43.118  1835  1958 V SettingsInterface:  from settings cache , name = mz_game_mode , value = null
06-14 14:55:43.178  1835  1974 D RecordState: startCheck recordList = [] currentTime = 12644840
06-14 14:55:43.179  1835  1974 V SettingsInterface:  from settings cache , name = location_providers_allowed , value = default
06-14 14:55:43.179   874  1830 D CSLegacyTypeTracker: getNetworkForType type 0
06-14 14:55:43.179  1835  1974 V SettingsInterface:  from settings cache , name = location_providers_allowed , value = default
06-14 14:55:43.179   874  1830 D CSLegacyTypeTracker: getNetworkForType type 1
06-14 14:55:43.179  1835  1974 D LocationState: startCheck navigatingList = [] currentTime = 12644841
06-14 14:55:43.179   874  1830 D CSLegacyTypeTracker: getNetworkForType type 2
06-14 14:55:43.179   874  1830 D CSLegacyTypeTracker: getNetworkForType type 3
06-14 14:55:43.179   874  1830 D CSLegacyTypeTracker: getNetworkForType type 4
06-14 14:55:43.179   874  1830 D CSLegacyTypeTracker: getNetworkForType type 5
06-14 14:55:43.179   874  1830 D CSLegacyTypeTracker: getNetworkForType type 7
06-14 14:55:43.179   874  1830 D CSLegacyTypeTracker: getNetworkForType type 10
06-14 14:55:43.179   874  1830 D CSLegacyTypeTracker: getNetworkForType type 11
06-14 14:55:43.179   874  1830 D CSLegacyTypeTracker: getNetworkForType type 12
06-14 14:55:43.179   874  1830 D CSLegacyTypeTracker: getNetworkForType type 14
06-14 14:55:43.179   874  1830 D CSLegacyTypeTracker: getNetworkForType type 15
06-14 14:55:43.179   874  1830 D CSLegacyTypeTracker: getNetworkForType type 17
06-14 14:55:43.179   874  1830 D CSLegacyTypeTracker: getNetworkForType type 34
06-14 14:55:43.180   874  1830 D CSLegacyTypeTracker: getNetworkForType type 35
06-14 14:55:43.180   874  1830 D CSLegacyTypeTracker: getNetworkForType type 36
06-14 14:55:43.180   874  1830 D CSLegacyTypeTracker: getNetworkForType type 37
06-14 14:55:43.180   874  1830 D CSLegacyTypeTracker: getNetworkForType type 38
06-14 14:55:43.180   874  1830 D CSLegacyTypeTracker: getNetworkForType type 40
06-14 14:55:43.180   874  1830 D CSLegacyTypeTracker: getNetworkForType type 41
06-14 14:55:43.180   874  1830 D CSLegacyTypeTracker: getNetworkForType type 49
06-14 14:55:43.185  1835  1974 D MultiMediaState: startCheck musicList = [] currentTime = 12644846 isMusicPlaying = true  isPluggedHeadPhone = false isInteractive = false
06-14 14:55:43.185  1835  1974 D MultiMediaState: startCheck  otherList = [com.sodino.postdelay, com.meizu.flyme.launcher, com.meitu.mtsdk, com.android.calendar, com.android.providers.media, com.android.providers.downloads, com.mediatek.mtklogger, com.meizu.safe, com.meizu.battery, com.meizu.flyme.weather, com.meizu.mstore, com.meizu.net.search, com.meizu.privacy, com.meizu.flyme.service.find, com.tencent.mm, com.android.providers.calendar, com.flyme.netadmin, com.mediatek.systemupdate, com.meizu.mzsyncservice, com.mediatek.providers.drm, com.android.email, com.android.defcontainer, com.meizu.media.music, com.android.providers.applications, com.android.providers.userdictionary, com.android.providers.contacts, com.meizu.voiceassistant, com.meizu.account, com.flyme.systemuitools, com.meizu.share, com.meizu.cloud, com.android.providers.telephony, com.android.stk, com.android.phone, com.meizu.alphame, com.mediatek.nlpservice, com.android.incallui, com.waves.maxxservice, com.amap.android.location, com.meizu.experiencedatasync, com.tencent.qqpinyin, com.android.systemui, android, com.android.providers.settings, com.android.server.telecom, com.android.location.fused] currentTime = 12644846 isMusicPlaying = false  isPluggedHeadPhone = false isInteractive = false
06-14 14:55:43.185  1835  1974 D ScreenRecordState: isScreenRecord currentTime = 12644847 mScreenRecordTime = 0 isScreenRecord = false
06-14 14:55:43.185  1835  1974 D RecordState: isRecording currentTime = 12644848 mRecordTime = 0 isRecord = false
06-14 14:55:43.185  1835  1974 D LocationState: isNavigation currentTime = 12644848 mNavigationTime = 0 isNavigation = false
06-14 14:55:43.186  1835  1974 D DownloadState: isDownload currentTime = 12644848 mDownloadTime = 10595501 isDownload = false
06-14 14:55:43.186  1835  1974 D MultiMediaState: isPlayMusic currentTime = 12644848 mPlayMusicTime = 0 isMusic = false
06-14 14:55:43.273 32355 32419 I System.out: [CDS]EAGAIN in Recvfrom
06-14 14:55:43.273 32355 32419 I System.out: [CDS]read byte is 0
06-14 14:55:43.273 32355 32419 D MLog    : org.eclipse.paho.client.mqttv3.internal.CommsReceiver::run -> 852
06-14 14:55:43.282 32424 32489 D BgTest  : bgCount 12
06-14 14:55:43.325  1231  8560 D UsageStats_UsageStatsUploader: DB_CHANGED, current count is 0, stop time alarm.
06-14 14:55:43.327   874  1891 D AlarmManager: manual remove option = PendingIntent{efbc051: PendingIntentRecord{18285cb9 com.meizu.safe broadcastIntent}}
06-14 14:55:43.332  3445  3477 D UsageStats_UsageStatsUploader: DB_CHANGED, current count is 0, stop time alarm.
06-14 14:55:43.333 32152 32326 D UsageStats_UsageStatsUploader: DB_CHANGED, current count is 0, stop time alarm.
06-14 14:55:43.333 13331 13354 D UsageStats_UsageStatsUploader: DB_CHANGED, current count is 0, stop time alarm.
06-14 14:55:43.333 32103 32134 D UsageStats_UsageStatsUploader: DB_CHANGED, current count is 0, stop time alarm.
06-14 14:55:43.339   874  1245 D AlarmManager: manual remove option = PendingIntent{256fc0b6: PendingIntentRecord{1ca25b41 com.meizu.mzsyncservice broadcastIntent}}
06-14 14:55:43.340   874  1828 D AlarmManager: manual remove option = PendingIntent{10b1b7: PendingIntentRecord{20593382 com.meizu.net.search broadcastIntent}}
06-14 14:55:43.341   874  1882 D AlarmManager: manual remove option = PendingIntent{7cb9d24: PendingIntentRecord{21690b75 com.meizu.mstore broadcastIntent}}
06-14 14:55:43.341   874  1882 D AlarmManager: manual remove option = PendingIntent{96b108d: PendingIntentRecord{2efbccac com.flyme.netadmin broadcastIntent}}
06-14 14:55:43.855 32424 32424 D BgTest  : uiCount 13
06-14 14:55:44.401   279   279 E ccci_fsd(1): Failed to read from FS device (-1) !! errno = 4
06-14 14:55:44.403 32424 32489 D BgTest  : bgCount 13
06-14 14:55:44.857 32424 32424 D BgTest  : uiCount 14
06-14 14:55:45.269   874   953 V AlarmManager: Checking for alarms... rtc=1497423345269, elapsed=12646931
06-14 14:55:45.270   874   953 D AlarmManager: set alarm to RTC 2-12661986-14:56:00
06-14 14:55:45.270   874   953 D AlarmManager: set alarm to RTC 3-12661662-14:56:00
06-14 14:55:45.271   874   953 D AlarmManager: sending alarm Alarm{3baf3242 type 0 when 14:55:45 start 14:55:45 end 14:55:45 com.meitu.mtsdk}and operation:MqttService.pingSender.17241a5a-51a1-401d-bc08-4c3708f8458a
06-14 14:55:45.271   874   953 V ActivityManager: Broadcast: Intent { act=MqttService.pingSender.17241a5a-51a1-401d-bc08-4c3708f8458a flg=0x114 (has extras) } ordered=true userid=0 callerApp=null
06-14 14:55:45.273 32355 32355 D AlarmPingSender: Ping 1 times.
06-14 14:55:45.275   874   953 V AlarmManager: sending alarm Alarm{3baf3242 type 0 when 14:55:45 start 14:55:45 end 14:55:45 com.meitu.mtsdk} success
06-14 14:55:45.276 32355 32355 D AlarmPingSender: Check time :1497423345276
06-14 14:55:45.277 32355 32355 D MLog    : org.eclipse.paho.client.mqttv3.internal.ClientState::checkForActivity -> 616 inserts:0 
06-14 14:55:45.278 32355 32355 D MLog    : org.eclipse.paho.client.mqttv3.internal.ClientState::checkForActivity -> 620 inserts:3 10000 1497423335152 1497423335235 
06-14 14:55:45.278 32355 32355 D MLog    : org.eclipse.paho.client.mqttv3.internal.CommsTokenStore::saveToken -> 300 inserts:2 Ping PINGREQ 
06-14 14:55:45.278 32355 32355 D MLog    : org.eclipse.paho.client.mqttv3.internal.CommsTokenStore::saveToken -> 307 inserts:2 Ping org.eclipse.paho.client.mqttv3.MqttToken@8cc7ea4 
06-14 14:55:45.278 32355 32355 D MLog    : org.eclipse.paho.client.mqttv3.internal.ClientState::notifyQueueLock -> 638
06-14 14:55:45.278 32355 32355 D MLog    : org.eclipse.paho.client.mqttv3.internal.ClientState::checkForActivity -> 624 inserts:1 10000 
06-14 14:55:45.279 32355 32420 D MLog    : org.eclipse.paho.client.mqttv3.internal.ClientState::get -> 647
06-14 14:55:45.279 32355 32420 D MLog    : org.eclipse.paho.client.mqttv3.internal.CommsSender::run -> 802 inserts:2 Ping PINGREQ 
06-14 14:55:45.279 32355 32420 D MLog    : org.eclipse.paho.client.mqttv3.internal.ClientState::notifySentBytes -> 643 inserts:1 2 
06-14 14:55:45.279 32355 32420 D MLog    : org.eclipse.paho.client.mqttv3.internal.wire.MqttOutputStream::write -> 500 inserts:1 PINGREQ 
06-14 14:55:45.280 32355 32420 D MLog    : org.eclipse.paho.client.mqttv3.internal.ClientState::notifySent -> 625 inserts:1 Ping 
06-14 14:55:45.280 32355 32420 D MLog    : org.eclipse.paho.client.mqttv3.internal.Token::notifySent -> 403 inserts:1 Ping 
06-14 14:55:45.280 32355 32420 D MLog    : org.eclipse.paho.client.mqttv3.internal.ClientState::notifySent -> 635 inserts:1 1 
06-14 14:55:45.280 32355 32420 D MLog    : org.eclipse.paho.client.mqttv3.internal.ClientState::get -> 644
06-14 14:55:45.280 32355 32355 D AlarmPingSender: Schedule next alarm at 1497423355280
06-14 14:55:45.281   874  1082 V AlarmManager: APP set(PendingIntent{2bf4b253: PendingIntentRecord{7f56fb1 com.meitu.mtsdk broadcastIntent}}) : type=0 triggerAtTime=1497423355280 win=0 tElapsed=12656942 maxElapsed=12656942 interval=0 standalone=true
06-14 14:55:45.282   874  1082 D AlarmManager: set alarm to RTC 2-12656942-14:55:55
06-14 14:55:45.283   874  1824 I libPerfService: perfSetFavorPid - pid:32424, 7ea8
06-14 14:55:45.345 32355 32419 D MLog    : org.eclipse.paho.client.mqttv3.internal.ClientState::notifyReceivedBytes -> 630 inserts:1 1 
06-14 14:55:45.345 32355 32419 D MLog    : org.eclipse.paho.client.mqttv3.internal.wire.MqttInputStream::readMqttWireMessage -> 501 inserts:1 PINGRESP msgId 0 
06-14 14:55:45.345 32355 32419 D MLog    : org.eclipse.paho.client.mqttv3.internal.ClientState::notifyReceivedAck -> 627 inserts:2 0 PINGRESP msgId 0 
06-14 14:55:45.346 32355 32419 D MLog    : org.eclipse.paho.client.mqttv3.internal.Token::markComplete -> 404 inserts:3 Ping PINGRESP msgId 0 [null] 
06-14 14:55:45.346 32355 32419 D MLog    : org.eclipse.paho.client.mqttv3.internal.Token::notifyComplete -> 404 inserts:3 Ping PINGRESP msgId 0 [null] 
06-14 14:55:45.346 32355 32419 D MLog    : org.eclipse.paho.client.mqttv3.internal.ClientState::notifyResult -> 648 inserts:3 Ping PINGRESP msgId 0 [null] 
06-14 14:55:45.346 32355 32419 D MLog    : org.eclipse.paho.client.mqttv3.internal.CommsCallback::asyncOperationComplete -> 715 inserts:1 Ping 
06-14 14:55:45.346 32355 32419 D MLog    : org.eclipse.paho.client.mqttv3.internal.CommsTokenStore::removeToken -> 306 inserts:1 Ping 
06-14 14:55:45.347 32355 32419 D MLog    : org.eclipse.paho.client.mqttv3.internal.ClientState::notifyReceivedAck -> 636 inserts:1 0 
06-14 14:55:45.347 32355 32419 D MLog    : org.eclipse.paho.client.mqttv3.internal.CommsReceiver::run -> 852
06-14 14:55:45.347 32355 32421 D MLog    : org.eclipse.paho.client.mqttv3.internal.CommsCallback::handleActionComplete -> 705 inserts:1 Ping 
06-14 14:55:45.347 32355 32421 D MLog    : org.eclipse.paho.client.mqttv3.internal.ClientState::notifyComplete -> 629 inserts:3 0 org.eclipse.paho.client.mqttv3.MqttToken@8cc7ea4 PINGRESP msgId 0 
06-14 14:55:45.347 32355 32421 D MLog    : org.eclipse.paho.client.mqttv3.internal.Token::notifyComplete -> 404 inserts:3 Ping PINGRESP msgId 0 [null] 
06-14 14:55:45.348 32355 32421 D MLog    : org.eclipse.paho.client.mqttv3.internal.CommsCallback::fireActionEvent -> 716 inserts:1 Ping 
06-14 14:55:45.348 32355 32421 D AlarmPingSender: Success. Release lock(MqttService.client.17241a5a-51a1-401d-bc08-4c3708f8458a):1497423345348
06-14 14:55:45.349 32355 32421 D MLog    : org.eclipse.paho.client.mqttv3.internal.CommsCallback::run -> 706
06-14 14:55:45.349 32355 32421 D MLog    : org.eclipse.paho.client.mqttv3.internal.CommsCallback::run -> 704
06-14 14:55:45.443 32424 32489 D BgTest  : bgCount 14
06-14 14:55:45.859 32424 32424 D BgTest  : uiCount 15
06-14 14:55:46.343 32355 32419 I System.out: [CDS]EAGAIN in Recvfrom
06-14 14:55:46.343 32355 32419 I System.out: [CDS]read byte is 0
06-14 14:55:46.344 32355 32419 D MLog    : org.eclipse.paho.client.mqttv3.internal.CommsReceiver::run -> 852
06-14 14:55:46.483 32424 32489 D BgTest  : bgCount 15
06-14 14:55:54.023   279   279 E ccci_fsd(1): Failed to read from FS device (-1) !! errno = 4
06-14 14:55:54.107 32424 32424 D BgTest  : uiCount 16
06-14 14:55:55.018   279   279 E ccci_fsd(1): Failed to read from FS device (-1) !! errno = 4
06-14 14:55:55.019 32424 32489 D BgTest  : bgCount 16
06-14 14:55:55.280   874   953 V AlarmManager: Checking for alarms... rtc=1497423355279, elapsed=12656942
06-14 14:55:55.280   874   953 D AlarmManager: set alarm to RTC 2-12661986-14:56:00
06-14 14:55:55.281   874   953 D AlarmManager: sending alarm Alarm{4b76790 type 0 when 14:55:55 start 14:55:55 end 14:55:55 com.meitu.mtsdk}and operation:MqttService.pingSender.17241a5a-51a1-401d-bc08-4c3708f8458a
06-14 14:55:55.281   874   953 V ActivityManager: Broadcast: Intent { act=MqttService.pingSender.17241a5a-51a1-401d-bc08-4c3708f8458a flg=0x114 (has extras) } ordered=true userid=0 callerApp=null
06-14 14:55:55.282   874   953 V AlarmManager: sending alarm Alarm{4b76790 type 0 when 14:55:55 start 14:55:55 end 14:55:55 com.meitu.mtsdk} success
06-14 14:55:55.283 32355 32355 D AlarmPingSender: Ping 1 times.
06-14 14:55:55.283 32355 32355 D AlarmPingSender: Check time :1497423355283
06-14 14:55:55.284 32355 32355 D MLog    : org.eclipse.paho.client.mqttv3.internal.ClientState::checkForActivity -> 616 inserts:0 
06-14 14:55:55.284 32355 32355 D MLog    : org.eclipse.paho.client.mqttv3.internal.ClientState::checkForActivity -> 620 inserts:3 10000 1497423345280 1497423345345 
06-14 14:55:55.284 32355 32355 D MLog    : org.eclipse.paho.client.mqttv3.internal.CommsTokenStore::saveToken -> 300 inserts:2 Ping PINGREQ 
06-14 14:55:55.284 32355 32355 D MLog    : org.eclipse.paho.client.mqttv3.internal.CommsTokenStore::saveToken -> 307 inserts:2 Ping org.eclipse.paho.client.mqttv3.MqttToken@2480140d 
06-14 14:55:55.285 32355 32355 D MLog    : org.eclipse.paho.client.mqttv3.internal.ClientState::notifyQueueLock -> 638
06-14 14:55:55.285 32355 32355 D MLog    : org.eclipse.paho.client.mqttv3.internal.ClientState::checkForActivity -> 624 inserts:1 10000 
06-14 14:55:55.285 32355 32355 D AlarmPingSender: Schedule next alarm at 1497423365285
06-14 14:55:55.285   874  1712 V AlarmManager: APP set(PendingIntent{d052889: PendingIntentRecord{7f56fb1 com.meitu.mtsdk broadcastIntent}}) : type=0 triggerAtTime=1497423365285 win=0 tElapsed=12666947 maxElapsed=12666947 interval=0 standalone=true
06-14 14:55:55.285 32355 32420 D MLog    : org.eclipse.paho.client.mqttv3.internal.ClientState::get -> 647
06-14 14:55:55.285 32355 32420 D MLog    : org.eclipse.paho.client.mqttv3.internal.CommsSender::run -> 802 inserts:2 Ping PINGREQ 
06-14 14:55:55.285 32355 32420 D MLog    : org.eclipse.paho.client.mqttv3.internal.ClientState::notifySentBytes -> 643 inserts:1 2 
06-14 14:55:55.285 32355 32420 D MLog    : org.eclipse.paho.client.mqttv3.internal.wire.MqttOutputStream::write -> 500 inserts:1 PINGREQ 
06-14 14:55:55.286 32355 32420 D MLog    : org.eclipse.paho.client.mqttv3.internal.ClientState::notifySent -> 625 inserts:1 Ping 
06-14 14:55:55.286 32355 32420 D MLog    : org.eclipse.paho.client.mqttv3.internal.Token::notifySent -> 403 inserts:1 Ping 
06-14 14:55:55.286 32355 32420 D MLog    : org.eclipse.paho.client.mqttv3.internal.ClientState::notifySent -> 635 inserts:1 1 
06-14 14:55:55.286 32355 32420 D MLog    : org.eclipse.paho.client.mqttv3.internal.ClientState::get -> 644
06-14 14:55:55.344 32424 32424 D BgTest  : uiCount 17
06-14 14:55:55.350 32355 32419 D MLog    : org.eclipse.paho.client.mqttv3.internal.ClientState::notifyReceivedBytes -> 630 inserts:1 1 
06-14 14:55:55.350 32355 32419 D MLog    : org.eclipse.paho.client.mqttv3.internal.wire.MqttInputStream::readMqttWireMessage -> 501 inserts:1 PINGRESP msgId 0 
06-14 14:55:55.350 32355 32419 D MLog    : org.eclipse.paho.client.mqttv3.internal.ClientState::notifyReceivedAck -> 627 inserts:2 0 PINGRESP msgId 0 
06-14 14:55:55.350 32355 32419 D MLog    : org.eclipse.paho.client.mqttv3.internal.Token::markComplete -> 404 inserts:3 Ping PINGRESP msgId 0 [null] 
06-14 14:55:55.351 32355 32419 D MLog    : org.eclipse.paho.client.mqttv3.internal.Token::notifyComplete -> 404 inserts:3 Ping PINGRESP msgId 0 [null] 
06-14 14:55:55.351 32355 32419 D MLog    : org.eclipse.paho.client.mqttv3.internal.ClientState::notifyResult -> 648 inserts:3 Ping PINGRESP msgId 0 [null] 
06-14 14:55:55.351 32355 32419 D MLog    : org.eclipse.paho.client.mqttv3.internal.CommsCallback::asyncOperationComplete -> 715 inserts:1 Ping 
06-14 14:55:55.351 32355 32419 D MLog    : org.eclipse.paho.client.mqttv3.internal.CommsTokenStore::removeToken -> 306 inserts:1 Ping 
06-14 14:55:55.351 32355 32419 D MLog    : org.eclipse.paho.client.mqttv3.internal.ClientState::notifyReceivedAck -> 636 inserts:1 0 
06-14 14:55:55.351 32355 32419 D MLog    : org.eclipse.paho.client.mqttv3.internal.CommsReceiver::run -> 852
06-14 14:55:55.351 32355 32421 D MLog    : org.eclipse.paho.client.mqttv3.internal.CommsCallback::handleActionComplete -> 705 inserts:1 Ping 
06-14 14:55:55.351 32355 32421 D MLog    : org.eclipse.paho.client.mqttv3.internal.ClientState::notifyComplete -> 629 inserts:3 0 org.eclipse.paho.client.mqttv3.MqttToken@2480140d PINGRESP msgId 0 
06-14 14:55:55.351 32355 32421 D MLog    : org.eclipse.paho.client.mqttv3.internal.Token::notifyComplete -> 404 inserts:3 Ping PINGRESP msgId 0 [null] 
06-14 14:55:55.351 32355 32421 D MLog    : org.eclipse.paho.client.mqttv3.internal.CommsCallback::fireActionEvent -> 716 inserts:1 Ping 
06-14 14:55:55.351 32355 32421 D AlarmPingSender: Success. Release lock(MqttService.client.17241a5a-51a1-401d-bc08-4c3708f8458a):1497423355351
06-14 14:55:55.352 32355 32421 D MLog    : org.eclipse.paho.client.mqttv3.internal.CommsCallback::run -> 706
06-14 14:55:55.352 32355 32421 D MLog    : org.eclipse.paho.client.mqttv3.internal.CommsCallback::run -> 704
06-14 14:55:55.365   319   319 I thermal_repeater: oh, queryMdThermalInfo (0)Bad file number
06-14 14:55:55.373   319   319 I thermal_repeater: [recvMdThermalInfo] ret=25, strLen=127,  1, 32767,,, -1, 32767, 2
06-14 14:55:55.531 32613 32613 I MTKLogger/LogReceiver: Get a self-kill command. Need to kill me now
06-14 14:55:55.531 32613 32613 I Process : Sending signal. PID: 32613 SIG: 9
06-14 14:55:55.606   874  1891 D DisplayManagerService: Display listener for pid 32613 died.
06-14 14:55:55.606   874  1882 I ActivityManager: Process com.mediatek.mtklogger (pid 32613) has died
06-14 14:55:55.606   874  1882 D ActivityManager: SVC-handleAppDiedLocked: app = ProcessRecord{82308e 32613:com.mediatek.mtklogger/u0a51}, app.pid = 32613
06-14 14:55:55.606   874  1882 D ActivityManager: SVC-mBroadcastQueues: com.android.server.am.BroadcastQueue@3255f377
06-14 14:55:55.606   874  1882 D ActivityManager: SVC-mBroadcastQueues: com.android.server.am.BroadcastQueue@23d11be4
06-14 14:55:55.671  1835  1974 D RecordState: startCheck recordList = [] currentTime = 12657333
06-14 14:55:55.671  1835  1974 V SettingsInterface:  from settings cache , name = location_providers_allowed , value = default
06-14 14:55:55.671  1835  1974 V SettingsInterface:  from settings cache , name = location_providers_allowed , value = default
06-14 14:55:55.671   874  1884 D CSLegacyTypeTracker: getNetworkForType type 0
06-14 14:55:55.671  1835  1974 D LocationState: startCheck navigatingList = [] currentTime = 12657333
06-14 14:55:55.672   874  1884 D CSLegacyTypeTracker: getNetworkForType type 1
06-14 14:55:55.672   874  1884 D CSLegacyTypeTracker: getNetworkForType type 2
06-14 14:55:55.672   874  1884 D CSLegacyTypeTracker: getNetworkForType type 3
06-14 14:55:55.672   874  1884 D CSLegacyTypeTracker: getNetworkForType type 4
06-14 14:55:55.672   874  1884 D CSLegacyTypeTracker: getNetworkForType type 5
06-14 14:55:55.672   874  1884 D CSLegacyTypeTracker: getNetworkForType type 7
06-14 14:55:55.672   874  1884 D CSLegacyTypeTracker: getNetworkForType type 10
06-14 14:55:55.672   874  1884 D CSLegacyTypeTracker: getNetworkForType type 11
06-14 14:55:55.672   874  1884 D CSLegacyTypeTracker: getNetworkForType type 12
06-14 14:55:55.672   874  1884 D CSLegacyTypeTracker: getNetworkForType type 14
06-14 14:55:55.672   874  1884 D CSLegacyTypeTracker: getNetworkForType type 15
06-14 14:55:55.672   874  1884 D CSLegacyTypeTracker: getNetworkForType type 17
06-14 14:55:55.672   874  1884 D CSLegacyTypeTracker: getNetworkForType type 34
06-14 14:55:55.672   874  1884 D CSLegacyTypeTracker: getNetworkForType type 35
06-14 14:55:55.672   874  1884 D CSLegacyTypeTracker: getNetworkForType type 36
06-14 14:55:55.672   874  1884 D CSLegacyTypeTracker: getNetworkForType type 37
06-14 14:55:55.672   874  1884 D CSLegacyTypeTracker: getNetworkForType type 38
06-14 14:55:55.672   874  1884 D CSLegacyTypeTracker: getNetworkForType type 40
06-14 14:55:55.672   874  1884 D CSLegacyTypeTracker: getNetworkForType type 41
06-14 14:55:55.675  1835  1974 D MultiMediaState: startCheck musicList = [] currentTime = 12657336 isMusicPlaying = true  isPluggedHeadPhone = false isInteractive = false
06-14 14:55:55.672   874  1884 D CSLegacyTypeTracker: getNetworkForType type 49
06-14 14:55:55.675  1835  1974 D MultiMediaState: startCheck  otherList = [com.sodino.postdelay, com.meizu.flyme.launcher, com.meitu.mtsdk, com.android.calendar, com.android.providers.media, com.android.providers.downloads, com.meizu.safe, com.meizu.battery, com.meizu.flyme.weather, com.meizu.mstore, com.meizu.net.search, com.meizu.privacy, com.meizu.flyme.service.find, com.tencent.mm, com.android.providers.calendar, com.flyme.netadmin, com.mediatek.systemupdate, com.meizu.mzsyncservice, com.mediatek.providers.drm, com.android.email, com.android.defcontainer, com.meizu.media.music, com.android.providers.applications, com.android.providers.userdictionary, com.android.providers.contacts, com.meizu.voiceassistant, com.meizu.account, com.flyme.systemuitools, com.meizu.share, com.meizu.cloud, com.android.providers.telephony, com.android.stk, com.android.phone, com.meizu.alphame, com.mediatek.nlpservice, com.android.incallui, com.waves.maxxservice, com.amap.android.location, com.meizu.experiencedatasync, com.tencent.qqpinyin, com.android.systemui, android, com.android.providers.settings, com.android.server.telecom, com.android.location.fused] currentTime = 12657336 isMusicPlaying = false  isPluggedHeadPhone = false isInteractive = false
06-14 14:55:55.675  1835  1974 D ScreenRecordState: isScreenRecord currentTime = 12657337 mScreenRecordTime = 0 isScreenRecord = false
06-14 14:55:55.675  1835  1974 D RecordState: isRecording currentTime = 12657337 mRecordTime = 0 isRecord = false
06-14 14:55:55.675  1835  1974 D LocationState: isNavigation currentTime = 12657337 mNavigationTime = 0 isNavigation = false
06-14 14:55:55.675  1835  1974 D DownloadState: isDownload currentTime = 12657337 mDownloadTime = 10595501 isDownload = false
06-14 14:55:55.675  1835  1974 D MultiMediaState: isPlayMusic currentTime = 12657337 mPlayMusicTime = 0 isMusic = false
06-14 14:55:56.056 32424 32489 D BgTest  : bgCount 17
06-14 14:55:56.238   874   982 D AudioService: MzCreateMediaserverWatchdogThread: monitor mediaserver end !!!
06-14 14:55:56.238   874   982 D AudioService: MzCreateMediaserverWatchdogThread: monitor mediaserver start !!!
06-14 14:55:56.239   874 32651 D AudioSystem: +setParameters(): mediaserver_monitor=1 
06-14 14:55:56.240   301  6737 I AudioFlinger: setParameters(): io 0, keyvalue mediaserver_monitor=1, calling pid 874
06-14 14:55:56.240   301  6737 D AudioALSAHardware: +setParameters(): mediaserver_monitor=1
06-14 14:55:56.240   301  6737 W AudioALSAHardware: setParameters(), still have param.size() = 1, remain param = "mediaserver_monitor=1"
06-14 14:55:56.240   301  6737 D AudioALSAHardware: -setParameters(): mediaserver_monitor=1 
06-14 14:55:56.240   301  6737 D bt_audio_a2dp_hw: [A2DP_HW] [adev_set_parameters@1540] out is null , check in stream
06-14 14:55:56.240   301  6737 I str_params: key: 'mediaserver_monitor' value: '1'
06-14 14:55:56.240   301  6737 D usb_audio_hw: adev_set_parameters: kvpairs = mediaserver_monitor=1
06-14 14:55:56.241   874 32651 D AudioSystem: -setParameters(): mediaserver_monitor=1 
06-14 14:55:56.242   301   981 I AudioPolicyManager: setStreamVolumeIndex stream = 7 index = 15 device = 0x400
06-14 14:55:56.346 32424 32424 D BgTest  : uiCount 18
06-14 14:55:56.346 32355 32419 I System.out: [CDS]EAGAIN in Recvfrom
06-14 14:55:56.346 32355 32419 I System.out: [CDS]read byte is 0
06-14 14:55:56.347 32355 32419 D MLog    : org.eclipse.paho.client.mqttv3.internal.CommsReceiver::run -> 852
06-14 14:55:57.096 32424 32489 D BgTest  : bgCount 18
06-14 14:56:02.020   279   279 E ccci_fsd(1): Failed to read from FS device (-1) !! errno = 4
06-14 14:56:02.020   874   953 V AlarmManager: Checking for alarms... rtc=1497423362020, elapsed=12663682
06-14 14:56:02.021 32424 32424 D BgTest  : uiCount 19
06-14 14:56:02.022   874   953 D AlarmManager: set alarm to RTC 2-12666947-14:56:05
06-14 14:56:02.023   874   953 D AlarmManager: sending alarm Alarm{3e0e20af type 3 when 14:56:00 start 14:55:59 end 14:56:00 android}and operation:android.intent.action.TIME_TICK
06-14 14:56:02.023   874   953 V ActivityManager: Broadcast: Intent { act=android.intent.action.TIME_TICK flg=0x50000114 (has extras) } ordered=true userid=-1 callerApp=null
06-14 14:56:02.024   874   874 V AlarmManager: Received TIME_TICK alarm; rescheduling
06-14 14:56:02.025   874   953 V AlarmManager: sending alarm Alarm{3e0e20af type 3 when 14:56:00 start 14:56:00 end 14:56:00 android} success
06-14 14:56:02.026   874   953 D AlarmManager: sending alarm Alarm{30536cbc type 0 when 14:56:00 start 14:55:59 end 14:56:01 com.tencent.mm}and operation:null
06-14 14:56:02.026   874   953 V ActivityManager: Broadcast: Intent { flg=0x114 cmp=com.tencent.mm/.booter.MMReceivers$AlarmReceiver (has extras) } ordered=true userid=0 callerApp=null
06-14 14:56:02.028   874   953 V AlarmManager: sending alarm Alarm{30536cbc type 0 when 14:56:00 start 14:55:59 end 14:56:01 com.tencent.mm} success
06-14 14:56:02.030   874   953 D AlarmManager: sending alarm Alarm{2911832e type 3 when 14:56:00 start 14:56:00 end 14:56:00 com.tencent.mm}and operation:com.tencent.mm.TrafficStatsReceiver
06-14 14:56:02.030   874   953 V ActivityManager: Broadcast: Intent { act=com.tencent.mm.TrafficStatsReceiver flg=0x114 (has extras) } ordered=true userid=0 callerApp=null
06-14 14:56:02.031   874   953 V AlarmManager: sending alarm Alarm{2911832e type 3 when 14:56:00 start 14:56:00 end 14:56:00 com.tencent.mm} success
06-14 14:56:02.032   874   874 V AlarmManager: APP set(PendingIntent{1d616e05: PendingIntentRecord{edf8e5a android broadcastIntent}}) : type=3 triggerAtTime=12721662 win=0 tElapsed=12721662 maxElapsed=12721662 interval=0 standalone=true
06-14 14:56:02.033  1040  1040 D KeyguardUpdateMonitor: received broadcast android.intent.action.TIME_TICK
06-14 14:56:02.033  1040  1040 D KeyguardUpdateMonitor: handleTimeUpdate
06-14 14:56:02.034  1040  1040 V SettingsInterface:  from settings cache , name = time_12_24 , value = 24
06-14 14:56:02.035  1040  1040 V SettingsInterface:  from settings cache , name = time_12_24 , value = 24
06-14 14:56:02.036  1040  1040 V SettingsInterface:  from settings cache , name = time_12_24 , value = 24
06-14 14:56:02.072   874  1882 V ActivityManager: Broadcast: Intent { act=com.meitu.mkit.mkeepalive.action.TIME_TICK flg=0x10 } ordered=false userid=0 callerApp=ProcessRecord{1fbff4c2 32355:com.meitu.mtsdk/u0a249}
06-14 14:56:05.019   279   279 E ccci_fsd(1): Failed to read from FS device (-1) !! errno = 4
06-14 14:56:05.021 32424 32489 D BgTest  : bgCount 19
06-14 14:56:05.199   874  1162 V SettingsInterface:  from settings cache , name = netstats_time_cache_max_age , value = null
06-14 14:56:05.199   874  1162 V NetworkStats: performPollLocked(flags=0x3)
06-14 14:56:05.200   874  1162 D NetdConnector: SND -> {678 bandwidth gettetherstats}
06-14 14:56:05.201   296   779 D FrameworkListener: dispatchCommand data = (678 bandwidth gettetherstats)
06-14 14:56:05.201   296   779 D SocketClient: SocketClient sendData done: 200 678 Tethering stats list completed
06-14 14:56:05.201   874   960 D NetdConnector: RCV <- {200 678 Tethering stats list completed}
06-14 14:56:05.201   874  1162 D NetdConnector: RMV <- {200 678 Tethering stats list completed}
06-14 14:56:05.202   874  1162 I NetworkStatsRecorder: recordSnapshotLocked: ident[[{type=WIFI, subType=COMBINED, networkId=sodino}]]
06-14 14:56:05.203   874  1162 W NetworkStatsRecorder: unknown interfaces [lo, p2p0], ignoring those stats
06-14 14:56:05.203   874  1162 I NetworkStatsRecorder: recordSnapshotLocked: ident[[{type=WIFI, subType=COMBINED, networkId=sodino}]]
06-14 14:56:05.203   874  1162 W NetworkStatsRecorder: unknown interfaces [lo, p2p0], ignoring those stats
06-14 14:56:05.203   874  1162 I NetworkStatsRecorder: recordSnapshotLocked: ident[[{type=WIFI, subType=COMBINED, networkId=sodino}]]
06-14 14:56:05.203   874  1162 I NetworkStatsRecorder: recordSnapshotLocked: ident[[{type=WIFI, subType=COMBINED, networkId=sodino}]]
06-14 14:56:05.203   874  1162 I NetworkStatsRecorder: recordSnapshotLocked: ident[[{type=WIFI, subType=COMBINED, networkId=sodino}]]
06-14 14:56:05.203   874  1162 W NetworkStatsRecorder: unknown interfaces [lo, p2p0], ignoring those stats
06-14 14:56:05.203   874  1162 W NetworkStatsRecorder: unknown interfaces [lo, p2p0], ignoring those stats
06-14 14:56:05.206   874  1162 V NetworkStats: performPollLocked() took 7ms
06-14 14:56:05.206   874  1162 V SettingsInterface:  from settings cache , name = netstats_sample_enabled , value = null
06-14 14:56:05.207   874  1162 V ActivityManager: Broadcast: Intent { act=com.android.server.action.NETWORK_STATS_UPDATED flg=0x40000010 } ordered=false userid=-1 callerApp=ProcessRecord{2de77b41 874:system/1000}
06-14 14:56:05.207   874   966 V NetworkPolicy: updateNetworkEnabledLocked()
06-14 14:56:05.208  1860  1880 V SettingsInterface:  from settings cache , name = multi_sim_data_call , value = -1
06-14 14:56:05.208  1860  2189 V SettingsInterface:  from settings cache , name = multi_sim_data_call , value = -1
06-14 14:56:05.208   874   966 V NetworkPolicy:  checking policy:NetworkPolicy[NetworkTemplate: matchRule=MOBILE_ALL, matchSubscriberIds=[null]]: cycleDay=19, cycleTimezone=Asia/Shanghai, warningBytes=104857600, limitBytes=-1, lastWarningSnooze=-1, lastLimitSnooze=-1, metered=true, inferred=true
06-14 14:56:05.208   874   966 V NetworkPolicy:  checking policy:NetworkPolicy[NetworkTemplate: matchRule=MOBILE_ALL, subscriberId=460028..., matchSubscriberIds=[460028...]]: cycleDay=1, cycleTimezone=Asia/Shanghai, warningBytes=2412510335, limitBytes=3015637919, lastWarningSnooze=-1, lastLimitSnooze=-1, metered=true, inferred=false
06-14 14:56:05.209   874   966 V NetworkPolicy:  checking policy:NetworkPolicy[NetworkTemplate: matchRule=MOBILE_ALL, subscriberId=460006..., matchSubscriberIds=[460006...]]: cycleDay=1, cycleTimezone=Asia/Shanghai, warningBytes=104857600, limitBytes=-1, lastWarningSnooze=-1, lastLimitSnooze=-1, metered=true, inferred=false
06-14 14:56:05.209  1231  1559 D trafficTest: whichSimSelected slotId=-1,可能是未插卡，也可能是modern挂了，也可能插了双卡，其中流量卡挂了，或还在初始化中, 而另一张卡没有自动切换成流量
06-14 14:56:05.209   874   966 V NetworkPolicy:  checking policy:NetworkPolicy[NetworkTemplate: matchRule=MOBILE_ALL, subscriberId=460028..., matchSubscriberIds=[460028...]]: cycleDay=1, cycleTimezone=Asia/Shanghai, warningBytes=-1, limitBytes=-1, lastWarningSnooze=-1, lastLimitSnooze=-1, metered=true, inferred=false
06-14 14:56:05.209  1231  1559 D NetworkManagementMz: LocalSubscriptionManager: getSubId 0
06-14 14:56:05.209   874   966 V NetworkPolicy: updateNotificationsLocked()
06-14 14:56:05.210  1860 13323 V SettingsInterface:  from settings cache , name = multi_sim_data_call , value = -1
06-14 14:56:05.210  1231  1559 D NetworkManagementMz: LocalSubscriptionManager: intSubId -2
06-14 14:56:05.210  1231  1559 D NetworkManagementMz: LocalSubscriptionManager: intSubId -2
06-14 14:56:05.210  1231  1559 D NetworkManagementMz: LocalSubscriptionManager: subId[0] is : -2
06-14 14:56:05.211  1231  1559 D NetworkManagementMz: LocalTelephonyManager: imsi null
06-14 14:56:05.211  1231  1559 D NetworkManagementMz: LocalSubscriptionManager: getSubId 1
06-14 14:56:05.212  1231  1559 D NetworkManagementMz: LocalSubscriptionManager: intSubId -3
06-14 14:56:05.212  1231  1559 D NetworkManagementMz: LocalSubscriptionManager: intSubId -3
06-14 14:56:05.212  1231  1559 D NetworkManagementMz: LocalSubscriptionManager: subId[1] is : -3
06-14 14:56:05.213  1231  1559 D NetworkManagementMz: LocalTelephonyManager: imsi null
06-14 14:56:05.214  1860  2369 V SettingsInterface:  from settings cache , name = multi_sim_data_call , value = -1
06-14 14:56:05.214  1231  1559 D trafficTest: whichSimSelected slotId=-1,可能是未插卡，也可能是modern挂了，也可能插了双卡，其中流量卡挂了，或还在初始化中, 而另一张卡没有自动切换成流量
06-14 14:56:05.214  1231  1559 D NetworkManagementMz: LocalSubscriptionManager: getSubId 0
06-14 14:56:05.215  1231  1559 D NetworkManagementMz: LocalSubscriptionManager: intSubId -2
06-14 14:56:05.215  1231  1559 D NetworkManagementMz: LocalSubscriptionManager: intSubId -2
06-14 14:56:05.215  1231  1559 D NetworkManagementMz: LocalSubscriptionManager: subId[0] is : -2
06-14 14:56:05.216  1231  1559 D NetworkManagementMz: LocalTelephonyManager: imsi null
06-14 14:56:05.216  1231  1559 D NetworkManagementMz: LocalSubscriptionManager: getSubId 1
06-14 14:56:05.217  1231  1559 D NetworkManagementMz: LocalSubscriptionManager: intSubId -3
06-14 14:56:05.217  1231  1559 D NetworkManagementMz: LocalSubscriptionManager: intSubId -3
06-14 14:56:05.217  1231  1559 D NetworkManagementMz: LocalSubscriptionManager: subId[1] is : -3
06-14 14:56:05.218  1231  1559 D NetworkManagementMz: LocalTelephonyManager: imsi null
06-14 14:56:05.218  1231  1231 D trafficTest: has data listener
06-14 14:56:05.218  1231  1231 D trafficTest1: pollingService通知Ui更新
06-14 14:56:05.218  1231  1231 D trafficTest: ----refreshGeneralShowData
06-14 14:56:05.218  1231  1231 D trafficTest: ----------widget manager receiver dataChanged
06-14 14:56:05.219  1231  1231 D trafficTest: widget manager send broadcast to widget
06-14 14:56:05.219   874  1592 V ActivityManager: Broadcast: Intent { act=android.com.meizu.safe.provider.SafeWidgetProvider flg=0x10 (has extras) } ordered=false userid=-2 callerApp=ProcessRecord{25d454a8 1231:com.meizu.safe/1000}
06-14 14:56:05.220  1231  1231 I vpnTrace: notifySavingDataChanged: isShowSavingFunc: false
06-14 14:56:05.220  1231  1231 D TrafficTest: --------------亮屏且有监听器updateDataInterval = 15000
06-14 14:56:05.222  1231  1231 D trafficTest3: ---------widget receiver data change msg
06-14 14:56:05.223  1231  1231 D trafficTest3: updateRemoteView: SimCardTrafficForShow{imsi='null', totalBytes=-1, remainBytes=0, dayUsedBytes=0, leftDays=0, monthUsedbytes=0, usedPercent=0.0, idleMode=false}
06-14 14:56:05.241  1231  1231 D RemoteViews: mActions is repeat
06-14 14:56:05.241  1231  1231 D RemoteViews: mActions is repeat
06-14 14:56:05.242 32424 32424 D BgTest  : uiCount 20
06-14 14:56:05.245  1885  1885 D AppWidgetHost: updateAppWidgetView HANDLE_UPDATE 
06-14 14:56:05.245  1885  1885 D AppWidgetHost: updateAppWidgetView appWidgetId 15 com.meizu.flyme.launcher.at@179658cb
06-14 14:56:05.285   874   953 V AlarmManager: Checking for alarms... rtc=1497423365284, elapsed=12666947
06-14 14:56:05.285   874   953 D AlarmManager: set alarm to RTC 2-12751627-14:57:29
06-14 14:56:05.285   874   953 D AlarmManager: set alarm to RTC 3-12721662-14:57:00
06-14 14:56:05.286   874   953 D AlarmManager: sending alarm Alarm{140ec445 type 0 when 14:56:05 start 14:56:05 end 14:56:05 com.meitu.mtsdk}and operation:MqttService.pingSender.17241a5a-51a1-401d-bc08-4c3708f8458a
06-14 14:56:05.286   874   953 V ActivityManager: Broadcast: Intent { act=MqttService.pingSender.17241a5a-51a1-401d-bc08-4c3708f8458a flg=0x114 (has extras) } ordered=true userid=0 callerApp=null
06-14 14:56:05.288   874   953 V AlarmManager: sending alarm Alarm{140ec445 type 0 when 14:56:05 start 14:56:05 end 14:56:05 com.meitu.mtsdk} success
06-14 14:56:05.288 32355 32355 D AlarmPingSender: Ping 1 times.
06-14 14:56:05.288 32355 32355 D AlarmPingSender: Check time :1497423365288
06-14 14:56:05.289 32355 32355 D MLog    : org.eclipse.paho.client.mqttv3.internal.ClientState::checkForActivity -> 616 inserts:0 
06-14 14:56:05.289 32355 32355 D MLog    : org.eclipse.paho.client.mqttv3.internal.ClientState::checkForActivity -> 620 inserts:3 10000 1497423355285 1497423355350 
06-14 14:56:05.289 32355 32355 D MLog    : org.eclipse.paho.client.mqttv3.internal.CommsTokenStore::saveToken -> 300 inserts:2 Ping PINGREQ 
06-14 14:56:05.290 32355 32355 D MLog    : org.eclipse.paho.client.mqttv3.internal.CommsTokenStore::saveToken -> 307 inserts:2 Ping org.eclipse.paho.client.mqttv3.MqttToken@1fb2afc2 
06-14 14:56:05.290 32355 32355 D MLog    : org.eclipse.paho.client.mqttv3.internal.ClientState::notifyQueueLock -> 638
06-14 14:56:05.290 32355 32420 D MLog    : org.eclipse.paho.client.mqttv3.internal.ClientState::get -> 647
06-14 14:56:05.290 32355 32355 D MLog    : org.eclipse.paho.client.mqttv3.internal.ClientState::checkForActivity -> 624 inserts:1 10000 
06-14 14:56:05.290   874  1891 V AlarmManager: APP set(PendingIntent{1c74c79a: PendingIntentRecord{7f56fb1 com.meitu.mtsdk broadcastIntent}}) : type=0 triggerAtTime=1497423375290 win=0 tElapsed=12676952 maxElapsed=12676952 interval=0 standalone=true
06-14 14:56:05.290 32355 32355 D AlarmPingSender: Schedule next alarm at 1497423375290
06-14 14:56:05.290 32355 32420 D MLog    : org.eclipse.paho.client.mqttv3.internal.CommsSender::run -> 802 inserts:2 Ping PINGREQ 
06-14 14:56:05.291   874  1891 D AlarmManager: set alarm to RTC 2-12676952-14:56:15
06-14 14:56:05.290 32355 32420 D MLog    : org.eclipse.paho.client.mqttv3.internal.ClientState::notifySentBytes -> 643 inserts:1 2 
06-14 14:56:05.290 32355 32420 D MLog    : org.eclipse.paho.client.mqttv3.internal.wire.MqttOutputStream::write -> 500 inserts:1 PINGREQ 
06-14 14:56:05.290 32355 32420 D MLog    : org.eclipse.paho.client.mqttv3.internal.ClientState::notifySent -> 625 inserts:1 Ping 
06-14 14:56:05.290 32355 32420 D MLog    : org.eclipse.paho.client.mqttv3.internal.Token::notifySent -> 403 inserts:1 Ping 
06-14 14:56:05.291 32355 32420 D MLog    : org.eclipse.paho.client.mqttv3.internal.ClientState::notifySent -> 635 inserts:1 1 
06-14 14:56:05.291 32355 32420 D MLog    : org.eclipse.paho.client.mqttv3.internal.ClientState::get -> 644
06-14 14:56:05.351 32355 32419 D MLog    : org.eclipse.paho.client.mqttv3.internal.ClientState::notifyReceivedBytes -> 630 inserts:1 1 
06-14 14:56:05.351 32355 32419 D MLog    : org.eclipse.paho.client.mqttv3.internal.wire.MqttInputStream::readMqttWireMessage -> 501 inserts:1 PINGRESP msgId 0 
06-14 14:56:05.351 32355 32419 D MLog    : org.eclipse.paho.client.mqttv3.internal.ClientState::notifyReceivedAck -> 627 inserts:2 0 PINGRESP msgId 0 
06-14 14:56:05.351 32355 32419 D MLog    : org.eclipse.paho.client.mqttv3.internal.Token::markComplete -> 404 inserts:3 Ping PINGRESP msgId 0 [null] 
06-14 14:56:05.351 32355 32419 D MLog    : org.eclipse.paho.client.mqttv3.internal.Token::notifyComplete -> 404 inserts:3 Ping PINGRESP msgId 0 [null] 
06-14 14:56:05.351 32355 32419 D MLog    : org.eclipse.paho.client.mqttv3.internal.ClientState::notifyResult -> 648 inserts:3 Ping PINGRESP msgId 0 [null] 
06-14 14:56:05.351 32355 32419 D MLog    : org.eclipse.paho.client.mqttv3.internal.CommsCallback::asyncOperationComplete -> 715 inserts:1 Ping 
06-14 14:56:05.352 32355 32419 D MLog    : org.eclipse.paho.client.mqttv3.internal.CommsTokenStore::removeToken -> 306 inserts:1 Ping 
06-14 14:56:05.352 32355 32419 D MLog    : org.eclipse.paho.client.mqttv3.internal.ClientState::notifyReceivedAck -> 636 inserts:1 0 
06-14 14:56:05.352 32355 32419 D MLog    : org.eclipse.paho.client.mqttv3.internal.CommsReceiver::run -> 852
06-14 14:56:05.352 32355 32421 D MLog    : org.eclipse.paho.client.mqttv3.internal.CommsCallback::handleActionComplete -> 705 inserts:1 Ping 
06-14 14:56:05.352 32355 32421 D MLog    : org.eclipse.paho.client.mqttv3.internal.ClientState::notifyComplete -> 629 inserts:3 0 org.eclipse.paho.client.mqttv3.MqttToken@1fb2afc2 PINGRESP msgId 0 
06-14 14:56:05.352 32355 32421 D MLog    : org.eclipse.paho.client.mqttv3.internal.Token::notifyComplete -> 404 inserts:3 Ping PINGRESP msgId 0 [null] 
06-14 14:56:05.352 32355 32421 D MLog    : org.eclipse.paho.client.mqttv3.internal.CommsCallback::fireActionEvent -> 716 inserts:1 Ping 
06-14 14:56:05.352 32355 32421 D AlarmPingSender: Success. Release lock(MqttService.client.17241a5a-51a1-401d-bc08-4c3708f8458a):1497423365352
06-14 14:56:05.353 32355 32421 D MLog    : org.eclipse.paho.client.mqttv3.internal.CommsCallback::run -> 706
06-14 14:56:05.353 32355 32421 D MLog    : org.eclipse.paho.client.mqttv3.internal.CommsCallback::run -> 704
06-14 14:56:05.695   279   279 E ccci_fsd(1): Failed to read from FS device (-1) !! errno = 4
06-14 14:56:06.199   279   279 E ccci_fsd(1): Failed to read from FS device (-1) !! errno = 4
06-14 14:56:06.200 32424 32489 D BgTest  : bgCount 20
06-14 14:56:06.243 32424 32424 D BgTest  : uiCount 21
06-14 14:56:11.024   279   279 E ccci_fsd(1): Failed to read from FS device (-1) !! errno = 4
06-14 14:56:12.024   279   279 E ccci_fsd(1): Failed to read from FS device (-1) !! errno = 4
06-14 14:56:12.035 32424 32489 D BgTest  : bgCount 21
06-14 14:56:12.038 32424 32424 D BgTest  : uiCount 22
06-14 14:56:12.044   319   319 I thermal_repeater: oh, queryMdThermalInfo (0)Bad file number
06-14 14:56:12.052   319   319 I thermal_repeater: [recvMdThermalInfo] ret=25, strLen=127,  1, 32767,,, -1, 32767, 2
06-14 14:56:12.344  1835  1974 D RecordState: startCheck recordList = [] currentTime = 12674006
06-14 14:56:12.344  1835  1974 V SettingsInterface:  from settings cache , name = location_providers_allowed , value = default
06-14 14:56:12.344  1835  1974 V SettingsInterface:  from settings cache , name = location_providers_allowed , value = default
06-14 14:56:12.344   874  1891 D CSLegacyTypeTracker: getNetworkForType type 0
06-14 14:56:12.344  1835  1974 D LocationState: startCheck navigatingList = [] currentTime = 12674006
06-14 14:56:12.344   874  1891 D CSLegacyTypeTracker: getNetworkForType type 1
06-14 14:56:12.344   874  1891 D CSLegacyTypeTracker: getNetworkForType type 2
06-14 14:56:12.344   874  1891 D CSLegacyTypeTracker: getNetworkForType type 3
06-14 14:56:12.344   874  1891 D CSLegacyTypeTracker: getNetworkForType type 4
06-14 14:56:12.344   874  1891 D CSLegacyTypeTracker: getNetworkForType type 5
06-14 14:56:12.344   874  1891 D CSLegacyTypeTracker: getNetworkForType type 7
06-14 14:56:12.344   874  1891 D CSLegacyTypeTracker: getNetworkForType type 10
06-14 14:56:12.344   874  1891 D CSLegacyTypeTracker: getNetworkForType type 11
06-14 14:56:12.345   874  1891 D CSLegacyTypeTracker: getNetworkForType type 12
06-14 14:56:12.345   874  1891 D CSLegacyTypeTracker: getNetworkForType type 14
06-14 14:56:12.345   874  1891 D CSLegacyTypeTracker: getNetworkForType type 15
06-14 14:56:12.345   874  1891 D CSLegacyTypeTracker: getNetworkForType type 17
06-14 14:56:12.345   874  1891 D CSLegacyTypeTracker: getNetworkForType type 34
06-14 14:56:12.347  1835  1974 D MultiMediaState: startCheck musicList = [] currentTime = 12674008 isMusicPlaying = true  isPluggedHeadPhone = false isInteractive = false
06-14 14:56:12.345   874  1891 D CSLegacyTypeTracker: getNetworkForType type 35
06-14 14:56:12.347  1835  1974 D MultiMediaState: startCheck  otherList = [com.sodino.postdelay, com.meizu.flyme.launcher, com.meitu.mtsdk, com.meizu.safe, com.tencent.mm, com.meizu.battery, com.android.calendar, com.android.providers.media, com.android.providers.downloads, com.meizu.flyme.weather, com.meizu.mstore, com.meizu.net.search, com.meizu.privacy, com.meizu.flyme.service.find, com.android.providers.calendar, com.flyme.netadmin, com.mediatek.systemupdate, com.meizu.mzsyncservice, com.mediatek.providers.drm, com.android.email, com.android.defcontainer, com.meizu.media.music, com.android.providers.applications, com.android.providers.userdictionary, com.android.providers.contacts, com.meizu.voiceassistant, com.meizu.account, com.flyme.systemuitools, com.meizu.share, com.meizu.cloud, com.android.providers.telephony, com.android.stk, com.android.phone, com.meizu.alphame, com.mediatek.nlpservice, com.android.incallui, com.waves.maxxservice, com.amap.android.location, com.meizu.experiencedatasync, com.tencent.qqpinyin, com.android.systemui, android, com.android.providers.settings, com.android.server.telecom, com.android.location.fused] currentTime = 12674008 isMusicPlaying = false  isPluggedHeadPhone = false isInteractive = false
06-14 14:56:12.345   874  1891 D CSLegacyTypeTracker: getNetworkForType type 36
06-14 14:56:12.348  1835  1974 D ScreenRecordState: isScreenRecord currentTime = 12674010 mScreenRecordTime = 0 isScreenRecord = false
06-14 14:56:12.345   874  1891 D CSLegacyTypeTracker: getNetworkForType type 37
06-14 14:56:12.348  1835  1974 D RecordState: isRecording currentTime = 12674010 mRecordTime = 0 isRecord = false
06-14 14:56:12.345   874  1891 D CSLegacyTypeTracker: getNetworkForType type 38
06-14 14:56:12.348  1835  1974 D LocationState: isNavigation currentTime = 12674010 mNavigationTime = 0 isNavigation = false
06-14 14:56:12.345   874  1891 D CSLegacyTypeTracker: getNetworkForType type 40
06-14 14:56:12.348  1835  1974 D DownloadState: isDownload currentTime = 12674010 mDownloadTime = 10595501 isDownload = false
06-14 14:56:12.345   874  1891 D CSLegacyTypeTracker: getNetworkForType type 41
06-14 14:56:12.348  1835  1974 D MultiMediaState: isPlayMusic currentTime = 12674010 mPlayMusicTime = 0 isMusic = false
06-14 14:56:12.345   874  1891 D CSLegacyTypeTracker: getNetworkForType type 49
06-14 14:56:13.021 32355 32419 I System.out:  sAuthority = content://com.meitu.mtsdk.mstore?module=default_module_2147483647&key=key_last_request_wakeup_family_time_com.meitu.mkit.mkeepalive.MKeepAliveConfig mstore paramModule = default_module_2147483647 paramsKey = key_last_request_wakeup_family_time_com.meitu.mkit.mkeepalive.MKeepAliveConfig[CDS]EAGAIN in Recvfrom
06-14 14:56:13.022 32355 32419 I System.out: [CDS]read byte is 0
06-14 14:56:13.022 32355 32419 D MLog    : org.eclipse.paho.client.mqttv3.internal.CommsReceiver::run -> 852
06-14 14:56:13.040 32424 32424 D BgTest  : uiCount 23  +1
06-14 14:56:13.089 32424 32489 D BgTest  : bgCount 22
06-14 14:56:13.386   279   279 E ccci_fsd(1): Failed to read from FS device (-1) !! errno = 4
06-14 14:56:14.041 32424 32424 D BgTest  : uiCount 24  +1
06-14 14:56:14.129 32424 32489 D BgTest  : bgCount 23
06-14 14:56:14.381 32355 32419 I System.out: [CDS]EAGAIN in Recvfrom
06-14 14:56:14.382 32355 32419 I System.out: [CDS]read byte is 0
06-14 14:56:14.382 32355 32419 D MLog    : org.eclipse.paho.client.mqttv3.internal.CommsReceiver::run -> 852
06-14 14:56:15.041 32424 32424 D BgTest  : uiCount 25  +1
06-14 14:56:15.170 32424 32489 D BgTest  : bgCount 24
06-14 14:56:15.290   874   953 V AlarmManager: Checking for alarms... rtc=1497423375290, elapsed=12676952
06-14 14:56:15.291   874   953 D AlarmManager: set alarm to RTC 2-12751627-14:57:29
06-14 14:56:15.291   874   953 D AlarmManager: sending alarm Alarm{2da618cb type 0 when 14:56:15 start 14:56:15 end 14:56:15 com.meitu.mtsdk}and operation:MqttService.pingSender.17241a5a-51a1-401d-bc08-4c3708f8458a
06-14 14:56:15.291   874   953 V ActivityManager: Broadcast: Intent { act=MqttService.pingSender.17241a5a-51a1-401d-bc08-4c3708f8458a flg=0x114 (has extras) } ordered=true userid=0 callerApp=null
06-14 14:56:15.294   874   953 V AlarmManager: sending alarm Alarm{2da618cb type 0 when 14:56:15 start 14:56:15 end 14:56:15 com.meitu.mtsdk} success
06-14 14:56:15.296 32355 32355 D AlarmPingSender: Ping 1 times.
06-14 14:56:15.297 32355 32355 D AlarmPingSender: Check time :1497423375297
06-14 14:56:15.298 32355 32355 D MLog    : org.eclipse.paho.client.mqttv3.internal.ClientState::checkForActivity -> 616 inserts:0 
06-14 14:56:15.298 32355 32355 D MLog    : org.eclipse.paho.client.mqttv3.internal.ClientState::checkForActivity -> 620 inserts:3 10000 1497423365290 1497423365351 
06-14 14:56:15.299 32355 32355 D MLog    : org.eclipse.paho.client.mqttv3.internal.CommsTokenStore::saveToken -> 300 inserts:2 Ping PINGREQ 
06-14 14:56:15.299 32355 32355 D MLog    : org.eclipse.paho.client.mqttv3.internal.CommsTokenStore::saveToken -> 307 inserts:2 Ping org.eclipse.paho.client.mqttv3.MqttToken@22ae21d3 
06-14 14:56:15.299 32355 32355 D MLog    : org.eclipse.paho.client.mqttv3.internal.ClientState::notifyQueueLock -> 638
06-14 14:56:15.299 32355 32355 D MLog    : org.eclipse.paho.client.mqttv3.internal.ClientState::checkForActivity -> 624 inserts:1 10000 
06-14 14:56:15.299 32355 32420 D MLog    : org.eclipse.paho.client.mqttv3.internal.ClientState::get -> 647
06-14 14:56:15.299 32355 32420 D MLog    : org.eclipse.paho.client.mqttv3.internal.CommsSender::run -> 802 inserts:2 Ping PINGREQ 
06-14 14:56:15.300 32355 32420 D MLog    : org.eclipse.paho.client.mqttv3.internal.ClientState::notifySentBytes -> 643 inserts:1 2 
06-14 14:56:15.300 32355 32420 D MLog    : org.eclipse.paho.client.mqttv3.internal.wire.MqttOutputStream::write -> 500 inserts:1 PINGREQ 
06-14 14:56:15.300 32355 32420 D MLog    : org.eclipse.paho.client.mqttv3.internal.ClientState::notifySent -> 625 inserts:1 Ping 
06-14 14:56:15.300 32355 32420 D MLog    : org.eclipse.paho.client.mqttv3.internal.Token::notifySent -> 403 inserts:1 Ping 
06-14 14:56:15.301 32355 32420 D MLog    : org.eclipse.paho.client.mqttv3.internal.ClientState::notifySent -> 635 inserts:1 1 
06-14 14:56:15.301 32355 32420 D MLog    : org.eclipse.paho.client.mqttv3.internal.ClientState::get -> 644
06-14 14:56:15.301 32355 32355 D AlarmPingSender: Schedule next alarm at 1497423385301
06-14 14:56:15.302   874   900 V AlarmManager: APP set(PendingIntent{34898a8: PendingIntentRecord{7f56fb1 com.meitu.mtsdk broadcastIntent}}) : type=0 triggerAtTime=1497423385301 win=0 tElapsed=12686963 maxElapsed=12686963 interval=0 standalone=true
06-14 14:56:15.302   874   900 D AlarmManager: set alarm to RTC 2-12686963-14:56:25
06-14 14:56:15.359 32355 32419 D MLog    : org.eclipse.paho.client.mqttv3.internal.ClientState::notifyReceivedBytes -> 630 inserts:1 1 
06-14 14:56:15.360 32355 32419 D MLog    : org.eclipse.paho.client.mqttv3.internal.wire.MqttInputStream::readMqttWireMessage -> 501 inserts:1 PINGRESP msgId 0 
06-14 14:56:15.360 32355 32419 D MLog    : org.eclipse.paho.client.mqttv3.internal.ClientState::notifyReceivedAck -> 627 inserts:2 0 PINGRESP msgId 0 
06-14 14:56:15.360 32355 32419 D MLog    : org.eclipse.paho.client.mqttv3.internal.Token::markComplete -> 404 inserts:3 Ping PINGRESP msgId 0 [null] 
06-14 14:56:15.360 32355 32419 D MLog    : org.eclipse.paho.client.mqttv3.internal.Token::notifyComplete -> 404 inserts:3 Ping PINGRESP msgId 0 [null] 
06-14 14:56:15.360 32355 32419 D MLog    : org.eclipse.paho.client.mqttv3.internal.ClientState::notifyResult -> 648 inserts:3 Ping PINGRESP msgId 0 [null] 
06-14 14:56:15.361 32355 32419 D MLog    : org.eclipse.paho.client.mqttv3.internal.CommsCallback::asyncOperationComplete -> 715 inserts:1 Ping 
06-14 14:56:15.361 32355 32419 D MLog    : org.eclipse.paho.client.mqttv3.internal.CommsTokenStore::removeToken -> 306 inserts:1 Ping 
06-14 14:56:15.361 32355 32419 D MLog    : org.eclipse.paho.client.mqttv3.internal.ClientState::notifyReceivedAck -> 636 inserts:1 0 
06-14 14:56:15.361 32355 32419 D MLog    : org.eclipse.paho.client.mqttv3.internal.CommsReceiver::run -> 852
06-14 14:56:15.361 32355 32421 D MLog    : org.eclipse.paho.client.mqttv3.internal.CommsCallback::handleActionComplete -> 705 inserts:1 Ping 
06-14 14:56:15.362 32355 32421 D MLog    : org.eclipse.paho.client.mqttv3.internal.ClientState::notifyComplete -> 629 inserts:3 0 org.eclipse.paho.client.mqttv3.MqttToken@22ae21d3 PINGRESP msgId 0 
06-14 14:56:15.362 32355 32421 D MLog    : org.eclipse.paho.client.mqttv3.internal.Token::notifyComplete -> 404 inserts:3 Ping PINGRESP msgId 0 [null] 
06-14 14:56:15.362 32355 32421 D MLog    : org.eclipse.paho.client.mqttv3.internal.CommsCallback::fireActionEvent -> 716 inserts:1 Ping 
06-14 14:56:15.362 32355 32421 D AlarmPingSender: Success. Release lock(MqttService.client.17241a5a-51a1-401d-bc08-4c3708f8458a):1497423375362
06-14 14:56:15.363 32355 32421 D MLog    : org.eclipse.paho.client.mqttv3.internal.CommsCallback::run -> 706
06-14 14:56:15.364 32355 32421 D MLog    : org.eclipse.paho.client.mqttv3.internal.CommsCallback::run -> 704
06-14 14:56:16.023   279   279 E ccci_fsd(1): Failed to read from FS device (-1) !! errno = 4
06-14 14:56:16.242 32424 32424 D BgTest  : uiCount 26  +1
06-14 14:56:18.023   279   279 E ccci_fsd(1): Failed to read from FS device (-1) !! errno = 4
06-14 14:56:18.023 32424 32489 D BgTest  : bgCount 25
06-14 14:56:18.291   279   279 E ccci_fsd(1): Failed to read from FS device (-1) !! errno = 4
06-14 14:56:23.024   279   279 E ccci_fsd(1): Failed to read from FS device (-1) !! errno = 4
06-14 14:56:23.024   319   319 I thermal_repeater: oh, queryMdThermalInfo (0)Bad file number
06-14 14:56:23.025 32424 32424 D BgTest  : uiCount 27  +1
06-14 14:56:23.025  1428  1428 D wpa_supplicant: wlan0: RX EAPOL from 98:01:a7:9e:dd:75
06-14 14:56:23.026  1428  1428 D wpa_supplicant: RX EAPOL - hexdump(len=131): 02 03 00 7f 02 13 82 00 00 00 00 00 00 00 00 00 05 00 00 00 00 00 00 00 00 00 00 00 00 00 00 00 00 00 00 00 00 00 00 00 00 00 00 00 00 00 00 00 00 00 00 00 00 00 00 00 00 00 00 00 00 00 00 00 00 00 00 00 00 00 00 00 00 00 00 00 00 00 00 00 00 f2 c9 d3 56 7e d3 98 2d a5 71 e1 68 b3 8f 7a 76 00 20 de 87 e7 4f 0f 1e a4 e2 08 9a a4 2a 35 6e a9 20 b3 b8 6b e5 bf dd 62 20 75 4d 91 15 49 f4 94 db
06-14 14:56:23.026  1428  1428 D wpa_supplicant: wlan0: IEEE 802.1X RX: version=2 type=3 length=127
06-14 14:56:23.026  1428  1428 D wpa_supplicant: WPA: RX EAPOL-Key - hexdump(len=131): 02 03 00 7f 02 13 82 00 00 00 00 00 00 00 00 00 05 00 00 00 00 00 00 00 00 00 00 00 00 00 00 00 00 00 00 00 00 00 00 00 00 00 00 00 00 00 00 00 00 00 00 00 00 00 00 00 00 00 00 00 00 00 00 00 00 00 00 00 00 00 00 00 00 00 00 00 00 00 00 00 00 f2 c9 d3 56 7e d3 98 2d a5 71 e1 68 b3 8f 7a 76 00 20 de 87 e7 4f 0f 1e a4 e2 08 9a a4 2a 35 6e a9 20 b3 b8 6b e5 bf dd 62 20 75 4d 91 15 49 f4 94 db
06-14 14:56:23.026  1428  1428 D wpa_supplicant: wlan0:   EAPOL-Key type=2
06-14 14:56:23.026  1428  1428 D wpa_supplicant: wlan0:   key_info 0x1382 (ver=2 keyidx=0 rsvd=0 Group Ack MIC Secure Encr)
06-14 14:56:23.026  1428  1428 D wpa_supplicant: wlan0:   key_length=0 key_data_length=32
06-14 14:56:23.026  1428  1428 D wpa_supplicant:   replay_counter - hexdump(len=8): 00 00 00 00 00 00 00 05
06-14 14:56:23.026  1428  1428 D wpa_supplicant:   key_nonce - hexdump(len=32): 00 00 00 00 00 00 00 00 00 00 00 00 00 00 00 00 00 00 00 00 00 00 00 00 00 00 00 00 00 00 00 00
06-14 14:56:23.026  1428  1428 D wpa_supplicant:   key_iv - hexdump(len=16): 00 00 00 00 00 00 00 00 00 00 00 00 00 00 00 00
06-14 14:56:23.031   874   968 V ActivityManager: Broadcast sticky: Intent { act=android.net.wifi.supplicant.STATE_CHANGE flg=0x24000010 (has extras) } ordered=false userid=-1 callerApp=ProcessRecord{2de77b41 874:system/1000}
06-14 14:56:23.026  1428  1428 D wpa_supplicant:   key_rsc - hexdump(len=8): 00 00 00 00 00 00 00 00
06-14 14:56:23.026  1428  1428 D wpa_supplicant:   key_id (reserved) - hexdump(len=8): 00 00 00 00 00 00 00 00
06-14 14:56:23.026  1428  1428 D wpa_supplicant:   key_mic - hexdump(len=16): f2 c9 d3 56 7e d3 98 2d a5 71 e1 68 b3 8f 7a 76
06-14 14:56:23.026  1428  1428 D wpa_supplicant: RSN: encrypted key data - hexdump(len=32): de 87 e7 4f 0f 1e a4 e2 08 9a a4 2a 35 6e a9 20 b3 b8 6b e5 bf dd 62 20 75 4d 91 15 49 f4 94 db
06-14 14:56:23.026  1428  1428 D wpa_supplicant: WPA: decrypted EAPOL-Key key data - hexdump(len=24): [REMOVED]
06-14 14:56:23.033   874   968 V ActivityManager: Broadcast sticky: Intent { act=android.net.wifi.supplicant.STATE_CHANGE flg=0x24000010 (has extras) } ordered=false userid=-1 callerApp=ProcessRecord{2de77b41 874:system/1000}
06-14 14:56:23.026  1428  1428 D wpa_supplicant: wlan0: WPA: RX message 1 of Group Key Handshake from 98:01:a7:9e:dd:75 (ver=2)
06-14 14:56:23.026  1428  1428 D wpa_supplicant: RSN: msg 1/2 key data - hexdump(len=24): dd 16 00 0f ac 01 01 00 f0 5f 05 ec 24 fe 6b d5 b0 f1 18 c7 ff 46 3f 98
06-14 14:56:23.034   319   319 I thermal_repeater: [recvMdThermalInfo] ret=25, strLen=127,  1, 32767,,, -1, 32767, 2
06-14 14:56:23.026  1428  1428 D wpa_supplicant: WPA: GTK in EAPOL-Key - hexdump(len=24): [REMOVED]
06-14 14:56:23.027  1428  1428 D wpa_supplicant: RSN: received GTK in group key handshake - hexdump(len=18): 01 00 f0 5f 05 ec 24 fe 6b d5 b0 f1 18 c7 ff 46 3f 98
06-14 14:56:23.027  1428  1428 D wpa_supplicant: wlan0: State: COMPLETED -> GROUP_HANDSHAKE
06-14 14:56:23.027  1428  1428 D wpa_supplicant: CTRL_IFACE monitor sent successfully to /data/misc/wifi/sockets/wpa_ctrl_874-2\x00
06-14 14:56:23.027  1428  1428 D wpa_supplicant: WPA: Group Key - hexdump(len=16): [REMOVED]
06-14 14:56:23.027  1428  1428 D wpa_supplicant: wlan0: WPA: Installing GTK to the driver (keyidx=1 tx=0 len=16)
06-14 14:56:23.027  1428  1428 D wpa_supplicant: WPA: RSC - hexdump(len=6): 00 00 00 00 00 00
06-14 14:56:23.027   874  1961 D WifiHW  : [1] get event: IFNAME=wlan0 <3>CTRL-EVENT-STATE-CHANGE id=48 state=8 BSSID=98:01:a7:9e:dd:75 SSID=sodino
06-14 14:56:23.027   874  1961 D WifiHW  : [2] get event: IFNAME=wlan0 CTRL-EVENT-STATE-CHANGE id=48 state=8 BSSID=98:01:a7:9e:dd:75 SSID=sodino
06-14 14:56:23.027  1428  1428 D wpa_supplicant: wpa_driver_nl80211_set_key: ifindex=10 (wlan0) alg=3 addr=0x55778101a8 key_idx=1 set_tx=0 seq_len=6 key_len=16
06-14 14:56:23.027  1428  1428 D wpa_supplicant: nl80211: KEY_DATA - hexdump(len=16): [REMOVED]
06-14 14:56:23.027  1428  1428 D wpa_supplicant: nl80211: KEY_SEQ - hexdump(len=6): 00 00 00 00 00 00
06-14 14:56:23.027  1428  1428 D wpa_supplicant:    broadcast key
06-14 14:56:23.027   874  1961 D WifiHW  : enter -->wifi_wait_on_socket buflen=2048
06-14 14:56:23.027   874  1961 D WifiHW  : enter -->wifi_ctrl_recv
06-14 14:56:23.027  1428  1428 D wpa_supplicant: wlan0: WPA: Sending EAPOL-Key 2/2
06-14 14:56:23.028  1428  1428 D wpa_supplicant: WPA: KCK - hexdump(len=16): [REMOVED]
06-14 14:56:23.028  1428  1428 D wpa_supplicant: WPA: Derived Key MIC - hexdump(len=16): 78 db e6 6f 2b 90 7b 85 8b 07 d2 5b e1 11 54 f1
06-14 14:56:23.028  1428  1428 D wpa_supplicant: WPA: TX EAPOL-Key - hexdump(len=99): 01 03 00 5f 02 03 02 00 00 00 00 00 00 00 00 00 05 00 00 00 00 00 00 00 00 00 00 00 00 00 00 00 00 00 00 00 00 00 00 00 00 00 00 00 00 00 00 00 00 00 00 00 00 00 00 00 00 00 00 00 00 00 00 00 00 00 00 00 00 00 00 00 00 00 00 00 00 00 00 00 00 78 db e6 6f 2b 90 7b 85 8b 07 d2 5b e1 11 54 f1 00 00
06-14 14:56:23.028  1428  1428 I wpa_supplicant: wlan0: WPA: Group rekeying completed with 98:01:a7:9e:dd:75 [GTK=CCMP]
06-14 14:56:23.028  1428  1428 D wpa_supplicant: CTRL_IFACE monitor sent successfully to /data/misc/wifi/sockets/wpa_ctrl_874-2\x00
06-14 14:56:23.028  1428  1428 D wpa_supplicant: wlan0: Cancelling authentication timeout
06-14 14:56:23.028  1428  1428 D wpa_supplicant: wlan0: State: GROUP_HANDSHAKE -> COMPLETED
06-14 14:56:23.028   874  1961 D WifiHW  : [1] get event: IFNAME=wlan0 <3>WPA: Group rekeying completed with 98:01:a7:9e:dd:75 [GTK=CCMP]
06-14 14:56:23.028  1428  1428 D wpa_supplicant: wlan0: Find the channel for p2p. wpa_s assoc_freq 2462 ifname wlan0
06-14 14:56:23.028   874  1961 D WifiHW  : [2] get event: IFNAME=wlan0 WPA: Group rekeying completed with 98:01:a7:9e:dd:75 [GTK=CCMP]
06-14 14:56:23.028  1428  1428 D wpa_supplicant: wlan0: Freq 2462 to op_reg_class 81 op_channel 11
06-14 14:56:23.028  1428  1428 D wpa_supplicant: P2P: Update p2p channels when legacy is connected 81/11
06-14 14:56:23.028  1428  1428 D wpa_supplicant: CTRL_IFACE monitor sent successfully to /data/misc/wifi/sockets/wpa_ctrl_874-2\x00
06-14 14:56:23.028   874  1961 D WifiHW  : enter -->wifi_wait_on_socket buflen=2048
06-14 14:56:23.028   874  1961 D WifiHW  : enter -->wifi_ctrl_recv
06-14 14:56:23.028   874  1961 D WifiHW  : [1] get event: IFNAME=wlan0 <3>CTRL-EVENT-STATE-CHANGE id=48 state=9 BSSID=98:01:a7:9e:dd:75 SSID=sodino
06-14 14:56:23.028   874  1961 D WifiHW  : [2] get event: IFNAME=wlan0 CTRL-EVENT-STATE-CHANGE id=48 state=9 BSSID=98:01:a7:9e:dd:75 SSID=sodino
06-14 14:56:23.028   874  1961 D WifiHW  : enter -->wifi_wait_on_socket buflen=2048
06-14 14:56:23.028   874  1961 D WifiHW  : enter -->wifi_ctrl_recv
06-14 14:56:23.035   874   989 D WifiWatchdogStateMachine: Update current BSSID to 98:01:a7:9e:dd:75
06-14 14:56:23.047   331   331 D [BT3.0+HS]PAL: == chip_reset_fd is set ==
06-14 14:56:23.047   331   331 D [BT3.0+HS]PAL: 
06-14 14:56:23.047   331   331 D [BT3.0+HS]PAL: Recv Netlink Packet [52:00000011:00:0:0] [48:]
06-14 14:56:23.047   331   331 D [BT3.0+HS]PAL: 
06-14 14:56:23.047   331   331 D [BT3.0+HS]PAL: Unknown command from wifi driver
06-14 14:56:23.047   331   331 D [BT3.0+HS]PAL: 
06-14 14:56:23.047  1428  1428 D wpa_supplicant: nl80211: Event message available
06-14 14:56:23.047  1428  1428 D wpa_supplicant: nl80211: Drv Event 48 (NL80211_CMD_DISCONNECT) received for wlan0
06-14 14:56:23.047  1428  1428 D wpa_supplicant: nl80211: Disconnect event
06-14 14:56:23.047  1428  1428 D wpa_supplicant: wlan0: Event DEAUTH (12) received
06-14 14:56:23.047  1428  1428 D wpa_supplicant: wlan0: Deauthentication notification
06-14 14:56:23.047   312   312 D agps    : [WIFI2AGPS] wifi2agps_disassociated
06-14 14:56:23.047  1428  1428 D wpa_supplicant: wlan0:  * reason 1
06-14 14:56:23.047  1428  1428 D wpa_supplicant: Deauthentication frame IE(s) - hexdump(len=0): [NULL]
06-14 14:56:23.049   296   773 D SocketClient: SocketClient sendData done: 600 Iface linkstate wlan0 up
06-14 14:56:23.047  1428  1428 I wpa_supplicant: wlan0: CTRL-EVENT-DISCONNECTED bssid=98:01:a7:9e:dd:75 reason=1
06-14 14:56:23.049   874   960 D NetdConnector: RCV <- {600 Iface linkstate wlan0 up}
06-14 14:56:23.047  1428  1428 D wpa_supplicant: CTRL_IFACE monitor sent successfully to /data/misc/wifi/sockets/wpa_ctrl_874-2\x00
06-14 14:56:23.049   296   773 D NetlinkEvent: clear RA flag done
06-14 14:56:23.047  1428  1428 D wpa_supplicant: wlan0: Auto connect enabled: try to reconnect (wps=0/0 wpa_state=9)
06-14 14:56:23.049   296   773 D SocketClient: SocketClient sendData done: 600 Iface linkstate wlan0 down
06-14 14:56:23.047   874  1961 D WifiHW  : [1] get event: IFNAME=wlan0 <3>CTRL-EVENT-DISCONNECTED bssid=98:01:a7:9e:dd:75 reason=1
06-14 14:56:23.050   874   960 D NetdConnector: RCV <- {600 Iface linkstate wlan0 down}
06-14 14:56:23.047   874  1961 D WifiHW  : [2] get event: IFNAME=wlan0 CTRL-EVENT-DISCONNECTED bssid=98:01:a7:9e:dd:75 reason=1
06-14 14:56:23.050   874   925 D NetworkManagementService: onEvent:600 Iface linkstate wlan0 up:5
06-14 14:56:23.047  1428  1428 D wpa_supplicant: wlan0: Setting scan request: 0.100000 sec
06-14 14:56:23.050   296   773 D NetlinkEvent: clear RA flag done
06-14 14:56:23.047  1428  1428 D wpa_supplicant: Added BSSID 98:01:a7:9e:dd:75 into blacklist
06-14 14:56:23.050   296   773 D SocketClient: SocketClient sendData done: 600 Iface linkstate wlan0 down
06-14 14:56:23.047  1428  1428 D wpa_supplicant: wlan0: Blacklist count 1 --> request scan in 100 ms
06-14 14:56:23.050   874   925 D NetworkManagementService: onEvent:600 Iface linkstate wlan0 down:5
06-14 14:56:23.047  1428  1428 D wpa_supplicant: wlan0: Ignore new scan request for 0.100000 sec since an earlier request is scheduled to trigger sooner
06-14 14:56:23.050   874   960 D NetdConnector: RCV <- {600 Iface linkstate wlan0 down}
06-14 14:56:23.047  1428  1428 D wpa_supplicant: TDLS: Remove peers on disassociation
06-14 14:56:23.051   874   925 D NetworkManagementService: onEvent:600 Iface linkstate wlan0 down:5
06-14 14:56:23.047  1428  1428 D wpa_supplicant: wlan0: Disconnect event - remove keys
06-14 14:56:23.047   311   378 D agps    : [agps][n][WIFI] wifi_disassociated
06-14 14:56:23.047  1428  1428 D wpa_supplicant: wpa_driver_nl80211_set_key: ifindex=10 (wlan0) alg=0 addr=0x0 key_idx=0 set_tx=0 seq_len=0 key_len=0
06-14 14:56:23.047   874  1961 D WifiHW  : enter -->wifi_wait_on_socket buflen=2048
06-14 14:56:23.047   874  1961 D WifiHW  : enter -->wifi_ctrl_recv
06-14 14:56:23.049   296   773 I Netd    : Get netlink event, ifname: wlan0 action: 4
06-14 14:56:23.049   874   968 E WifiStateMachine: Error! unhandled message{ when=-2ms what=147496 arg1=-1 obj=1 target=com.android.internal.util.StateMachine$SmHandler obj=1 }
06-14 14:56:23.049   296   773 I Netd    : Get netlink event, ifname: wlan0 action: 5
06-14 14:56:23.050  1428  1428 D wpa_supplicant: wpa_driver_nl80211_set_key: ifindex=10 (wlan0) alg=0 addr=0x0 key_idx=1 set_tx=0 seq_len=0 key_len=0
06-14 14:56:23.050  1428  1428 D wpa_supplicant: wpa_driver_nl80211_set_key: ifindex=10 (wlan0) alg=0 addr=0x0 key_idx=2 set_tx=0 seq_len=0 key_len=0
06-14 14:56:23.050  1428  1428 D wpa_supplicant: wpa_driver_nl80211_set_key: ifindex=10 (wlan0) alg=0 addr=0x7f8e022d48 key_idx=0 set_tx=0 seq_len=0 key_len=0
06-14 14:56:23.050  1428  1428 D wpa_supplicant:    addr=98:01:a7:9e:dd:75
06-14 14:56:23.050   874   925 D Tethering: interfaceLinkStateChanged wlan0, true
06-14 14:56:23.050   874   925 D Tethering: interfaceStatusChanged wlan0, true
06-14 14:56:23.050  1428  1428 D wpa_supplicant: wlan0: State: COMPLETED -> DISCONNECTED
06-14 14:56:23.050  1428  1428 D wpa_supplicant: P2P: restorage p2p channels
06-14 14:56:23.050  1428  1428 D wpa_supplicant: nl80211: Set wlan0 operstate 1->0 (DORMANT)
06-14 14:56:23.050  1428  1428 D wpa_supplicant: netlink: Operstate: ifindex=10 linkmode=-1 (no change), operstate=5 (IF_OPER_DORMANT)
06-14 14:56:23.050  1428  1428 D wpa_supplicant: CTRL_IFACE monitor sent successfully to /data/misc/wifi/sockets/wpa_ctrl_874-2\x00
06-14 14:56:23.050  1428  1428 D wpa_supplicant: EAPOL: External notification - portEnabled=0
06-14 14:56:23.050  1428  1428 D wpa_supplicant: EAPOL: SUPP_PAE entering state DISCONNECTED
06-14 14:56:23.050  1428  1428 D wpa_supplicant: EAPOL: Supplicant port status: Unauthorized
06-14 14:56:23.050  1428  1428 D wpa_supplicant: nl80211: Skip set_supp_port(unauthorized) while not associated
06-14 14:56:23.050  1428  1428 D wpa_supplicant: EAPOL: SUPP_BE entering state INITIALIZE
06-14 14:56:23.050  1428  1428 D wpa_supplicant: EAPOL: External notification - portValid=0
06-14 14:56:23.050  1428  1428 D wpa_supplicant: EAPOL: External notification - EAP success=0
06-14 14:56:23.050   296   773 I Netd    : Get netlink event, ifname: wlan0 action: 5
06-14 14:56:23.050  1428  1428 D wpa_supplicant: RTM_NEWLINK: ifi_index=10 ifname=wlan0 wext ifi_family=0 ifi_flags=0x11043 ([UP][RUNNING][LOWER_UP])
06-14 14:56:23.050  1428  1428 D wpa_supplicant: RTM_NEWLINK: ifi_index=10 ifname=wlan0 wext ifi_family=0 ifi_flags=0x1043 ([UP][RUNNING])
06-14 14:56:23.050   874  1961 D WifiHW  : [1] get event: IFNAME=wlan0 <3>CTRL-EVENT-STATE-CHANGE id=48 state=0 BSSID=98:01:a7:9e:dd:75 SSID=sodino
06-14 14:56:23.050  1428  1428 D wpa_supplicant: RTM_NEWLINK: ifi_index=10 ifname=wlan0 operstate=2 linkmode=1 ifi_family=0 ifi_flags=0x1003 ([UP])
06-14 14:56:23.050   874  1961 D WifiHW  : [2] get event: IFNAME=wlan0 CTRL-EVENT-STATE-CHANGE id=48 state=0 BSSID=98:01:a7:9e:dd:75 SSID=sodino
06-14 14:56:23.050   874   925 D Tethering: interfaceLinkStateChanged wlan0, false
06-14 14:56:23.050   874   925 D Tethering: interfaceStatusChanged wlan0, false
06-14 14:56:23.051   874  1961 D WifiHW  : enter -->wifi_wait_on_socket buflen=2048
06-14 14:56:23.051   874  1961 D WifiHW  : enter -->wifi_ctrl_recv
06-14 14:56:23.051   874   925 D Tethering: interfaceLinkStateChanged wlan0, false
06-14 14:56:23.051   874   925 D Tethering: interfaceStatusChanged wlan0, false
06-14 14:56:23.052   874   968 E WifiConfigStore: saveWifiConfigBSSID Setting BSSID for "sodino"WPA_PSK to any
06-14 14:56:23.052   874   968 D WifiHW  : enter -->wifi_send_command cmd=IFNAME=wlan0 SET_NETWORK 48 bssid any
06-14 14:56:23.052  1428  1428 D wpa_supplicant: wlan0: Control interface command 'SET_NETWORK [REMOVED]'
06-14 14:56:23.052  1428  1428 D wpa_supplicant: CTRL_IFACE: SET_NETWORK id=48 name='bssid'
06-14 14:56:23.052  1428  1428 D wpa_supplicant: CTRL_IFACE: value - hexdump(len=3): [REMOVED]
06-14 14:56:23.052  1428  1428 D wpa_supplicant: BSSID any
06-14 14:56:23.052   874   968 D WifiHW  : leave --> reply=OK
06-14 14:56:23.052   874   968 D WifiHW  : 
06-14 14:56:23.052   874   968 D WifiHW  : enter -->wifi_send_command cmd=IFNAME=wlan0 SAVE_CONFIG
06-14 14:56:23.053  1428  1428 D wpa_supplicant: wlan0: Control interface command 'SAVE_CONFIG'
06-14 14:56:23.053  1428  1428 D wpa_supplicant: Writing configuration file '/data/misc/wifi/wpa_supplicant.conf'
06-14 14:56:23.063  1428  1428 D wpa_supplicant: Configuration file '/data/misc/wifi/wpa_supplicant.conf' written successfully
06-14 14:56:23.063  1428  1428 D wpa_supplicant: CTRL_IFACE: SAVE_CONFIG - Configuration updated
06-14 14:56:23.063   874   968 D WifiHW  : leave --> reply=OK
06-14 14:56:23.063   874   968 D WifiHW  : 
06-14 14:56:23.063   874   968 E native  : do suspend true
06-14 14:56:23.063   874   968 D WifiHW  : enter -->wifi_send_command cmd=IFNAME=wlan0 DRIVER SETSUSPENDMODE 1
06-14 14:56:23.064  1428  1428 D wpa_supplicant: wlan0: Control interface command 'DRIVER SETSUSPENDMODE 1'
06-14 14:56:23.064  1428  1428 D wpa_supplicant: iface wlan0 recv cmd SETSUSPENDMODE 1
06-14 14:56:23.064  1428  1428 D wpa_supplicant: nl80211: Test Mode buflen = 12, ifindex=10
06-14 14:56:23.064  1428  1428 D wpa_supplicant: ret = 0, nl=-1912469952
06-14 14:56:23.064  1428  1428 D wpa_supplicant: wpa_driver_nl80211_driver_cmd: ret = 0 used = 2 total = 4096
06-14 14:56:23.064  1428  1428 I wpa_supplicant: wpa_driver_nl80211_driver_cmd: buf =  ret = 2 used = 2 total = 4096
06-14 14:56:23.064   874   968 D WifiHW  : leave --> reply=
06-14 14:56:23.064   874   968 D WifiHW  : enter -->wifi_send_command cmd=IFNAME=wlan0 SET ps 1
06-14 14:56:23.064  1428  1428 D wpa_supplicant: wlan0: Control interface command 'SET ps 1'
06-14 14:56:23.064  1428  1428 D wpa_supplicant: CTRL_IFACE SET 'ps'='1'
06-14 14:56:23.064  1428  1428 D wpa_supplicant: nl80211: set_p2p_powersave (legacy_ps=1 opp_ps=-1 ctwindow=-1)
06-14 14:56:23.064   874   968 D WifiHW  : leave --> reply=OK
06-14 14:56:23.064   874   968 D WifiHW  : 
06-14 14:56:23.065   874   968 D WifiHW  : enter -->wifi_send_command cmd=IFNAME=wlan0 DRIVER BTCOEXMODE 2
06-14 14:56:23.065  1428  1428 D wpa_supplicant: wlan0: Control interface command 'DRIVER BTCOEXMODE 2'
06-14 14:56:23.065   874  2281 D AlarmManager: manual remove option = PendingIntent{f13dd33: PendingIntentRecord{14ce8f0 android broadcastIntent}}
06-14 14:56:23.065  1428  1428 D wpa_supplicant: iface wlan0 recv cmd BTCOEXMODE 2
06-14 14:56:23.066   874  2281 V AlarmManager: remove(operation) changed bounds; rebatching android.net.wifi.DHCP_RENEW
06-14 14:56:23.065   874   968 D WifiHW  : leave --> reply=OK
06-14 14:56:23.065   874   968 D WifiHW  : 
06-14 14:56:23.065   874   968 I DhcpUtils: dhcp_stop.
06-14 14:56:23.065   874   967 D WifiP2pService: InactiveState P2P.BLOCK_DISCOVERY{ when=-1ms what=143375 target=com.android.internal.util.StateMachine$SmHandler }
06-14 14:56:23.065   874  2281 D DhcpStateMachine: RunningState{ when=0 what=196610 target=com.android.internal.util.StateMachine$SmHandler }
06-14 14:56:23.066   874   967 D WifiP2pService: P2pEnabledState P2P.BLOCK_DISCOVERY{ when=-1ms what=143375 target=com.android.internal.util.StateMachine$SmHandler }
06-14 14:56:23.066   874   967 D WifiP2pService: blocked:false, mDiscoveryBlocked:false
06-14 14:56:23.068   874  2281 D AlarmManager:  alarm = Alarm{3e5c5fc1 type 3 when 17:25:30 start 17:25:30 end 17:25:30 android} add to Batch{2c7c366 num=1 start=21631909 end=21631909}
06-14 14:56:23.069   874  2281 D AlarmManager:  alarm = Alarm{137b76a7 type 0 when 23:00:00 start 23:00:00 end 23:00:00 com.android.settings} add to Batch{15e29754 num=1 start=41701662 end=41701662 STANDALONE}
06-14 14:56:23.070   874  2281 D AlarmManager:  alarm = Alarm{3a8e36fd type 1 when 00:00:00 start 00:00:00 end 00:00:00 com.android.calendar} add to Batch{7fcaff2 num=1 start=45301662 end=45301662 STANDALONE}
06-14 14:56:23.070   874  2281 D AlarmManager:  alarm = Alarm{2b5ed643 type 1 when 00:00:00 start 00:00:00 end 00:00:00 com.meizu.safe} add to Batch{7fcaff2 num=2 start=45301662 end=45301662 STANDALONE}
06-14 14:56:23.071   874  2281 D AlarmManager:  alarm = Alarm{177bd4c0 type 1 when 00:00:00 start 00:00:00 end 00:00:00 com.meizu.flyme.launcher} add to Batch{7fcaff2 num=3 start=45301662 end=45301662 STANDALONE}
06-14 14:56:23.072   874  2281 D AlarmManager:  alarm = Alarm{70c45f9 type 1 when 00:00:00 start 00:00:00 end 00:00:00 com.meizu.flyme.input} add to Batch{7fcaff2 num=4 start=45301663 end=45301662 STANDALONE}
06-14 14:56:23.073   874  2281 D AlarmManager:  alarm = Alarm{1521d93e type 0 when 07:00:00 start 06:59:59 end 07:00:00 com.android.settings} add to Batch{138e939f num=1 start=70501662 end=70501662 STANDALONE}
06-14 14:56:23.073   874  2281 I DhcpUtils: dhcp_stop.
06-14 14:56:23.074   874  2281 D DhcpStateMachine: StoppedState
06-14 14:56:23.116   874   968 D WifiStateMachine: Stop dhcp successfully!
06-14 14:56:23.116   874   968 D WifiStateMachine: Stop dhcpv6!
06-14 14:56:23.116   874   968 D NetdConnector: SND -> {679 interface clearaddrs wlan0}
06-14 14:56:23.116   874   968 D WifiStateMachine: Stop dhcpv6 successfully!
06-14 14:56:23.116   874  2283 D DhcpStateMachine: StoppedState{ when=0 what=196610 target=com.android.internal.util.StateMachine$SmHandler }
06-14 14:56:23.117   296   779 D FrameworkListener: dispatchCommand data = (679 interface clearaddrs wlan0)
06-14 14:56:23.117   296   779 D CommandListener: Clearing all IP addresses on wlan0
06-14 14:56:23.117   296   773 D NetlinkEvent: parseIfAddrMessage: if:wlan0; ADDRESS 192.168.2.2;VALID=4294967295;
06-14 14:56:23.117   296   773 I Netd    : Get netlink event, ifname: wlan0 action: 7
06-14 14:56:23.118   296   779 D DHCP    : ifc_set_addr(wlan0, xx) = 0
06-14 14:56:23.120   874  1891 D AlarmManager: manual remove option = PendingIntent{10a97cec: PendingIntentRecord{36bd5021 com.tencent.mm broadcastIntent}}
06-14 14:56:23.120   874  1891 V AlarmManager: remove(operation) changed bounds; rebatching ALARM_ACTION(4918)
06-14 14:56:23.120  2507  2530 E TcpChannel: read data error! size = -1
06-14 14:56:23.120  2507  2530 E TcpChannel: java.net.SocketException: recvfrom failed: ETIMEDOUT (Connection timed out)
06-14 14:56:23.120  2507  2530 E TcpChannel: 	at libcore.io.IoBridge.maybeThrowAfterRecvfrom(IoBridge.java:660)
06-14 14:56:23.120  2507  2530 E TcpChannel: 	at libcore.io.IoBridge.recvfrom(IoBridge.java:634)
06-14 14:56:23.120  2507  2530 E TcpChannel: 	at java.nio.SocketChannelImpl.readImpl(SocketChannelImpl.java:342)
06-14 14:56:23.120  2507  2530 E TcpChannel: 	at java.nio.SocketChannelImpl.read(SocketChannelImpl.java:304)
06-14 14:56:23.120  2507  2530 E TcpChannel: 	at com.meizu.push.stack.net.TcpChannel.read(SourceFile:71)
06-14 14:56:23.120  2507  2530 E TcpChannel: 	at com.meizu.push.stack.transport.PushChannel$ChannelCallback.onReadable(SourceFile:168)
06-14 14:56:23.120  2507  2530 E TcpChannel: 	at com.meizu.push.stack.net.Channel.onRead(SourceFile:48)
06-14 14:56:23.120  2507  2530 E TcpChannel: 	at com.meizu.push.stack.net.ReactService$1.run(SourceFile:66)
06-14 14:56:23.120  2507  2530 E TcpChannel: 	at java.lang.Thread.run(Thread.java:818)
06-14 14:56:23.120  2507  2530 E TcpChannel: Caused by: android.system.ErrnoException: recvfrom failed: ETIMEDOUT (Connection timed out)
06-14 14:56:23.120  2507  2530 E TcpChannel: 	at libcore.io.Posix.recvfromBytes(Native Method)
06-14 14:56:23.120  2507  2530 E TcpChannel: 	at libcore.io.Posix.recvfrom(Posix.java:177)
06-14 14:56:23.120  2507  2530 E TcpChannel: 	at libcore.io.BlockGuardOs.recvfrom(BlockGuardOs.java:245)
06-14 14:56:23.120  2507  2530 E TcpChannel: 	at libcore.io.IoBridge.recvfrom(IoBridge.java:631)
06-14 14:56:23.120  2507  2530 E TcpChannel: 	... 7 more
06-14 14:56:23.121  2507  2530 I StackManager: onChannelStateChange DISCONNECTED
06-14 14:56:23.121  2507  2530 D MonitorService: check channel state = DISCONNECTED; Data{mKey='"sodino"', mAvailable=true, mType=WIFI, mConnType=1}
06-14 14:56:23.121 32355 32419 D MLog    : org.eclipse.paho.client.mqttv3.internal.CommsReceiver::run -> 853
06-14 14:56:23.122   296   773 D SocketClient: SocketClient sendData done: 614 Address removed 192.168.2.2/24 wlan0 128 0 1
06-14 14:56:23.122 32355 32419 D MLog    : org.eclipse.paho.client.mqttv3.internal.ClientComms::shutdownConnection -> 216
06-14 14:56:23.122   874   960 D NetdConnector: RCV <- {614 Address removed 192.168.2.2/24 wlan0 128 0 1}
06-14 14:56:23.122 32355 32419 D MLog    : org.eclipse.paho.client.mqttv3.internal.CommsCallback::stop -> 700
06-14 14:56:23.123   296   779 D SocketClient: SocketClient sendData done: 200 679 Interface IP addresses cleared
06-14 14:56:23.122 32355 32419 D MLog    : org.eclipse.paho.client.mqttv3.internal.CommsCallback::stop -> 701
06-14 14:56:23.123   874   960 D NetdConnector: RCV <- {200 679 Interface IP addresses cleared}
06-14 14:56:23.122   874  1891 D AlarmManager:  alarm = Alarm{6c248b5 type 3 when 17:25:30 start 17:25:30 end 17:25:30 android} add to Batch{3de4b4a num=1 start=21631909 end=21631909}
06-14 14:56:23.123   874   968 D NetdConnector: RMV <- {200 679 Interface IP addresses cleared}
06-14 14:56:23.122 32355 32421 D MLog    : org.eclipse.paho.client.mqttv3.internal.CommsCallback::run -> 706
06-14 14:56:23.123   874   925 D NetworkManagementService: onEvent:614 Address removed 192.168.2.2/24 wlan0 128 0 1:8
06-14 14:56:23.122   296   779 D NetUtils: ifc_clear_ipv4_addresses return
06-14 14:56:23.123   874   925 D NetworkManagementService: InterfaceAddressChange valid=1
06-14 14:56:23.122  2507  2530 I StackManager: isNetworkConnected true
06-14 14:56:23.123   874   968 D NetdConnector: SND -> {680 interface ipv6 wlan0 disable}
06-14 14:56:23.123   296   779 D NetUtils: ifc_clear_ipv6_addresses return 0
06-14 14:56:23.124   296   779 D FrameworkListener: dispatchCommand data = (680 interface ipv6 wlan0 disable)
06-14 14:56:23.123 32355 32419 D MLog    : org.eclipse.paho.client.mqttv3.internal.CommsCallback::stop -> 703
06-14 14:56:23.124   296   779 D SocketClient: SocketClient sendData done: 200 680 IPv6 state changed
06-14 14:56:23.123 32355 32419 D MLog    : org.eclipse.paho.client.mqttv3.internal.CommsReceiver::stop -> 850
06-14 14:56:23.124   296   773 D SocketClient: SocketClient sendData done: 616 Route removed fe80::/64 dev wlan0
06-14 14:56:23.123 32355 32419 D MLog    : org.eclipse.paho.client.mqttv3.internal.CommsReceiver::stop -> 851
06-14 14:56:23.124   874   960 D NetdConnector: RCV <- {200 680 IPv6 state changed}
06-14 14:56:23.123  2507  2530 I System.out: [CDS]close[37563]
06-14 14:56:23.124   296   773 D NetlinkEvent: parseIfAddrMessage: if:wlan0; ADDRESS fe80::6a3e:34ff:feba:be0a;VALID=4294967295;
06-14 14:56:23.123  2507  2530 I NetworkManagementSocketTagger: untagSocket(31)
06-14 14:56:23.125   874   968 D NetdConnector: RMV <- {200 680 IPv6 state changed}
06-14 14:56:23.123  2507  2530 D FlymeTrafficTracking: untag(31) com.meizu.cloud Thread-64 uid 10055 1194543ms
06-14 14:56:23.125   874   960 D NetdConnector: RCV <- {616 Route removed fe80::/64 dev wlan0}
06-14 14:56:23.123  2507  2530 I StackManager: onChannelStateChange CLOSED
06-14 14:56:23.125   874   925 D NetworkManagementService: onEvent:616 Route removed fe80::/64 dev wlan0:6
06-14 14:56:23.123   874   925 D libc-netbsd: [getaddrinfo]: hostname=192.168.2.2; servname=(null); cache_mode=(null), netid=0; mark=0
06-14 14:56:23.129   296   773 D SocketClient: SocketClient sendData done: 614 Address removed fe80::6a3e:34ff:feba:be0a/64 wlan0 128 253 1
06-14 14:56:23.123   874   925 D libc-netbsd: [getaddrinfo]: ai_addrlen=0; ai_canonname=(null); ai_flags=4; ai_family=0
06-14 14:56:23.129   874   960 D NetdConnector: RCV <- {614 Address removed fe80::6a3e:34ff:feba:be0a/64 wlan0 128 253 1}
06-14 14:56:23.124   874   925 I Tethering: addressRemoved wlan0, 192.168.2.2/24
06-14 14:56:23.129   874   925 D NetworkManagementService: onEvent:614 Address removed fe80::6a3e:34ff:feba:be0a/64 wlan0 128 253 1:8
06-14 14:56:23.124   874  1891 D AlarmManager:  alarm = Alarm{25d2cabb type 0 when 23:00:00 start 23:00:00 end 23:00:00 com.android.settings} add to Batch{1c277bd8 num=1 start=41701662 end=41701662 STANDALONE}
06-14 14:56:23.129   874   925 D NetworkManagementService: InterfaceAddressChange valid=1
06-14 14:56:23.124  2507  2530 I NightScenes: match = false; hour = 14; minute = 56; hourOfDay = 3; hourOfNight = 1
06-14 14:56:23.124   296   773 I Netd    : Get netlink event, ifname: wlan0 action: 10
06-14 14:56:23.124   296   773 I Netd    : Get netlink event, ifname: wlan0 action: 7
06-14 14:56:23.125   874   968 D WifiHW  : enter -->wifi_send_command cmd=IFNAME=wlan0 SIGNAL_POLL
06-14 14:56:23.125  1428  1428 D wpa_supplicant: wlan0: Control interface command 'SIGNAL_POLL'
06-14 14:56:23.125   874   925 D libc-netbsd: [getaddrinfo]: hostname=fe80::; servname=(null); cache_mode=(null), netid=0; mark=0
06-14 14:56:23.125   874   925 D libc-netbsd: [getaddrinfo]: ai_addrlen=0; ai_canonname=(null); ai_flags=4; ai_family=0
06-14 14:56:23.125   874  1891 D AlarmManager:  alarm = Alarm{259bbb31 type 1 when 00:00:00 start 00:00:00 end 00:00:00 com.meizu.flyme.input} add to Batch{2f3dd216 num=1 start=45301662 end=45301662 STANDALONE}
06-14 14:56:23.127   874  1891 D AlarmManager:  alarm = Alarm{6595797 type 1 when 00:00:00 start 00:00:00 end 23:59:59 com.meizu.flyme.launcher} add to Batch{2f3dd216 num=2 start=45301662 end=45301662 STANDALONE}
06-14 14:56:23.127  2507  2530 D MonitorService: check channel state = CLOSED; Data{mKey='"sodino"', mAvailable=true, mType=WIFI, mConnType=1}
06-14 14:56:23.128  2507  2507 D LowBatteryScenes: on battery change level = 100; scale = 100; mPreviousMatch = false
06-14 14:56:23.128   874  1891 D AlarmManager:  alarm = Alarm{451d633 type 1 when 00:00:00 start 00:00:00 end 00:00:00 com.android.calendar} add to Batch{2f3dd216 num=3 start=45301662 end=45301662 STANDALONE}
06-14 14:56:23.129   874  1891 D AlarmManager:  alarm = Alarm{248dedf0 type 1 when 00:00:00 start 00:00:00 end 00:00:00 android} add to Batch{2f3dd216 num=4 start=45301662 end=45301662 STANDALONE}
06-14 14:56:23.129   874   925 D libc-netbsd: [getaddrinfo]: hostname=fe80::6a3e:34ff:feba:be0a; servname=(null); cache_mode=(null), netid=0; mark=0
06-14 14:56:23.129   874   925 D libc-netbsd: [getaddrinfo]: ai_addrlen=0; ai_canonname=(null); ai_flags=4; ai_family=0
06-14 14:56:23.134   874  1712 V AlarmManager: APP set(PendingIntent{2849a28f: PendingIntentRecord{207bf91c com.meizu.cloud broadcastIntent}}) : type=0 triggerAtTime=1497423385128 win=500 tElapsed=12689791 maxElapsed=12690291 interval=0 standalone=false
06-14 14:56:23.129   874   925 I Tethering: addressRemoved wlan0, fe80::6a3e:34ff:feba:be0a/64
06-14 14:56:23.131   874  1891 D AlarmManager:  alarm = Alarm{68d9f69 type 0 when 07:00:00 start 07:00:00 end 06:59:59 com.android.settings} add to Batch{25150dee num=1 start=70501662 end=70501662 STANDALONE}
06-14 14:56:23.134  2507  2530 I AlarmService: set {action=com.meizu.push.action.Monitor, period=2000, window=500, wakeup=true, set = 1497423383128}
06-14 14:56:23.135  2507  2530 I AlarmService: cancel {action=com.meizu.push.action.Ping, period=639090, window=16306, wakeup=true, set = 1497422810875}
06-14 14:56:23.137   874  1082 D AlarmManager: manual remove option = PendingIntent{2257c925: PendingIntentRecord{2898783c com.meizu.cloud broadcastIntent}}
06-14 14:56:23.137   874  1882 V AlarmManager: APP set(PendingIntent{16481afa: PendingIntentRecord{c47d8ab com.tencent.mm broadcastIntent}}) : type=2 triggerAtTime=12685298 win=-1 tElapsed=12689799 maxElapsed=12689799 interval=0 standalone=false
06-14 14:56:23.139   874  1882 D AlarmManager:  alarm = Alarm{1ddd8b08 type 2 when 14:56:28 start 14:56:27 end 14:56:29 com.tencent.mm} add to Batch{7e0d2a1 num=1 start=12689791 end=12690291}
06-14 14:56:23.140   874  1082 V AlarmManager: remove(operation) changed bounds; rebatching com.meizu.push.action.Ping
06-14 14:56:23.140  4918 13593 W art     : Native thread exiting without having called DetachCurrentThread (maybe it's going to use a pthread_key_create destructor?): Thread[25,tid=13593,Native,Thread*=0xeec53c00,peer=0x12f71340,"default"]
06-14 14:56:23.142   874  1082 D AlarmManager:  alarm = Alarm{246cecc6 type 2 when 14:56:23 start 14:56:22 end 14:56:24 com.tencent.mm} add to Batch{19a95487 num=1 start=12686963 end=12686963 STANDALONE}
06-14 14:56:23.143   874   968 D WifiHW  : leave --> reply=RSSI=-9999
06-14 14:56:23.143   874   968 D WifiHW  : LINKSPEED=0
06-14 14:56:23.143   874   968 D WifiHW  : NOISE=9999
06-14 14:56:23.143   874   968 D WifiHW  : FREQUENCY=2462
06-14 14:56:23.143   874   968 D WifiHW  : 
06-14 14:56:23.143   874   968 V ActivityManager: Broadcast sticky: Intent { act=android.net.wifi.STATE_CHANGE flg=0x4000010 (has extras) } ordered=false userid=-1 callerApp=ProcessRecord{2de77b41 874:system/1000}
06-14 14:56:23.144   874  1082 D AlarmManager:  alarm = Alarm{2c444fb4 type 0 when 14:56:25 start 14:56:25 end 14:56:25 com.meizu.cloud} add to Batch{19a95487 num=2 start=12686963 end=12686298 STANDALONE}
06-14 14:56:23.144   874   971 D ConnectivityService: NetworkAgentInfo [WIFI () - 104] EVENT_NETWORK_INFO_CHANGED, going from CONNECTED to DISCONNECTED
06-14 14:56:23.145   874   874 D PppoeStateTracker: Get link properties: {InterfaceName: wlan0 LinkAddresses: [fe80::6a3e:34ff:feba:be0a/64,192.168.2.2/24,]  Routes: [fe80::/64 -> :: wlan0,192.168.2.0/24 -> 0.0.0.0 wlan0,0.0.0.0/0 -> 192.168.2.1 wlan0,] DnsAddresses: [192.168.2.1,] Domains:  MTU: 0 TcpBufferSizes: 524288,1048576,2097152,262144,524288,1048576 PcscfAddresses: [] }
06-14 14:56:23.144   874   971 D ConnectivityService: NetworkAgentInfo [WIFI () - 104] got DISCONNECTED, was satisfying 2
06-14 14:56:23.145   874   874 D WifiWatchdogStateMachine: currentDetailState=CONNECTED
06-14 14:56:23.144   874   971 D NetdConnector: SND -> {681 network destroy 104}
06-14 14:56:23.145   874   989 D WifiWatchdogStateMachine: Network state change CONNECTED
06-14 14:56:23.145   874   874 D WifiService: onReceive, action:android.net.wifi.STATE_CHANGE
06-14 14:56:23.146   874   989 D WifiWatchdogStateMachine: Update current BSSID to null
06-14 14:56:23.146  1040  1040 D NetworkController: onReceive: intent=Intent { act=android.net.wifi.STATE_CHANGE flg=0x4000010 (has extras) }
06-14 14:56:23.147   296   779 D FrameworkListener: dispatchCommand data = (681 network destroy 104)
06-14 14:56:23.146   874   989 D WifiWatchdogStateMachine: BSSID changed
06-14 14:56:23.148   874   968 V ActivityManager: Broadcast sticky: Intent { act=android.net.wifi.STATE_CHANGE flg=0x4000010 (has extras) } ordered=false userid=-1 callerApp=ProcessRecord{2de77b41 874:system/1000}
06-14 14:56:23.146   874   989 D WifiWatchdogStateMachine: OnlineWatchState
06-14 14:56:23.149   874   968 V ActivityManager: Broadcast sticky: Intent { act=android.net.wifi.STATE_CHANGE flg=0x4000010 (has extras) } ordered=false userid=-1 callerApp=ProcessRecord{2de77b41 874:system/1000}
06-14 14:56:23.146   874   989 D WifiWatchdogStateMachine: OnlineState
06-14 14:56:23.146   874  1082 D AlarmManager:  alarm = Alarm{296f7dd type 3 when 17:25:30 start 17:25:30 end 17:25:30 android} add to Batch{2bbb0f52 num=1 start=21631909 end=21631909}
06-14 14:56:23.146  1040  1040 D NetworkController.WifiSignalController: isDirty : false
06-14 14:56:23.147  1040  1040 D NetworkController.WifiSignalController: Change in state from: connected=true,enabled=true,level=4,inetCondition=1,iconGroup=IconGroup(Wi-Fi Icons),activityIn=true,activityOut=true,rssi=-53,networkType=null,lastModified=06-14 02:55:37,ssid="sodino"enabling=falsedisabling=falseconnecting=false
06-14 14:56:23.147  1040  1040 D NetworkController.WifiSignalController: 	to: connected=true,enabled=true,level=4,inetCondition=1,iconGroup=IconGroup(Wi-Fi Icons),activityIn=true,activityOut=true,rssi=-53,networkType=null,lastModified=06-14 02:55:37,ssid=<unknown ssid>enabling=falsedisabling=falseconnecting=false
06-14 14:56:23.147  1040  1040 D WifiTile: onWifiSignalChanged info= CallbackInfo[enabled=true,connected=true,wifiSignalIconId=2130837780,enabledDesc=<unknown ssid>,activityIn=true,activityOut=true,wifiSignalContentDescription=WLAN信号满格。,enabling=false,connecting=false,disabling=false]
06-14 14:56:23.147  1040  1040 D NetworkController.WifiSignalController: Wifi notifyListeners: level= 4, wifiActivity= 3
06-14 14:56:23.147  1040  1040 D SignalClusterView: setWifiIndicators, visible=true, strengthIcon=2130839042, contentDescription=WLAN信号满格。
06-14 14:56:23.147   296   779 I Netd    : erase interfaceToTable before setting, interface wlan0
06-14 14:56:23.147   296   779 I Netd    : set interfaceToTable: interface wlan0, index 10
06-14 14:56:23.147   296   779 I Netd    : erase interfaceToTable before setting, interface wlan0
06-14 14:56:23.147   296   779 I Netd    : set interfaceToTable: interface wlan0, index 10
06-14 14:56:23.147   296   779 I Netd    : execIptablesCommand android_fork_execvp enter
06-14 14:56:23.148   874  1082 D AlarmManager:  alarm = Alarm{8bcb223 type 0 when 23:00:00 start 23:00:00 end 22:59:59 com.android.settings} add to Batch{20b0b320 num=1 start=41701662 end=41701662 STANDALONE}
06-14 14:56:23.149   874  1082 D AlarmManager:  alarm = Alarm{2c9034d9 type 1 when 00:00:00 start 00:00:00 end 00:00:00 android} add to Batch{2256ce9e num=1 start=45301662 end=45301662 STANDALONE}
06-14 14:56:23.151   874  1082 D AlarmManager:  alarm = Alarm{3e1e4d7f type 1 when 00:00:00 start 00:00:00 end 00:00:00 com.android.calendar} add to Batch{2256ce9e num=2 start=45301662 end=45301662 STANDALONE}
06-14 14:56:23.151  1428  1428 D wpa_supplicant: wlan0: State: DISCONNECTED -> SCANNING
06-14 14:56:23.151  1428  1428 D wpa_supplicant: CTRL_IFACE monitor sent successfully to /data/misc/wifi/sockets/wpa_ctrl_874-2\x00
06-14 14:56:23.151  1428  1428 D wpa_supplicant: wlan0: Starting AP scan for wildcard SSID
06-14 14:56:23.151  1428  1428 D wpa_supplicant: WPS: Building WPS IE for Probe Request
06-14 14:56:23.151  1428  1428 D wpa_supplicant: WPS:  * Version (hardcoded 0x10)
06-14 14:56:23.151  1428  1428 D wpa_supplicant: WPS:  * Request Type
06-14 14:56:23.151  1428  1428 D wpa_supplicant: WPS:  * Config Methods (4288)
06-14 14:56:23.151  1428  1428 D wpa_supplicant: WPS:  * UUID-E
06-14 14:56:23.151  1428  1428 D wpa_supplicant: WPS:  * Primary Device Type
06-14 14:56:23.151  1428  1428 D wpa_supplicant: WPS:  * RF Bands (3)
06-14 14:56:23.151  1428  1428 D wpa_supplicant: WPS:  * Association State
06-14 14:56:23.151  1428  1428 D wpa_supplicant: WPS:  * Configuration Error (0)
06-14 14:56:23.151  1428  1428 D wpa_supplicant: WPS:  * Device Password ID (0)
06-14 14:56:23.151  1428  1428 D wpa_supplicant: WPS:  * Manufacturer
06-14 14:56:23.151  1428  1428 D wpa_supplicant: WPS:  * Model Name
06-14 14:56:23.151  1428  1428 D wpa_supplicant: WPS:  * Model Number
06-14 14:56:23.151  1428  1428 D wpa_supplicant: WPS:  * Device Name
06-14 14:56:23.151  1428  1428 D wpa_supplicant: WPS:  * Version2 (0x20)
06-14 14:56:23.151   874  1961 D WifiHW  : [1] get event: IFNAME=wlan0 <3>CTRL-EVENT-STATE-CHANGE id=-1 state=3 BSSID=00:00:00:00:00:00 SSID=
06-14 14:56:23.151  1428  1428 D wpa_supplicant: P2P: * P2P IE header
06-14 14:56:23.151   874  1961 D WifiHW  : [2] get event: IFNAME=wlan0 CTRL-EVENT-STATE-CHANGE id=-1 state=3 BSSID=00:00:00:00:00:00 SSID=
06-14 14:56:23.151  1428  1428 D wpa_supplicant: P2P: * Capability dev=25 group=00
06-14 14:56:23.151  1428  1428 D wpa_supplicant: P2P: * Listen Channel: Regulatory Class 81 Channel 11
06-14 14:56:23.151  1428  1428 D wpa_supplicant: wlan0: Add radio work 'scan'@0x7f8e01c380
06-14 14:56:23.151  1428  1428 D wpa_supplicant: wlan0: First radio work item in the queue - schedule start immediately
06-14 14:56:23.151  1428  1428 D wpa_supplicant: wlan0: Starting radio work 'scan'@0x7f8e01c380 after 0.000064 second wait
06-14 14:56:23.151  1428  1428 D wpa_supplicant: wlan0: nl80211: scan request
06-14 14:56:23.151  1428  1428 D wpa_supplicant: nl80211: Scan SSID - hexdump(len=0): [NULL]
06-14 14:56:23.151  1428  1428 D wpa_supplicant: nl80211: Scan extra IEs - hexdump(len=147): dd 7e 00 50 f2 04 10 4a 00 01 10 10 3a 00 01 00 10 08 00 02 42 88 10 47 00 10 cf b4 8b c6 93 4e 53 18 8b 9d 93 6f 14 84 63 c0 10 54 00 08 00 0a 00 50 f2 04 00 05 10 3c 00 01 03 10 02 00 02 00 00 10 09 00 02 00 00 10 12 00 02 00 00 10 21 00 05 4d 65 69 7a 75 10 23 00 07 6d 32 20 6e 6f 74 65 10 24 00 07 6d 32 20 6e 6f 74 65 10 11 00 06 6d 32 6e 6f 74 65 10 49 00 06 00 37 2a 00 01 20 dd 11 50 6f 9a 09 02 02 00 25 00 06 05 00 43 4e 04 51 0b
06-14 14:56:23.152   331   331 D [BT3.0+HS]PAL: == chip_reset_fd is set ==
06-14 14:56:23.152   331   331 D [BT3.0+HS]PAL: 
06-14 14:56:23.152   331   331 D [BT3.0+HS]PAL: invalid reply message
06-14 14:56:23.152   331   331 D [BT3.0+HS]PAL: 
06-14 14:56:23.152  1428  1428 D wpa_supplicant: Scan requested (ret=0) - scan timeout 30 seconds
06-14 14:56:23.152  1428  1428 D wpa_supplicant: nl80211: Event message available
06-14 14:56:23.152  1428  1428 D wpa_supplicant: nl80211: Drv Event 33 (NL80211_CMD_TRIGGER_SCAN) received for wlan0
06-14 14:56:23.152  1428  1428 D wpa_supplicant: wlan0: nl80211: Scan trigger
06-14 14:56:23.152  1040  2068 D WifiTile: handleUpdateState arg=CallbackInfo[enabled=true,connected=true,wifiSignalIconId=2130837780,enabledDesc=<unknown ssid>,activityIn=true,activityOut=true,wifiSignalContentDescription=WLAN信号满格。,enabling=false,connecting=false,disabling=false]
06-14 14:56:23.152  1428  1428 D wpa_supplicant: wlan0: Event SCAN_STARTED (49) received
06-14 14:56:23.152  1428  1428 D wpa_supplicant: wlan0: Own scan request started a scan in 0.000124 seconds
06-14 14:56:23.152  1428  1428 D wpa_supplicant: CTRL_IFACE monitor sent successfully to /data/misc/wifi/sockets/wpa_ctrl_874-2\x00
06-14 14:56:23.163  1040  2068 D WifiTile: state.label=sodino state.enabled=true state.connected=true state.intermediate=false mDetailItemClickManuallyfalse
06-14 14:56:23.164  1040  2068 D MobileDataTile: handleUpdateState arg=CallbackInfo[enabled=false,wifiEnabled=true,wifiConnected=true,airplaneModeEnabled=false,mobileSignalIconId=0,dataTypeIconId=0,activityIn=false,activityOut=false,enabledDesc=null,noSim=true,mobileDataModeDesc=优先 4G]
06-14 14:56:23.174   874   968 E WifiStateMachine: WifiStateMachine: Leaving Connected state
06-14 14:56:23.174   874   874 D WifiService: onReceive, action:android.net.wifi.STATE_CHANGE
06-14 14:56:23.175   874  1082 D AlarmManager:  alarm = Alarm{1dbde14c type 1 when 23:59:59 start 00:00:00 end 00:00:00 com.meizu.flyme.input} add to Batch{2256ce9e num=3 start=45301662 end=45301662 STANDALONE}
06-14 14:56:23.175   874   928 I WifiDisplayController: Received NETWORK_STATE_CHANGED,con:false,SSID:null,Freq:0,netId:-1
06-14 14:56:23.177  1040  1040 D NetworkController.WifiSignalController: Wifi notifyListeners: level= 4, wifiActivity= 3
06-14 14:56:23.177  1040  1040 D SignalClusterView: setWifiIndicators, visible=true, strengthIcon=2130839042, contentDescription=WLAN信号满格。
06-14 14:56:23.177  1040  1040 D NetworkController.WifiSignalController: Wifi notifyListeners: level= 4, wifiActivity= 3
06-14 14:56:23.177  1040  1040 D SignalClusterView: setWifiIndicators, visible=true, strengthIcon=2130839042, contentDescription=WLAN信号满格。
06-14 14:56:23.178  1040  1040 D NetworkController.WifiSignalController: Wifi notifyListeners: level= 4, wifiActivity= 3
06-14 14:56:23.178  1040  1040 D SignalClusterView: setWifiIndicators, visible=true, strengthIcon=2130839042, contentDescription=WLAN信号满格。
06-14 14:56:23.178  1040  1040 D ConnectionRateView: DataConnection: new=true,old=true
06-14 14:56:23.178  1040  1040 D ConnectionRateView: DataConnection: new=true,old=true
06-14 14:56:23.180  1040  1040 D NetworkController: onReceive: intent=Intent { act=android.net.wifi.STATE_CHANGE flg=0x4000010 (has extras) }
06-14 14:56:23.180  1040  1040 D NetworkController.WifiSignalController: isDirty : false
06-14 14:56:23.181  1040  1040 D NetworkController.WifiSignalController: Change in state from: connected=true,enabled=true,level=4,inetCondition=1,iconGroup=IconGroup(Wi-Fi Icons),activityIn=true,activityOut=true,rssi=-53,networkType=null,lastModified=06-14 02:56:23,ssid=<unknown ssid>enabling=falsedisabling=falseconnecting=false
06-14 14:56:23.181  1040  1040 D NetworkController.WifiSignalController: 	to: connected=false,enabled=true,level=4,inetCondition=1,iconGroup=IconGroup(Wi-Fi Icons),activityIn=true,activityOut=true,rssi=-53,networkType=null,lastModified=06-14 02:56:23,ssid=<unknown ssid>enabling=falsedisabling=falseconnecting=false
06-14 14:56:23.181  1040  1040 D WifiTile: onWifiSignalChanged info= CallbackInfo[enabled=true,connected=false,wifiSignalIconId=2130837781,enabledDesc=null,activityIn=false,activityOut=false,wifiSignalContentDescription=WLAN连接已断开。,enabling=false,connecting=false,disabling=false]
06-14 14:56:23.181  1040  1040 D NetworkController.WifiSignalController: Wifi notifyListeners: level= 4, wifiActivity= 3
06-14 14:56:23.181  1040  1040 D SignalClusterView: setWifiIndicators, visible=false, strengthIcon=2130839042, contentDescription=WLAN连接已断开。
06-14 14:56:23.181  1040  1040 D NetworkController.WifiSignalController: Wifi notifyListeners: level= 4, wifiActivity= 3
06-14 14:56:23.181  1040  1040 D SignalClusterView: setWifiIndicators, visible=false, strengthIcon=2130839042, contentDescription=WLAN连接已断开。
06-14 14:56:23.181  1040  1040 D NetworkController.WifiSignalController: Wifi notifyListeners: level= 4, wifiActivity= 3
06-14 14:56:23.182  1040  1040 D SignalClusterView: setWifiIndicators, visible=false, strengthIcon=2130839042, contentDescription=WLAN连接已断开。
06-14 14:56:23.182  1040  1040 D NetworkController.WifiSignalController: Wifi notifyListeners: level= 4, wifiActivity= 3
06-14 14:56:23.182  1040  1040 D SignalClusterView: setWifiIndicators, visible=false, strengthIcon=2130839042, contentDescription=WLAN连接已断开。
06-14 14:56:23.182   874   895 W art     : Suspending all threads took: 7.138ms
06-14 14:56:23.184  1860  2231 V SettingsInterface:  from settings cache , name = multi_sim_data_call , value = -1
06-14 14:56:23.184  1040  1040 E NetworkController: No data sim selected
06-14 14:56:23.185  1040  1040 D ConnectionRateView: DataConnection: new=false,old=true
06-14 14:56:23.185  1040  1040 D ConnectionRateView: DataConnection: new=false,old=true
06-14 14:56:23.187   296   779 I Netd    : execIptablesCommand android_fork_execvp exit
06-14 14:56:23.187   296   779 I Netd    : execIptablesCommand android_fork_execvp enter
06-14 14:56:23.189   874  1961 D WifiHW  : enter -->wifi_wait_on_socket buflen=2048
06-14 14:56:23.189   874  1961 D WifiHW  : enter -->wifi_ctrl_recv
06-14 14:56:23.189   874  1961 D WifiHW  : [1] get event: IFNAME=wlan0 <3>CTRL-EVENT-SCAN-STARTED 
06-14 14:56:23.189   874  1961 D WifiHW  : [2] get event: IFNAME=wlan0 CTRL-EVENT-SCAN-STARTED 
06-14 14:56:23.192   874   874 D WifiService: onReceive, action:android.net.wifi.STATE_CHANGE
06-14 14:56:23.189   874  1961 D WifiHW  : enter -->wifi_wait_on_socket buflen=2048
06-14 14:56:23.193   874  1082 D AlarmManager: set alarm to RTC 2-12685798-14:56:24
06-14 14:56:23.189   874  1961 D WifiHW  : enter -->wifi_ctrl_recv
06-14 14:56:23.194   874   899 V AlarmManager: APP set(PendingIntent{328dc638: PendingIntentRecord{12a611 com.tencent.mm broadcastIntent}}) : type=2 triggerAtTime=13284802 win=-1 tElapsed=13284802 maxElapsed=13734801 interval=0 standalone=false
06-14 14:56:23.190   874  1082 D AlarmManager:  alarm = Alarm{11464595 type 1 when 00:00:00 start 00:00:00 end 00:00:00 com.meizu.safe} add to Batch{2256ce9e num=4 start=45301662 end=45301662 STANDALONE}
06-14 14:56:23.190   874   874 D WifiWatchdogStateMachine: currentDetailState=DISCONNECTED
06-14 14:56:23.191   874   989 D WifiWatchdogStateMachine: Network state change DISCONNECTED
06-14 14:56:23.191   874   989 D WifiWatchdogStateMachine: Update current BSSID to null
06-14 14:56:23.191   874   989 D WifiWatchdogStateMachine: NotConnectedState
06-14 14:56:23.192   874  1082 D AlarmManager:  alarm = Alarm{2a5d36aa type 0 when 07:00:00 start 07:00:00 end 07:00:00 com.android.settings} add to Batch{21d4429b num=1 start=70501662 end=70501662 STANDALONE}
06-14 14:56:23.192   874   874 D WifiWatchdogStateMachine: currentDetailState=DISCONNECTED
06-14 14:56:23.193   874   989 D WifiWatchdogStateMachine: Network state change DISCONNECTED
06-14 14:56:23.193   874   989 D WifiWatchdogStateMachine: Update current BSSID to null
06-14 14:56:23.193   874   989 D WifiWatchdogStateMachine: NotConnectedState
06-14 14:56:23.194   874   968 D WifiStateMachine: mRssiHistoryQueue size 20
06-14 14:56:23.194   874   968 D WifiStateMachine: -80.4-65.2
06-14 14:56:23.194   874   968 D WifiStateMachine: firstRssi -39.333332 lastRssi -49.666668
06-14 14:56:23.194   874   968 D WifiStateMachine: mRssiHistoryQueue -36,-36,-46,-51,-52,-55,-53,-55,-55,-57,-53,-53,-52,-51,-52,-51,-53,-52,-52,-45,
06-14 14:56:23.195  1860  2369 V SettingsInterface:  from settings cache , name = multi_sim_voice_call , value = null
06-14 14:56:23.197  1860 13323 V SettingsInterface:  from settings cache , name = multi_sim_data_call , value = -1
06-14 14:56:23.198  1860  1881 V SettingsInterface:  from settings cache , name = multi_sim_sms , value = null
06-14 14:56:23.199  1860  2231 V SettingsInterface:  from settings cache , name = multi_sim_voice_call , value = null
06-14 14:56:23.199   874   895 I art     : Background sticky concurrent mark sweep GC freed 30536(1456KB) AllocSpace objects, 1(20KB) LOS objects, 3% free, 43MB/44MB, paused 13.664ms total 68.939ms
06-14 14:56:23.200  1860  2189 V SettingsInterface:  from settings cache , name = multi_sim_voice_call , value = null
06-14 14:56:23.203   874   968 D WifiStateMachine: A -0.12153589 firstRssi -39.333332 lastRssi -49.666668
06-14 14:56:23.203   874   968 D WifiStateMachine: needRecover false
06-14 14:56:23.204  1040  1040 D NetworkController: onReceive: intent=Intent { act=android.net.wifi.STATE_CHANGE flg=0x4000010 (has extras) }
06-14 14:56:23.204  1040  1040 D NetworkController.WifiSignalController: isDirty : false
06-14 14:56:23.205   296   779 I Netd    : execIptablesCommand android_fork_execvp exit
06-14 14:56:23.205  1860  2369 V SettingsInterface:  from settings cache , name = multi_sim_data_call , value = -1
06-14 14:56:23.206   296   779 I Netd    : erase interfaceToTable before setting, interface wlan0
06-14 14:56:23.206   296   779 I Netd    : set interfaceToTable: interface wlan0, index 10
06-14 14:56:23.206   874   968 E WifiStateMachine: L2ConnectedState exit
06-14 14:56:23.206   874   968 V SettingsInterface:  from settings cache , name = wifi_framework_scan_interval_ms , value = null
06-14 14:56:23.207  1040  2068 D MobileDataController: isValidSubId subId:-1
06-14 14:56:23.207 32355 32419 D MLog    : org.eclipse.paho.client.mqttv3.internal.CommsTokenStore::quiesce -> 309 inserts:1 客户机正在断开连接 (32102) 
06-14 14:56:23.208  1040  2068 D MobileDataController: is valid: false
06-14 14:56:23.208 32355 32419 D MLog    : org.eclipse.paho.client.mqttv3.internal.ClientComms::handleOldTokens -> 222
06-14 14:56:23.208 32355 32419 D MLog    : org.eclipse.paho.client.mqttv3.internal.CommsTokenStore::saveToken -> 307 inserts:2 Ping org.eclipse.paho.client.mqttv3.MqttToken@22ae21d3 
06-14 14:56:23.208  1040  2068 D MobileDataTile: handleUpdateState state=SignalState[visible=false,icon=ResourceIcon[resId=0x7f0204cb],label=移动数据,contentDescription=null,dualLabelContentDescription=null,autoMirrorDrawable=true,intermediate=false,enabled=false,connected=false,activityIn=false,activityOut=false,overlayIconId=0,filter=true,wideOverlayIcon=false]
06-14 14:56:23.209  1040  2068 D WifiTile: handleUpdateState arg=CallbackInfo[enabled=true,connected=false,wifiSignalIconId=2130837781,enabledDesc=null,activityIn=false,activityOut=false,wifiSignalContentDescription=WLAN连接已断开。,enabling=false,connecting=false,disabling=false]
06-14 14:56:23.209  1040  2068 D WifiTile: state.label=无线网络 state.enabled=true state.connected=false state.intermediate=false mDetailItemClickManuallyfalse
06-14 14:56:23.209  1040  2068 D QSPanel : onStateChanged: com.android.systemui.qs.tiles.WifiTile@5f657f4, v: 0, gv: true
06-14 14:56:23.209  1040  2068 D MobileDataTile: handleUpdateState arg=CallbackInfo[enabled=false,wifiEnabled=true,wifiConnected=false,airplaneModeEnabled=false,mobileSignalIconId=0,dataTypeIconId=0,activityIn=false,activityOut=false,enabledDesc=null,noSim=true,mobileDataModeDesc=优先 4G]
06-14 14:56:23.209   874   968 V AlarmManager: APP set(PendingIntent{4dafaa3: PendingIntentRecord{2d98f159 android broadcastIntent}}) : type=0 triggerAtTime=1497423683209 win=-1 tElapsed=12984871 maxElapsed=13209871 interval=0 standalone=false
06-14 14:56:23.209   874   968 D WifiStateMachine: mFrameworkScanStopSupport:true, mFrameworkScanStopDelayMs:300000
06-14 14:56:23.210   874   968 V ActivityManager: Broadcast sticky: Intent { act=android.net.wifi.supplicant.STATE_CHANGE flg=0x24000010 (has extras) } ordered=false userid=-1 callerApp=ProcessRecord{2de77b41 874:system/1000}
06-14 14:56:23.209   874   968 D WifiStateMachine: Start timer setStopScanAlarm!
06-14 14:56:23.209   874   968 D WifiStateMachine: setStopScanAlarm, mFrameworkScanStopDelayMs:300000
06-14 14:56:23.209 32355 32419 D MLog    : org.eclipse.paho.client.mqttv3.internal.ClientState::resolveOldTokens -> 632 inserts:1 已断开连接 (32109) - java.net.SocketException: recvfrom failed: ETIMEDOUT (Connection timed out) 
06-14 14:56:23.209 32355 32419 D MLog    : org.eclipse.paho.client.mqttv3.internal.CommsTokenStore::getOutstandingTokens -> 312
06-14 14:56:23.209 32355 32419 D MLog    : org.eclipse.paho.client.mqttv3.internal.CommsTokenStore::removeToken -> 306 inserts:1 Ping 
06-14 14:56:23.209 32355 32419 D MLog    : org.eclipse.paho.client.mqttv3.internal.CommsCallback::handleActionComplete -> 705 inserts:1 Ping 
06-14 14:56:23.210 32355 32419 D MLog    : org.eclipse.paho.client.mqttv3.internal.ClientState::notifyComplete -> 629 inserts:3 0 org.eclipse.paho.client.mqttv3.MqttToken@22ae21d3 PINGRESP msgId 0 
06-14 14:56:23.210 32355 32419 D MLog    : org.eclipse.paho.client.mqttv3.internal.Token::notifyComplete -> 404 inserts:3 Ping PINGRESP msgId 0 [null] 
06-14 14:56:23.210 32355 32419 D MLog    : org.eclipse.paho.client.mqttv3.internal.ClientState::disconnected -> 633 inserts:1 已断开连接 (32109) - java.net.SocketException: recvfrom failed: ETIMEDOUT (Connection timed out) 
06-14 14:56:23.210 32355 32419 D MLog    : org.eclipse.paho.client.mqttv3.internal.ClientState::clearState -> >
06-14 14:56:23.210  1860  2189 V SettingsInterface:  from settings cache , name = multi_sim_voice_call , value = null
06-14 14:56:23.212   874   968 D WifiStateMachine: configureLinkProperties, mLinkProperties:{LinkAddresses: []  Routes: [] DnsAddresses: [] Domains: null MTU: 0 PcscfAddresses: [] }
06-14 14:56:23.213  1860  2369 V SettingsInterface:  from settings cache , name = multi_sim_data_call , value = -1
06-14 14:56:23.213  1040  2068 D MobileDataController: isValidSubId subId:-1
06-14 14:56:23.213  1040  2068 D MobileDataController: is valid: false
06-14 14:56:23.214   874   968 D WifiStateMachine: configureLinkProperties, mLinkProperties:{InterfaceName: wlan0 LinkAddresses: []  Routes: [] DnsAddresses: [] Domains: null MTU: 0 TcpBufferSizes: 524288,1048576,2097152,262144,524288,1048576 PcscfAddresses: [] }
06-14 14:56:23.214  1040  2068 D MobileDataTile: handleUpdateState state=SignalState[visible=false,icon=ResourceIcon[resId=0x7f0204cb],label=移动数据,contentDescription=null,dualLabelContentDescription=null,autoMirrorDrawable=true,intermediate=false,enabled=false,connected=false,activityIn=false,activityOut=false,overlayIconId=0,filter=true,wideOverlayIcon=false]
06-14 14:56:23.214  1040  2068 D QSPanel : onStateChanged: com.flyme.systemui.qs.tiles.VpnTile@3dc97a95, v: 8, gv: true
06-14 14:56:23.216   874   968 D WifiStateMachine: configureLinkProperties, mLinkProperties:{InterfaceName: wlan0 LinkAddresses: []  Routes: [] DnsAddresses: [] Domains: null MTU: 0 TcpBufferSizes: 524288,1048576,2097152,262144,524288,1048576 PcscfAddresses: [] }
06-14 14:56:23.216   874   968 D WifiNetworkAgent: NetworkAgent: NetworkAgent channel lost
06-14 14:56:23.217   874   968 V ActivityManager: Broadcast sticky: Intent { act=android.net.wifi.STATE_CHANGE flg=0x4000010 (has extras) } ordered=false userid=-1 callerApp=ProcessRecord{2de77b41 874:system/1000}
06-14 14:56:23.218   874   874 D WifiService: onReceive, action:android.net.wifi.STATE_CHANGE
06-14 14:56:23.218   874   989 D WifiWatchdogStateMachine: Network state change SCANNING
06-14 14:56:23.218   874   989 D WifiWatchdogStateMachine: Update current BSSID to null
06-14 14:56:23.218   874   989 D WifiWatchdogStateMachine: NotConnectedState
06-14 14:56:23.219   874   968 D WifiHW  : enter -->wifi_send_command cmd=IFNAME=wlan0 SCAN TYPE=ONLY
06-14 14:56:23.219  1428  1428 D wpa_supplicant: wlan0: Control interface command 'SCAN TYPE=ONLY'
06-14 14:56:23.220   874   968 V ActivityManager: Broadcast sticky: Intent { act=android.net.wifi.supplicant.STATE_CHANGE flg=0x24000010 (has extras) } ordered=false userid=-1 callerApp=ProcessRecord{2de77b41 874:system/1000}
06-14 14:56:23.219  1428  1428 D wpa_supplicant: Ongoing scan action - reject new request
06-14 14:56:23.221 32355 32419 D MLog    : org.eclipse.paho.client.mqttv3.internal.CommsTokenStore::clear -> 305 inserts:1 0 
06-14 14:56:23.221 32355 32419 D MLog    : org.eclipse.paho.client.mqttv3.internal.CommsSender::stop -> 800
06-14 14:56:23.221 32355 32419 D MLog    : org.eclipse.paho.client.mqttv3.internal.ClientState::notifyQueueLock -> 638
06-14 14:56:23.221 32355 32420 D MLog    : org.eclipse.paho.client.mqttv3.internal.ClientState::get -> 647
06-14 14:56:23.222 32355 32420 D MLog    : org.eclipse.paho.client.mqttv3.internal.ClientState::get -> 621
06-14 14:56:23.222 32355 32420 D MLog    : org.eclipse.paho.client.mqttv3.internal.CommsSender::run -> 803
06-14 14:56:23.222 32355 32420 D MLog    : org.eclipse.paho.client.mqttv3.internal.CommsSender::run -> 805
06-14 14:56:23.222 32355 32419 D MLog    : org.eclipse.paho.client.mqttv3.internal.CommsSender::stop -> 801
06-14 14:56:23.223   874  1830 D AlarmManager: manual remove option = PendingIntent{38b01376: PendingIntentRecord{7f56fb1 com.meitu.mtsdk broadcastIntent}}
06-14 14:56:23.223   874  1830 V AlarmManager: remove(operation) changed bounds; rebatching MqttService.pingSender.17241a5a-51a1-401d-bc08-4c3708f8458a
06-14 14:56:23.225   874  1830 D AlarmManager:  alarm = Alarm{c2a6d77 type 0 when 14:56:25 start 14:56:25 end 14:56:25 com.meizu.cloud} add to Batch{3c750de4 num=1 start=12684298 end=12686298 STANDALONE}
06-14 14:56:23.226   296   779 I Netd    : skip erase interfaceToTable: interface wlan0
06-14 14:56:23.228   874  1830 D AlarmManager:  alarm = Alarm{a6a924d type 3 when 17:25:30 start 17:25:30 end 17:25:30 android} add to Batch{1c81f102 num=1 start=21631909 end=21631909}
06-14 14:56:23.228  1040  1040 D QSPanel : handleSetTileVisibility END: 8, true
06-14 14:56:23.229   296   779 I Netd    :  ip    displayRoutes rule start+++++++++
06-14 14:56:23.229  1040  1040 D NetworkController: onReceive: intent=Intent { act=android.net.wifi.STATE_CHANGE flg=0x4000010 (has extras) }
06-14 14:56:23.229  1040  1040 D NetworkController.WifiSignalController: isDirty : false
06-14 14:56:23.230   874  1830 D AlarmManager:  alarm = Alarm{244e6a13 type 0 when 23:00:00 start 23:00:00 end 23:00:00 com.android.settings} add to Batch{37672450 num=1 start=41701662 end=41701662 STANDALONE}
06-14 14:56:23.232   874  1830 D AlarmManager:  alarm = Alarm{29db0649 type 1 when 00:00:00 start 00:00:00 end 00:00:00 com.meizu.safe} add to Batch{33a21b4e num=1 start=45301662 end=45301662 STANDALONE}
06-14 14:56:23.233   874  1830 D AlarmManager:  alarm = Alarm{cab946f type 1 when 00:00:00 start 23:59:59 end 00:00:00 com.meizu.flyme.input} add to Batch{33a21b4e num=2 start=45301662 end=45301662 STANDALONE}
06-14 14:56:23.234   296   779 I ip      : 0:	from all lookup local 
06-14 14:56:23.234   296   779 I ip      : 10000:	from all fwmark 0xc0000/0xd0000 lookup legacy_system 
06-14 14:56:23.234   296   779 I ip      : 13000:	from all fwmark 0x10063/0x1ffff lookup local_network 
06-14 14:56:23.234   296   779 I ip      : 15000:	from all fwmark 0x0/0x10000 lookup legacy_system 
06-14 14:56:23.234   296   779 I ip      : 16000:	from all fwmark 0x0/0x10000 lookup legacy_network 
06-14 14:56:23.234   296   779 I ip      : 17000:	from all fwmark 0x0/0x10000 lookup local_network 
06-14 14:56:23.234   296   779 I ip      : 23000:	from all fwmark 0x0/0xffff uidrange 0-0 lookup main 
06-14 14:56:23.235   296   779 I ip      : 32000:	from all unreachable
06-14 14:56:23.235   874  1830 D AlarmManager:  alarm = Alarm{2922357c type 1 when 00:00:00 start 00:00:00 end 00:00:00 android} add to Batch{33a21b4e num=3 start=45301662 end=45301662 STANDALONE}
06-14 14:56:23.235   296   779 I Netd    :  ip    displayRoutes rule done----------
06-14 14:56:23.235   296   779 I Netd    :  ip    displayRoutes start+++++++++
06-14 14:56:23.236   874  1830 D AlarmManager:  alarm = Alarm{9c4be05 type 1 when 00:00:00 start 00:00:00 end 00:00:00 com.meizu.flyme.launcher} add to Batch{33a21b4e num=4 start=45301662 end=45301662 STANDALONE}
06-14 14:56:23.238   874  1830 D AlarmManager:  alarm = Alarm{17889e5a type 0 when 07:00:00 start 07:00:00 end 07:00:00 com.android.settings} add to Batch{3907088b num=1 start=70501663 end=70501663 STANDALONE}
06-14 14:56:23.239 32355 32419 D AlarmPingSender: Unregister alarmreceiver to MqttService17241a5a-51a1-401d-bc08-4c3708f8458a
06-14 14:56:23.240 32355 32419 D MLog    : org.eclipse.paho.client.mqttv3.internal.ClientComms::shutdownConnection -> 217
06-14 14:56:23.240 32355 32419 D MLog    : org.eclipse.paho.client.mqttv3.internal.CommsCallback::connectionLost -> 708 inserts:1 已断开连接 (32109) - java.net.SocketException: recvfrom failed: ETIMEDOUT (Connection timed out) 
06-14 14:56:23.241   296   779 I ip      : broadcast 127.0.0.0 dev lo  table local  proto kernel  scope link  src 127.0.0.1 
06-14 14:56:23.241   296   779 I ip      : local 127.0.0.0/8 dev lo  table local  proto kernel  scope host  src 127.0.0.1 
06-14 14:56:23.241   296   779 I ip      : local 127.0.0.1 dev lo  table local  proto kernel  scope host  src 127.0.0.1 
06-14 14:56:23.241   296   779 I ip      : broadcast 127.255.255.255 dev lo  table local  proto kernel  scope link  src 127.0.0.1 
06-14 14:56:23.241 32355 32419 D MLog    : org.eclipse.paho.client.mqttv3.MqttAsyncClient::disconnect -> 104 inserts:3 30000 [null] org.eclipse.paho.android.service.MqttConnection$2@ea4e110 
06-14 14:56:23.241   296   779 I ip      : local ::1 dev lo  table local  proto none  metric 0 
06-14 14:56:23.242 32355 32419 D MLog    : org.eclipse.paho.client.mqttv3.internal.ClientComms::disconnect -> 211
06-14 14:56:23.242   296   779 I Netd    :  ip    displayRoutes done----------
06-14 14:56:23.242 32355 32419 D MLog    : org.eclipse.paho.client.mqttv3.MqttAsyncClient::disconnect -> 105 inserts:0 
06-14 14:56:23.242   296   779 D SocketClient: SocketClient sendData done: 200 681 success
06-14 14:56:23.242   874   960 D NetdConnector: RCV <- {200 681 success}
06-14 14:56:23.242   874   971 D NetdConnector: RMV <- {200 681 success}
06-14 14:56:23.243   874   971 D NetworkStats: triggering delayed 1 second to updateIfaces
06-14 14:56:23.243   874   971 D ConnectivityService: notifyType LOST for NetworkAgentInfo [WIFI () - 104]
06-14 14:56:23.243   874   971 D ConnectivityService:  sending notification for NetworkRequest [ id=1, legacyType=-1, [ Capabilities: INTERNET&NOT_RESTRICTED&TRUSTED&NOT_VPN] ]
06-14 14:56:23.243   874   971 D ConnectivityService:  sending notification for NetworkRequest [ id=2, legacyType=-1, [] ]
06-14 14:56:23.243   874   971 D ConnectivityService: sending notification LOST for NetworkRequest [ id=2, legacyType=-1, [] ]
06-14 14:56:23.244   874 13481 D NetworkMonitor/NetworkAgentInfo [WIFI () - 104]: ValidatedState{ when=0 what=532487 target=com.android.internal.util.StateMachine$SmHandler }
06-14 14:56:23.244   874 13481 D NetworkMonitor/NetworkAgentInfo [WIFI () - 104]: DefaultState{ when=-1ms what=532487 target=com.android.internal.util.StateMachine$SmHandler }
06-14 14:56:23.244   874 13481 D NetworkMonitor/NetworkAgentInfo [WIFI () - 104]: Disconnected - quitting
06-14 14:56:23.244   874   971 D CSLegacyTypeTracker: Removing agent NetworkAgentInfo{ ni{[type: WIFI[], state: DISCONNECTED/DISCONNECTED, reason: (unspecified), extra: <unknown ssid>, roaming: false, failover: false, isAvailable: true, isConnectedToProvisioningNetwork: false]}  network{104}  lp{{InterfaceName: wlan0 LinkAddresses: [fe80::6a3e:34ff:feba:be0a/64,192.168.2.2/24,]  Routes: [fe80::/64 -> :: wlan0,192.168.2.0/24 -> 0.0.0.0 wlan0,0.0.0.0/0 -> 192.168.2.1 wlan0,] DnsAddresses: [192.168.2.1,] Domains:  MTU: 0 TcpBufferSizes: 524288,1048576,2097152,262144,524288,1048576 PcscfAddresses: [] }}  nc{[ Transports: WIFI Capabilities: INTERNET&NOT_RESTRICTED&TRUSTED&NOT_VPN LinkUpBandwidth>=1048576Kbps LinkDnBandwidth>=1048576Kbps]}  Score{100}  everValidated{true}  lastValidated{true}  created{true}  explicitlySelected{false}  subscriberId{null} }
06-14 14:56:23.244   874   971 D CSLegacyTypeTracker: Sending disconnected broadcast for type 1 NetworkAgentInfo [WIFI () - 104] isDefaultNetwork=true
06-14 14:56:23.244  1040  2066 D ConnectivityManager.CallbackHandler: CM callback handler got msg 524292
06-14 14:56:23.244   874   971 D ConnectivityService: sendStickyBroadcast: action=android.net.conn.CONNECTIVITY_CHANGE_IMMEDIATE
06-14 14:56:23.245 32355 32419 D MLog    : Thread:MQTT Rec: 17241a5a-51a1-401d-bc08-4c3708f8458a  MyJsr47Logger#fine()--->fine exception start:已断开客户机连接
06-14 14:56:23.244   874   971 V ActivityManager: Broadcast sticky: Intent { act=android.net.conn.CONNECTIVITY_CHANGE_IMMEDIATE flg=0x4000010 (has extras) } ordered=false userid=-1 callerApp=ProcessRecord{2de77b41 874:system/1000}
06-14 14:56:23.245 32355 32419 W System.err: 已断开客户机连接 (32101)
06-14 14:56:23.245   874   971 D ConnectivityService: sendStickyBroadcast: action=android.net.conn.CONNECTIVITY_CHANGE
06-14 14:56:23.246   874   922 D GpsLocationProvider: receive broadcast intent, action: android.net.conn.CONNECTIVITY_CHANGE_IMMEDIATE
06-14 14:56:23.245   874   966 V NetworkPolicy: ensureActiveMobilePolicyLocked()
06-14 14:56:23.246  1040  1040 D NetworkController: onReceive: intent=Intent { act=android.net.conn.CONNECTIVITY_CHANGE_IMMEDIATE flg=0x4000010 (has extras) }
06-14 14:56:23.246   874   971 V ActivityManager: Broadcast sticky: Intent { act=android.net.conn.CONNECTIVITY_CHANGE flg=0x4000010 (has extras) } ordered=false userid=-1 callerApp=ProcessRecord{2de77b41 874:system/1000}
06-14 14:56:23.247  1040  1040 D NetworkController: updateConnectivity: mConnectedTransports={1}
06-14 14:56:23.247 32355 32419 W System.err: 	at org.eclipse.paho.client.mqttv3.internal.ExceptionHelper.createMqttException(ExceptionHelper.java:31)
06-14 14:56:23.247   874   971 D ConnectivityService: sendStickyBroadcast: action=android.net.conn.CONNECTIVITY_CHANGE_IMMEDIATE
06-14 14:56:23.247  1040  1040 D NetworkController: updateConnectivity: mValidatedTransports={1}
06-14 14:56:23.249   874   874 D RealtimeNetworkDiagnostics: WLAN disconnected
06-14 14:56:23.247 32355 32419 W System.err: 	at org.eclipse.paho.client.mqttv3.internal.ClientComms.disconnect(ClientComms.java:467)
06-14 14:56:23.249   874   874 D RealtimeNetworkDiagnostics: None notify cached with type 0
06-14 14:56:23.247 32355 32419 W System.err: 	at org.eclipse.paho.client.mqttv3.MqttAsyncClient.disconnect(MqttAsyncClient.java:703)
06-14 14:56:23.249   874   966 V NetworkPolicy: updateNetworkEnabledLocked()
06-14 14:56:23.247 32355 32419 W System.err: 	at org.eclipse.paho.client.mqttv3.MqttAsyncClient.disconnect(MqttAsyncClient.java:672)
06-14 14:56:23.250   874   874 D SambaClientService: setNetbiosname:魅蓝 note 2
06-14 14:56:23.247 32355 32419 W System.err: 	at org.eclipse.paho.android.service.MqttConnection.connectionLost(MqttConnection.java:811)
06-14 14:56:23.250   874   874 D SambaClientService: getLegalDeviceName NOT US-ASCII ,using Meizu_0.0.0
06-14 14:56:23.247 32355 32419 W System.err: 	at org.eclipse.paho.client.mqttv3.internal.CommsCallback.connectionLost(CommsCallback.java:270)
06-14 14:56:23.250   874   874 D SambaClientService: send setNetbiosname message:魅蓝 note 2
06-14 14:56:23.247 32355 32419 W System.err: 	at org.eclipse.paho.client.mqttv3.internal.ClientComms.shutdownConnection(ClientComms.java:401)
06-14 14:56:23.251   874   874 I NetworkIdentity: buildNetworkIdentity:
06-14 14:56:23.247 32355 32419 W System.err: 	at org.eclipse.paho.client.mqttv3.internal.CommsReceiver.run(CommsReceiver.java:164)
06-14 14:56:23.251   874   966 V NetworkPolicy:  checking policy:NetworkPolicy[NetworkTemplate: matchRule=MOBILE_ALL, matchSubscriberIds=[null]]: cycleDay=19, cycleTimezone=Asia/Shanghai, warningBytes=104857600, limitBytes=-1, lastWarningSnooze=-1, lastLimitSnooze=-1, metered=true, inferred=true
06-14 14:56:23.247 32355 32419 W System.err: 	at java.lang.Thread.run(Thread.java:818)
06-14 14:56:23.251   874   874 I NetworkIdentity: networkId = <unknown ssid>
06-14 14:56:23.247  1860  2369 V SettingsInterface:  from settings cache , name = multi_sim_data_call , value = -1
06-14 14:56:23.251   874   976 D SambaClientConnector: SND -> {15 samba setnetbios Meizu-0.0.0}
06-14 14:56:23.248  1040  1040 E NetworkController: No data sim selected
06-14 14:56:23.252   297   898 D FrameworkListener: dispatchCommand data = (15 samba setnetbios Meizu-0.0.0)
06-14 14:56:23.248  1040  1040 D ConnectionRateView: DataConnection: new=false,old=false
06-14 14:56:23.252   297   898 D CommandListener: samba runcommand : samba, setnetbios, argc 3
06-14 14:56:23.248  1040  1040 D ConnectionRateView: DataConnection: new=false,old=false
06-14 14:56:23.252   297   898 D SambaConfigFile: writeconfig![/data/misc/samba/lib/smb.conf]
06-14 14:56:23.248  1040  1040 D NetworkController.WifiSignalController: isDirty : false
06-14 14:56:23.253   874   966 V NetworkPolicy:  checking policy:NetworkPolicy[NetworkTemplate: matchRule=MOBILE_ALL, subscriberId=460028..., matchSubscriberIds=[460028...]]: cycleDay=1, cycleTimezone=Asia/Shanghai, warningBytes=2412510335, limitBytes=3015637919, lastWarningSnooze=-1, lastLimitSnooze=-1, metered=true, inferred=false
06-14 14:56:23.250   874   874 I Tethering: StateReceiver onReceive action:android.net.conn.CONNECTIVITY_CHANGE
06-14 14:56:23.253   874   966 V NetworkPolicy:  checking policy:NetworkPolicy[NetworkTemplate: matchRule=MOBILE_ALL, subscriberId=460006..., matchSubscriberIds=[460006...]]: cycleDay=1, cycleTimezone=Asia/Shanghai, warningBytes=104857600, limitBytes=-1, lastWarningSnooze=-1, lastLimitSnooze=-1, metered=true, inferred=false
06-14 14:56:23.250   874   874 I Tethering: Tethering got CONNECTIVITY_ACTION, networkInfo:[type: WIFI[], state: DISCONNECTED/DISCONNECTED, reason: (unspecified), extra: <unknown ssid>, roaming: false, failover: false, isAvailable: true, isConnectedToProvisioningNetwork: false]
06-14 14:56:23.253   874   966 V NetworkPolicy:  checking policy:NetworkPolicy[NetworkTemplate: matchRule=MOBILE_ALL, subscriberId=460028..., matchSubscriberIds=[460028...]]: cycleDay=1, cycleTimezone=Asia/Shanghai, warningBytes=-1, limitBytes=-1, lastWarningSnooze=-1, lastLimitSnooze=-1, metered=true, inferred=false
06-14 14:56:23.250   874   874 D Tethering: Tethering got CONNECTIVITY_ACTION
06-14 14:56:23.253   874   966 V NetworkPolicy: updateNetworkRulesLocked()
06-14 14:56:23.250   874   874 D Tethering: isTetheringIpv6Support: true
06-14 14:56:23.254   874   966 V NetworkPolicy: updateNotificationsLocked()
06-14 14:56:23.250   874   927 D Tethering: [MSM_Initial][TetherMaster] processMessage what=3
06-14 14:56:23.254   297   898 D SocketClient: SocketClient sendData done: 700 15 0
06-14 14:56:23.250   874   874 V SettingsInterface:  from settings cache , name = meizu_device_name , value = 魅蓝 note 2
06-14 14:56:23.254   874   975 D SambaClientConnector: RCV <- {700 15 0}
06-14 14:56:23.251  1860  1881 V SettingsInterface:  from settings cache , name = multi_sim_data_call , value = -1
06-14 14:56:23.254   874   976 D SambaClientConnector: RMV <- {700 15 0}
06-14 14:56:23.254   297   898 D SambaController: [/data/misc/samba/var/locks/nmbd.pid] not exist!
06-14 14:56:23.258   874   971 V ActivityManager: Broadcast sticky: Intent { act=android.net.conn.CONNECTIVITY_CHANGE_IMMEDIATE flg=0x4000010 (has extras) } ordered=false userid=-1 callerApp=ProcessRecord{2de77b41 874:system/1000}
06-14 14:56:23.254   297   898 D SambaController: setNetbiosName nmbd is not running!
06-14 14:56:23.262   874   966 V NetworkStats: advisePersistThreshold() given 9223372036854775, clamped to 2097152
06-14 14:56:23.254 32355 32419 D MLog    : Thread:MQTT Rec: 17241a5a-51a1-401d-bc08-4c3708f8458a  MyJsr47Logger#fine()--->fine exception end
06-14 14:56:23.262   874   966 V NetworkStatsRecorder: setPersistThreshold() with 2097152
06-14 14:56:23.256  2611  2611 V SettingsInterface:  from settings cache , name = member_host , value = null
06-14 14:56:23.262   874   966 V NetworkStatsRecorder: setPersistThreshold() with 2097152
06-14 14:56:23.257  1561  1561 D PowerBroadcastCenter: receive intent: android.net.conn.CONNECTIVITY_CHANGE
06-14 14:56:23.262   874   966 V NetworkStatsRecorder: setPersistThreshold() with 2097152
06-14 14:56:23.258  2611  2611 V SettingsInterface:  from settings cache , name = findphone_host , value = null
06-14 14:56:23.262   874   966 V NetworkStatsRecorder: setPersistThreshold() with 2097152
06-14 14:56:23.258  1561  1750 D UpdateManager: checkAppUpdate connect is not avaiable
06-14 14:56:23.266   874   966 D NetdConnector: SND -> {682 bandwidth setglobalalert 2097152}
06-14 14:56:23.261  1860  2231 V SettingsInterface:  from settings cache , name = multi_sim_data_call , value = -1
06-14 14:56:23.266   296   779 D FrameworkListener: dispatchCommand data = (682 bandwidth setglobalalert 2097152)
06-14 14:56:23.262   874   966 V SettingsInterface:  from settings cache , name = netstats_dev_persist_bytes , value = null
06-14 14:56:23.267   296   779 D SocketClient: SocketClient sendData done: 200 682 Bandwidth command succeeeded
06-14 14:56:23.262   874   966 V SettingsInterface:  from settings cache , name = netstats_dev_persist_bytes , value = null
06-14 14:56:23.267   874   960 D NetdConnector: RCV <- {200 682 Bandwidth command succeeeded}
06-14 14:56:23.262   874   966 V SettingsInterface:  from settings cache , name = netstats_uid_persist_bytes , value = null
06-14 14:56:23.267   874   966 D NetdConnector: RMV <- {200 682 Bandwidth command succeeeded}
06-14 14:56:23.262   874  1684 D NetworkTimeUpdateService: MyHandler::handleMessage what = 3
06-14 14:56:23.268   874   966 D ConnectivityService: onMeteredIfacesChanged(ifaces=[])
06-14 14:56:23.262   874   874 D Vpn     : intent Intent { act=android.net.conn.CONNECTIVITY_CHANGE flg=0x4000010 (has extras) }
06-14 14:56:23.262   874   966 V SettingsInterface:  from settings cache , name = netstats_uid_tag_persist_bytes , value = null
06-14 14:56:23.262   874   966 V SettingsInterface:  from settings cache , name = netstats_global_alert_bytes , value = null
06-14 14:56:23.264 32355 32419 D MLog    : org.eclipse.paho.client.mqttv3.internal.CommsReceiver::run -> 854
06-14 14:56:23.277   874   971 D ConnectivityService: sendStickyBroadcast: action=android.net.conn.CONNECTIVITY_CHANGE
06-14 14:56:23.277   874   966 V NetworkPolicy: ensureActiveMobilePolicyLocked()
06-14 14:56:23.278   874   971 V ActivityManager: Broadcast sticky: Intent { act=android.net.conn.CONNECTIVITY_CHANGE flg=0x4000010 (has extras) } ordered=false userid=-1 callerApp=ProcessRecord{2de77b41 874:system/1000}
06-14 14:56:23.278  1040  1040 D NetworkController: onReceive: intent=Intent { act=android.net.conn.CONNECTIVITY_CHANGE_IMMEDIATE flg=0x4000010 (has extras) }
06-14 14:56:23.279  1040  1040 D NetworkController: updateConnectivity: mConnectedTransports={1}
06-14 14:56:23.279  1040  1040 D NetworkController: updateConnectivity: mValidatedTransports={1}
06-14 14:56:23.280  1860  1880 V SettingsInterface:  from settings cache , name = multi_sim_data_call , value = -1
06-14 14:56:23.280  1040  1040 E NetworkController: No data sim selected
06-14 14:56:23.280   874  1824 D CSLegacyTypeTracker: getNetworkForType type 1
06-14 14:56:23.280  1040  1040 D ConnectionRateView: DataConnection: new=false,old=false
06-14 14:56:23.281   874  1082 D CSLegacyTypeTracker: getNetworkForType type 1
06-14 14:56:23.280  1040  1040 D ConnectionRateView: DataConnection: new=false,old=false
06-14 14:56:23.281   874  1830 D CSLegacyTypeTracker: getNetworkForType type 1
06-14 14:56:23.280  1040  1040 D NetworkController.WifiSignalController: isDirty : false
06-14 14:56:23.281   874  1832 D CSLegacyTypeTracker: getNetworkForType type 0
06-14 14:56:23.281   874  1884 D CSLegacyTypeTracker: getNetworkForType type 1
06-14 14:56:23.282   874   874 I Tethering: StateReceiver onReceive action:android.net.conn.CONNECTIVITY_CHANGE
06-14 14:56:23.281   874  1832 D CSLegacyTypeTracker: getNetworkForType type 1
06-14 14:56:23.282   874   874 I Tethering: Tethering got CONNECTIVITY_ACTION, networkInfo:[type: WIFI[], state: DISCONNECTED/DISCONNECTED, reason: (unspecified), extra: <unknown ssid>, roaming: false, failover: false, isAvailable: true, isConnectedToProvisioningNetwork: false]
06-14 14:56:23.281   874  1832 D CSLegacyTypeTracker: getNetworkForType type 2
06-14 14:56:23.283  1561  1561 D PowerBroadcastCenter: receive intent: android.net.conn.CONNECTIVITY_CHANGE
06-14 14:56:23.281   874  1832 D CSLegacyTypeTracker: getNetworkForType type 3
06-14 14:56:23.285   874   971 D CDS/IConnectivityServiceExt: default UserPrompt
06-14 14:56:23.281   874  1832 D CSLegacyTypeTracker: getNetworkForType type 4
06-14 14:56:23.286   874   968 D WIFI_UT : new score 0 for exisiting request NetworkRequest [ id=1, legacyType=-1, [ Capabilities: INTERNET&NOT_RESTRICTED&TRUSTED&NOT_VPN] ]
06-14 14:56:23.281   874  1832 D CSLegacyTypeTracker: getNetworkForType type 5
06-14 14:56:23.286   874   968 D WIFI_UT :   my score=2147483647, my filter=[ Transports: WIFI Capabilities: INTERNET&NOT_RESTRICTED&TRUSTED&NOT_VPN LinkUpBandwidth>=1048576Kbps LinkDnBandwidth>=1048576Kbps]
06-14 14:56:23.281   874  1832 D CSLegacyTypeTracker: getNetworkForType type 7
06-14 14:56:23.286  1835  1974 D RecordState: startCheck recordList = [] currentTime = 12684948
06-14 14:56:23.281   874  1891 D CSLegacyTypeTracker: getNetworkForType type 1
06-14 14:56:23.286   874   968 D WIFI_UT : evalRequest request = NetworkRequest [ id=1, legacyType=-1, [ Capabilities: INTERNET&NOT_RESTRICTED&TRUSTED&NOT_VPN] ] with requested = true(0) my score:2147483647
06-14 14:56:23.281   874   874 D RealtimeNetworkDiagnostics: WLAN disconnected
06-14 14:56:23.286   874   968 D WIFI_UT :   done
06-14 14:56:23.281   874  1891 D CSLegacyTypeTracker: getNetworkForType type 0
06-14 14:56:23.286  1835  1974 V SettingsInterface:  from settings cache , name = location_providers_allowed , value = default
06-14 14:56:23.281   874   874 D RealtimeNetworkDiagnostics: None notify cached with type 0
06-14 14:56:23.286  1835  1974 V SettingsInterface:  from settings cache , name = location_providers_allowed , value = default
06-14 14:56:23.282   874   900 D CSLegacyTypeTracker: getNetworkForType type 1
06-14 14:56:23.286  1835  1974 D LocationState: startCheck navigatingList = [] currentTime = 12684948
06-14 14:56:23.283   874  1592 D CSLegacyTypeTracker: getNetworkForType type 0
06-14 14:56:23.286   874   968 D WIFI    : new score 0 for exisiting request NetworkRequest [ id=1, legacyType=-1, [ Capabilities: INTERNET&NOT_RESTRICTED&TRUSTED&NOT_VPN] ]
06-14 14:56:23.283   874  1162 D CSLegacyTypeTracker: getNetworkForType type 1
06-14 14:56:23.286   874   968 D WIFI    :   my score=60, my filter=[ Transports: WIFI Capabilities: INTERNET&NOT_RESTRICTED&TRUSTED&NOT_VPN LinkUpBandwidth>=1048576Kbps LinkDnBandwidth>=1048576Kbps]
06-14 14:56:23.284   874  1828 D CSLegacyTypeTracker: getNetworkForType type 0
06-14 14:56:23.286   874   968 D WIFI    : evalRequest request = NetworkRequest [ id=1, legacyType=-1, [ Capabilities: INTERNET&NOT_RESTRICTED&TRUSTED&NOT_VPN] ] with requested = false(0) my score:60
06-14 14:56:23.284   874  1828 D CSLegacyTypeTracker: getNetworkForType type 0
06-14 14:56:23.286   874   968 D WIFI    :   needNetworkFor
06-14 14:56:23.284   874  1828 D CSLegacyTypeTracker: getNetworkForType type 1
06-14 14:56:23.287  1231  8560 D UsageStats_UsageStatsUploader: NETWORK_CONNECTED, mNetworkConnected=false
06-14 14:56:23.284   874  1828 D CSLegacyTypeTracker: getNetworkForType type 1
06-14 14:56:23.287  1561  1750 D UpdateManager: checkAppUpdate connect is not avaiable
06-14 14:56:23.285   874   971 D ConnectivityService: Checking for replacement network to handle request NetworkRequest [ id=1, legacyType=-1, [ Capabilities: INTERNET&NOT_RESTRICTED&TRUSTED&NOT_VPN] ]
06-14 14:56:23.288   874   874 D Tethering: Tethering got CONNECTIVITY_ACTION
06-14 14:56:23.285   874   971 D ConnectivityService: sending new Min Network Score(0): NetworkRequest [ id=1, legacyType=-1, [ Capabilities: INTERNET&NOT_RESTRICTED&TRUSTED&NOT_VPN] ]
06-14 14:56:23.289   874   874 D Tethering: isTetheringIpv6Support: true
06-14 14:56:23.285   874  1848 D PowerManagerService:  mFlags=1 mTag = WakerLock:379494471 PackageName = 'com.tencent.mm' (uid=10093, pid=4918, ws=null)
06-14 14:56:23.289   874   874 V SettingsInterface:  from settings cache , name = meizu_device_name , value = 魅蓝 note 2
06-14 14:56:23.286   874   971 D NetworkManagementService: Removing idletimer
06-14 14:56:23.289  1860  2369 V SettingsInterface:  from settings cache , name = multi_sim_data_call , value = -1
06-14 14:56:23.286   874  1848 D CSLegacyTypeTracker: getNetworkForType type 1
06-14 14:56:23.289   874   927 D Tethering: [MSM_Initial][TetherMaster] processMessage what=3
06-14 14:56:23.286   874   971 E ConnectivityService: EVENT_NETWORK_INFO_CHANGED from unknown NetworkAgent
06-14 14:56:23.290   874   874 D Vpn     : intent Intent { act=android.net.conn.CONNECTIVITY_CHANGE flg=0x4000010 (has extras) }
06-14 14:56:23.286   874   966 V NetworkPolicy: updateNetworkEnabledLocked()
06-14 14:56:23.290   874  1684 D NetworkTimeUpdateService: MyHandler::handleMessage what = 3
06-14 14:56:23.287   874  1879 D CSLegacyTypeTracker: getNetworkForType type 0
06-14 14:56:23.290   297   898 D SambaController: [/data/misc/samba/var/locks/nmbd.pid] not exist!
06-14 14:56:23.287   874  1832 D CSLegacyTypeTracker: getNetworkForType type 10
06-14 14:56:23.290   297   898 D SambaController: setNetbiosName nmbd is not running!
06-14 14:56:23.287   874  1832 D CSLegacyTypeTracker: getNetworkForType type 11
06-14 14:56:23.291 32424 32489 D BgTest  : bgCount 26
06-14 14:56:23.287   874  1832 D CSLegacyTypeTracker: getNetworkForType type 12
06-14 14:56:23.292   874   922 D GpsLocationProvider: receive broadcast intent, action: android.net.conn.CONNECTIVITY_CHANGE_IMMEDIATE
06-14 14:56:23.287   874  1832 D CSLegacyTypeTracker: getNetworkForType type 14
06-14 14:56:23.292  2611  2611 D PhoneLocationService: Network Changed. Available : false
06-14 14:56:23.287   874  1832 D CSLegacyTypeTracker: getNetworkForType type 15
06-14 14:56:23.293  1835  1974 D MultiMediaState: startCheck musicList = [] currentTime = 12684952 isMusicPlaying = true  isPluggedHeadPhone = false isInteractive = false
06-14 14:56:23.287   874  1879 D CSLegacyTypeTracker: getNetworkForType type 1
06-14 14:56:23.293  1231  8560 D UsageStats_UsageStatsUploader: NETWORK_CONNECTED, mNetworkConnected=false
06-14 14:56:23.287   874   899 D CSLegacyTypeTracker: getNetworkForType type 0
06-14 14:56:23.293  1860  1880 V SettingsInterface:  from settings cache , name = multi_sim_data_call , value = -1
06-14 14:56:23.287   874   899 D CSLegacyTypeTracker: getNetworkForType type 1
06-14 14:56:23.293  1835  1974 D MultiMediaState: startCheck  otherList = [com.sodino.postdelay, com.meizu.flyme.launcher, com.meitu.mtsdk, com.flyme.netadmin, com.meizu.safe, com.tencent.mm, com.meizu.battery, com.android.calendar, com.android.providers.media, com.android.providers.downloads, com.meizu.flyme.weather, com.meizu.mstore, com.meizu.net.search, com.meizu.privacy, com.meizu.flyme.service.find, com.android.providers.calendar, com.mediatek.systemupdate, com.meizu.mzsyncservice, com.mediatek.providers.drm, com.android.email, com.android.defcontainer, com.meizu.media.music, com.android.providers.applications, com.android.providers.userdictionary, com.android.providers.contacts, com.meizu.voiceassistant, com.meizu.account, com.flyme.systemuitools, com.meizu.share, com.meizu.cloud, com.android.providers.telephony, com.android.stk, com.android.phone, com.meizu.alphame, com.mediatek.nlpservice, com.android.incallui, com.waves.maxxservice, com.amap.android.location, com.meizu.experiencedatasync, com.tencent.qqpinyin, com.android.systemui, android, com.android.providers.settings, com.android.server.telecom, com.android.location.fused] currentTime = 12684952 isMusicPlaying = false  isPluggedHeadPhone = false isInteractive = false
06-14 14:56:23.287   874   899 D CSLegacyTypeTracker: getNetworkForType type 2
06-14 14:56:23.293  1835  1974 D ScreenRecordState: isScreenRecord currentTime = 12684956 mScreenRecordTime = 0 isScreenRecord = false
06-14 14:56:23.287   874   899 D CSLegacyTypeTracker: getNetworkForType type 3
06-14 14:56:23.294  1835  1974 D RecordState: isRecording currentTime = 12684956 mRecordTime = 0 isRecord = false
06-14 14:56:23.287   874   899 D CSLegacyTypeTracker: getNetworkForType type 4
06-14 14:56:23.294  1835  1974 D LocationState: isNavigation currentTime = 12684956 mNavigationTime = 0 isNavigation = false
06-14 14:56:23.287   874   899 D CSLegacyTypeTracker: getNetworkForType type 5
06-14 14:56:23.294  1835  1974 D DownloadState: isDownload currentTime = 12684956 mDownloadTime = 10595501 isDownload = false
06-14 14:56:23.287   874   899 D CSLegacyTypeTracker: getNetworkForType type 7
06-14 14:56:23.294  1835  1974 D MultiMediaState: isPlayMusic currentTime = 12684956 mPlayMusicTime = 0 isMusic = false
06-14 14:56:23.287   874   899 D CSLegacyTypeTracker: getNetworkForType type 10
06-14 14:56:23.294   874   966 V SettingsInterface:  from settings cache , name = netstats_dev_persist_bytes , value = null
06-14 14:56:23.287   874   899 D CSLegacyTypeTracker: getNetworkForType type 11
06-14 14:56:23.294   874   966 V SettingsInterface:  from settings cache , name = netstats_dev_persist_bytes , value = null
06-14 14:56:23.287   874   899 D CSLegacyTypeTracker: getNetworkForType type 12
06-14 14:56:23.294   874   966 V SettingsInterface:  from settings cache , name = netstats_uid_persist_bytes , value = null
06-14 14:56:23.287   874   899 D CSLegacyTypeTracker: getNetworkForType type 14
06-14 14:56:23.294   874   966 V SettingsInterface:  from settings cache , name = netstats_uid_tag_persist_bytes , value = null
06-14 14:56:23.287   874  1884 D CSLegacyTypeTracker: getNetworkForType type 0
06-14 14:56:23.294   874   966 V SettingsInterface:  from settings cache , name = netstats_global_alert_bytes , value = null
06-14 14:56:23.287   874  1162 D CSLegacyTypeTracker: getNetworkForType type 0
06-14 14:56:23.295  3445  3477 D UsageStats_UsageStatsUploader: NETWORK_CONNECTED, mNetworkConnected=false
06-14 14:56:23.288   874  1879 D CSLegacyTypeTracker: getNetworkForType type 0
06-14 14:56:23.295 32103 32134 D UsageStats_UsageStatsUploader: NETWORK_CONNECTED, mNetworkConnected=false
06-14 14:56:23.288   874  1832 D CSLegacyTypeTracker: getNetworkForType type 17
06-14 14:56:23.295 13331 13354 D UsageStats_UsageStatsUploader: NETWORK_CONNECTED, mNetworkConnected=false
06-14 14:56:23.288   874  1832 D CSLegacyTypeTracker: getNetworkForType type 34
06-14 14:56:23.297  2611  2611 V SettingsInterface:  from settings cache , name = member_host , value = null
06-14 14:56:23.288   874  1832 D CSLegacyTypeTracker: getNetworkForType type 35
06-14 14:56:23.297  2611  2611 V SettingsInterface:  from settings cache , name = findphone_host , value = null
06-14 14:56:23.288   874  1832 D CSLegacyTypeTracker: getNetworkForType type 36
06-14 14:56:23.297  1885  2026 D UsageStats_UsageStatsUploader: NETWORK_CONNECTED, mNetworkConnected=false
06-14 14:56:23.288   874  1832 D CSLegacyTypeTracker: getNetworkForType type 37
06-14 14:56:23.298   874  1712 D AutoRunInterception: isInterceptAsUsual, the mode of interception item is: 0 calleePkg: com.gozap.chouti
06-14 14:56:23.288   874  1832 D CSLegacyTypeTracker: getNetworkForType type 38
06-14 14:56:23.298   874  1712 W Interception: isInterceptByRule realCallingPid: 0 isInterceptAsUsual: true isMatch: false, runType===broadcast|||callerPkg===*|||calleePkg===com.gozap.chouti|||calleeClass===com.xiaomi.push.service.receivers.NetworkStatusReceiver|||processName===com.gozap.chouti|||action===android.net.conn.CONNECTIVITY_CHANGE|||data===*|||extras===Bundle[{networkInfo=[type: WIFI[], state: DISCONNECTED/DISCONNECTED, reason: (unspecified), extra: <unknown ssid>, roaming: false, failover: false, isAvailable: true, isConnectedToProvisioningNetwork: false], networkType=1, otherNetwork=[type: WIFI[], state: DISCONNECTED/DISCONNECTED, reason: (unspecified), extra: <unknown ssid>, roaming: false, failover: false, isAvailable: true, isConnectedToProvisioningNetwork: false], inetCondition=0, extraInfo=<unknown ssid>, subId=null}]|||interception===false
06-14 14:56:23.288   874   899 D CSLegacyTypeTracker: getNetworkForType type 15
06-14 14:56:23.300   874   922 D GpsLocationProvider: updateNetworkState unavailable info: [type: WIFI[], state: DISCONNECTED/DISCONNECTED, reason: (unspecified), extra: (none), roaming: false, failover: false, isAvailable: true, isConnectedToProvisioningNetwork: false]
06-14 14:56:23.288   874  1832 D CSLegacyTypeTracker: getNetworkForType type 40
06-14 14:56:23.304  3445  3477 D UsageStats_UsageStatsUploader: NETWORK_CONNECTED, mNetworkConnected=false
06-14 14:56:23.288   874   899 D CSLegacyTypeTracker: getNetworkForType type 17
06-14 14:56:23.305 13331 32670 D NetAdmin: WifiConnectedReceiver : networkInfo : [type: WIFI[], state: DISCONNECTED/DISCONNECTED, reason: (unspecified), extra: (none), roaming: false, failover: false, isAvailable: true, isConnectedToProvisioningNetwork: false] NetworkInfo.State : DISCONNECTED
06-14 14:56:23.288   874  1832 D CSLegacyTypeTracker: getNetworkForType type 41
06-14 14:56:23.305  1860 13323 V SettingsInterface:  from settings cache , name = multi_sim_data_call , value = -1
06-14 14:56:23.288   874   899 D CSLegacyTypeTracker: getNetworkForType type 34
06-14 14:56:23.308 32355 32355 D MLog    : Thread:main  PahoClient$1#connectionLost()--->已断开连接 isClosed false
06-14 14:56:23.288   874  1832 D CSLegacyTypeTracker: getNetworkForType type 49
06-14 14:56:23.308 32103 32134 D UsageStats_UsageStatsUploader: NETWORK_CONNECTED, mNetworkConnected=false
06-14 14:56:23.288   874   899 D CSLegacyTypeTracker: getNetworkForType type 35
06-14 14:56:23.308  1860  1881 D PhoneInterfaceManager: [PhoneIntfMgr] getDataEnabled: subId=-1 phoneId=-1
06-14 14:56:23.289   874   899 D CSLegacyTypeTracker: getNetworkForType type 36
06-14 14:56:23.308  1885  1885 I Launcher: wifi state changed, wifi is connected : false
06-14 14:56:23.289   874   899 D CSLegacyTypeTracker: getNetworkForType type 37
06-14 14:56:23.309  1860  1881 E PhoneInterfaceManager: [PhoneIntfMgr] getDataEnabled: no phone subId=-1 retVal=false
06-14 14:56:23.289   874   899 D CSLegacyTypeTracker: getNetworkForType type 38
06-14 14:56:23.309   874   922 D TelephonyManager: getDataEnabled: retVal=false
06-14 14:56:23.289   874   899 D CSLegacyTypeTracker: getNetworkForType type 40
06-14 14:56:23.310  1885  2026 D UsageStats_UsageStatsUploader: NETWORK_CONNECTED, mNetworkConnected=false
06-14 14:56:23.289   874   899 D CSLegacyTypeTracker: getNetworkForType type 41
06-14 14:56:23.310 13331 13354 D UsageStats_UsageStatsUploader: NETWORK_CONNECTED, mNetworkConnected=false
06-14 14:56:23.289   874   899 D CSLegacyTypeTracker: getNetworkForType type 49
06-14 14:56:23.313  1885  1885 I Launcher: wifi state changed, wifi is connected : false
06-14 14:56:23.289   874   874 D SambaClientService: setNetbiosname:魅蓝 note 2
06-14 14:56:23.315   874  1832 D LinkWakenInterception: isInterceptAsUsual, the callerPkg(com.android.email) and calleePkg are same, return false.
06-14 14:56:23.289   874   874 D SambaClientService: getLegalDeviceName NOT US-ASCII ,using Meizu_0.0.0
06-14 14:56:23.315   874  1832 D Interception: isInterceptByRule realCallingPid: 13363 isInterceptAsUsual: false isMatch: false, runType===retrieve_service|||callerPkg===com.android.email|||calleePkg===com.android.email|||calleeClass===com.android.email.service.EmailBroadcastProcessorService|||processName===com.android.email|||action===broadcast_receiver|||data===*|||extras===Bundle[mParcelledData.dataSize=1052]|||interception===false
06-14 14:56:23.289   874   874 D SambaClientService: send setNetbiosname message:魅蓝 note 2
06-14 14:56:23.317 32355 32355 D MLog    : Thread:main  PahoClient$1#connectionLost()---> network unavailable, don't reconnect
06-14 14:56:23.289   874  1592 D CSLegacyTypeTracker: getNetworkForType type 1
06-14 14:56:23.317 32355 32355 D AndroidRuntime: Shutting down VM
06-14 14:56:23.290   874   966 V NetworkPolicy:  checking policy:NetworkPolicy[NetworkTemplate: matchRule=MOBILE_ALL, matchSubscriberIds=[null]]: cycleDay=19, cycleTimezone=Asia/Shanghai, warningBytes=104857600, limitBytes=-1, lastWarningSnooze=-1, lastLimitSnooze=-1, metered=true, inferred=true
06-14 14:56:23.318 32355 32355 E AndroidRuntime: FATAL EXCEPTION: main
06-14 14:56:23.318 32355 32355 E AndroidRuntime: Process: com.meitu.mtsdk, PID: 32355
06-14 14:56:23.318 32355 32355 E AndroidRuntime: java.lang.NullPointerException: Attempt to invoke virtual method 'java.lang.String java.lang.Throwable.getMessage()' on a null object reference
06-14 14:56:23.318 32355 32355 E AndroidRuntime: 	at com.meitu.pushkit.mtpush.PahoClient$1.connectionLost(PahoClient.java:143)
06-14 14:56:23.318 32355 32355 E AndroidRuntime: 	at org.eclipse.paho.android.service.MqttAndroidClient.disconnected(MqttAndroidClient.java:1465)
06-14 14:56:23.318 32355 32355 E AndroidRuntime: 	at org.eclipse.paho.android.service.MqttAndroidClient.onReceive(MqttAndroidClient.java:1402)
06-14 14:56:23.318 32355 32355 E AndroidRuntime: 	at android.support.v4.content.LocalBroadcastManager.executePendingBroadcasts(LocalBroadcastManager.java:297)
06-14 14:56:23.318 32355 32355 E AndroidRuntime: 	at android.support.v4.content.LocalBroadcastManager.access$000(LocalBroadcastManager.java:46)
06-14 14:56:23.318 32355 32355 E AndroidRuntime: 	at android.support.v4.content.LocalBroadcastManager$1.handleMessage(LocalBroadcastManager.java:116)
06-14 14:56:23.318 32355 32355 E AndroidRuntime: 	at android.os.Handler.dispatchMessage(Handler.java:111)
06-14 14:56:23.318 32355 32355 E AndroidRuntime: 	at android.os.Looper.loop(Looper.java:194)
06-14 14:56:23.318 32355 32355 E AndroidRuntime: 	at android.app.ActivityThread.main(ActivityThread.java:5869)
06-14 14:56:23.318 32355 32355 E AndroidRuntime: 	at java.lang.reflect.Method.invoke(Native Method)
06-14 14:56:23.318 32355 32355 E AndroidRuntime: 	at java.lang.reflect.Method.invoke(Method.java:372)
06-14 14:56:23.318 32355 32355 E AndroidRuntime: 	at com.android.internal.os.ZygoteInit$MethodAndArgsCaller.run(ZygoteInit.java:1020)
06-14 14:56:23.318 32355 32355 E AndroidRuntime: 	at com.android.internal.os.ZygoteInit.main(ZygoteInit.java:815)
06-14 14:56:23.290   874   976 D SambaClientConnector: SND -> {16 samba setnetbios Meizu-0.0.0}
06-14 14:56:23.319 32152 32326 D UsageStats_UsageStatsUploader: NETWORK_CONNECTED, mNetworkConnected=false
06-14 14:56:23.290   874   966 V NetworkPolicy:  checking policy:NetworkPolicy[NetworkTemplate: matchRule=MOBILE_ALL, subscriberId=460028..., matchSubscriberIds=[460028...]]: cycleDay=1, cycleTimezone=Asia/Shanghai, warningBytes=2412510335, limitBytes=3015637919, lastWarningSnooze=-1, lastLimitSnooze=-1, metered=true, inferred=false
06-14 14:56:23.321   874  1879 V SettingsInterface:  from settings cache , name = dropbox:data_app_crash , value = null
06-14 14:56:23.290   297   898 D FrameworkListener: dispatchCommand data = (16 samba setnetbios Meizu-0.0.0)
06-14 14:56:23.322   874  1879 V SettingsInterface:  from settings cache , name = dropbox:data_app_crash , value = null
06-14 14:56:23.290   297   898 D CommandListener: samba runcommand : samba, setnetbios, argc 3
06-14 14:56:23.323  1860  2231 V SettingsInterface:  from settings cache , name = multi_sim_voice_call , value = null
06-14 14:56:23.290   297   898 D SambaConfigFile: writeconfig![/data/misc/samba/lib/smb.conf]
06-14 14:56:23.325 13391 13391 D DRM/ConnectionChangeReceiver: onReceive : CONNECTIVITY_CHANGE received.
06-14 14:56:23.290   874   966 V NetworkPolicy:  checking policy:NetworkPolicy[NetworkTemplate: matchRule=MOBILE_ALL, subscriberId=460006..., matchSubscriberIds=[460006...]]: cycleDay=1, cycleTimezone=Asia/Shanghai, warningBytes=104857600, limitBytes=-1, lastWarningSnooze=-1, lastLimitSnooze=-1, metered=true, inferred=false
06-14 14:56:23.325 13391 13391 D OmaDrmClient: create OmaDrmClient instance
06-14 14:56:23.290   874  1824 D CSLegacyTypeTracker: getNetworkForType type 0
06-14 14:56:23.325 13391 13391 D DrmManagerClient: create DrmManagerClient instance & create event threads.
06-14 14:56:23.290   874   966 V NetworkPolicy:  checking policy:NetworkPolicy[NetworkTemplate: matchRule=MOBILE_ALL, subscriberId=460028..., matchSubscriberIds=[460028...]]: cycleDay=1, cycleTimezone=Asia/Shanghai, warningBytes=-1, limitBytes=-1, lastWarningSnooze=-1, lastLimitSnooze=-1, metered=true, inferred=false
06-14 14:56:23.325 13391 13391 V DrmManagerClient: create info handler thread.
06-14 14:56:23.290   874   966 V NetworkPolicy: updateNetworkRulesLocked()
06-14 14:56:23.326 13391 13391 V DrmManagerClient: create event handler thread.
06-14 14:56:23.290   874   966 V NetworkPolicy: updateNotificationsLocked()
06-14 14:56:23.328   300   606 D WVMDrmPlugIn: WVMDrmPlugin::onInitialize : 3232
06-14 14:56:23.290   297   898 D SocketClient: SocketClient sendData done: 700 16 0
06-14 14:56:23.328   300   606 D WVMDrmPlugIn: WVMDrmPlugin::onSetOnInfoListener : add 3232
06-14 14:56:23.290   874   975 D SambaClientConnector: RCV <- {700 16 0}
06-14 14:56:23.328   300   606 D DrmCtaPlugIn: onInitialize() : uniqueId : 3232
06-14 14:56:23.291   874   976 D SambaClientConnector: RMV <- {700 16 0}
06-14 14:56:23.328   300   606 D DrmCtaPlugIn: encrypt thread has being created
06-14 14:56:23.291   874   922 D CSLegacyTypeTracker: getNetworkForType type 1
06-14 14:56:23.328   300   606 D DrmCtaPlugIn: decrypt thread has being created
06-14 14:56:23.292   874  1848 D CSLegacyTypeTracker: getNetworkForType type 0
06-14 14:56:23.328   300   606 D DrmCtaPlugIn: onSetOnInfoListener(): uniqueId : 3232
06-14 14:56:23.292   874  1828 D CSLegacyTypeTracker: getNetworkForType type 0
06-14 14:56:23.328   300   606 D DrmCtaPlugIn: onSetOnInfoListener() :  add
06-14 14:56:23.292   874  1082 D CSLegacyTypeTracker: getNetworkForType type 1
06-14 14:56:23.328   300   606 D DrmMtkPlugIn: DrmMtkPlugIn::onInitialize : 3232
06-14 14:56:23.293   874  1884 D CSLegacyTypeTracker: getNetworkForType type 0
06-14 14:56:23.328   300   606 D DrmMtkPlugIn: DrmMtkPlugIn::onSetOnInfoListener : 3232
06-14 14:56:23.293   874   899 D CSLegacyTypeTracker: getNetworkForType type 0
06-14 14:56:23.329   300   300 D DrmMtkPlugIn: DrmMtkPlugIn::onAcquireDrmInfo : 3232
06-14 14:56:23.293   874   900 D CSLegacyTypeTracker: getNetworkForType type 0
06-14 14:56:23.329   300   300 D DrmMtkPlugIn: DrmMtkPlugIn::onAcquireDrmInfo : execute action checkClock
06-14 14:56:23.294   874   966 V NetworkStats: advisePersistThreshold() given 9223372036854775, clamped to 2097152
06-14 14:56:23.329   300   300 D DrmMtkUtil/SecureTimer: getDRMTime() : secure timer valid.
06-14 14:56:23.294   874  1848 D CSLegacyTypeTracker: getNetworkForType type 1
06-14 14:56:23.329   300   300 D DrmMtkUtil/SecureTimer: uptime = 12684.990234,idletime = 8491.009766,return value = 12684
06-14 14:56:23.294   874   966 V NetworkStatsRecorder: setPersistThreshold() with 2097152
06-14 14:56:23.329   300   300 D DrmMtkUtil/SecureTimer: getDRMTime() : validate with time base [1497410762], ticks base [64], device time [1497423383], device ticks [12684]
06-14 14:56:23.294   874   966 V NetworkStatsRecorder: setPersistThreshold() with 2097152
06-14 14:56:23.329   300   300 D DrmMtkUtil/SecureTimer: getDRMTime() : real time [1497423390], offset [7]
06-14 14:56:23.294   874   966 V NetworkStatsRecorder: setPersistThreshold() with 2097152
06-14 14:56:23.329   300   300 D DrmMtkPlugIn: DrmMtkPlugIn::onAcquireDrmInfo : check secure timer status valid
06-14 14:56:23.294   874   966 V NetworkStatsRecorder: setPersistThreshold() with 2097152
06-14 14:56:23.329   300   300 D DrmMtkPlugIn: DrmMtkPlugIn::onAcquireDrmInfo : result of GET_DRM_INFO operation valid
06-14 14:56:23.295   874  1828 D CSLegacyTypeTracker: getNetworkForType type 1
06-14 14:56:23.330 13391 13391 V DRM/OmaDrmHelper: getStringFromDrmInfo : >valid
06-14 14:56:23.295   874   966 D NetdConnector: SND -> {683 bandwidth setglobalalert 2097152}
06-14 14:56:23.330 13391 13391 D DRM/OmaDrmHelper: checkClock : > valid
06-14 14:56:23.295   296   779 D FrameworkListener: dispatchCommand data = (683 bandwidth setglobalalert 2097152)
06-14 14:56:23.330 13391 13391 D OmaDrmClient: release OmaDrmClient instance
06-14 14:56:23.295   874  1245 D CSLegacyTypeTracker: getNetworkForType type 0
06-14 14:56:23.330 13391 13391 D DrmManagerClient: release event threads.
06-14 14:56:23.296   296   779 D SocketClient: SocketClient sendData done: 200 683 Bandwidth command succeeeded
06-14 14:56:23.330 13391 13391 V DrmManagerClient: quit event handler thread.
06-14 14:56:23.296   874   960 D NetdConnector: RCV <- {200 683 Bandwidth command succeeeded}
06-14 14:56:23.330 13391 13391 V DrmManagerClient: quit info handler thread.
06-14 14:56:23.296   874   966 D NetdConnector: RMV <- {200 683 Bandwidth command succeeeded}
06-14 14:56:23.330   300  1622 D WVMDrmPlugIn: WVMDrmPlugin::onTerminate : 3232
06-14 14:56:23.297   874   966 D ConnectivityService: onMeteredIfacesChanged(ifaces=[])
06-14 14:56:23.330   300  1622 D DrmCtaPlugIn: onTerminate():uniqueId : 3232
06-14 14:56:23.298   874   899 D CSLegacyTypeTracker: getNetworkForType type 1
06-14 14:56:23.331   300  1622 D DrmMtkPlugIn: DrmMtkPlugIn::onTerminate : 3232
06-14 14:56:23.300   874  1884 D CSLegacyTypeTracker: getNetworkForType type 1
06-14 14:56:23.331 13391 13391 D DRM/ConnectionChangeReceiver: ConnectionChangeReceiver : Secure timer is already valid
06-14 14:56:23.300   874   922 D CSLegacyTypeTracker: getNetworkForType type 1
06-14 14:56:23.300   874  1162 D CSLegacyTypeTracker: getNetworkForType type 0
06-14 14:56:23.301   874   900 D CSLegacyTypeTracker: getNetworkForType type 0
06-14 14:56:23.303   874  1879 D CSLegacyTypeTracker: getNetworkForType type 0
06-14 14:56:23.303   874  1879 D CSLegacyTypeTracker: getNetworkForType type 1
06-14 14:56:23.303   874  1879 D CSLegacyTypeTracker: getNetworkForType type 2
06-14 14:56:23.303   874  1879 D CSLegacyTypeTracker: getNetworkForType type 3
06-14 14:56:23.303   874  1879 D CSLegacyTypeTracker: getNetworkForType type 4
06-14 14:56:23.303   874  1879 D CSLegacyTypeTracker: getNetworkForType type 5
06-14 14:56:23.303   874  1879 D CSLegacyTypeTracker: getNetworkForType type 7
06-14 14:56:23.303   874  1879 D CSLegacyTypeTracker: getNetworkForType type 10
06-14 14:56:23.303   874  1879 D CSLegacyTypeTracker: getNetworkForType type 11
06-14 14:56:23.303   874  1879 D CSLegacyTypeTracker: getNetworkForType type 12
06-14 14:56:23.303   874  1879 D CSLegacyTypeTracker: getNetworkForType type 14
06-14 14:56:23.303   874  1879 D CSLegacyTypeTracker: getNetworkForType type 15
06-14 14:56:23.303   874  1879 D CSLegacyTypeTracker: getNetworkForType type 17
06-14 14:56:23.303   874  1879 D CSLegacyTypeTracker: getNetworkForType type 34
06-14 14:56:23.303   874  1879 D CSLegacyTypeTracker: getNetworkForType type 35
06-14 14:56:23.303   874  1879 D CSLegacyTypeTracker: getNetworkForType type 36
06-14 14:56:23.303   874  1879 D CSLegacyTypeTracker: getNetworkForType type 37
06-14 14:56:23.303   874  1879 D CSLegacyTypeTracker: getNetworkForType type 38
06-14 14:56:23.304   874  1879 D CSLegacyTypeTracker: getNetworkForType type 40
06-14 14:56:23.304   874  1891 D CSLegacyTypeTracker: getNetworkForType type 1
06-14 14:56:23.304   874  1879 D CSLegacyTypeTracker: getNetworkForType type 41
06-14 14:56:23.304   874  1879 D CSLegacyTypeTracker: getNetworkForType type 49
06-14 14:56:23.307   874  1848 D CSLegacyTypeTracker: getNetworkForType type 1
06-14 14:56:23.309   874  1828 D CSLegacyTypeTracker: getNetworkForType type 1
06-14 14:56:23.340   874  1879 V SettingsInterface:  from settings cache , name = send_action_app_error , value = null
06-14 14:56:23.310   874  1245 D CSLegacyTypeTracker: getNetworkForType type 0
06-14 14:56:23.312   874   899 D CSLegacyTypeTracker: getNetworkForType type 1
06-14 14:56:23.314   874   922 D ActivityManager: getContentProviderImpl: from caller=android.app.ActivityThread$ApplicationThread@3445ae5b (pid=874, userId=0) to get content provider telephony cpr=ContentProviderRecord{29f1d495 u0 com.android.providers.telephony/.TelephonyProvider}
06-14 14:56:23.315   874   922 D ActivityManager: getContentProviderImpl: updateLruProcessLocked cpr.proc=ProcessRecord{1ec493f4 1860:com.android.phone/1001}
06-14 14:56:23.317   874   900 D CSLegacyTypeTracker: getNetworkForType type 1
06-14 14:56:23.318   874  1824 D CSLegacyTypeTracker: getNetworkForType type 0
06-14 14:56:23.321   874  1828 D CSLegacyTypeTracker: getNetworkForType type 1
06-14 14:56:23.340   874  1879 D ActivityManager: SVC-mBroadcastQueues: com.android.server.am.BroadcastQueue@3255f377
06-14 14:56:23.340   874  1879 D ActivityManager: SVC-mBroadcastQueues: com.android.server.am.BroadcastQueue@23d11be4
06-14 14:56:23.344   874   922 E GpsLocationProvider: No APN found to select.
06-14 14:56:23.346   874  1162 D CSLegacyTypeTracker: getNetworkForType type 1
06-14 14:56:23.347  1231  1231 D SafeApplication:     ---> need not wait for init_data...
06-14 14:56:23.347   874  1828 D CSLegacyTypeTracker: getNetworkForType type 0
06-14 14:56:23.347  1231  1231 I Patch_480593: start
06-14 14:56:23.350 32152 32326 D UsageStats_UsageStatsUploader: NETWORK_CONNECTED, mNetworkConnected=false
06-14 14:56:23.351  1231 32677 I Patch_480593:  isNeedOperation=false [needOpt:true | VersionCheck:false]
06-14 14:56:23.351  1231 32677 I Patch_480593: done.
06-14 14:56:23.354  1231  1231 D mylife2 : 收到网络发生变化广播
06-14 14:56:23.355   874  1891 D CSLegacyTypeTracker: getNetworkForType type 0
06-14 14:56:23.355   874   922 D gps_mtk : agps_ril_update_network_state: line = 1008agps_ril_update_network_state  connected=0 type=1 roaming=0 extra=(null)
06-14 14:56:23.355   874   922 D gps_mtk : agps_ril_update_network_state: line = 1009nw_connected =1
06-14 14:56:23.355   874   900 D CSLegacyTypeTracker: getNetworkForType type 1
06-14 14:56:23.355   874   922 D gps_mtk : mtk_daemon_send: line = 672mtk_daemon_send 250
06-14 14:56:23.356   874   922 D gps_mtk : agps_ril_update_network_availability: line = 1037agps_ril_update_network_availability  avaiable=0 apn=[dummy-apn]
06-14 14:56:23.356   874   922 D gps_mtk : mtk_daemon_send: line = 672mtk_daemon_send 250
06-14 14:56:23.356   314   314 D MNLD    : process: epoll_wait() received 1 events
06-14 14:56:23.356   314   314 D MNLD    : socket_handler: args from hal: 133
06-14 14:56:23.356   314   314 D agps    : [MNL2AGPS] connected=0, type = 1, roaming=0, extra_info=
06-14 14:56:23.356   874   922 D GpsLocationProvider: updateNetworkState unavailable info: [type: WIFI[], state: DISCONNECTED/DISCONNECTED, reason: (unspecified), extra: (none), roaming: false, failover: false, isAvailable: true, isConnectedToProvisioningNetwork: false]
06-14 14:56:23.356   314   314 D MNLD    : process: socket_handler: ret = 0
06-14 14:56:23.356   314   314 D MNLD    : process: epoll_wait() received 1 events
06-14 14:56:23.356   314   314 D MNLD    : socket_handler: args from hal: 134
06-14 14:56:23.356   314   314 D agps    : [MNL2AGPS] avaiable=0, apn=dummy-apn
06-14 14:56:23.356   311   378 D agps    : [agps][n][AGPS] [MNL] read  update_network_state  connected=0 type=1 roaming=0 extra_info=[]
06-14 14:56:23.356   314   314 D MNLD    : process: socket_handler: ret = 0
06-14 14:56:23.356   311   378 D agps    : [agps][n][AGPS] [MNL] read  update_network_availability  avaiable=0 apn=[dummy-apn]
06-14 14:56:23.357 32355 32355 I Process : Sending signal. PID: 32355 SIG: 9
06-14 14:56:23.357  1860  2369 V SettingsInterface:  from settings cache , name = multi_sim_data_call , value = -1
06-14 14:56:23.359  1860  1880 D PhoneInterfaceManager: [PhoneIntfMgr] getDataEnabled: subId=-1 phoneId=-1
06-14 14:56:23.359  1860  1880 E PhoneInterfaceManager: [PhoneIntfMgr] getDataEnabled: no phone subId=-1 retVal=false
06-14 14:56:23.359   874   922 D TelephonyManager: getDataEnabled: retVal=false
06-14 14:56:23.360   874   922 D ActivityManager: getContentProviderImpl: from caller=android.app.ActivityThread$ApplicationThread@3445ae5b (pid=874, userId=0) to get content provider telephony cpr=ContentProviderRecord{29f1d495 u0 com.android.providers.telephony/.TelephonyProvider}
06-14 14:56:23.360   874   922 D ActivityManager: getContentProviderImpl: updateLruProcessLocked cpr.proc=ProcessRecord{1ec493f4 1860:com.android.phone/1001}
06-14 14:56:23.365 13430 13430 I SystemUpdate/Receiver: onReceive: action = android.net.conn.CONNECTIVITY_CHANGE
06-14 14:56:23.366  3445  3445 V SettingsInterface:  from settings cache , name = meizu_device_name , value = 魅蓝 note 2
06-14 14:56:23.368   874  1830 D CSLegacyTypeTracker: getNetworkForType type 0
06-14 14:56:23.368   874  1830 D CSLegacyTypeTracker: getNetworkForType type 1
06-14 14:56:23.368   874  1830 D CSLegacyTypeTracker: getNetworkForType type 2
06-14 14:56:23.368   874  1830 D CSLegacyTypeTracker: getNetworkForType type 3
06-14 14:56:23.368   874  1830 D CSLegacyTypeTracker: getNetworkForType type 4
06-14 14:56:23.368   874  1830 D CSLegacyTypeTracker: getNetworkForType type 5
06-14 14:56:23.369   874  1830 D CSLegacyTypeTracker: getNetworkForType type 7
06-14 14:56:23.369  1860 13323 V SettingsInterface:  from settings cache , name = multi_sim_voice_call , value = null
06-14 14:56:23.369   874  1830 D CSLegacyTypeTracker: getNetworkForType type 10
06-14 14:56:23.369   874  1830 D CSLegacyTypeTracker: getNetworkForType type 11
06-14 14:56:23.369   874  1830 D CSLegacyTypeTracker: getNetworkForType type 12
06-14 14:56:23.369   874  1830 D CSLegacyTypeTracker: getNetworkForType type 14
06-14 14:56:23.369   874  1830 D CSLegacyTypeTracker: getNetworkForType type 15
06-14 14:56:23.369   874  1830 D CSLegacyTypeTracker: getNetworkForType type 17
06-14 14:56:23.369   874  1830 D CSLegacyTypeTracker: getNetworkForType type 34
06-14 14:56:23.371 13430 13430 I SystemUpdate/Util: get network stype is : STATE_NONE_NETWORK
06-14 14:56:23.369   874  1830 D CSLegacyTypeTracker: getNetworkForType type 35
06-14 14:56:23.369   874  1830 D CSLegacyTypeTracker: getNetworkForType type 36
06-14 14:56:23.369   874  1830 D CSLegacyTypeTracker: getNetworkForType type 37
06-14 14:56:23.369   874  1830 D CSLegacyTypeTracker: getNetworkForType type 38
06-14 14:56:23.369   874  1830 D CSLegacyTypeTracker: getNetworkForType type 40
06-14 14:56:23.369   874  1830 D CSLegacyTypeTracker: getNetworkForType type 41
06-14 14:56:23.369   874  1830 D CSLegacyTypeTracker: getNetworkForType type 49
06-14 14:56:23.376   874   922 E GpsLocationProvider: No APN found to select.
06-14 14:56:23.377   874  1592 D LinkWakenInterception: isInterceptAsUsual, the callerPkg(com.meizu.flyme.weather) and calleePkg are same, return false.
06-14 14:56:23.377   874  1592 D Interception: isInterceptByRule realCallingPid: 13616 isInterceptAsUsual: false isMatch: false, runType===retrieve_service|||callerPkg===com.meizu.flyme.weather|||calleePkg===com.meizu.flyme.weather|||calleeClass===com.meizu.flyme.weather.WidgetProviderService|||processName===com.meizu.flyme.weather|||action===android.net.conn.CONNECTIVITY_CHANGE|||data===*|||extras===Bundle[mParcelledData.dataSize=676]|||interception===false
06-14 14:56:23.379   874   922 D gps_mtk : agps_ril_update_network_state: line = 1008agps_ril_update_network_state  connected=0 type=1 roaming=0 extra=(null)
06-14 14:56:23.379   874   922 D gps_mtk : agps_ril_update_network_state: line = 1009nw_connected =0
06-14 14:56:23.379   874   922 D gps_mtk : mtk_daemon_send: line = 672mtk_daemon_send 250
06-14 14:56:23.379   874   922 D gps_mtk : agps_ril_update_network_availability: line = 1037agps_ril_update_network_availability  avaiable=0 apn=[dummy-apn]
06-14 14:56:23.379   874   922 D gps_mtk : mtk_daemon_send: line = 672mtk_daemon_send 250
06-14 14:56:23.380   314   314 D MNLD    : process: epoll_wait() received 1 events
06-14 14:56:23.380   314   314 D MNLD    : socket_handler: args from hal: 133
06-14 14:56:23.380   314   314 D agps    : [MNL2AGPS] connected=0, type = 1, roaming=0, extra_info=
06-14 14:56:23.380   314   314 D MNLD    : process: socket_handler: ret = 0
06-14 14:56:23.380   314   314 D MNLD    : process: epoll_wait() received 1 events
06-14 14:56:23.380   314   314 D MNLD    : socket_handler: args from hal: 134
06-14 14:56:23.380   311   378 D agps    : [agps][n][AGPS] [MNL] read  update_network_state  connected=0 type=1 roaming=0 extra_info=[]
06-14 14:56:23.380   314   314 D agps    : [MNL2AGPS] avaiable=0, apn=dummy-apn
06-14 14:56:23.380   314   314 D MNLD    : process: socket_handler: ret = 0
06-14 14:56:23.380   311   378 D agps    : [agps][n][AGPS] [MNL] read  update_network_availability  avaiable=0 apn=[dummy-apn]
06-14 14:56:23.384 13616 13616 I Process : Sending signal. PID: 13616 SIG: 9
06-14 14:56:23.385   874   874 V SettingsInterface:  from settings cache , name = sys_free_storage_log_interval , value = null
06-14 14:56:23.385   874   874 V SettingsInterface:  from settings cache , name = disk_free_change_reporting_threshold , value = null
06-14 14:56:23.472   336   336 W ADB_SERVICES: terminating JDWP 32355 connection: Try again
06-14 14:56:23.472   874  1884 I ActivityManager: Process com.meitu.mtsdk (pid 32355) has died
06-14 14:56:23.472   336   336 D ADB_SERVICES: remove pid 32355 to jdwp process list
06-14 14:56:23.472   874  1712 D DisplayManagerService: Display listener for pid 32355 died.
06-14 14:56:23.472   325  8491 D GuiExt  : [GuiExtS] binder of dump tunnel(RB-0xf4be9740) died
06-14 14:56:23.472   874  1884 D ActivityManager: SVC-handleAppDiedLocked: app = ProcessRecord{1fbff4c2 32355:com.meitu.mtsdk/u0a249}, app.pid = 32355
06-14 14:56:23.472   874  1830 I WindowState: WIN DEATH: Window{48b5a1a u0 com.meitu.mtsdk/com.meitu.mtsdk.MainActivity}
06-14 14:56:23.473   272  8099 I SurfaceFlinger: EventThread Client Pid (32355) disconnected by (272)
06-14 14:56:23.473   272  8099 I SurfaceFlinger: EventThread Client Pid (32355) disconnected by (272)
06-14 14:56:23.473   874  1884 W ActivityManager: Scheduling restart of crashed service com.meitu.mtsdk/com.meitu.mkit.mkeepalive.MKeepAliveService in 1000ms
06-14 14:56:23.473   874  1884 D ActivityManager: removeDyingProviderLocked: cpr=ContentProviderRecord{1729b814 u0 com.meitu.mtsdk/com.google.firebase.provider.FirebaseInitProvider} always=false inLaunching=false
06-14 14:56:23.473   874  1884 I Shrinker: Preload Process =com.meitu.mtsdk
06-14 14:56:23.473   874  1884 D ActivityManager: removeDyingProviderLocked: cpr=ContentProviderRecord{651a8bd u0 com.meitu.mtsdk/com.meitu.mkit.mstore.sdk.MStoreProvider} always=false inLaunching=false
06-14 14:56:23.474   874   985 D PerfServiceManager: [PerfService] MESSAGE_USER_ENABLE_TIMEOUT_MS: 10, 1000 
06-14 14:56:23.473   874  1884 D ActivityManager: SVC-mBroadcastQueues: com.android.server.am.BroadcastQueue@3255f377
06-14 14:56:23.474   874   985 I libPerfService: 10: set freq: 1300000
06-14 14:56:23.473   874  1884 D ActivityManager: SVC-mBroadcastQueues: com.android.server.am.BroadcastQueue@23d11be4
06-14 14:56:23.474   874   985 I libPerfService: 10: set: 6
06-14 14:56:23.475   272  8099 I SurfaceFlinger: [SF client] DEL(0x7f7a07f140) for (874:system_server)
06-14 14:56:23.476   874  1891 D DisplayManagerService: Display listener for pid 13616 died.
06-14 14:56:23.476   874   970 D WifiService: Client connection lost with reason: 4
06-14 14:56:23.521 32679 32679 W Zygote  : mz_is_rooted false
06-14 14:56:23.522   874  1884 I ActivityManager: Start proc 32679:com.meitu.mtsdk/u0a249 for restart com.meitu.mtsdk
06-14 14:56:23.524 32679 32679 I art     : Late-enabling -Xcheck:jni
06-14 14:56:23.524   874  1882 I ActivityManager: Process com.meizu.flyme.weather (pid 13616) has died
06-14 14:56:23.524   874  1882 D ActivityManager: SVC-handleAppDiedLocked: app = ProcessRecord{1d41d38f 13616:com.meizu.flyme.weather/u0a79}, app.pid = 13616
06-14 14:56:23.524   874  1882 W ActivityManager: Scheduling restart of crashed service com.meizu.flyme.weather/.WidgetProviderService in 10948ms
06-14 14:56:23.524   874  1882 D ActivityManager: removeDyingProviderLocked: cpr=ContentProviderRecord{115c9eb2 u0 com.meizu.flyme.weather/.common.CityDBProvider} always=false inLaunching=false
06-14 14:56:23.524   874  1882 D ActivityManager: removeDyingProviderLocked: cpr=ContentProviderRecord{c75fe03 u0 com.meizu.flyme.weather/com.moji.mjweather.provider.WeatherProvider} always=false inLaunching=false
06-14 14:56:23.524   874  1882 D ActivityManager: SVC-mBroadcastQueues: com.android.server.am.BroadcastQueue@3255f377
06-14 14:56:23.524   874  1882 D ActivityManager: SVC-mBroadcastQueues: com.android.server.am.BroadcastQueue@23d11be4
06-14 14:56:23.526   874   923 D AutoRunInterception: isInterceptAsUsual, the mode of interception item is: 0 calleePkg: com.gozap.chouti
06-14 14:56:23.526   874   923 W Interception: isInterceptByRule realCallingPid: -1 isInterceptAsUsual: true isMatch: false, runType===broadcast|||callerPkg===*|||calleePkg===com.gozap.chouti|||calleeClass===com.gozap.chouti.service.ConnectionChangeReceiver|||processName===com.gozap.chouti|||action===android.net.conn.CONNECTIVITY_CHANGE|||data===*|||extras===Bundle[{networkInfo=[type: WIFI[], state: DISCONNECTED/DISCONNECTED, reason: (unspecified), extra: <unknown ssid>, roaming: false, failover: false, isAvailable: true, isConnectedToProvisioningNetwork: false], networkType=1, otherNetwork=[type: WIFI[], state: DISCONNECTED/DISCONNECTED, reason: (unspecified), extra: <unknown ssid>, roaming: false, failover: false, isAvailable: true, isConnectedToProvisioningNetwork: false], inetCondition=0, extraInfo=<unknown ssid>, subId=null}]|||interception===false
06-14 14:56:23.532   336   336 D ADB_SERVICES: Adding socket 13 pid 32679 to jdwp process list
06-14 14:56:23.536   874  1082 D AutoRunInterception: isInterceptAsUsual, the mode of interception item is: 0 calleePkg: com.meitu.mtsdk
06-14 14:56:23.536   874  1082 W Interception: isInterceptByRule realCallingPid: 0 isInterceptAsUsual: true isMatch: false, runType===broadcast|||callerPkg===*|||calleePkg===com.meitu.mtsdk|||calleeClass===com.meitu.pushkit.InnerReceiver|||processName===com.meitu.mtsdk|||action===android.net.conn.CONNECTIVITY_CHANGE|||data===*|||extras===Bundle[{networkInfo=[type: WIFI[], state: DISCONNECTED/DISCONNECTED, reason: (unspecified), extra: <unknown ssid>, roaming: false, failover: false, isAvailable: true, isConnectedToProvisioningNetwork: false], networkType=1, otherNetwork=[type: WIFI[], state: DISCONNECTED/DISCONNECTED, reason: (unspecified), extra: <unknown ssid>, roaming: false, failover: false, isAvailable: true, isConnectedToProvisioningNetwork: false], inetCondition=0, extraInfo=<unknown ssid>, subId=null}]|||interception===false
06-14 14:56:23.537   296   778 D SocketClient: SocketClient sendData done: 
06-14 14:56:23.538   296   778 D SocketClient: SocketClient sendData done: 
06-14 14:56:23.538   874   923 D AutoRunInterception: isInterceptAsUsual, the mode of interception item is: 0 calleePkg: com.meitu.mtsdk
06-14 14:56:23.538   296   778 D SocketClient: SocketClient sendData done: 
06-14 14:56:23.538   874   923 W Interception: isInterceptByRule realCallingPid: -1 isInterceptAsUsual: true isMatch: false, runType===broadcast|||callerPkg===*|||calleePkg===com.meitu.mtsdk|||calleeClass===com.meitu.pushkit.mtpush.MTPushInnerReceiver|||processName===com.meitu.mtsdk|||action===android.net.conn.CONNECTIVITY_CHANGE|||data===*|||extras===Bundle[{networkInfo=[type: WIFI[], state: DISCONNECTED/DISCONNECTED, reason: (unspecified), extra: <unknown ssid>, roaming: false, failover: false, isAvailable: true, isConnectedToProvisioningNetwork: false], networkType=1, otherNetwork=[type: WIFI[], state: DISCONNECTED/DISCONNECTED, reason: (unspecified), extra: <unknown ssid>, roaming: false, failover: false, isAvailable: true, isConnectedToProvisioningNetwork: false], inetCondition=0, extraInfo=<unknown ssid>, subId=null}]|||interception===false
06-14 14:56:23.538   296   778 D SocketClient: SocketClient sendData done: 
06-14 14:56:23.539   874   923 D AutoRunInterception: isInterceptAsUsual, the mode of interception item is: 0 calleePkg: com.meitu.mtsdk
06-14 14:56:23.539   874   923 W Interception: isInterceptByRule realCallingPid: -1 isInterceptAsUsual: true isMatch: false, runType===broadcast|||callerPkg===*|||calleePkg===com.meitu.mtsdk|||calleeClass===com.meitu.mkit.mkeepalive.MKeepAliveReceiver|||processName===com.meitu.mtsdk|||action===android.net.conn.CONNECTIVITY_CHANGE|||data===*|||extras===Bundle[{networkInfo=[type: WIFI[], state: DISCONNECTED/DISCONNECTED, reason: (unspecified), extra: <unknown ssid>, roaming: false, failover: false, isAvailable: true, isConnectedToProvisioningNetwork: false], networkType=1, otherNetwork=[type: WIFI[], state: DISCONNECTED/DISCONNECTED, reason: (unspecified), extra: <unknown ssid>, roaming: false, failover: false, isAvailable: true, isConnectedToProvisioningNetwork: false], inetCondition=0, extraInfo=<unknown ssid>, subId=null}]|||interception===false
06-14 14:56:23.541   874  1592 D AlarmManager: manual remove option = PendingIntent{25f5520a: PendingIntentRecord{12a611 com.tencent.mm broadcastIntent}}
06-14 14:56:23.541   874  1592 V AlarmManager: remove(operation) changed bounds; rebatching ALARM_ACTION(4918)
06-14 14:56:23.544   874  1592 D AlarmManager:  alarm = Alarm{262f2a7b type 0 when 14:56:25 start 14:56:25 end 14:56:25 com.meizu.cloud} add to Batch{3728c098 num=1 start=12684298 end=12686298 STANDALONE}
06-14 14:56:23.545   874  1712 D AutoRunInterception: isInterceptAsUsual, the mode of interception item is: 0 calleePkg: com.gozap.chouti
06-14 14:56:23.545   874   899 D CSLegacyTypeTracker: getNetworkForType type 1
06-14 14:56:23.545   874  1712 W Interception: isInterceptByRule realCallingPid: 0 isInterceptAsUsual: true isMatch: false, runType===broadcast|||callerPkg===*|||calleePkg===com.gozap.chouti|||calleeClass===com.xiaomi.push.service.receivers.NetworkStatusReceiver|||processName===com.gozap.chouti|||action===android.net.conn.CONNECTIVITY_CHANGE|||data===*|||extras===Bundle[{networkInfo=[type: WIFI[], state: DISCONNECTED/DISCONNECTED, reason: (unspecified), extra: <unknown ssid>, roaming: false, failover: false, isAvailable: true, isConnectedToProvisioningNetwork: false], networkType=1, inetCondition=0, extraInfo=<unknown ssid>}]|||interception===false
06-14 14:56:23.545 13331 32701 D NetAdmin: WifiConnectedReceiver : networkInfo : [type: WIFI[], state: DISCONNECTED/DISCONNECTED, reason: (unspecified), extra: (none), roaming: false, failover: false, isAvailable: true, isConnectedToProvisioningNetwork: false] NetworkInfo.State : DISCONNECTED
06-14 14:56:23.546   874  1592 D AlarmManager:  alarm = Alarm{349880f1 type 3 when 17:25:30 start 17:25:30 end 17:25:30 android} add to Batch{10233b2d num=1 start=21631909 end=21631909}
06-14 14:56:23.548   874  1592 D AlarmManager:  alarm = Alarm{cd61862 type 0 when 23:00:00 start 23:00:00 end 23:00:00 com.android.settings} add to Batch{30626df3 num=1 start=41701662 end=41701662 STANDALONE}
06-14 14:56:23.549   874  1592 D AlarmManager:  alarm = Alarm{145b0ab0 type 1 when 23:59:59 start 00:00:00 end 00:00:00 com.meizu.flyme.launcher} add to Batch{1c255d29 num=1 start=45301662 end=45301662 STANDALONE}
06-14 14:56:23.550   874  1592 D AlarmManager:  alarm = Alarm{150158ae type 1 when 00:00:00 start 00:00:00 end 00:00:00 android} add to Batch{1c255d29 num=2 start=45301662 end=45301662 STANDALONE}
06-14 14:56:23.551   874  1592 D AlarmManager:  alarm = Alarm{1f2bf64f type 1 when 00:00:00 start 23:59:59 end 00:00:00 com.meizu.safe} add to Batch{1c255d29 num=3 start=45301662 end=45301662 STANDALONE}
06-14 14:56:23.552   874  1592 D AlarmManager:  alarm = Alarm{3ade21dc type 1 when 00:00:00 start 00:00:00 end 00:00:00 com.android.calendar} add to Batch{1c255d29 num=4 start=45301662 end=45301662 STANDALONE}
06-14 14:56:23.553   874  1592 D AlarmManager:  alarm = Alarm{b0da2e5 type 0 when 07:00:00 start 07:00:00 end 07:00:00 com.android.settings} add to Batch{3e8e51ba num=1 start=70501662 end=70501662 STANDALONE}
06-14 14:56:23.560   874  1832 V AlarmManager: APP set(PendingIntent{2f5ba86b: PendingIntentRecord{5197fc8 com.tencent.mm broadcastIntent}}) : type=2 triggerAtTime=14485220 win=-1 tElapsed=14485220 maxElapsed=15835218 interval=0 standalone=false
06-14 14:56:23.562   874  1891 D LinkWakenInterception: isInterceptAsUsual, the callerPkg(com.android.email) and calleePkg are same, return false.
06-14 14:56:23.562   874  1891 D Interception: isInterceptByRule realCallingPid: 13363 isInterceptAsUsual: false isMatch: false, runType===retrieve_service|||callerPkg===com.android.email|||calleePkg===com.android.email|||calleeClass===com.android.email.service.EmailBroadcastProcessorService|||processName===com.android.email|||action===broadcast_receiver|||data===*|||extras===Bundle[mParcelledData.dataSize=792]|||interception===false
06-14 14:56:23.564   874   899 D ActivityManager: getContentProviderImpl: from caller=android.app.ApplicationThreadProxy@2ebfcf86 (pid=32679, userId=0) to get content provider settings cpr=ContentProviderRecord{153e5775 u0 com.android.providers.settings/.SettingsProvider}
06-14 14:56:23.564   874   899 D ActivityManager: getContentProviderImpl: updateLruProcessLocked cpr.proc=ProcessRecord{2de77b41 874:system/1000}
06-14 14:56:23.567   874  1245 D CSLegacyTypeTracker: getNetworkForType type 1
06-14 14:56:23.573 13391 13391 D DRM/ConnectionChangeReceiver: onReceive : CONNECTIVITY_CHANGE received.
06-14 14:56:23.573 13391 13391 D OmaDrmClient: create OmaDrmClient instance
06-14 14:56:23.573 13391 13391 D DrmManagerClient: create DrmManagerClient instance & create event threads.
06-14 14:56:23.574 13391 13391 V DrmManagerClient: create info handler thread.
06-14 14:56:23.576 13391 13391 V DrmManagerClient: create event handler thread.
06-14 14:56:23.578   300   300 D WVMDrmPlugIn: WVMDrmPlugin::onInitialize : 2266
06-14 14:56:23.578   300   300 D WVMDrmPlugIn: WVMDrmPlugin::onSetOnInfoListener : add 2266
06-14 14:56:23.578   300   300 D DrmCtaPlugIn: onInitialize() : uniqueId : 2266
06-14 14:56:23.578   300   300 D DrmCtaPlugIn: encrypt thread has being created
06-14 14:56:23.578   300   300 D DrmCtaPlugIn: decrypt thread has being created
06-14 14:56:23.578   300   300 D DrmCtaPlugIn: onSetOnInfoListener(): uniqueId : 2266
06-14 14:56:23.578   300   300 D DrmCtaPlugIn: onSetOnInfoListener() :  add
06-14 14:56:23.578   300   300 D DrmMtkPlugIn: DrmMtkPlugIn::onInitialize : 2266
06-14 14:56:23.578   300   300 D DrmMtkPlugIn: DrmMtkPlugIn::onSetOnInfoListener : 2266
06-14 14:56:23.579   300  1622 D DrmMtkPlugIn: DrmMtkPlugIn::onAcquireDrmInfo : 2266
06-14 14:56:23.579   300  1622 D DrmMtkPlugIn: DrmMtkPlugIn::onAcquireDrmInfo : execute action checkClock
06-14 14:56:23.579   300  1622 D DrmMtkUtil/SecureTimer: getDRMTime() : secure timer valid.
06-14 14:56:23.579   300  1622 D DrmMtkUtil/SecureTimer: uptime = 12685.240234,idletime = 8491.629883,return value = 12685
06-14 14:56:23.579   300  1622 D DrmMtkUtil/SecureTimer: getDRMTime() : validate with time base [1497410762], ticks base [64], device time [1497423383], device ticks [12685]
06-14 14:56:23.579   300  1622 D DrmMtkUtil/SecureTimer: getDRMTime() : real time [1497423390], offset [7]
06-14 14:56:23.579   300  1622 D DrmMtkPlugIn: DrmMtkPlugIn::onAcquireDrmInfo : check secure timer status valid
06-14 14:56:23.580   300  1622 D DrmMtkPlugIn: DrmMtkPlugIn::onAcquireDrmInfo : result of GET_DRM_INFO operation valid
06-14 14:56:23.580 13391 13391 V DRM/OmaDrmHelper: getStringFromDrmInfo : >valid
06-14 14:56:23.580 13391 13391 D DRM/OmaDrmHelper: checkClock : > valid
06-14 14:56:23.580 13391 13391 D OmaDrmClient: release OmaDrmClient instance
06-14 14:56:23.580 13391 13391 D DrmManagerClient: release event threads.
06-14 14:56:23.580 13391 13391 V DrmManagerClient: quit event handler thread.
06-14 14:56:23.586   874  1891 D AlarmManager: manual remove option = PendingIntent{208a6047: PendingIntentRecord{c47d8ab com.tencent.mm broadcastIntent}}
06-14 14:56:23.580 13391 13391 V DrmManagerClient: quit info handler thread.
06-14 14:56:23.586   874  1891 V AlarmManager: remove(operation) changed bounds; rebatching ALARM_ACTION(4918)
06-14 14:56:23.584   300   606 D WVMDrmPlugIn: WVMDrmPlugin::onTerminate : 2266
06-14 14:56:23.588   296   775 D FrameworkListener: dispatchCommand data = (getaddrinfo long.weixin.qq.com ^ 0 2 1 0 0)
06-14 14:56:23.584   300   606 D DrmCtaPlugIn: onTerminate():uniqueId : 2266
06-14 14:56:23.584   300   606 D DrmMtkPlugIn: DrmMtkPlugIn::onTerminate : 2266
06-14 14:56:23.584 13391 13391 D DRM/ConnectionChangeReceiver: ConnectionChangeReceiver : Secure timer is already valid
06-14 14:56:23.587  4918 32707 D libc-netbsd: [getaddrinfo]: hostname=long.weixin.qq.com; servname=(null); cache_mode=(null), netid=0; mark=0
06-14 14:56:23.587  4918 32707 D libc-netbsd: [getaddrinfo]: ai_addrlen=0; ai_canonname=(null); ai_flags=0; ai_family=2
06-14 14:56:23.589   874  1891 D AlarmManager:  alarm = Alarm{22ad074 type 3 when 17:25:30 start 17:25:30 end 17:25:30 android} add to Batch{2576499d num=1 start=21631909 end=21631909}
06-14 14:56:23.589   296 32708 D libc-netbsd: [getaddrinfo]: hostname=long.weixin.qq.com; servname=(null); cache_mode=local, netid=0; mark=917504
06-14 14:56:23.589   296 32708 D libc-netbsd: [getaddrinfo]: ai_addrlen=0; ai_canonname=(null); ai_flags=0; ai_family=2
06-14 14:56:23.589  1231  1231 D SafeApplication:     ---> need not wait for init_data...
06-14 14:56:23.589  1231  1231 I Patch_480593: start
06-14 14:56:23.590   296 32708 D libc-netbsd: res_queryN name = long.weixin.qq.com, class = 1, type = 1
06-14 14:56:23.591   296 32708 D libc-netbsd: res_queryN name = long.weixin.qq.com., class = 1, type = 1
06-14 14:56:23.598   874  1830 D CSLegacyTypeTracker: getNetworkForType type 0
06-14 14:56:23.592  4918 32707 D libc-netbsd: getaddrinfo: long.weixin.qq.com NO result from proxy 
06-14 14:56:23.598   296   778 D SocketClient: SocketClient sendData done: 
06-14 14:56:23.595   874  1891 D AlarmManager:  alarm = Alarm{a395e12 type 0 when 23:00:00 start 23:00:00 end 23:00:00 com.android.settings} add to Batch{2902b9e3 num=1 start=41701662 end=41701662 STANDALONE}
06-14 14:56:23.598   874  1848 D CSLegacyTypeTracker: getNetworkForType type 1
06-14 14:56:23.595  1231 32709 I Patch_480593:  isNeedOperation=false [needOpt:true | VersionCheck:false]
06-14 14:56:23.595  1231 32709 I Patch_480593: done.
06-14 14:56:23.597  1231  1231 D mylife2 : 收到网络发生变化广播
06-14 14:56:23.597   874  1891 D AlarmManager:  alarm = Alarm{335e7fe0 type 1 when 00:00:00 start 00:00:00 end 00:00:00 com.android.calendar} add to Batch{3172e299 num=1 start=45301662 end=45301662 STANDALONE}
06-14 14:56:23.600   874  1891 D AlarmManager:  alarm = Alarm{2a4b495e type 1 when 00:00:00 start 00:00:00 end 00:00:00 com.meizu.safe} add to Batch{3172e299 num=2 start=45301662 end=45301662 STANDALONE}
06-14 14:56:23.602   874  1891 D AlarmManager:  alarm = Alarm{f1d113f type 1 when 00:00:00 start 00:00:00 end 23:59:59 com.meizu.flyme.launcher} add to Batch{3172e299 num=3 start=45301663 end=45301662 STANDALONE}
06-14 14:56:23.603   874  1891 D AlarmManager:  alarm = Alarm{205bba0c type 1 when 00:00:00 start 00:00:00 end 00:00:00 com.meizu.flyme.input} add to Batch{3172e299 num=4 start=45301663 end=45301662 STANDALONE}
06-14 14:56:23.604 32679 32679 D Proxy   : setHttpRequestCheckHandler
06-14 14:56:23.606   874  1891 D AlarmManager:  alarm = Alarm{2b060f55 type 0 when 07:00:00 start 07:00:00 end 06:59:59 com.android.settings} add to Batch{1afe9d6a num=1 start=70501662 end=70501662 STANDALONE}
06-14 14:56:23.607   874  1891 D AlarmManager: set alarm to RTC 2-12686790-14:56:25
06-14 14:56:23.608  3445  3445 V SettingsInterface:  from settings cache , name = meizu_device_name , value = 魅蓝 note 2
06-14 14:56:23.610 13430 13430 I SystemUpdate/Receiver: onReceive: action = android.net.conn.CONNECTIVITY_CHANGE
06-14 14:56:23.612   874  1162 D CSLegacyTypeTracker: getNetworkForType type 0
06-14 14:56:23.612   874  1162 D CSLegacyTypeTracker: getNetworkForType type 1
06-14 14:56:23.612   874  1162 D CSLegacyTypeTracker: getNetworkForType type 2
06-14 14:56:23.612   874  1162 D CSLegacyTypeTracker: getNetworkForType type 3
06-14 14:56:23.612   874  1162 D CSLegacyTypeTracker: getNetworkForType type 4
06-14 14:56:23.612   874  1162 D CSLegacyTypeTracker: getNetworkForType type 5
06-14 14:56:23.612   874  1162 D CSLegacyTypeTracker: getNetworkForType type 7
06-14 14:56:23.612   874  1162 D CSLegacyTypeTracker: getNetworkForType type 10
06-14 14:56:23.612   874  1162 D CSLegacyTypeTracker: getNetworkForType type 11
06-14 14:56:23.612   874  1162 D CSLegacyTypeTracker: getNetworkForType type 12
06-14 14:56:23.612   874  1162 D CSLegacyTypeTracker: getNetworkForType type 14
06-14 14:56:23.612   874  1162 D CSLegacyTypeTracker: getNetworkForType type 15
06-14 14:56:23.612   874  1162 D CSLegacyTypeTracker: getNetworkForType type 17
06-14 14:56:23.612   874  1162 D CSLegacyTypeTracker: getNetworkForType type 34
06-14 14:56:23.614 13430 13430 I SystemUpdate/Util: get network stype is : STATE_NONE_NETWORK
06-14 14:56:23.612   874  1162 D CSLegacyTypeTracker: getNetworkForType type 35
06-14 14:56:23.612   874  1162 D CSLegacyTypeTracker: getNetworkForType type 36
06-14 14:56:23.612   874  1162 D CSLegacyTypeTracker: getNetworkForType type 37
06-14 14:56:23.612   874  1162 D CSLegacyTypeTracker: getNetworkForType type 38
06-14 14:56:23.615   874  1245 D Interception: isAlwaysAllow the calleePkg: com.meizu.flyme.weather is system application, return true.
06-14 14:56:23.613   874  1162 D CSLegacyTypeTracker: getNetworkForType type 40
06-14 14:56:23.615   874  1245 D Interception: isInterceptByRule realCallingPid: 0 isInterceptAsUsual: false isMatch: false, runType===broadcast|||callerPkg===*|||calleePkg===com.meizu.flyme.weather|||calleeClass===com.meizu.flyme.weather.WeatherWidgetProvider|||processName===com.meizu.flyme.weather|||action===android.net.conn.CONNECTIVITY_CHANGE|||data===*|||extras===Bundle[{networkInfo=[type: WIFI[], state: DISCONNECTED/DISCONNECTED, reason: (unspecified), extra: <unknown ssid>, roaming: false, failover: false, isAvailable: true, isConnectedToProvisioningNetwork: false], networkType=1, inetCondition=0, extraInfo=<unknown ssid>}]|||interception===false
06-14 14:56:23.613   874  1162 D CSLegacyTypeTracker: getNetworkForType type 41
06-14 14:56:23.615   874   985 D PerfServiceManager: [PerfService] MESSAGE_USER_ENABLE_TIMEOUT_MS: 10, 1000 
06-14 14:56:23.613   874  1162 D CSLegacyTypeTracker: getNetworkForType type 49
06-14 14:56:23.633   874 32672 V SettingsInterface:  from settings cache , name = dropbox:data_app_crash , value = null
06-14 14:56:23.634 32679 32679 D FirebaseApp: com.google.firebase.auth.FirebaseAuth is not linked. Skipping initialization.
06-14 14:56:23.636   874 32672 V SettingsInterface:  from settings cache , name = dropbox_age_seconds , value = null
06-14 14:56:23.636   874 32672 V SettingsInterface:  from settings cache , name = dropbox_max_files , value = null
06-14 14:56:23.636   874 32672 V SettingsInterface:  from settings cache , name = dropbox_quota_percent , value = null
06-14 14:56:23.636   874 32672 V SettingsInterface:  from settings cache , name = dropbox_reserve_percent , value = null
06-14 14:56:23.636   874 32672 V SettingsInterface:  from settings cache , name = dropbox_quota_kb , value = null
06-14 14:56:23.644 32679 32679 F FirebaseApp: Firebase API initialization failure.
06-14 14:56:23.644 32679 32679 F FirebaseApp: java.lang.reflect.InvocationTargetException
06-14 14:56:23.644 32679 32679 F FirebaseApp: 	at java.lang.reflect.Method.invoke(Native Method)
06-14 14:56:23.644 32679 32679 F FirebaseApp: 	at java.lang.reflect.Method.invoke(Method.java:372)
06-14 14:56:23.644 32679 32679 F FirebaseApp: 	at com.google.firebase.FirebaseApp.zza(Unknown Source)
06-14 14:56:23.644 32679 32679 F FirebaseApp: 	at com.google.firebase.FirebaseApp.initializeApp(Unknown Source)
06-14 14:56:23.644 32679 32679 F FirebaseApp: 	at com.google.firebase.FirebaseApp.initializeApp(Unknown Source)
06-14 14:56:23.644 32679 32679 F FirebaseApp: 	at com.google.firebase.FirebaseApp.zzbu(Unknown Source)
06-14 14:56:23.644 32679 32679 F FirebaseApp: 	at com.google.firebase.provider.FirebaseInitProvider.onCreate(Unknown Source)
06-14 14:56:23.644 32679 32679 F FirebaseApp: 	at android.content.ContentProvider.attachInfo(ContentProvider.java:1840)
06-14 14:56:23.644 32679 32679 F FirebaseApp: 	at android.content.ContentProvider.attachInfo(ContentProvider.java:1815)
06-14 14:56:23.644 32679 32679 F FirebaseApp: 	at com.google.firebase.provider.FirebaseInitProvider.attachInfo(Unknown Source)
06-14 14:56:23.644 32679 32679 F FirebaseApp: 	at android.app.ActivityThread.installProvider(ActivityThread.java:5555)
06-14 14:56:23.644 32679 32679 F FirebaseApp: 	at android.app.ActivityThread.installContentProviders(ActivityThread.java:5128)
06-14 14:56:23.644 32679 32679 F FirebaseApp: 	at android.app.ActivityThread.handleBindApplication(ActivityThread.java:5053)
06-14 14:56:23.644 32679 32679 F FirebaseApp: 	at android.app.ActivityThread.access$1600(ActivityThread.java:187)
06-14 14:56:23.644 32679 32679 F FirebaseApp: 	at android.app.ActivityThread$H.handleMessage(ActivityThread.java:1645)
06-14 14:56:23.644 32679 32679 F FirebaseApp: 	at android.os.Handler.dispatchMessage(Handler.java:111)
06-14 14:56:23.644 32679 32679 F FirebaseApp: 	at android.os.Looper.loop(Looper.java:194)
06-14 14:56:23.644 32679 32679 F FirebaseApp: 	at android.app.ActivityThread.main(ActivityThread.java:5869)
06-14 14:56:23.644 32679 32679 F FirebaseApp: 	at java.lang.reflect.Method.invoke(Native Method)
06-14 14:56:23.644 32679 32679 F FirebaseApp: 	at java.lang.reflect.Method.invoke(Method.java:372)
06-14 14:56:23.644 32679 32679 F FirebaseApp: 	at com.android.internal.os.ZygoteInit$MethodAndArgsCaller.run(ZygoteInit.java:1020)
06-14 14:56:23.644 32679 32679 F FirebaseApp: 	at com.android.internal.os.ZygoteInit.main(ZygoteInit.java:815)
06-14 14:56:23.644 32679 32679 F FirebaseApp: Caused by: java.lang.IllegalAccessError: Method 'void android.support.v4.content.ContextCompat.<init>()' is inaccessible to class 'com.google.firebase.iid.zzg' (declaration of 'com.google.firebase.iid.zzg' appears in /data/app/com.meitu.mtsdk-2/base.apk)
06-14 14:56:23.644 32679 32679 F FirebaseApp: 	at com.google.firebase.iid.zzg.zzeC(Unknown Source)
06-14 14:56:23.644 32679 32679 F FirebaseApp: 	at com.google.firebase.iid.zzg.<init>(Unknown Source)
06-14 14:56:23.644 32679 32679 F FirebaseApp: 	at com.google.firebase.iid.zzg.<init>(Unknown Source)
06-14 14:56:23.644 32679 32679 F FirebaseApp: 	at com.google.firebase.iid.zzd.zzb(Unknown Source)
06-14 14:56:23.644 32679 32679 F FirebaseApp: 	at com.google.firebase.iid.FirebaseInstanceId.getInstance(Unknown Source)
06-14 14:56:23.644 32679 32679 F FirebaseApp: 	... 22 more
06-14 14:56:23.662 32711 32711 W Zygote  : mz_is_rooted false
06-14 14:56:23.665   874  1245 I ActivityManager: Start proc 32711:com.meizu.flyme.weather/u0a79 for broadcast com.meizu.flyme.weather/.WeatherWidgetProvider
06-14 14:56:23.667   874  1830 V SettingsInterface:  from settings cache , name = dropbox:data_app_wtf , value = null
06-14 14:56:23.668   874  1830 V SettingsInterface:  from settings cache , name = wtf_is_fatal , value = null
06-14 14:56:23.669   874 32724 V SettingsInterface:  from settings cache , name = logcat_for_data_app_wtf , value = null
06-14 14:56:23.669   874 32724 V SettingsInterface:  from settings cache , name = dropbox:data_app_wtf , value = null
06-14 14:56:23.669   874 32724 V SettingsInterface:  from settings cache , name = dropbox:data_app_wtf , value = null
06-14 14:56:23.669   874 32724 V SettingsInterface:  from settings cache , name = dropbox_age_seconds , value = null
06-14 14:56:23.669   874 32724 V SettingsInterface:  from settings cache , name = dropbox_max_files , value = null
06-14 14:56:23.669 32679 32679 D FirebaseApp: com.google.firebase.crash.FirebaseCrash is not linked. Skipping initialization.
06-14 14:56:23.685   874  1848 W ActivityManager: Skip forceProcessStateUpTo() to newState 8
06-14 14:56:23.688 32679 32679 I FA      : App measurement is starting up, version: 9080
06-14 14:56:23.688 32679 32679 I FA      : To enable debug logging run: adb shell setprop log.tag.FA VERBOSE
06-14 14:56:23.688 32679 32679 D FA      : Debug logging enabled
06-14 14:56:23.688 32679 32679 D FA      : AppMeasurement singleton hash: 178279390
06-14 14:56:23.693 32679 32679 D OpenSSLLib: OpensslErr:Module:13(114:155); file:external/openssl/crypto/asn1/asn1_lib.c ;Line:145;Function:ASN1_get_object
06-14 14:56:23.694   874  1884 D ActivityManager: getContentProviderImpl: from caller=android.app.ApplicationThreadProxy@3c5b825b (pid=32711, userId=0) to get content provider settings cpr=ContentProviderRecord{153e5775 u0 com.android.providers.settings/.SettingsProvider}
06-14 14:56:23.694   874  1884 D ActivityManager: getContentProviderImpl: updateLruProcessLocked cpr.proc=ProcessRecord{2de77b41 874:system/1000}
06-14 14:56:23.700 32679 32679 V FA      : Collection enabled
06-14 14:56:23.701 32679 32679 V FA      : App package, google app id: com.meitu.mtsdk, 1:540091086618:android:bd0ba10d2d4bfc8f
06-14 14:56:23.707 32711 32711 D Proxy   : setHttpRequestCheckHandler
06-14 14:56:23.708   874  1832 D AlarmManager: manual remove option = PendingIntent{2106af8: PendingIntentRecord{15654bd1 com.meitu.mtsdk broadcastIntent}}
06-14 14:56:23.713 32679 32679 V FA      : Registered activity lifecycle callback
06-14 14:56:23.714 32679 32679 D FirebaseApp: Initialized class com.google.android.gms.measurement.AppMeasurement.
06-14 14:56:23.714 32679 32679 I FirebaseInitProvider: FirebaseApp initialization successful
06-14 14:56:23.717 32679 32679 D MLog    :  MStoreProvider onCreate--> Context = com.meitu.mtsdk.AppApplication@308e088c
06-14 14:56:23.719 32711 32711 E System  : stat file error, path is /data/app/com.meizu.flyme.weather-1/lib/arm64, exception is android.system.ErrnoException: stat failed: ENOENT (No such file or directory)
06-14 14:56:23.720 32679 32679 D MLog    :  app --> com.meitu.mtsdk.AppApplication@308e088c  pid 32679
06-14 14:56:23.720   874  1884 W ActivityManager: getRunningAppProcesses: caller 10249 does not hold REAL_GET_TASKS; limiting output
06-14 14:56:23.720 32679 32679 D MLog    :  main process id = 32679
06-14 14:56:23.720 32679 32679 D MLog    : fixJsr47Logger...
06-14 14:56:23.721 32679 32734 V FA      : Using local app measurement service
06-14 14:56:23.725   874  1245 D LinkWakenInterception: isInterceptAsUsual, the callerPkg(com.meitu.mtsdk) and calleePkg are same, return false.
06-14 14:56:23.725   874  1245 D Interception: isInterceptByRule realCallingPid: 32679 isInterceptAsUsual: false isMatch: false, runType===retrieve_service|||callerPkg===com.meitu.mtsdk|||calleePkg===com.meitu.mtsdk|||calleeClass===com.google.android.gms.measurement.AppMeasurementService|||processName===com.meitu.mtsdk|||action===com.google.android.gms.measurement.START|||data===*|||extras===*|||interception===false
06-14 14:56:23.725   874  1245 D ActivityManager: bindServiceLocked : uid = 10249, flags = 129, restartDirectly = false, s : ServiceRecord{305d3ea4 u0 com.meitu.mtsdk/com.google.android.gms.measurement.AppMeasurementService}
06-14 14:56:23.727 32711 32711 W linker  : /system/lib64/libfilterUtils.so: unused DT entry: type 0x6ffffffe arg 0x808
06-14 14:56:23.727 32711 32711 W linker  : /system/lib64/libfilterUtils.so: unused DT entry: type 0x6fffffff arg 0x2
06-14 14:56:23.743   874 32724 W AES     : Exception Log handling...
06-14 14:56:23.743   874   874 V ActivityManager: Broadcast: Intent { act=android.intent.action.DROPBOX_ENTRY_ADDED flg=0x10 (has extras) } ordered=false userid=0 callerApp=ProcessRecord{2de77b41 874:system/1000}
06-14 14:56:23.746   874   874 V ActivityManager: Broadcast: Intent { act=android.intent.action.DROPBOX_ENTRY_ADDED flg=0x10 (has extras) } ordered=false userid=0 callerApp=ProcessRecord{2de77b41 874:system/1000}
06-14 14:56:23.747   874 32724 W art     : No such thread for suspend: 0x7f5d9d7524:Error report: com.meitu.mtsdk
06-14 14:56:23.752  1860 13323 V SettingsInterface:  from settings cache , name = multi_sim_voice_call , value = null
06-14 14:56:23.753  1860  1881 V SettingsInterface:  from settings cache , name = multi_sim_voice_call , value = null
06-14 14:56:23.758  1860  2189 D PhoneInterfaceManager: [PhoneIntfMgr] phone.getCellLocation: is null
06-14 14:56:23.758  1860  2189 D GsmCellLocation: fillInNotifierBundle:Bundle[{cid=26447, lac=22831, psc=-1, type=1}]
06-14 14:56:23.758  1860  2189 D PhoneInterfaceManager: [PhoneIntfMgr] phone.getGsmCellLocation:Bundle[{cid=26447, lac=22831, psc=-1, type=1}]
06-14 14:56:23.758  1624  1703 E CellLocation: create GsmCellLocation
06-14 14:56:23.759   874  1824 D LocationManagerService: getLastLocation: Request[POWER_LOW network requested=0 fastest=0 num=1]
06-14 14:56:23.759   874  1824 V SettingsInterface:  from settings cache , name = location_providers_allowed , value = default
06-14 14:56:23.760   874 32724 D AES     : ExceptionLog: notify aed
06-14 14:56:23.760   874 32724 D AES     :     process : com.meitu.mtsdk
06-14 14:56:23.760   874 32724 D AES     :      module : com.meitu.mtsdk v1 (1.3.2)
06-14 14:56:23.760   874 32724 D AES     : 
06-14 14:56:23.760   874 32724 D AES     :       cause : data_app_wtf
06-14 14:56:23.760   874 32724 D AES     :       pid : 32679
06-14 14:56:23.760   874 32724 W AES     : not correct type, but use JE as default
06-14 14:56:23.760   874 32724 D AEE/LIBAEE: shell: raise_exp(4, 32679, -1361051648, com.meitu.mtsdk, 0x0x7f7932e000, 0x0x0)
06-14 14:56:23.760   874 32724 D AEE/LIBAEE: shell: connected with AED OK
06-14 14:56:23.760   299   299 D AEE/AED : $===AEE===AEE===AEE===$
06-14 14:56:23.760   299   299 D AEE/AED : p 0 poll events 1 revents 0
06-14 14:56:23.760   299   299 D AEE/AED : not know revents:0
06-14 14:56:23.760   299   299 D AEE/AED : p 1 poll events 1 revents 1
06-14 14:56:23.760   299   299 D AEE/AED : aed_main_fork_worker: generator 0x7fb301a0c0, worker 0x7fdabf28c0, recv_fd 14
06-14 14:56:23.761   299   299 D AEE/AED : p 2 poll events 1 revents 0
06-14 14:56:23.761   299   299 D AEE/AED : not know revents:0
06-14 14:56:23.761   299   299 D AEE/AED : p 3 poll events 1 revents 0
06-14 14:56:23.761   299   299 D AEE/AED : not know revents:0
06-14 14:56:23.763 32735 32735 D AEE/AED : read success, handling msg (Ind, AE_IND_EXP_RAISED)
06-14 14:56:23.764 32735 32735 I AEE/AED : [OnPurpose Redunant in void preset_info(aed_report_record*, int, int)] pid: 32679, tid: -1361051648, name: UNKNOWN  >>> com.meitu.mtsdk <<<
06-14 14:56:23.764 32735 32735 V AEE/AED : dashboard_record_update() : rec->module = com.meitu.mtsdk 
06-14 14:56:23.764 32735 32735 D AEE/AED : Skip duplicated exception ! 
06-14 14:56:23.764 32735 32735 D AEE/AED : Exception Class: 4 
06-14 14:56:23.764 32735 32735 D AEE/AED : Module: com.meitu.mtsdk 
06-14 14:56:23.764 32735 32735 D AEE/AED : Count: 9 
06-14 14:56:23.764 32735 32735 D AEE/AED : Last exception time: 1497423324 
06-14 14:56:23.764 32735 32735 D AEE/AED :  
06-14 14:56:23.764 32735 32735 V AEE/AED : process session - skipped 
06-14 14:56:23.764   874 32724 D AEE/LIBAEE: shell: got the request (cmd:Ind,AE_IND_LOG_CLOSE)
06-14 14:56:23.764   874 32724 D AEE/LIBAEE: shell: Got session close ind from AED
06-14 14:56:23.766 32711 32711 I Process : Sending signal. PID: 32711 SIG: 9
06-14 14:56:23.767   299   299 D AEE/AED : $===AEE===AEE===AEE===$
06-14 14:56:23.767   299   299 D AEE/AED : p 0 poll events 1 revents 0
06-14 14:56:23.767   299   299 D AEE/AED : not know revents:0
06-14 14:56:23.767   299   299 D AEE/AED : p 1 poll events 1 revents 0
06-14 14:56:23.767   299   299 D AEE/AED : not know revents:0
06-14 14:56:23.767   299   299 D AEE/AED : p 2 poll events 1 revents 0
06-14 14:56:23.767   299   299 D AEE/AED : not know revents:0
06-14 14:56:23.767   299   299 D AEE/AED : p 3 poll events 1 revents 0
06-14 14:56:23.767   299   299 D AEE/AED : not know revents:0
06-14 14:56:23.782 32679 32679 D OpenSSLLib: OpensslErr:Module:13(114:155); file:external/openssl/crypto/asn1/asn1_lib.c ;Line:145;Function:ASN1_get_object
06-14 14:56:23.788  1624  1645 D NativeCrypto: ssl=0x7f7903ca80 NativeCrypto_SSL_interrupt
06-14 14:56:23.788  1624  1645 D NativeCrypto:  sslNotify, appData=0x7f7902ce20 ret=1
06-14 14:56:23.788  1624  1645 D NativeCrypto:  sslNotify, appData=0x7f7902ce20 ret=1
06-14 14:56:23.789  1624  1645 I System.out: [CDS]close[38399]
06-14 14:56:23.789  1624  1645 I NetworkManagementSocketTagger: untagSocket(32)
06-14 14:56:23.790  1624  1645 D NativeCrypto: ssl=0x7f72e42280 NativeCrypto_SSL_interrupt
06-14 14:56:23.790  1624  1645 D NativeCrypto:  sslNotify, appData=0x7f72d184c0 ret=1
06-14 14:56:23.790  1624  1645 D NativeCrypto:  sslNotify, appData=0x7f72d184c0 ret=1
06-14 14:56:23.791  1624  1645 I System.out: [CDS]close[59180]
06-14 14:56:23.791  1624  1645 I NetworkManagementSocketTagger: untagSocket(55)
06-14 14:56:23.792  1624  1645 D NativeCrypto: ssl=0x7f72e43780 NativeCrypto_SSL_interrupt
06-14 14:56:23.792  1624  1645 D NativeCrypto:  sslNotify, appData=0x7f72d181a0 ret=1
06-14 14:56:23.792  1624  1645 D NativeCrypto:  sslNotify, appData=0x7f72d181a0 ret=1
06-14 14:56:23.793  1624  1645 I System.out: [CDS]close[49967]
06-14 14:56:23.793  1624  1645 I NetworkManagementSocketTagger: untagSocket(58)
06-14 14:56:23.794  1624  1645 D NativeCrypto: ssl=0x7f72e44c80 NativeCrypto_SSL_interrupt
06-14 14:56:23.794  1624  1645 D NativeCrypto:  sslNotify, appData=0x7f72d18d80 ret=1
06-14 14:56:23.794  1624  1645 D NativeCrypto:  sslNotify, appData=0x7f72d18d80 ret=1
06-14 14:56:23.795  1624  1645 I System.out: [CDS]close[48826]
06-14 14:56:23.795  1624  1645 I NetworkManagementSocketTagger: untagSocket(61)
06-14 14:56:23.813 32679 32679 D MLog    : fixJsr47Logger...end
06-14 14:56:23.814 32679 32679 D MLog    : Thread:main  AppApplication#initMtSdk()---> pushkit_channel = meitu
06-14 14:56:23.814   874   982 D AudioService: MzCreateMediaserverWatchdogThread: monitor mediaserver end !!!
06-14 14:56:23.814   874   982 D AudioService: MzCreateMediaserverWatchdogThread: monitor mediaserver start !!!
06-14 14:56:23.815  3345  3367 I EventCore: dispatch Event{mName='Network', mData=Data{mKey='', mAvailable=false, mType=NULL, mConnType=1}, mSticky=true, mDelayMillis=500}
06-14 14:56:23.815  2507  2531 I EventCore: dispatch Event{mName='Network', mData=Data{mKey='', mAvailable=false, mType=NULL, mConnType=1}, mSticky=true, mDelayMillis=500}
06-14 14:56:23.815   874 32737 D AudioSystem: +setParameters(): mediaserver_monitor=1 
06-14 14:56:23.815  2507  2531 D MonitorService: check channel state = CLOSED; Data{mKey='', mAvailable=false, mType=NULL, mConnType=1}
06-14 14:56:23.816   301  6737 I AudioFlinger: setParameters(): io 0, keyvalue mediaserver_monitor=1, calling pid 874
06-14 14:56:23.816   301  6737 D AudioALSAHardware: +setParameters(): mediaserver_monitor=1
06-14 14:56:23.816   301  6737 W AudioALSAHardware: setParameters(), still have param.size() = 1, remain param = "mediaserver_monitor=1"
06-14 14:56:23.816   301  6737 D AudioALSAHardware: -setParameters(): mediaserver_monitor=1 
06-14 14:56:23.816   301  6737 D bt_audio_a2dp_hw: [A2DP_HW] [adev_set_parameters@1540] out is null , check in stream
06-14 14:56:23.816   301  6737 I str_params: key: 'mediaserver_monitor' value: '1'
06-14 14:56:23.816   301  6737 D usb_audio_hw: adev_set_parameters: kvpairs = mediaserver_monitor=1
06-14 14:56:23.816   874 32737 D AudioSystem: -setParameters(): mediaserver_monitor=1 
06-14 14:56:23.816  2507  2531 I AlarmService: cancel {action=com.meizu.push.action.Monitor, period=2000, window=500, wakeup=true, set = 1497423383128}
06-14 14:56:23.817   301   981 I AudioPolicyManager: setStreamVolumeIndex stream = 7 index = 15 device = 0x400
06-14 14:56:23.818   874  1848 D AlarmManager: manual remove option = PendingIntent{2905e1d3: PendingIntentRecord{207bf91c com.meizu.cloud broadcastIntent}}
06-14 14:56:23.819   874  1848 V AlarmManager: remove(operation) changed bounds; rebatching com.meizu.push.action.Monitor
06-14 14:56:23.819 32679 32738 D MLog    : Thread:PushKit-Init  MeituPushControl#initSync()--->init appId = 6130246733491559425
06-14 14:56:23.820 32679 32738 D MLog    : Thread:PushKit-Init  MeituPushControl#initSync()---> application = com.meitu.mtsdk.AppApplication@308e088c isDebuggable true
06-14 14:56:23.822 32679 32738 D MLog    : Thread:PushKit-Init  MStoreController#getAuthoritySchema()--->getAuthoritySchema =  com.meitu.mtsdk.mstore
06-14 14:56:23.822   874  1848 D AlarmManager:  alarm = Alarm{2fc2c82f type 3 when 17:25:30 start 17:25:30 end 17:25:30 android} add to Batch{3247be3c num=1 start=21631909 end=21631909}
06-14 14:56:23.824   874  1848 D AlarmManager:  alarm = Alarm{22ea77c5 type 0 when 23:00:00 start 23:00:00 end 23:00:00 com.android.settings} add to Batch{35b1351a num=1 start=41701662 end=41701662 STANDALONE}
06-14 14:56:23.826   874  1848 D AlarmManager:  alarm = Alarm{6bdb84b type 1 when 23:59:59 start 00:00:00 end 00:00:00 com.meizu.flyme.input} add to Batch{1f08228 num=1 start=45301662 end=45301662 STANDALONE}
06-14 14:56:23.827   874  1848 D AlarmManager:  alarm = Alarm{2dffcb41 type 1 when 00:00:00 start 00:00:00 end 00:00:00 com.meizu.flyme.launcher} add to Batch{1f08228 num=2 start=45301662 end=45301662 STANDALONE}
06-14 14:56:23.829   874  1848 D AlarmManager:  alarm = Alarm{3b1d88e6 type 1 when 00:00:00 start 00:00:00 end 00:00:00 com.android.calendar} add to Batch{1f08228 num=3 start=45301662 end=45301662 STANDALONE}
06-14 14:56:23.830   874  1848 D AlarmManager:  alarm = Alarm{332d8e27 type 1 when 00:00:00 start 00:00:00 end 00:00:00 android} add to Batch{1f08228 num=4 start=45301662 end=45301662 STANDALONE}
06-14 14:56:23.832   874   899 D DisplayManagerService: Display listener for pid 32711 died.
06-14 14:56:23.832   874  1712 I ActivityManager: Process com.meizu.flyme.weather (pid 32711) has died
06-14 14:56:23.832   874  1712 D ActivityManager: SVC-handleAppDiedLocked: app = ProcessRecord{3bbcda7d 32711:com.meizu.flyme.weather/u0a79}, app.pid = 32711
06-14 14:56:23.833   874  1848 D AlarmManager:  alarm = Alarm{4df98d4 type 0 when 07:00:00 start 07:00:00 end 06:59:59 com.android.settings} add to Batch{2cdae5c3 num=1 start=70501662 end=70501662 STANDALONE}
06-14 14:56:23.832   874  1712 W ActivityManager: Scheduling restart of crashed service com.meizu.flyme.weather/.WidgetProviderService in 43792ms
06-14 14:56:23.833   874  1712 D ActivityManager: removeDyingProviderLocked: cpr=ContentProviderRecord{33a94d72 u0 com.meizu.flyme.weather/.common.CityDBProvider} always=false inLaunching=false
06-14 14:56:23.833   874  1712 D ActivityManager: removeDyingProviderLocked: cpr=ContentProviderRecord{3076e40 u0 com.meizu.flyme.weather/com.moji.mjweather.provider.WeatherProvider} always=false inLaunching=false
06-14 14:56:23.833   874  1712 D ActivityManager: SVC-mBroadcastQueues: com.android.server.am.BroadcastQueue@3255f377
06-14 14:56:23.833   874  1712 D ActivityManager: SVC-mBroadcastQueues: com.android.server.am.BroadcastQueue@23d11be4
06-14 14:56:23.834   874  1848 D AlarmManager: set alarm to RTC 2-12984871-15:01:23
06-14 14:56:23.834   874   900 V AlarmManager: APP set(PendingIntent{ebacebe: PendingIntentRecord{34d4c7b com.meitu.mtsdk broadcastIntent}}) : type=3 triggerAtTime=12685482 win=-1 tElapsed=12690482 maxElapsed=12780482 interval=120000 standalone=false
06-14 14:56:23.834  2507  2531 I RaceService: onEvent Event{mName='Network', mData=Data{mKey='', mAvailable=false, mType=NULL, mConnType=1}, mSticky=true, mDelayMillis=500}
06-14 14:56:23.835   874   900 D AlarmManager: set alarm to RTC 3-12690482-14:56:28
06-14 14:56:23.835   874   923 D AutoRunInterception: isInterceptAsUsual, the mode of interception item is: 0 calleePkg: com.gozap.chouti
06-14 14:56:23.835   874   923 W Interception: isInterceptByRule realCallingPid: -1 isInterceptAsUsual: true isMatch: false, runType===broadcast|||callerPkg===*|||calleePkg===com.gozap.chouti|||calleeClass===com.gozap.chouti.service.ConnectionChangeReceiver|||processName===com.gozap.chouti|||action===android.net.conn.CONNECTIVITY_CHANGE|||data===*|||extras===Bundle[{networkInfo=[type: WIFI[], state: DISCONNECTED/DISCONNECTED, reason: (unspecified), extra: <unknown ssid>, roaming: false, failover: false, isAvailable: true, isConnectedToProvisioningNetwork: false], networkType=1, inetCondition=0, extraInfo=<unknown ssid>}]|||interception===false
06-14 14:56:23.836 32679 32679 D MLog    : Thread:main  MKeepAliveService#onStartCommand()--->  onStartCommand  pid 32679 com.meitu.mkit.mkeepalive.MKeepAliveService@35f60051
06-14 14:56:23.851 32679 32679 V FA      : Local AppMeasurementService is starting up
06-14 14:56:23.855 32679 32679 D MLog    : Thread:main  InnerReceiver#onReceive()--->CONNECTIVITY_ACTION context -->android.app.ReceiverRestrictedContext@11076889
06-14 14:56:23.855 32679 32738 D MLog    : Thread:PushKit-Init  MeituPushControl#initSync()--->Client Channel Array [5]
06-14 14:56:23.858 32679 32679 V FA      : Bound to IMeasurementService interface
06-14 14:56:23.859 32679 32734 V FA      : Connected to service
06-14 14:56:23.859 32679 32734 V FA      : Processing queued up service tasks: 1
06-14 14:56:23.861 32679 32739 D MLog    : Thread:requestPushChannel   PushHelper#getDeviceToken()---> getDeviceToken  = 012a75675917241a5a51a1401dbc084c3708f8458ada64e7b8456ae11c413953
06-14 14:56:23.861 32679 32739 D MLog    : Thread:requestPushChannel   PushHelper#requestPushChannelImpl()---> requestPushChannelImpl 
06-14 14:56:23.862 32679 32679 D MLog    : Thread:main  MTPushInnerReceiver#onReceive()--->action=android.net.conn.CONNECTIVITY_CHANGE channelSwitch = true
06-14 14:56:23.864 32679 32734 E FA      : Task exception on worker thread: java.lang.IllegalAccessError: Method 'void android.support.v4.content.ContextCompat.<init>()' is inaccessible to class 'com.google.firebase.iid.zzg' (declaration of 'com.google.firebase.iid.zzg' appears in /data/app/com.meitu.mtsdk-2/base.apk): com.google.android.gms.measurement.internal.zzt.zzEd(Unknown Source)
06-14 14:56:23.866 32679 32679 D MLog    : Thread:main  MKeepAliveReceiver#onReceive()--->action=android.net.conn.CONNECTIVITY_CHANGE
06-14 14:56:23.868 32679 32679 D MLog    : Thread:main  MKeepAliveService#onStartCommand()--->  onStartCommand  pid 32679 com.meitu.mkit.mkeepalive.MKeepAliveService@35f60051
06-14 14:56:23.892 32679 32739 D MLog    : Thread:requestPushChannel   PushHelper#requestPushChannelImpl()---> hwid=0  emuiVersion=0 xmsfVersion=0 flyMeVersion=Flyme 6.0.2.0A
06-14 14:56:23.894 32679 32739 D MLog    : Thread:requestPushChannel   PushHelper#getDeviceId()--->deviceId =00000000-5f68-7aa6-ffff-ffffed6d2cc7  Build.MANUFACTURER Meizu
06-14 14:56:23.896 32679 32739 D MLog    : Thread:requestPushChannel   PushHelper#getLang()---> getLang = zh_CN
06-14 14:56:23.898   874  1830 W ActivityManager: getRunningAppProcesses: caller 10249 does not hold REAL_GET_TASKS; limiting output
06-14 14:56:23.899   874  1592 V SettingsInterface:  from settings cache , name = com.meitu.mtsdk_op_56 , value = 4
06-14 14:56:23.901   874   895 I art     : Background partial concurrent mark sweep GC freed 19610(1182KB) AllocSpace objects, 20(6MB) LOS objects, 9% free, 37MB/41MB, paused 2.812ms total 162.604ms
06-14 14:56:23.927 32679 32739 D MLog    : Thread:requestPushChannel   PushHelper#isSupportGooglePlayService()---> has_gms 0
06-14 14:56:23.928 32679 32739 D MLog    : Thread:requestPushChannel   PushHelper#requestPushChannelImpl()---> sig Param = {source=, client_channels=[5], flyme=Flyme 6.0.2.0A, app_id=6130246733491559425, has_gms=0, country=CN, device_id=00000000-5f68-7aa6-ffff-ffffed6d2cc7, sdk_version=1.3.2.8, version=1.3.2, lang=zh_CN, device_model=m2 note, os_version=22, manufacturer=Meizu, device_token=012a75675917241a5a51a1401dbc084c3708f8458ada64e7b8456ae11c413953, channel=5}
06-14 14:56:23.935 32679 32739 D MLog    : Thread:requestPushChannel   PushHelper#requestPushChannelImpl()---> start to requestPushChannel  
06-14 14:56:23.958 32679 32742 D libc-netbsd: [getaddrinfo]: hostname=prepush.meitu.com; servname=(null); cache_mode=(null), netid=0; mark=0
06-14 14:56:23.958 32679 32742 D libc-netbsd: [getaddrinfo]: ai_addrlen=0; ai_canonname=(null); ai_flags=4; ai_family=0
06-14 14:56:23.959 32679 32742 D libc-netbsd: [getaddrinfo]: hostname=prepush.meitu.com; servname=(null); cache_mode=(null), netid=0; mark=0
06-14 14:56:23.959 32679 32742 D libc-netbsd: [getaddrinfo]: ai_addrlen=0; ai_canonname=(null); ai_flags=1024; ai_family=0
06-14 14:56:23.959   296   775 D FrameworkListener: dispatchCommand data = (getaddrinfo prepush.meitu.com ^ 1024 0 1 0 0)
06-14 14:56:23.959   296 32743 D libc-netbsd: [getaddrinfo]: hostname=prepush.meitu.com; servname=(null); cache_mode=local, netid=0; mark=917504
06-14 14:56:23.959   296 32743 D libc-netbsd: [getaddrinfo]: ai_addrlen=0; ai_canonname=(null); ai_flags=1024; ai_family=0
06-14 14:56:23.960   296 32743 D libc-netbsd: default dns: query_ipv6=0, query_ipv4=0
06-14 14:56:23.960 32679 32742 D libc-netbsd: getaddrinfo: prepush.meitu.com NO result from proxy 
06-14 14:56:23.960 32679 32742 I System.out:  sAuthority = content://com.meitu.mtsdk.mstore?module=default_module_2147483647&key=key_debug mstore paramModule = default_module_2147483647 paramsKey = key_debug sAuthority = content://com.meitu.mtsdk.mstore?module=default_module_2147483647&key=key_app_list_com.meitu.mkit.mkeepalive.MKeepAliveConfig mstore paramModule = default_module_2147483647 paramsKey = key_app_list_com.meitu.mkit.mkeepalive.MKeepAliveConfig sAuthority = content://com.meitu.mtsdk.mstore?module=default_module_2147483647&key=key_version mstore paramModule = default_module_2147483647 paramsKey = key_version sAuthority = content://com.meitu.mtsdk.mstore?module=default_module_2147483647&key=key_os_version mstore paramModule = default_module_2147483647 paramsKey = key_os_version sAuthority = content://com.meitu.mtsdk.mstore?module=default_module_2147483647&key=key_token mstore paramModule = default_module_2147483647 paramsKey = key_token sAuthority = content://com.meitu.mtsdk.mstore?module=default_module_2147483647&key=key_channel_switch_ mstore paramModule = default_module_2147483647 paramsKey = key_channel_switch_ sAuthority = content://com.meitu.mtsdk.mstore?module=default_module_2147483647&key=key_mt_appId mstore paramModule = default_module_2147483647 paramsKey = key_mt_appId sAuthority = content://com.meitu.mtsdk.mstore?module=default_module_2147483647&key=key_device_id mstore paramModule = default_module_2147483647 paramsKey = key_device_id sAuthority = content://com.meitu.mtsdk.mstore?module=default_module_2147483647&key=key_channel_array mstore paramModule = default_module_2147483647 paramsKey = key_channel_array sAuthority = content://com.meitu.mtsdk.mstore?module=default_module_2147483647&key=key_app_lang mstore paramModule = default_module_2147483647 paramsKey = key_app_lang sAuthority = content://com.meitu.mtsdk.mstore?module=default_module_2147483647&key=key_push_channel mstore paramModule = default_module_2147483647 paramsKey = key_push_channel sAuthority = content://com.meitu.mtsdk.mstore?module=default_module_2147483647&key=key_flavor mstore paramModule = default_module_2147483647 paramsKey = key_flavor sAuthority = content://com.meitu.mtsdk.mstore?module=default_module_2147483647&key=key_debug mstore paramModule = default_module_2147483647 paramsKey = key_debug[CDS][DNS]Unable to resolve host "prepush.meitu.com": No address associated with hostname
06-14 14:56:23.964 32679 32742 D MLog    : Thread:OkHttp http://prepush.meitu.com/...  PushHelper$4#onFailure()---> requestPushChannel errors  Unable to resolve host "prepush.meitu.com": No address associated with hostname
06-14 14:56:23.964 32679 32742 W System.err: java.net.UnknownHostException: Unable to resolve host "prepush.meitu.com": No address associated with hostname
06-14 14:56:23.964 32679 32742 W System.err: 	at java.net.InetAddress.lookupHostByName(InetAddress.java:479)
06-14 14:56:23.964 32679 32742 W System.err: 	at java.net.InetAddress.getAllByNameImpl(InetAddress.java:259)
06-14 14:56:23.964 32679 32742 W System.err: 	at java.net.InetAddress.getAllByName(InetAddress.java:221)
06-14 14:56:23.964 32679 32742 W System.err: 	at okhttp3.Dns$1.lookup(Dns.java:39)
06-14 14:56:23.964 32679 32742 W System.err: 	at okhttp3.internal.connection.RouteSelector.resetNextInetSocketAddress(RouteSelector.java:172)
06-14 14:56:23.964 32679 32742 W System.err: 	at okhttp3.internal.connection.RouteSelector.nextProxy(RouteSelector.java:138)
06-14 14:56:23.964 32679 32742 W System.err: 	at okhttp3.internal.connection.RouteSelector.next(RouteSelector.java:80)
06-14 14:56:23.964 32679 32742 W System.err: 	at okhttp3.internal.connection.StreamAllocation.findConnection(StreamAllocation.java:178)
06-14 14:56:23.964 32679 32742 W System.err: 	at okhttp3.internal.connection.StreamAllocation.findHealthyConnection(StreamAllocation.java:129)
06-14 14:56:23.965 32679 32742 W System.err: 	at okhttp3.internal.connection.StreamAllocation.newStream(StreamAllocation.java:98)
06-14 14:56:23.965 32679 32742 W System.err: 	at okhttp3.internal.connection.ConnectInterceptor.intercept(ConnectInterceptor.java:42)
06-14 14:56:23.965 32679 32742 W System.err: 	at okhttp3.internal.http.RealInterceptorChain.proceed(RealInterceptorChain.java:92)
06-14 14:56:23.965 32679 32742 W System.err: 	at okhttp3.internal.http.RealInterceptorChain.proceed(RealInterceptorChain.java:67)
06-14 14:56:23.965 32679 32742 W System.err: 	at okhttp3.internal.cache.CacheInterceptor.intercept(CacheInterceptor.java:109)
06-14 14:56:23.965 32679 32742 W System.err: 	at okhttp3.internal.http.RealInterceptorChain.proceed(RealInterceptorChain.java:92)
06-14 14:56:23.965 32679 32742 W System.err: 	at okhttp3.internal.http.RealInterceptorChain.proceed(RealInterceptorChain.java:67)
06-14 14:56:23.965 32679 32742 W System.err: 	at okhttp3.internal.http.BridgeInterceptor.intercept(BridgeInterceptor.java:93)
06-14 14:56:23.965 32679 32742 W System.err: 	at okhttp3.internal.http.RealInterceptorChain.proceed(RealInterceptorChain.java:92)
06-14 14:56:23.965 32679 32742 W System.err: 	at okhttp3.internal.http.RetryAndFollowUpInterceptor.intercept(RetryAndFollowUpInterceptor.java:124)
06-14 14:56:23.965 32679 32742 W System.err: 	at okhttp3.internal.http.RealInterceptorChain.proceed(RealInterceptorChain.java:92)
06-14 14:56:23.965 32679 32742 W System.err: 	at okhttp3.internal.http.RealInterceptorChain.proceed(RealInterceptorChain.java:67)
06-14 14:56:23.965 32679 32742 W System.err: 	at okhttp3.RealCall.getResponseWithInterceptorChain(RealCall.java:170)
06-14 14:56:23.965 32679 32742 W System.err: 	at okhttp3.RealCall.access$100(RealCall.java:33)
06-14 14:56:23.965 32679 32742 W System.err: 	at okhttp3.RealCall$AsyncCall.execute(RealCall.java:120)
06-14 14:56:23.965 32679 32742 W System.err: 	at okhttp3.internal.NamedRunnable.run(NamedRunnable.java:32)
06-14 14:56:23.965 32679 32742 W System.err: 	at java.util.concurrent.ThreadPoolExecutor.runWorker(ThreadPoolExecutor.java:1112)
06-14 14:56:23.965 32679 32742 W System.err: 	at java.util.concurrent.ThreadPoolExecutor$Worker.run(ThreadPoolExecutor.java:587)
06-14 14:56:23.965 32679 32742 W System.err: 	at java.lang.Thread.run(Thread.java:818)
06-14 14:56:23.965 32679 32742 W System.err: Caused by: android.system.GaiException: android_getaddrinfo failed: EAI_NODATA (No address associated with hostname)
06-14 14:56:23.966 32679 32742 W System.err: 	at libcore.io.Posix.android_getaddrinfo(Native Method)
06-14 14:56:23.966 32679 32742 W System.err: 	at libcore.io.ForwardingOs.android_getaddrinfo(ForwardingOs.java:55)
06-14 14:56:23.966 32679 32742 W System.err: 	at java.net.InetAddress.lookupHostByName(InetAddress.java:445)
06-14 14:56:23.966 32679 32742 W System.err: 	... 27 more
06-14 14:56:24.026 32424 32424 D BgTest  : uiCount 28  +1
06-14 14:56:24.244   874   965 V NetworkStats: updateIfacesLocked()
06-14 14:56:24.244   874   965 V NetworkStats: performPollLocked(flags=0x1)
06-14 14:56:24.246   874   965 D NetdConnector: SND -> {684 bandwidth gettetherstats}
06-14 14:56:24.246   296   779 D FrameworkListener: dispatchCommand data = (684 bandwidth gettetherstats)
06-14 14:56:24.247   296   779 D SocketClient: SocketClient sendData done: 200 684 Tethering stats list completed
06-14 14:56:24.247   874   960 D NetdConnector: RCV <- {200 684 Tethering stats list completed}
06-14 14:56:24.247   874   965 D NetdConnector: RMV <- {200 684 Tethering stats list completed}
06-14 14:56:24.248   874   965 I NetworkStatsRecorder: recordSnapshotLocked: ident[[{type=WIFI, subType=COMBINED, networkId=sodino}]]
06-14 14:56:24.249   874   965 W NetworkStatsRecorder: unknown interfaces [lo, p2p0], ignoring those stats
06-14 14:56:24.249   874   965 I NetworkStatsRecorder: recordSnapshotLocked: ident[[{type=WIFI, subType=COMBINED, networkId=sodino}]]
06-14 14:56:24.249   874   965 W NetworkStatsRecorder: unknown interfaces [lo, p2p0], ignoring those stats
06-14 14:56:24.249   874   965 I NetworkStatsRecorder: recordSnapshotLocked: ident[[{type=WIFI, subType=COMBINED, networkId=sodino}]]
06-14 14:56:24.249   874   965 I NetworkStatsRecorder: recordSnapshotLocked: ident[[{type=WIFI, subType=COMBINED, networkId=sodino}]]
06-14 14:56:24.249   874   965 W NetworkStatsRecorder: unknown interfaces [lo, p2p0], ignoring those stats
06-14 14:56:24.249   874   965 W NetworkStatsRecorder: unknown interfaces [lo, p2p0], ignoring those stats
06-14 14:56:24.250   874   965 V NetworkStats: performPollLocked() took 6ms
06-14 14:56:24.250   874   965 V SettingsInterface:  from settings cache , name = netstats_sample_enabled , value = null
06-14 14:56:24.250   874   965 V ActivityManager: Broadcast: Intent { act=com.android.server.action.NETWORK_STATS_UPDATED flg=0x40000010 } ordered=false userid=-1 callerApp=ProcessRecord{2de77b41 874:system/1000}
06-14 14:56:24.251   874   966 V NetworkPolicy: updateNetworkEnabledLocked()
06-14 14:56:24.252  1860  2369 V SettingsInterface:  from settings cache , name = multi_sim_data_call , value = -1
06-14 14:56:24.252   874   966 V NetworkPolicy:  checking policy:NetworkPolicy[NetworkTemplate: matchRule=MOBILE_ALL, matchSubscriberIds=[null]]: cycleDay=19, cycleTimezone=Asia/Shanghai, warningBytes=104857600, limitBytes=-1, lastWarningSnooze=-1, lastLimitSnooze=-1, metered=true, inferred=true
06-14 14:56:24.252   874   966 V NetworkPolicy:  checking policy:NetworkPolicy[NetworkTemplate: matchRule=MOBILE_ALL, subscriberId=460028..., matchSubscriberIds=[460028...]]: cycleDay=1, cycleTimezone=Asia/Shanghai, warningBytes=2412510335, limitBytes=3015637919, lastWarningSnooze=-1, lastLimitSnooze=-1, metered=true, inferred=false
06-14 14:56:24.253   874   966 V NetworkPolicy:  checking policy:NetworkPolicy[NetworkTemplate: matchRule=MOBILE_ALL, subscriberId=460006..., matchSubscriberIds=[460006...]]: cycleDay=1, cycleTimezone=Asia/Shanghai, warningBytes=104857600, limitBytes=-1, lastWarningSnooze=-1, lastLimitSnooze=-1, metered=true, inferred=false
06-14 14:56:24.253   874   966 V NetworkPolicy:  checking policy:NetworkPolicy[NetworkTemplate: matchRule=MOBILE_ALL, subscriberId=460028..., matchSubscriberIds=[460028...]]: cycleDay=1, cycleTimezone=Asia/Shanghai, warningBytes=-1, limitBytes=-1, lastWarningSnooze=-1, lastLimitSnooze=-1, metered=true, inferred=false
06-14 14:56:24.253   874   966 V NetworkPolicy: updateNotificationsLocked()
06-14 14:56:24.253  1860  1880 V SettingsInterface:  from settings cache , name = multi_sim_data_call , value = -1
06-14 14:56:24.263   874  1684 D NetworkTimeUpdateService: MyHandler::handleMessage what = 5
06-14 14:56:24.263   874  1684 D NetworkTimeUpdateService: onPollNetworkTime start
06-14 14:56:24.263   874  1684 V SettingsInterface:  from settings cache , name = auto_time , value = 1
06-14 14:56:24.264   874  1684 D AlarmManager: manual remove option = PendingIntent{2b0b5871: PendingIntentRecord{212d4656 android broadcastIntent}}
06-14 14:56:24.263   874  1684 D NetworkTimeUpdateService: isAutomaticTimeRequested() = True
06-14 14:56:24.264   874  1684 V AlarmManager: remove(operation) changed bounds; rebatching com.android.server.NetworkTimeUpdateService.action.POLL
06-14 14:56:24.263   874  1684 D NetworkTimeUpdateService: mNitzTimeSetTime: -1,refTime: 12685925
06-14 14:56:24.263   874  1684 D NetworkTimeUpdateService: System time = 1497423384263
06-14 14:56:24.263   874  1684 D NetworkTimeUpdateService: no network
06-14 14:56:24.266   874  1684 D AlarmManager:  alarm = Alarm{f152e6c type 3 when 17:25:30 start 17:25:30 end 17:25:30 android} add to Batch{33b1dc35 num=1 start=21631909 end=21631909}
06-14 14:56:24.267   874  1684 D AlarmManager:  alarm = Alarm{39d118ca type 0 when 22:59:59 start 23:00:00 end 23:00:00 com.android.settings} add to Batch{9d14a3b num=1 start=41701662 end=41701662 STANDALONE}
06-14 14:56:24.268   874  1684 D AlarmManager:  alarm = Alarm{175cc558 type 1 when 00:00:00 start 00:00:00 end 00:00:00 android} add to Batch{30b106b1 num=1 start=45301662 end=45301662 STANDALONE}
06-14 14:56:24.269   874  1684 D AlarmManager:  alarm = Alarm{94ff796 type 1 when 00:00:00 start 00:00:00 end 23:59:59 com.android.calendar} add to Batch{30b106b1 num=2 start=45301662 end=45301662 STANDALONE}
06-14 14:56:24.269   874  1684 D AlarmManager:  alarm = Alarm{28804f17 type 1 when 00:00:00 start 00:00:00 end 00:00:00 com.meizu.flyme.input} add to Batch{30b106b1 num=3 start=45301662 end=45301662 STANDALONE}
06-14 14:56:24.270   874  1684 D AlarmManager:  alarm = Alarm{1984df04 type 1 when 00:00:00 start 00:00:00 end 00:00:00 com.meizu.safe} add to Batch{30b106b1 num=4 start=45301662 end=45301662 STANDALONE}
06-14 14:56:24.271   874  1684 D AlarmManager:  alarm = Alarm{1a9e5ced type 0 when 07:00:00 start 07:00:00 end 07:00:00 com.android.settings} add to Batch{220bf722 num=1 start=70501662 end=70501662 STANDALONE}
06-14 14:56:24.272   874  1684 D AlarmManager: set alarm to RTC 3-12686426-14:56:24
06-14 14:56:24.272   874  1684 V AlarmManager: APP set(PendingIntent{2b0b5871: PendingIntentRecord{212d4656 android broadcastIntent}}) : type=3 triggerAtTime=876685934 win=0 tElapsed=876685934 maxElapsed=876685934 interval=0 standalone=true
06-14 14:56:24.290   874  1684 D NetworkTimeUpdateService: MyHandler::handleMessage what = 5
06-14 14:56:24.290   874  1684 D NetworkTimeUpdateService: onPollNetworkTime start
06-14 14:56:24.290   874  1684 V SettingsInterface:  from settings cache , name = auto_time , value = 1
06-14 14:56:24.291   874  1684 D AlarmManager: manual remove option = PendingIntent{2b0b5871: PendingIntentRecord{212d4656 android broadcastIntent}}
06-14 14:56:24.290   874  1684 D NetworkTimeUpdateService: isAutomaticTimeRequested() = True
06-14 14:56:24.291   874  1684 V AlarmManager: remove(operation) changed bounds; rebatching com.android.server.NetworkTimeUpdateService.action.POLL
06-14 14:56:24.290   874  1684 D NetworkTimeUpdateService: mNitzTimeSetTime: -1,refTime: 12685953
06-14 14:56:24.291   874  1684 D NetworkTimeUpdateService: System time = 1497423384290
06-14 14:56:24.291   874  1684 D NetworkTimeUpdateService: no network
06-14 14:56:24.293   874  1684 D AlarmManager:  alarm = Alarm{2ab0c5b3 type 3 when 17:25:30 start 17:25:30 end 17:25:30 android} add to Batch{24f2e770 num=1 start=21631909 end=21631909}
06-14 14:56:24.294   874  1684 D AlarmManager:  alarm = Alarm{2e90dae9 type 0 when 23:00:00 start 22:59:59 end 23:00:00 com.android.settings} add to Batch{2f96636e num=1 start=41701662 end=41701662 STANDALONE}
06-14 14:56:24.295   874  1684 D AlarmManager:  alarm = Alarm{2a680a0f type 1 when 00:00:00 start 00:00:00 end 23:59:59 com.meizu.safe} add to Batch{17f70a9c num=1 start=45301662 end=45301662 STANDALONE}
06-14 14:56:24.295   874  1684 D AlarmManager:  alarm = Alarm{a133ca5 type 1 when 00:00:00 start 00:00:00 end 00:00:00 com.meizu.flyme.input} add to Batch{17f70a9c num=2 start=45301662 end=45301662 STANDALONE}
06-14 14:56:24.296   874  1684 D AlarmManager:  alarm = Alarm{3349487a type 1 when 00:00:00 start 00:00:00 end 00:00:00 android} add to Batch{17f70a9c num=3 start=45301662 end=45301662 STANDALONE}
06-14 14:56:24.297   874  1684 D AlarmManager:  alarm = Alarm{32a5382b type 1 when 00:00:00 start 23:59:59 end 00:00:00 com.meizu.flyme.launcher} add to Batch{17f70a9c num=4 start=45301662 end=45301662 STANDALONE}
06-14 14:56:24.298   874  1684 D AlarmManager:  alarm = Alarm{3b83488 type 0 when 07:00:00 start 07:00:00 end 07:00:00 com.android.settings} add to Batch{1e9ffe21 num=1 start=70501662 end=70501662 STANDALONE}
06-14 14:56:24.298   874  1684 D AlarmManager: set alarm to RTC 3-12686453-14:56:24
06-14 14:56:24.299   874  1684 V AlarmManager: APP set(PendingIntent{2b0b5871: PendingIntentRecord{212d4656 android broadcastIntent}}) : type=3 triggerAtTime=876685961 win=0 tElapsed=876685961 maxElapsed=876685961 interval=0 standalone=true
06-14 14:56:24.321 32424 32489 D BgTest  : bgCount 27
06-14 14:56:24.347   331   331 D [BT3.0+HS]PAL: == chip_reset_fd is set ==
06-14 14:56:24.347   296   773 D NetlinkEvent: clear RA flag done
06-14 14:56:24.347   331   331 D [BT3.0+HS]PAL: 
06-14 14:56:24.347   296   773 D SocketClient: SocketClient sendData done: 600 Iface linkstate wlan0 down
06-14 14:56:24.347   331   331 D [BT3.0+HS]PAL: invalid reply message
06-14 14:56:24.347   296   773 D NetlinkEvent: clear RA flag done
06-14 14:56:24.347   331   331 D [BT3.0+HS]PAL: 
06-14 14:56:24.347   296   773 D SocketClient: SocketClient sendData done: 600 Iface linkstate wlan0 down
06-14 14:56:24.347   331   331 D [BT3.0+HS]PAL: == chip_reset_fd is set ==
06-14 14:56:24.347   331   331 D [BT3.0+HS]PAL: 
06-14 14:56:24.347   331   331 D [BT3.0+HS]PAL: invalid reply message
06-14 14:56:24.347   331   331 D [BT3.0+HS]PAL: 
06-14 14:56:24.347  1428  1428 D wpa_supplicant: RTM_NEWLINK: ifi_index=10 ifname=wlan0 wext ifi_family=0 ifi_flags=0x1003 ([UP])
06-14 14:56:24.347   312   312 D wifi2agps: scan result, found 32 APs
06-14 14:56:24.347   312   312 D agps    : [WIFI2AGPS] wifi2agps_scanned
06-14 14:56:24.347  1428  1428 D wpa_supplicant: RTM_NEWLINK: ifi_index=10 ifname=wlan0 wext ifi_family=0 ifi_flags=0x1003 ([UP])
06-14 14:56:24.347  1428  1428 D wpa_supplicant: nl80211: Event message available
06-14 14:56:24.347  1428  1428 D wpa_supplicant: nl80211: Drv Event 34 (NL80211_CMD_NEW_SCAN_RESULTS) received for wlan0
06-14 14:56:24.350   874   960 D NetdConnector: RCV <- {600 Iface linkstate wlan0 down}
06-14 14:56:24.347  1428  1428 D wpa_supplicant: wlan0: nl80211: New scan results available
06-14 14:56:24.350   874   960 D NetdConnector: RCV <- {600 Iface linkstate wlan0 down}
06-14 14:56:24.347  1428  1428 D wpa_supplicant: nl80211: Scan included frequencies: 2412 2417 2422 2427 2432 2437 2442 2447 2452 2457 2462 2467 2472 5180 5200 5220 5240 5260 5280 5300 5320 5745 5765 5785 5805 5825
06-14 14:56:24.350   874   925 D NetworkManagementService: onEvent:600 Iface linkstate wlan0 down:5
06-14 14:56:24.347   311   378 D agps    : [agps][n][WIFI] wifi_scanned  count=20 timestamp=8158906 num=32
06-14 14:56:24.351   874   925 D NetworkManagementService: onEvent:600 Iface linkstate wlan0 down:5
06-14 14:56:24.347  1428  1428 D wpa_supplicant: wlan0: Event SCAN_RESULTS (3) received
06-14 14:56:24.347  1428  1428 D wpa_supplicant: wlan0: Scan completed in 1.195145 seconds
06-14 14:56:24.347   296   773 I Netd    : Get netlink event, ifname: wlan0 action: 5
06-14 14:56:24.347   296   773 I Netd    : Get netlink event, ifname: wlan0 action: 5
06-14 14:56:24.348  1428  1428 D wpa_supplicant: nl80211: Received scan results (44 BSSes)
06-14 14:56:24.348  1428  1428 D wpa_supplicant: wlan0: BSS: Start scan result update 15
06-14 14:56:24.348  1428  1428 D wpa_supplicant: wlan0: BSS: Add new id 362 BSSID 84:d9:31:14:4f:31 SSID 'Meitu.guest'
06-14 14:56:24.348  1428  1428 D wpa_supplicant: wlan0: BSS: Add new id 363 BSSID 84:d9:31:14:4f:33 SSID 'Meitu.8H.hw'
06-14 14:56:24.348  1428  1428 D wpa_supplicant: wlan0: BSS: Add new id 364 BSSID 84:d9:31:14:4f:30 SSID 'Meitu.com'
06-14 14:56:24.348  1428  1428 D wpa_supplicant: wlan0: BSS: Add new id 365 BSSID 84:d9:31:14:4f:32 SSID 'Meitu.cp'
06-14 14:56:24.348  1428  1428 D wpa_supplicant: wlan0: BSS: Add new id 366 BSSID 84:d9:31:14:4f:12 SSID 'Meitu.cp'
06-14 14:56:24.348  1428  1428 D wpa_supplicant: wlan0: BSS: Add new id 367 BSSID 84:d9:31:14:4f:11 SSID 'Meitu.guest'
06-14 14:56:24.348  1428  1428 D wpa_supplicant: wlan0: BSS: Add new id 368 BSSID 84:d9:31:14:4f:13 SSID 'Meitu.CJtest'
06-14 14:56:24.348  1428  1428 D wpa_supplicant: wlan0: BSS: Add new id 369 BSSID 84:d9:31:14:4f:03 SSID 'Meitu.CJtest'
06-14 14:56:24.348  1428  1428 D wpa_supplicant: wlan0: BSS: Add new id 370 BSSID 84:d9:31:14:4f:00 SSID 'Meitu.com'
06-14 14:56:24.348  1428  1428 D wpa_supplicant: wlan0: BSS: Add new id 371 BSSID 84:d9:31:14:4f:02 SSID 'Meitu.cp'
06-14 14:56:24.348  1428  1428 D wpa_supplicant: wlan0: BSS: Add new id 372 BSSID 84:d9:31:14:4f:01 SSID 'Meitu.guest'
06-14 14:56:24.348  1428  1428 D wpa_supplicant: wlan0: BSS: Add new id 373 BSSID 84:d9:31:14:4f:22 SSID 'Meitu.cp'
06-14 14:56:24.348  1428  1428 D wpa_supplicant: wlan0: BSS: Add new id 374 BSSID 84:d9:31:14:4f:21 SSID 'Meitu.guest'
06-14 14:56:24.348  1428  1428 D wpa_supplicant: wlan0: BSS: Add new id 375 BSSID 84:d9:31:14:4f:20 SSID 'Meitu.com'
06-14 14:56:24.348  1428  1428 D wpa_supplicant: wlan0: BSS: Add new id 376 BSSID 84:d9:31:14:4f:23 SSID 'Meitu.8H.hw'
06-14 14:56:24.348  1428  1428 D wpa_supplicant: wlan0: BSS: Add new id 377 BSSID 84:d9:31:14:4a:e3 SSID 'Meitu.8H.hw'
06-14 14:56:24.348  1428  1428 D wpa_supplicant: wlan0: BSS: Add new id 378 BSSID 84:d9:31:14:4a:e0 SSID 'Meitu.com'
06-14 14:56:24.348  1428  1428 D wpa_supplicant: wlan0: BSS: Add new id 379 BSSID 84:d9:31:14:4a:e1 SSID 'Meitu.guest'
06-14 14:56:24.349  1428  1428 D wpa_supplicant: wlan0: BSS: Add new id 380 BSSID 84:d9:31:14:4a:e2 SSID 'Meitu.cp'
06-14 14:56:24.349  1428  1428 D wpa_supplicant: wlan0: BSS: Add new id 381 BSSID 64:eb:8c:ce:67:36 SSID 'EBCE6736-PE8EkCpcSs09O2L'
06-14 14:56:24.349  1428  1428 D wpa_supplicant: wlan0: BSS: Add new id 382 BSSID 98:01:a7:9b:a9:d1 SSID '😚💩'
06-14 14:56:24.349  1428  1428 D wpa_supplicant: wlan0: BSS: Add new id 383 BSSID 84:d9:31:14:49:81 SSID 'Meitu.test2'
06-14 14:56:24.349  1428  1428 D wpa_supplicant: wlan0: BSS: Add new id 384 BSSID 84:d9:31:14:49:83 SSID 'Meitu.Mpzb'
06-14 14:56:24.349  1428  1428 D wpa_supplicant: wlan0: BSS: Add new id 385 BSSID 84:d9:31:14:49:84 SSID 'Meitu.test'
06-14 14:56:24.349  1428  1428 D wpa_supplicant: wlan0: BSS: Add new id 386 BSSID 84:d9:31:14:49:86 SSID 'Meitu.8H.hw'
06-14 14:56:24.349  1428  1428 D wpa_supplicant: wlan0: BSS: Add new id 387 BSSID 84:d9:31:14:49:85 SSID 'Meitu.cp'
06-14 14:56:24.349  1428  1428 D wpa_supplicant: wlan0: BSS: Add new id 388 BSSID 84:d9:31:14:49:80 SSID 'Meitu.com'
06-14 14:56:24.349  1428  1428 D wpa_supplicant: wlan0: BSS: Add new id 389 BSSID 84:d9:31:14:4c:22 SSID 'Meitu.Mpzb'
06-14 14:56:24.349  1428  1428 D wpa_supplicant: wlan0: BSS: Add new id 390 BSSID 84:d9:31:14:4c:23 SSID 'Meitu.test'
06-14 14:56:24.349  1428  1428 D wpa_supplicant: wlan0: BSS: Add new id 391 BSSID 84:d9:31:14:4c:24 SSID 'Meitu.cp'
06-14 14:56:24.349  1428  1428 D wpa_supplicant: wlan0: BSS: Add new id 392 BSSID 84:d9:31:14:48:40 SSID 'Meitu.com'
06-14 14:56:24.349  1428  1428 D wpa_supplicant: wlan0: BSS: Add new id 393 BSSID 84:d9:31:14:46:00 SSID 'Meitu.com'
06-14 14:56:24.349  1428  1428 D wpa_supplicant: wlan0: BSS: Add new id 394 BSSID 84:d9:31:14:46:01 SSID 'Meitu.guest'
06-14 14:56:24.349  1428  1428 D wpa_supplicant: wlan0: BSS: Add new id 395 BSSID 84:d9:31:14:4c:21 SSID 'Meitu.test2'
06-14 14:56:24.349  1428  1428 D wpa_supplicant: wlan0: BSS: Add new id 396 BSSID 84:d9:31:14:48:41 SSID 'Meitu.guest'
06-14 14:56:24.349  1428  1428 D wpa_supplicant: wlan0: BSS: Add new id 397 BSSID 84:d9:31:14:58:61 SSID 'Meitu.guest'
06-14 14:56:24.349  1428  1428 D wpa_supplicant: wlan0: BSS: Add new id 398 BSSID 84:d9:31:14:4c:20 SSID 'Meitu.com'
06-14 14:56:24.349  1428  1428 D wpa_supplicant: wlan0: BSS: Add new id 399 BSSID 84:d9:31:14:48:42 SSID 'Meitu.cp'
06-14 14:56:24.349  1428  1428 D wpa_supplicant: wlan0: BSS: Add new id 400 BSSID 84:d9:31:14:46:02 SSID 'Meitu.cp'
06-14 14:56:24.349  1428  1428 D wpa_supplicant: wlan0: BSS: Add new id 401 BSSID 84:d9:31:14:58:60 SSID 'Meitu.com'
06-14 14:56:24.349  1428  1428 D wpa_supplicant: wlan0: BSS: Add new id 402 BSSID 84:d9:31:14:4e:e1 SSID 'Meitu.guest'
06-14 14:56:24.349  1428  1428 D wpa_supplicant: wlan0: BSS: Add new id 403 BSSID 84:d9:31:14:4e:e0 SSID 'Meitu.com'
06-14 14:56:24.349  1428  1428 D wpa_supplicant: wlan0: BSS: Add new id 404 BSSID 84:d9:31:14:4e:e2 SSID 'Meitu.cp'
06-14 14:56:24.349  1428  1428 D wpa_supplicant: BSS: last_scan_res_used=44/128
06-14 14:56:24.349  1428  1428 D wpa_supplicant: wlan0: Scan-only results received
06-14 14:56:24.349  1428  1428 D wpa_supplicant: CTRL_IFACE monitor sent successfully to /data/misc/wifi/sockets/wpa_ctrl_874-2\x00
06-14 14:56:24.349  1428  1428 D wpa_supplicant: wlan0: Radio work 'scan'@0x7f8e01c380 done in 1.198207 seconds
06-14 14:56:24.350   874  1961 D WifiHW  : [1] get event: IFNAME=wlan0 <3>CTRL-EVENT-SCAN-RESULTS 
06-14 14:56:24.350   874  1961 D WifiHW  : [2] get event: IFNAME=wlan0 CTRL-EVENT-SCAN-RESULTS 
06-14 14:56:24.350   874  1961 D WifiHW  : enter -->wifi_wait_on_socket buflen=2048
06-14 14:56:24.350   874  1961 D WifiHW  : enter -->wifi_ctrl_recv
06-14 14:56:24.350   874   925 D Tethering: interfaceLinkStateChanged wlan0, false
06-14 14:56:24.350   874   925 D Tethering: interfaceStatusChanged wlan0, false
06-14 14:56:24.351   874   925 D Tethering: interfaceLinkStateChanged wlan0, false
06-14 14:56:24.351   874   925 D Tethering: interfaceStatusChanged wlan0, false
06-14 14:56:24.352   874   968 D WifiNative-wlan0: clearGBKMapping
06-14 14:56:24.352   874   968 D WifiHW  : enter -->wifi_send_command cmd=IFNAME=wlan0 BSS RANGE=0- MASK=0x21987
06-14 14:56:24.352  1428  1428 D wpa_supplicant: wlan0: Control interface command 'BSS RANGE=0- MASK=0x21987'
06-14 14:56:24.353   874   968 D WifiHW  : leave --> reply=id=274
06-14 14:56:24.353   874   968 D WifiHW  : bssid=98:01:a7:9e:dd:75
06-14 14:56:24.353   874   968 D WifiHW  : freq=2462
06-14 14:56:24.353   874   968 D WifiHW  : level=-33
06-14 14:56:24.353   874   968 D WifiHW  : tsf=0000012686008815
06-14 14:56:24.353   874   968 D WifiHW  : flags=[WPA2-PSK-CCMP][ESS]
06-14 14:56:24.353   874   968 D WifiHW  : ssid=sodino
06-14 14:56:24.353   874   968 D WifiHW  : ====
06-14 14:56:24.353   874   968 D WifiHW  : id=362
06-14 14:56:24.353   874   968 D WifiHW  : bssid=84:d9:31:14:4f:31
06-14 14:56:24.353   874   968 D WifiHW  : freq=2437
06-14 14:56:24.353   874   968 D WifiHW  : level=-36
06-14 14:56:24.353   874   968 D WifiHW  : tsf=0000012686008787
06-14 14:56:24.353   874   968 D WifiHW  : flags=[WPA2-PSK-CCMP][ESS]
06-14 14:56:24.353   874   968 D WifiHW  : ssid=Meitu.guest
06-14 14:56:24.353   874   968 D WifiHW  : ====
06-14 14:56:24.353   874   968 D WifiHW  : id=363
06-14 14:56:24.353   874   968 D WifiHW  : bssid=84:d9:31:14:4f:33
06-14 14:56:24.353   874   968 D WifiHW  : freq=2437
06-14 14:56:24.353   874   968 D WifiHW  : level=-36
06-14 14:56:24.353   874   968 D WifiHW  : tsf=0000012686008803
06-14 14:56:24.353   874   968 D WifiHW  : flags=[WPA2-PSK-CCMP][ESS]
06-14 14:56:24.353   874   968 D WifiHW  : ssid=Meitu.8H.hw
06-14 14:56:24.353   874   968 D WifiHW  : ====
06-14 14:56:24.353   874   968 D WifiHW  : id=364
06-14 14:56:24.353   874   968 D WifiHW  : bssid=84:d9:31:14:4f:30
06-14 14:56:24.353   874   968 D WifiHW  : freq=2437
06-14 14:56:24.353   874   968 D WifiHW  : level=-36
06-14 14:56:24.353   874   968 D WifiHW  : tsf=0000012686008809
06-14 14:56:24.353   874   968 D WifiHW  : flags=[WPA2-PSK-CCMP][ESS]
06-14 14:56:24.353   874   968 D WifiHW  : ssid=Meitu.com
06-14 14:56:24.353   874   968 D WifiHW  : ====
06-14 14:56:24.353   874   968 D WifiHW  : id=365
06-14 14:56:24.353   874   968 D WifiHW  : bssid=84:d9:31:14:4f:32
06-14 14:56:24.353   874   968 D WifiHW  : freq=2437
06-14 14:56:24.353   874   968 D WifiHW  : level=-37
06-14 14:56:24.353   874   968 D WifiHW  : tsf=0000012686008798
06-14 14:56:24.353   874   968 D WifiHW  : flags=[WPA2-PSK-CCMP][ESS]
06-14 14:56:24.353   874   968 D WifiHW  : ssid=Meitu.cp
06-14 14:56:24.353   874   968 D WifiHW  : ====
06-14 14:56:24.353   874   968 D WifiHW  : id=366
06-14 14:56:24.353   874   968 D WifiHW  : bssid=84:d9:31:14:4f:12
06-14 14:56:24.353   874   968 D WifiHW  : freq=2462
06-14 14:56:24.353   874   968 D WifiHW  : level=-49
06-14 14:56:24.353   874   968 D WifiHW  : tsf=0000012686008927
06-14 14:56:24.353   874   968 D WifiHW  : flags=[WPA2-PSK-CCMP][ESS]
06-14 14:56:24.353   874   968 D WifiHW  : ssid=Meitu.cp
06-14 14:56:24.353   874   968 D WifiHW  : ====
06-14 14:56:24.353   874   968 D WifiHW  : id=367
06-14 14:56:24.353   874   968 D WifiHW  : bssid=84:d9:31:14:4f:11
06-14 14:56:24.353   874   968 D WifiHW  : freq=2462
06-14 14:56:24.353   874   968 D WifiHW  : level=-49
06-14 14:56:24.353   874   968 D WifiHW  : tsf=0000012686008920
06-14 14:56:24.353   874   968 D WifiHW  : flags=[WPA2-PSK-CCMP][ESS]
06-14 14:56:24.353   874   968 D WifiHW  : ssid=Meitu.guest
06-14 14:56:24.353   874   968 D WifiHW  : ====
06-14 14:56:24.353   874   968 D WifiHW  : id=368
06-14 14:56:24.353   874   968 D WifiHW  : bssid=84:d9:31:14:4f:13
06-14 14:56:24.353   874   968 D WifiHW  : freq=2462
06-14 14:56:24.353   874   968 D WifiHW  : level=-50
06-14 14:56:24.353   874   968 D WifiHW  : tsf=0000012686008932
06-14 14:56:24.353   874   968 D WifiHW  : flags=[WPA2-PSK-CCMP][ESS]
06-14 14:56:24.353   874   968 D WifiHW  : ssid=Meitu.CJtest
06-14 14:56:24.353   874   968 D WifiHW  : ====
06-14 14:56:24.353   874   968 D WifiHW  : id=369
06-14 14:56:24.353   874   968 D WifiHW  : bssid=84:d9:31:14:4f:03
06-14 14:56:24.353   874   968 D WifiHW  : freq=5785
06-14 14:56:24.353   874   968 D WifiHW  : level=-58
06-14 14:56:24.353   874   968 D WifiNative-wlan0: scan result len: 4096
06-14 14:56:24.357   874   968 D WifiHW  : enter -->wifi_send_command cmd=IFNAME=wlan0 BSS RANGE=395- MASK=0x21987
06-14 14:56:24.358  1428  1428 D wpa_supplicant: wlan0: Control interface command 'BSS RANGE=395- MASK=0x21987'
06-14 14:56:24.358   874   968 D WifiHW  : leave --> reply=id=395
06-14 14:56:24.358   874   968 D WifiHW  : bssid=84:d9:31:14:4c:21
06-14 14:56:24.358   874   968 D WifiHW  : freq=5320
06-14 14:56:24.358   874   968 D WifiHW  : level=-86
06-14 14:56:24.358   874   968 D WifiHW  : tsf=0000012686008946
06-14 14:56:24.358   874   968 D WifiHW  : flags=[WPA2-PSK-CCMP][ESS]
06-14 14:56:24.358   874   968 D WifiHW  : ssid=Meitu.test2
06-14 14:56:24.358   874   968 D WifiHW  : ====
06-14 14:56:24.358   874   968 D WifiHW  : id=396
06-14 14:56:24.358   874   968 D WifiHW  : bssid=84:d9:31:14:48:41
06-14 14:56:24.358   874   968 D WifiHW  : freq=5280
06-14 14:56:24.358   874   968 D WifiHW  : level=-87
06-14 14:56:24.358   874   968 D WifiHW  : tsf=0000012686009052
06-14 14:56:24.358   874   968 D WifiHW  : flags=[WPA2-PSK-CCMP][ESS]
06-14 14:56:24.358   874   968 D WifiHW  : ssid=Meitu.guest
06-14 14:56:24.358   874   968 D WifiHW  : ====
06-14 14:56:24.358   874   968 D WifiHW  : id=397
06-14 14:56:24.358   874   968 D WifiHW  : bssid=84:d9:31:14:58:61
06-14 14:56:24.358   874   968 D WifiHW  : freq=5220
06-14 14:56:24.358   874   968 D WifiHW  : level=-87
06-14 14:56:24.358   874   968 D WifiHW  : tsf=0000012686009039
06-14 14:56:24.358   874   968 D WifiHW  : flags=[WPA2-PSK-CCMP][ESS]
06-14 14:56:24.358   874   968 D WifiHW  : ssid=Meitu.guest
06-14 14:56:24.358   874   968 D WifiHW  : ====
06-14 14:56:24.358   874   968 D WifiHW  : id=398
06-14 14:56:24.358   874   968 D WifiHW  : bssid=84:d9:31:14:4c:20
06-14 14:56:24.358   874   968 D WifiHW  : freq=5320
06-14 14:56:24.358   874   968 D WifiHW  : level=-87
06-14 14:56:24.358   874   968 D WifiHW  : tsf=0000012686008939
06-14 14:56:24.358   874   968 D WifiHW  : flags=[WPA2-PSK-CCMP][ESS]
06-14 14:56:24.358   874   968 D WifiHW  : ssid=Meitu.com
06-14 14:56:24.358   874   968 D WifiHW  : ====
06-14 14:56:24.358   874   968 D WifiHW  : id=399
06-14 14:56:24.358   874   968 D WifiHW  : bssid=84:d9:31:14:48:42
06-14 14:56:24.358   874   968 D WifiHW  : freq=5280
06-14 14:56:24.358   874   968 D WifiHW  : level=-87
06-14 14:56:24.358   874   968 D WifiHW  : tsf=0000012686009058
06-14 14:56:24.358   874   968 D WifiHW  : flags=[WPA2-PSK-CCMP][ESS]
06-14 14:56:24.358   874   968 D WifiHW  : ssid=Meitu.cp
06-14 14:56:24.358   874   968 D WifiHW  : ====
06-14 14:56:24.358   874   968 D WifiHW  : id=400
06-14 14:56:24.358   874   968 D WifiHW  : bssid=84:d9:31:14:46:02
06-14 14:56:24.358   874   968 D WifiHW  : freq=5240
06-14 14:56:24.358   874   968 D WifiHW  : level=-87
06-14 14:56:24.358   874   968 D WifiHW  : tsf=0000012686008838
06-14 14:56:24.358   874   968 D WifiHW  : flags=[WPA2-PSK-CCMP][ESS]
06-14 14:56:24.358   874   968 D WifiHW  : ssid=Meitu.cp
06-14 14:56:24.358   874   968 D WifiHW  : ====
06-14 14:56:24.358   874   968 D WifiHW  : id=401
06-14 14:56:24.358   874   968 D WifiHW  : bssid=84:d9:31:14:58:60
06-14 14:56:24.358   874   968 D WifiHW  : freq=5220
06-14 14:56:24.358   874   968 D WifiHW  : level=-87
06-14 14:56:24.358   874   968 D WifiHW  : tsf=0000012686009033
06-14 14:56:24.358   874   968 D WifiHW  : flags=[WPA2-PSK-CCMP][ESS]
06-14 14:56:24.358   874   968 D WifiHW  : ssid=Meitu.com
06-14 14:56:24.358   874   968 D WifiHW  : ====
06-14 14:56:24.358   874   968 D WifiHW  : id=402
06-14 14:56:24.358   874   968 D WifiHW  : bssid=84:d9:31:14:4e:e1
06-14 14:56:24.358   874   968 D WifiHW  : freq=5220
06-14 14:56:24.358   874   968 D WifiHW  : level=-88
06-14 14:56:24.358   874   968 D WifiHW  : tsf=0000012685327928
06-14 14:56:24.358   874   968 D WifiHW  : flags=[WPA2-PSK-CCMP][ESS]
06-14 14:56:24.358   874   968 D WifiHW  : ssid=Meitu.guest
06-14 14:56:24.358   874   968 D WifiHW  : ====
06-14 14:56:24.358   874   968 D WifiHW  : id=403
06-14 14:56:24.358   874   968 D WifiHW  : bssid=84:d9:31:14:4e:e0
06-14 14:56:24.358   874   968 D WifiHW  : freq=5220
06-14 14:56:24.358   874   968 D WifiHW  : level=-8
06-14 14:56:24.358   874   968 D WifiNative-wlan0: scan result len: 4096
06-14 14:56:24.386   874   968 V SettingsInterface:  from settings cache , name = network_scorer_app , value = null
06-14 14:56:24.386   874   968 D WifiHW  : enter -->wifi_send_command cmd=IFNAME=wlan0 STATUS-NO_EVENTS
06-14 14:56:24.386  1428  1428 D wpa_supplicant: wlan0: Control interface command 'STATUS-NO_EVENTS'
06-14 14:56:24.387   874   968 D WifiHW  : leave --> reply=wpa_state=SCANNING
06-14 14:56:24.387   874   968 D WifiHW  : p2p_device_address=6a:3e:34:ba:be:0a
06-14 14:56:24.387   874   968 D WifiHW  : address=68:3e:34:ba:be:0a
06-14 14:56:24.387   874   968 D WifiHW  : uuid=cfb48bc6-934e-5318-8b9d-936f148463c0
06-14 14:56:24.387   874   968 D WifiHW  : 
06-14 14:56:24.387   874   968 E WifiAutoJoinController : attemptAutoJoin() num recent config 3 ---> suppNetId=-1
06-14 14:56:24.617   874   985 D PerfServiceManager: [PerfService] MESSAGE_TIMER_SCN_USER_BASE:74 
06-14 14:56:24.617   874   985 I libPerfService: 10: set: 1
06-14 14:56:24.617   874   985 I libPerfService: 10: set freq: 0
06-14 14:56:24.617   874   985 I libPerfService: 10: set gpu level: 0
06-14 14:56:24.791   874   953 V AlarmManager: Checking for alarms... rtc=1497423384791, elapsed=12686453
06-14 14:56:24.791   874   953 D AlarmManager: set alarm to RTC 3-12721662-14:57:00
06-14 14:56:24.792   874   953 D AlarmManager: sending alarm Alarm{38137246 type 3 when 14:56:24 start 14:56:24 end 14:56:24 com.meitu.mtsdk}and operation:com.meitu.mkit.mkeepalive.action.POLLING
06-14 14:56:24.792   874   953 V ActivityManager: Broadcast: Intent { act=com.meitu.mkit.mkeepalive.action.POLLING flg=0x114 (has extras) } ordered=true userid=0 callerApp=null
06-14 14:56:24.794   874   953 V AlarmManager: sending alarm Alarm{38137246 type 3 when 14:56:24 start 14:56:24 end 14:56:24 com.meitu.mtsdk} success
06-14 14:56:24.796   874  1848 V ActivityManager: Broadcast: Intent { act=com.meitu.mtsdk.mkeepalive.action.WAKE_UP flg=0x10 } ordered=false userid=0 callerApp=ProcessRecord{1fbff4c2 32679:com.meitu.mtsdk/u0a249}
06-14 14:56:24.798 32679 32679 D MLog    : Thread:main  MKeepAliveHelper#wakeupApp()---> com.meitu.mtsdk  start to wakeupAppFamily appCount 12
06-14 14:56:24.799   874   900 I ActivityManager: START u0 {act=com.meitu.mkit.mkeepalive.action.COME_ALIVE cat=[com.mt.mtxx.mtxx.mkeepalive] flg=0x10000000} from uid 10249 on display 0 from pid 32679
06-14 14:56:24.800   874  1879 I ActivityManager: START u0 {act=com.meitu.mkit.mkeepalive.action.COME_ALIVE cat=[com.meitu.makeup.mkeepalive] flg=0x10000000} from uid 10249 on display 0 from pid 32679
06-14 14:56:24.801   874  1082 I ActivityManager: START u0 {act=com.meitu.mkit.mkeepalive.action.COME_ALIVE cat=[test.mkeepalive] flg=0x10000000} from uid 10249 on display 0 from pid 32679
06-14 14:56:24.802   874  1882 I ActivityManager: START u0 {act=com.meitu.mkit.mkeepalive.action.COME_ALIVE cat=[com.meitu.meiyancamera.mkeepalive] flg=0x10000000} from uid 10249 on display 0 from pid 32679
06-14 14:56:24.803   874  1830 I ActivityManager: START u0 {act=com.meitu.mkit.mkeepalive.action.COME_ALIVE cat=[com.meitu.wheecam.mkeepalive] flg=0x10000000} from uid 10249 on display 0 from pid 32679
06-14 14:56:24.804   874  1592 I ActivityManager: START u0 {act=com.meitu.mkit.mkeepalive.action.COME_ALIVE cat=[com.meitu.cloudphotos.mkeepalive] flg=0x10000000} from uid 10249 on display 0 from pid 32679
06-14 14:56:24.805   874  1824 I ActivityManager: START u0 {act=com.meitu.mkit.mkeepalive.action.COME_ALIVE cat=[com.commsource.beautyplus.mkeepalive] flg=0x10000000} from uid 10249 on display 0 from pid 32679
06-14 14:56:24.806   874  1832 I ActivityManager: START u0 {act=com.meitu.mkit.mkeepalive.action.COME_ALIVE cat=[com.meitu.meipu.mkeepalive] flg=0x10000000} from uid 10249 on display 0 from pid 32679
06-14 14:56:24.807   874  1245 I ActivityManager: START u0 {act=com.meitu.mkit.mkeepalive.action.COME_ALIVE cat=[com.meitu.shanliao.debug.mkeepalive] flg=0x10000000} from uid 10249 on display 0 from pid 32679
06-14 14:56:24.807   874  1891 I ActivityManager: START u0 {act=com.meitu.mkit.mkeepalive.action.COME_ALIVE cat=[com.meitu.shanliao.mkeepalive] flg=0x10000000} from uid 10249 on display 0 from pid 32679
06-14 14:56:24.808   874  1884 I ActivityManager: START u0 {act=com.meitu.mkit.mkeepalive.action.COME_ALIVE cat=[com.meitu.boxxcam.mkeepalive] flg=0x10000000} from uid 10249 on display 0 from pid 32679
06-14 14:56:24.809 32679 32679 D MLog    : Thread:main  MKeepAliveService#onStartCommand()--->  onStartCommand  pid 32679 com.meitu.mkit.mkeepalive.MKeepAliveService@35f60051
06-14 14:56:24.812   874  1848 V AlarmManager: APP set(PendingIntent{353d2c07: PendingIntentRecord{34d4c7b com.meitu.mtsdk broadcastIntent}}) : type=3 triggerAtTime=12806473 win=-1 tElapsed=12806473 maxElapsed=12896473 interval=120000 standalone=false
06-14 14:56:24.813 32679 32679 D MLog    : Thread:main  WakeupReceiver#onReceive()--->com.meitu.mtsdk woke up actioncom.meitu.mtsdk.mkeepalive.action.WAKE_UP
06-14 14:56:24.815 32679 32679 D MLog    : Thread:main  IPConnector#connect()---> network doesn't works
06-14 14:56:25.027 32424 32424 D BgTest  : uiCount 29  +1
06-14 14:56:25.287  1860  1860 D Telephony: MzGlobalDataRelauncher: handleConnectivityChange()
06-14 14:56:25.287  1860  1860 V SettingsInterface:  from settings cache , name = rp_notify_when_screen_off , value = null
06-14 14:56:25.288  1860  1860 I Telephony: MzGlobalDataRelauncher: getConnectedNetworkInfo() unavailable activeInfo: null
06-14 14:56:25.361 32424 32489 D BgTest  : bgCount 28
06-14 14:56:25.419   874  1531 W Watchdog: SWT Watchdog after wait current time:8159978
06-14 14:56:25.419   874  1531 D AES     : AEEIOCTL_GET/SET_SF_STATE IOCTL,cmd= 1074294797, lParam=0. 
06-14 14:56:25.419   874  1531 W Watchdog: **Get SF Time **1
06-14 14:56:25.419   874  1531 D AES     : AEEIOCTL_RT_MON_Kick IOCTL,cmd= -2147192822, lParam=300. 
06-14 14:56:25.419   874  1531 W Watchdog: SWT Watchdog before synchronized:8159978
06-14 14:56:25.419   874  1531 W Watchdog: SWT Watchdog after synchronized:8159978
06-14 14:56:25.420   874   925 D InputReader: InputReader::monitor: lock
06-14 14:56:25.420   874  1531 W Watchdog: SWT Watchdog before wait timeout:30000
06-14 14:56:25.420   874   925 D InputReader: InputReader::monitor: wait 
06-14 14:56:25.420   874  1531 W Watchdog: SWT Watchdog before wait current time:8159978
06-14 14:56:25.420   874   925 D InputReader: InputReader::monitor: unlock
06-14 14:56:25.420   874  1531 W Watchdog: SWT Watchdog before wait start:8159978
06-14 14:56:25.420   874   925 D InputReader: InputReader::monitor: done
06-14 14:56:25.420   874  1531 W Watchdog: SWT Watchdog before wait CHECK_INTERVAL:30000
06-14 14:56:26.028 32424 32424 D BgTest  : uiCount 30  +1
06-14 14:56:26.401 32424 32489 D BgTest  : bgCount 29
06-14 14:56:27.030 32424 32424 D BgTest  : uiCount 31  +1
06-14 14:56:27.441 32424 32489 D BgTest  : bgCount 30
06-14 14:56:27.603   296   778 D SocketClient: SocketClient sendData done: 
06-14 14:56:28.031 32424 32424 D BgTest  : uiCount 32  +1
06-14 14:56:28.040   319   319 I thermal_repeater: oh, queryMdThermalInfo (0)Bad file number
06-14 14:56:28.048   319   319 I thermal_repeater: [recvMdThermalInfo] ret=25, strLen=127,  1, 32767,,, -1, 32767, 2
06-14 14:56:28.296   874  1592 D PowerManagerService:  mFlags=1 mTag = ConnectivityService PackageName = 'android' (uid=1000, pid=874, ws=null)
06-14 14:56:28.296   874  1592 D PowerManagerService:  mFlags=1 mTag = WakerLock:379494471 PackageName = 'com.tencent.mm' (uid=10093, pid=4918, ws=null)
06-14 14:56:28.297  1835  1974 D RecordState: startCheck recordList = [] currentTime = 12689959
06-14 14:56:28.297  1835  1974 V SettingsInterface:  from settings cache , name = location_providers_allowed , value = default
06-14 14:56:28.297   874  1824 D CSLegacyTypeTracker: getNetworkForType type 0
06-14 14:56:28.297  1835  1974 V SettingsInterface:  from settings cache , name = location_providers_allowed , value = default
06-14 14:56:28.297   874  1824 D CSLegacyTypeTracker: getNetworkForType type 1
06-14 14:56:28.297  1835  1974 D LocationState: startCheck navigatingList = [] currentTime = 12689959
06-14 14:56:28.297   874  1824 D CSLegacyTypeTracker: getNetworkForType type 2
06-14 14:56:28.297   874  1824 D CSLegacyTypeTracker: getNetworkForType type 3
06-14 14:56:28.297   874  1824 D CSLegacyTypeTracker: getNetworkForType type 4
06-14 14:56:28.297   874  1824 D CSLegacyTypeTracker: getNetworkForType type 5
06-14 14:56:28.297   874  1824 D CSLegacyTypeTracker: getNetworkForType type 7
06-14 14:56:28.300  1835  1974 D MultiMediaState: startCheck musicList = [] currentTime = 12689961 isMusicPlaying = true  isPluggedHeadPhone = false isInteractive = false
06-14 14:56:28.297   874  1824 D CSLegacyTypeTracker: getNetworkForType type 10
06-14 14:56:28.300  1835  1974 D MultiMediaState: startCheck  otherList = [com.sodino.postdelay, com.meizu.flyme.launcher, com.meitu.mtsdk, com.tencent.mm, com.mediatek.systemupdate, com.meizu.mzsyncservice, com.meizu.safe, com.mediatek.providers.drm, com.meizu.battery, com.android.email, com.android.providers.media, com.android.providers.downloads, com.flyme.netadmin, com.android.calendar, com.meizu.mstore, com.meizu.net.search, com.meizu.privacy, com.meizu.flyme.service.find, com.android.providers.calendar, com.android.defcontainer, com.meizu.media.music, com.android.providers.applications, com.android.providers.userdictionary, com.android.providers.contacts, com.meizu.voiceassistant, com.meizu.account, com.flyme.systemuitools, com.meizu.share, com.meizu.cloud, com.android.providers.telephony, com.android.stk, com.android.phone, com.meizu.alphame, com.mediatek.nlpservice, com.android.incallui, com.waves.maxxservice, com.amap.android.location, com.meizu.experiencedatasync, com.tencent.qqpinyin, com.android.systemui, android, com.android.providers.settings, com.android.server.telecom, com.android.location.fused] currentTime = 12689961 isMusicPlaying = false  isPluggedHeadPhone = false isInteractive = false
06-14 14:56:28.297   874  1824 D CSLegacyTypeTracker: getNetworkForType type 11
06-14 14:56:28.300  1835  1974 D ScreenRecordState: isScreenRecord currentTime = 12689962 mScreenRecordTime = 0 isScreenRecord = false
06-14 14:56:28.297   874  1824 D CSLegacyTypeTracker: getNetworkForType type 12
06-14 14:56:28.300  1835  1974 D RecordState: isRecording currentTime = 12689962 mRecordTime = 0 isRecord = false
06-14 14:56:28.297   874  1824 D CSLegacyTypeTracker: getNetworkForType type 14
06-14 14:56:28.300  1835  1974 D LocationState: isNavigation currentTime = 12689962 mNavigationTime = 0 isNavigation = false
06-14 14:56:28.297   874  1824 D CSLegacyTypeTracker: getNetworkForType type 15
06-14 14:56:28.300  1835  1974 D DownloadState: isDownload currentTime = 12689962 mDownloadTime = 10595501 isDownload = false
06-14 14:56:28.298   874  1824 D CSLegacyTypeTracker: getNetworkForType type 17
06-14 14:56:28.300  1835  1974 D MultiMediaState: isPlayMusic currentTime = 12689962 mPlayMusicTime = 0 isMusic = false
06-14 14:56:28.298   874  1824 D CSLegacyTypeTracker: getNetworkForType type 34
06-14 14:56:28.298   874  1824 D CSLegacyTypeTracker: getNetworkForType type 35
06-14 14:56:28.298   874  1824 D CSLegacyTypeTracker: getNetworkForType type 36
06-14 14:56:28.298   874  1824 D CSLegacyTypeTracker: getNetworkForType type 37
06-14 14:56:28.298   874  1824 D CSLegacyTypeTracker: getNetworkForType type 38
06-14 14:56:28.298   874  1824 D CSLegacyTypeTracker: getNetworkForType type 40
06-14 14:56:28.298   874  1824 D CSLegacyTypeTracker: getNetworkForType type 41
06-14 14:56:28.298   874  1824 D CSLegacyTypeTracker: getNetworkForType type 49
06-14 14:56:28.481 32424 32489 D BgTest  : bgCount 31
06-14 14:56:28.942 32679 32734 V FA      : Inactivity, disconnecting from AppMeasurementService
06-14 14:56:28.945 32679 32679 V FA      : onUnbind called for intent. action: com.google.android.gms.measurement.START
06-14 14:56:28.947 32679 32679 V FA      : Local AppMeasurementService is shutting down
06-14 14:56:29.031 32424 32424 D BgTest  : uiCount 33  +1
06-14 14:56:29.198  1231  8560 D UsageStats_UsageStatsUploader: DB_CHANGED, current count is 0, stop time alarm.
06-14 14:56:29.201   874  1879 D AlarmManager: manual remove option = PendingIntent{22e01134: PendingIntentRecord{18285cb9 com.meizu.safe broadcastIntent}}
06-14 14:56:29.205  3445  3477 D UsageStats_UsageStatsUploader: DB_CHANGED, current count is 0, stop time alarm.
06-14 14:56:29.208 13331 13354 D UsageStats_UsageStatsUploader: DB_CHANGED, current count is 0, stop time alarm.
06-14 14:56:29.210   874  1882 D AlarmManager: manual remove option = PendingIntent{20dd5b5d: PendingIntentRecord{1ca25b41 com.meizu.mzsyncservice broadcastIntent}}
06-14 14:56:29.211   874  1592 D AlarmManager: manual remove option = PendingIntent{37046cd2: PendingIntentRecord{2efbccac com.flyme.netadmin broadcastIntent}}
06-14 14:56:29.213 32103 32134 D UsageStats_UsageStatsUploader: DB_CHANGED, current count is 0, stop time alarm.
06-14 14:56:29.215   874  1832 D AlarmManager: manual remove option = PendingIntent{27681a3: PendingIntentRecord{20593382 com.meizu.net.search broadcastIntent}}
06-14 14:56:29.222 32152 32326 D UsageStats_UsageStatsUploader: DB_CHANGED, current count is 0, stop time alarm.
06-14 14:56:29.224   874  1891 D AlarmManager: manual remove option = PendingIntent{f070ca0: PendingIntentRecord{21690b75 com.meizu.mstore broadcastIntent}}
06-14 14:56:29.523 32424 32489 D BgTest  : bgCount 32
06-14 14:56:30.033 32424 32424 D BgTest  : uiCount 34  +1
06-14 14:56:30.561 32424 32489 D BgTest  : bgCount 33
06-14 14:56:30.932   874  1884 V SettingsInterface:  from settings cache , name = netstats_time_cache_max_age , value = null
06-14 14:56:30.932   874  1884 V NetworkStats: performPollLocked(flags=0x3)
06-14 14:56:30.933   874  1884 D NetdConnector: SND -> {685 bandwidth gettetherstats}
06-14 14:56:30.934   296   779 D FrameworkListener: dispatchCommand data = (685 bandwidth gettetherstats)
06-14 14:56:30.934   296   779 D SocketClient: SocketClient sendData done: 200 685 Tethering stats list completed
06-14 14:56:30.934   874   960 D NetdConnector: RCV <- {200 685 Tethering stats list completed}
06-14 14:56:30.935   874  1884 D NetdConnector: RMV <- {200 685 Tethering stats list completed}
06-14 14:56:30.937   874  1884 V SettingsInterface:  from settings cache , name = netstats_sample_enabled , value = null
06-14 14:56:30.936   874  1884 W NetworkStatsRecorder: unknown interfaces [wlan0, lo, p2p0], ignoring those stats
06-14 14:56:30.936   874  1884 W NetworkStatsRecorder: unknown interfaces [wlan0, lo, p2p0], ignoring those stats
06-14 14:56:30.937   874  1884 W NetworkStatsRecorder: unknown interfaces [wlan0, lo, p2p0], ignoring those stats
06-14 14:56:30.937   874  1884 W NetworkStatsRecorder: unknown interfaces [wlan0, lo, p2p0], ignoring those stats
06-14 14:56:30.937   874  1884 V NetworkStats: performPollLocked() took 5ms
06-14 14:56:30.938   874  1884 V ActivityManager: Broadcast: Intent { act=com.android.server.action.NETWORK_STATS_UPDATED flg=0x40000010 } ordered=false userid=-1 callerApp=ProcessRecord{2de77b41 874:system/1000}
06-14 14:56:30.940   874   966 V NetworkPolicy: updateNetworkEnabledLocked()
06-14 14:56:30.940  1860 13323 V SettingsInterface:  from settings cache , name = multi_sim_data_call , value = -1
06-14 14:56:30.940   874   966 V NetworkPolicy:  checking policy:NetworkPolicy[NetworkTemplate: matchRule=MOBILE_ALL, matchSubscriberIds=[null]]: cycleDay=19, cycleTimezone=Asia/Shanghai, warningBytes=104857600, limitBytes=-1, lastWarningSnooze=-1, lastLimitSnooze=-1, metered=true, inferred=true
06-14 14:56:30.942  1860  1881 V SettingsInterface:  from settings cache , name = multi_sim_data_call , value = -1
06-14 14:56:30.941   874   966 V NetworkPolicy:  checking policy:NetworkPolicy[NetworkTemplate: matchRule=MOBILE_ALL, subscriberId=460028..., matchSubscriberIds=[460028...]]: cycleDay=1, cycleTimezone=Asia/Shanghai, warningBytes=2412510335, limitBytes=3015637919, lastWarningSnooze=-1, lastLimitSnooze=-1, metered=true, inferred=false
06-14 14:56:30.941   874   966 V NetworkPolicy:  checking policy:NetworkPolicy[NetworkTemplate: matchRule=MOBILE_ALL, subscriberId=460006..., matchSubscriberIds=[460006...]]: cycleDay=1, cycleTimezone=Asia/Shanghai, warningBytes=104857600, limitBytes=-1, lastWarningSnooze=-1, lastLimitSnooze=-1, metered=true, inferred=false
06-14 14:56:30.941   874   966 V NetworkPolicy:  checking policy:NetworkPolicy[NetworkTemplate: matchRule=MOBILE_ALL, subscriberId=460028..., matchSubscriberIds=[460028...]]: cycleDay=1, cycleTimezone=Asia/Shanghai, warningBytes=-1, limitBytes=-1, lastWarningSnooze=-1, lastLimitSnooze=-1, metered=true, inferred=false
06-14 14:56:30.941   874   966 V NetworkPolicy: updateNotificationsLocked()
06-14 14:56:30.944  1860  2189 V SettingsInterface:  from settings cache , name = multi_sim_data_call , value = -1
06-14 14:56:30.944  1231  1559 D trafficTest: whichSimSelected slotId=-1,可能是未插卡，也可能是modern挂了，也可能插了双卡，其中流量卡挂了，或还在初始化中, 而另一张卡没有自动切换成流量
06-14 14:56:30.944  1231  1559 D NetworkManagementMz: LocalSubscriptionManager: getSubId 0
06-14 14:56:30.945  1231  1559 D NetworkManagementMz: LocalSubscriptionManager: intSubId -2
06-14 14:56:30.945  1231  1559 D NetworkManagementMz: LocalSubscriptionManager: intSubId -2
06-14 14:56:30.945  1231  1559 D NetworkManagementMz: LocalSubscriptionManager: subId[0] is : -2
06-14 14:56:30.946  1231  1559 D NetworkManagementMz: LocalTelephonyManager: imsi null
06-14 14:56:30.946  1231  1559 D NetworkManagementMz: LocalSubscriptionManager: getSubId 1
06-14 14:56:30.947  1231  1559 D NetworkManagementMz: LocalSubscriptionManager: intSubId -3
06-14 14:56:30.947  1231  1559 D NetworkManagementMz: LocalSubscriptionManager: intSubId -3
06-14 14:56:30.947  1231  1559 D NetworkManagementMz: LocalSubscriptionManager: subId[1] is : -3
06-14 14:56:30.949  1231  1559 D NetworkManagementMz: LocalTelephonyManager: imsi null
06-14 14:56:30.950  1860  2189 V SettingsInterface:  from settings cache , name = multi_sim_data_call , value = -1
06-14 14:56:30.951  1231  1559 D trafficTest: whichSimSelected slotId=-1,可能是未插卡，也可能是modern挂了，也可能插了双卡，其中流量卡挂了，或还在初始化中, 而另一张卡没有自动切换成流量
06-14 14:56:30.951  1231  1559 D NetworkManagementMz: LocalSubscriptionManager: getSubId 0
06-14 14:56:30.952  1231  1559 D NetworkManagementMz: LocalSubscriptionManager: intSubId -2
06-14 14:56:30.952  1231  1559 D NetworkManagementMz: LocalSubscriptionManager: intSubId -2
06-14 14:56:30.952  1231  1559 D NetworkManagementMz: LocalSubscriptionManager: subId[0] is : -2
06-14 14:56:30.954  1231  1559 D NetworkManagementMz: LocalTelephonyManager: imsi null
06-14 14:56:30.954  1231  1559 D NetworkManagementMz: LocalSubscriptionManager: getSubId 1
06-14 14:56:30.955  1231  1559 D NetworkManagementMz: LocalSubscriptionManager: intSubId -3
06-14 14:56:30.955  1231  1559 D NetworkManagementMz: LocalSubscriptionManager: intSubId -3
06-14 14:56:30.955  1231  1559 D NetworkManagementMz: LocalSubscriptionManager: subId[1] is : -3
06-14 14:56:30.956  1231  1559 D NetworkManagementMz: LocalTelephonyManager: imsi null
06-14 14:56:30.956  1231  1231 D trafficTest: has data listener
06-14 14:56:30.957   874  1882 V ActivityManager: Broadcast: Intent { act=android.com.meizu.safe.provider.SafeWidgetProvider flg=0x10 (has extras) } ordered=false userid=-2 callerApp=ProcessRecord{25d454a8 1231:com.meizu.safe/1000}
06-14 14:56:30.957  1231  1231 D trafficTest1: pollingService通知Ui更新
06-14 14:56:30.957  1231  1231 D trafficTest: ----refreshGeneralShowData
06-14 14:56:30.957  1231  1231 D trafficTest: ----------widget manager receiver dataChanged
06-14 14:56:30.957  1231  1231 D trafficTest: widget manager send broadcast to widget
06-14 14:56:30.958  1231  1231 I vpnTrace: notifySavingDataChanged: isShowSavingFunc: false
06-14 14:56:30.958  1231  1231 D TrafficTest: --------------亮屏且有监听器updateDataInterval = 15000
06-14 14:56:30.962  1231  1231 D trafficTest3: ---------widget receiver data change msg
06-14 14:56:30.963  1231  1231 D trafficTest3: updateRemoteView: SimCardTrafficForShow{imsi='null', totalBytes=-1, remainBytes=0, dayUsedBytes=0, leftDays=0, monthUsedbytes=0, usedPercent=0.0, idleMode=false}
06-14 14:56:30.983  1231  1231 D RemoteViews: mActions is repeat
06-14 14:56:30.983  1231  1231 D RemoteViews: mActions is repeat
06-14 14:56:30.987  1885  1885 D AppWidgetHost: updateAppWidgetView HANDLE_UPDATE 
06-14 14:56:30.989  1885  1885 D AppWidgetHost: updateAppWidgetView appWidgetId 15 com.meizu.flyme.launcher.at@179658cb
06-14 14:56:31.034 32424 32424 D BgTest  : uiCount 35  +1
06-14 14:56:31.603   296   778 D SocketClient: SocketClient sendData done: 
06-14 14:56:31.604 32424 32489 D BgTest  : bgCount 34
06-14 14:56:32.036 32424 32424 D BgTest  : uiCount 36  +1
06-14 14:56:32.644 32424 32489 D BgTest  : bgCount 35
06-14 14:56:33.037 32424 32424 D BgTest  : uiCount 37  +1
06-14 14:56:33.052   319   319 I thermal_repeater: oh, queryMdThermalInfo (0)Bad file number
06-14 14:56:33.060   319   319 I thermal_repeater: [recvMdThermalInfo] ret=25, strLen=127,  1, 32767,,, -1, 32767, 2
06-14 14:56:33.169   874  1832 D BatteryService: mBatteryVoltage=4372, batteryLevel=50
06-14 14:56:33.169   874   874 V ActivityManager: Broadcast sticky: Intent { act=android.intent.action.BATTERY_CHANGED flg=0x60000010 (has extras) } ordered=false userid=-1 callerApp=null
06-14 14:56:33.174  1040  1040 D KeyguardUpdateMonitor: received broadcast android.intent.action.BATTERY_CHANGED
06-14 14:56:33.175  1040  1040 D FlymeBatteryMeterView: hashCode=122392665,level=100,pluggedIn=false,status=5
06-14 14:56:33.180   874   874 D UsbDeviceManager: onReceive - BATTERY_CHANGED - mPlugType: 0, mSettingUsbCharging: false, mConnected: false, mSettingUsbBicr: false
06-14 14:56:33.175  1040  1040 D FlymeBatteryMeterView: hashCode=296548458,level=100,pluggedIn=false,status=5
06-14 14:56:33.181   874   874 D WifiService: onReceive, action:android.intent.action.BATTERY_CHANGED
06-14 14:56:33.175  1040  1040 D FlymeBatteryMeterView: hashCode=720319172,level=100,pluggedIn=false,status=5
06-14 14:56:33.181   874   970 D WifiController: DeviceActiveState{ when=0 what=155652 target=com.android.internal.util.StateMachine$SmHandler }
06-14 14:56:33.175  1040  1040 I KeyguardUpdateMonitor: handleBatteryUpdate index=0 updateInteresting=false
06-14 14:56:33.181   874   970 D WifiController: StaEnabledState{ when=-1ms what=155652 target=com.android.internal.util.StateMachine$SmHandler }
06-14 14:56:33.176  1561  1561 D PowerBroadcastCenter: receive intent: android.intent.action.BATTERY_CHANGED
06-14 14:56:33.181   874   970 D WifiController: DefaultState{ when=-1ms what=155652 target=com.android.internal.util.StateMachine$SmHandler }
06-14 14:56:33.176  1835  1835 D BroadcastCenter: receive intent: android.intent.action.BATTERY_CHANGED
06-14 14:56:33.181   874   970 D WifiController: wifiSleepPolicy:2
06-14 14:56:33.179  1561  1750 D PowerGaugeStats: battery level is changed: 100
06-14 14:56:33.181   874   970 D WifiController: wifiSleepPolicy:2
06-14 14:56:33.179  1561  1750 D PowerGaugeStats: unplugged, no battery level change
06-14 14:56:33.179  1561  1718 D IPowerModeImp: getCurrentModeLocked:0
06-14 14:56:33.179  1561  1718 D PowerLevelNotification: level = 100 plugged = 0 show = false mBatteryLastLevel = 100 currentMode = 0 isDialogShowing = false isDeviceProvisioned = true
06-14 14:56:33.180  1561  1717 I BatteryConsumeMonitor: init var lastPlugType : 0 lastBatteryChangedLevel : 100
06-14 14:56:33.180   874   874 D AlarmAlignManager: I got broadcast:android.intent.action.BATTERY_CHANGED
06-14 14:56:33.244   874  1828 W ActivityManager: getRunningAppProcesses: caller 10093 does not hold REAL_GET_TASKS; limiting output
06-14 14:56:33.245   874  1162 V ActivityManager: Broadcast: Intent { act=com.tencent.mm.plugin.report.service.KVCommCrossProcessReceiver flg=0x10 cmp=com.tencent.mm/.plugin.report.service.KVCommCrossProcessReceiver (has extras) } ordered=false userid=0 callerApp=ProcessRecord{2f7f9499 4918:com.tencent.mm:push/u0a93}
06-14 14:56:33.304   874   900 D PowerManagerService:  mFlags=1 mTag = ConnectivityService PackageName = 'android' (uid=1000, pid=874, ws=null)
06-14 14:56:33.304   874   900 D PowerManagerService:  mFlags=1 mTag = WakerLock:379494471 PackageName = 'com.tencent.mm' (uid=10093, pid=4918, ws=null)
06-14 14:56:33.304  1835  1974 D RecordState: startCheck recordList = [] currentTime = 12694966
06-14 14:56:33.305   874  1879 D CSLegacyTypeTracker: getNetworkForType type 0
06-14 14:56:33.304  1835  1974 V SettingsInterface:  from settings cache , name = location_providers_allowed , value = default
06-14 14:56:33.305   874  1879 D CSLegacyTypeTracker: getNetworkForType type 1
06-14 14:56:33.304  1835  1974 V SettingsInterface:  from settings cache , name = location_providers_allowed , value = default
06-14 14:56:33.305   874  1879 D CSLegacyTypeTracker: getNetworkForType type 2
06-14 14:56:33.304  1835  1974 D LocationState: startCheck navigatingList = [] currentTime = 12694966
06-14 14:56:33.305   874  1879 D CSLegacyTypeTracker: getNetworkForType type 3
06-14 14:56:33.305   874  1879 D CSLegacyTypeTracker: getNetworkForType type 4
06-14 14:56:33.305   874  1879 D CSLegacyTypeTracker: getNetworkForType type 5
06-14 14:56:33.305   874  1879 D CSLegacyTypeTracker: getNetworkForType type 7
06-14 14:56:33.305   874  1879 D CSLegacyTypeTracker: getNetworkForType type 10
06-14 14:56:33.305   874  1879 D CSLegacyTypeTracker: getNetworkForType type 11
06-14 14:56:33.305   874  1879 D CSLegacyTypeTracker: getNetworkForType type 12
06-14 14:56:33.305   874  1879 D CSLegacyTypeTracker: getNetworkForType type 14
06-14 14:56:33.305   874  1879 D CSLegacyTypeTracker: getNetworkForType type 15
06-14 14:56:33.305   874  1879 D CSLegacyTypeTracker: getNetworkForType type 17
06-14 14:56:33.305   874  1879 D CSLegacyTypeTracker: getNetworkForType type 34
06-14 14:56:33.305   874  1879 D CSLegacyTypeTracker: getNetworkForType type 35
06-14 14:56:33.305   874  1879 D CSLegacyTypeTracker: getNetworkForType type 36
06-14 14:56:33.305   874  1879 D CSLegacyTypeTracker: getNetworkForType type 37
06-14 14:56:33.305   874  1879 D CSLegacyTypeTracker: getNetworkForType type 38
06-14 14:56:33.305   874  1879 D CSLegacyTypeTracker: getNetworkForType type 40
06-14 14:56:33.305   874  1879 D CSLegacyTypeTracker: getNetworkForType type 41
06-14 14:56:33.305   874  1879 D CSLegacyTypeTracker: getNetworkForType type 49
06-14 14:56:33.310  1835  1974 D MultiMediaState: startCheck musicList = [] currentTime = 12694970 isMusicPlaying = true  isPluggedHeadPhone = false isInteractive = false
06-14 14:56:33.310  1835  1974 D MultiMediaState: startCheck  otherList = [com.sodino.postdelay, com.meizu.flyme.launcher, com.tencent.mm, com.meizu.safe, com.meitu.mtsdk, com.meizu.battery, com.mediatek.systemupdate, com.meizu.mzsyncservice, com.mediatek.providers.drm, com.android.email, com.android.providers.media, com.android.providers.downloads, com.flyme.netadmin, com.android.calendar, com.meizu.mstore, com.meizu.net.search, com.meizu.privacy, com.meizu.flyme.service.find, com.android.providers.calendar, com.android.defcontainer, com.meizu.media.music, com.android.providers.applications, com.android.providers.userdictionary, com.android.providers.contacts, com.meizu.voiceassistant, com.meizu.account, com.flyme.systemuitools, com.meizu.share, com.meizu.cloud, com.android.providers.telephony, com.android.stk, com.android.phone, com.meizu.alphame, com.mediatek.nlpservice, com.android.incallui, com.waves.maxxservice, com.amap.android.location, com.meizu.experiencedatasync, com.tencent.qqpinyin, com.android.systemui, android, com.android.providers.settings, com.android.server.telecom, com.android.location.fused] currentTime = 12694970 isMusicPlaying = false  isPluggedHeadPhone = false isInteractive = false
06-14 14:56:33.310  1835  1974 D ScreenRecordState: isScreenRecord currentTime = 12694972 mScreenRecordTime = 0 isScreenRecord = false
06-14 14:56:33.310  1835  1974 D RecordState: isRecording currentTime = 12694972 mRecordTime = 0 isRecord = false
06-14 14:56:33.310  1835  1974 D LocationState: isNavigation currentTime = 12694972 mNavigationTime = 0 isNavigation = false
06-14 14:56:33.310  1835  1974 D DownloadState: isDownload currentTime = 12694972 mDownloadTime = 10595501 isDownload = false
06-14 14:56:33.310  1835  1974 D MultiMediaState: isPlayMusic currentTime = 12694972 mPlayMusicTime = 0 isMusic = false
06-14 14:56:33.442  1561  1717 I PowerLogHandler: process msg code : 2
06-14 14:56:33.686 32424 32489 D BgTest  : bgCount 36
06-14 14:56:33.815   874   982 D AudioService: MzCreateMediaserverWatchdogThread: monitor mediaserver end !!!
06-14 14:56:33.815   874   982 D AudioService: MzCreateMediaserverWatchdogThread: monitor mediaserver start !!!
06-14 14:56:33.817   874 32745 D AudioSystem: +setParameters(): mediaserver_monitor=1 
06-14 14:56:33.817   301  6737 I AudioFlinger: setParameters(): io 0, keyvalue mediaserver_monitor=1, calling pid 874
06-14 14:56:33.817   301  6737 D AudioALSAHardware: +setParameters(): mediaserver_monitor=1
06-14 14:56:33.818   301  6737 W AudioALSAHardware: setParameters(), still have param.size() = 1, remain param = "mediaserver_monitor=1"
06-14 14:56:33.818   301  6737 D AudioALSAHardware: -setParameters(): mediaserver_monitor=1 
06-14 14:56:33.818   301  6737 D bt_audio_a2dp_hw: [A2DP_HW] [adev_set_parameters@1540] out is null , check in stream
06-14 14:56:33.818   301  6737 I str_params: key: 'mediaserver_monitor' value: '1'
06-14 14:56:33.818   301  6737 D usb_audio_hw: adev_set_parameters: kvpairs = mediaserver_monitor=1
06-14 14:56:33.818   874 32745 D AudioSystem: -setParameters(): mediaserver_monitor=1 
06-14 14:56:33.819   301   981 I AudioPolicyManager: setStreamVolumeIndex stream = 7 index = 15 device = 0x400
06-14 14:56:34.039 32424 32424 D BgTest  : uiCount 38  +1
06-14 14:56:34.727 32424 32489 D BgTest  : bgCount 37
06-14 14:56:35.041 32424 32424 D BgTest  : uiCount 39  +1
06-14 14:56:35.607   296   778 D SocketClient: SocketClient sendData done: 
06-14 14:56:35.761 32424 32489 D BgTest  : bgCount 38
06-14 14:56:36.041 32424 32424 D BgTest  : uiCount 40  +1
06-14 14:56:36.802 32424 32489 D BgTest  : bgCount 39
06-14 14:56:37.043 32424 32424 D BgTest  : uiCount 41  +1
06-14 14:56:37.844 32424 32489 D BgTest  : bgCount 40
06-14 14:56:38.044 32424 32424 D BgTest  : uiCount 42  +1
06-14 14:56:38.061   319   319 I thermal_repeater: oh, queryMdThermalInfo (0)Bad file number
06-14 14:56:38.069   319   319 I thermal_repeater: [recvMdThermalInfo] ret=25, strLen=127,  1, 32767,,, -1, 32767, 2
06-14 14:56:38.185  1561  2084 D DataBuryManager: end charging 
06-14 14:56:38.185  1561  2084 D DataBuryManager: currentLevel : 100 currentStatus : 5 currentPlugType : 0
06-14 14:56:38.314   874  1824 D PowerManagerService:  mFlags=1 mTag = ConnectivityService PackageName = 'android' (uid=1000, pid=874, ws=null)
06-14 14:56:38.314   874  1824 D PowerManagerService:  mFlags=1 mTag = WakerLock:379494471 PackageName = 'com.tencent.mm' (uid=10093, pid=4918, ws=null)
06-14 14:56:38.314  1835  1974 D RecordState: startCheck recordList = [] currentTime = 12699976
06-14 14:56:38.315   874  1832 D CSLegacyTypeTracker: getNetworkForType type 0
06-14 14:56:38.314  1835  1974 V SettingsInterface:  from settings cache , name = location_providers_allowed , value = default
06-14 14:56:38.315   874  1832 D CSLegacyTypeTracker: getNetworkForType type 1
06-14 14:56:38.314  1835  1974 V SettingsInterface:  from settings cache , name = location_providers_allowed , value = default
06-14 14:56:38.315   874  1832 D CSLegacyTypeTracker: getNetworkForType type 2
06-14 14:56:38.314  1835  1974 D LocationState: startCheck navigatingList = [] currentTime = 12699976
06-14 14:56:38.315   874  1832 D CSLegacyTypeTracker: getNetworkForType type 3
06-14 14:56:38.315   874  1832 D CSLegacyTypeTracker: getNetworkForType type 4
06-14 14:56:38.315   874  1832 D CSLegacyTypeTracker: getNetworkForType type 5
06-14 14:56:38.315   874  1832 D CSLegacyTypeTracker: getNetworkForType type 7
06-14 14:56:38.315   874  1832 D CSLegacyTypeTracker: getNetworkForType type 10
06-14 14:56:38.315   874  1832 D CSLegacyTypeTracker: getNetworkForType type 11
06-14 14:56:38.315   874  1832 D CSLegacyTypeTracker: getNetworkForType type 12
06-14 14:56:38.315   874  1832 D CSLegacyTypeTracker: getNetworkForType type 14
06-14 14:56:38.315   874  1832 D CSLegacyTypeTracker: getNetworkForType type 15
06-14 14:56:38.315   874  1832 D CSLegacyTypeTracker: getNetworkForType type 17
06-14 14:56:38.319  1835  1974 D MultiMediaState: startCheck musicList = [] currentTime = 12699979 isMusicPlaying = true  isPluggedHeadPhone = false isInteractive = false
06-14 14:56:38.315   874  1832 D CSLegacyTypeTracker: getNetworkForType type 34
06-14 14:56:38.319  1835  1974 D MultiMediaState: startCheck  otherList = [com.sodino.postdelay, com.meizu.flyme.launcher, com.tencent.mm, com.meizu.safe, com.meitu.mtsdk, com.meizu.battery, com.mediatek.systemupdate, com.meizu.mzsyncservice, com.mediatek.providers.drm, com.android.email, com.android.providers.media, com.android.providers.downloads, com.flyme.netadmin, com.android.calendar, com.meizu.mstore, com.meizu.net.search, com.meizu.privacy, com.meizu.flyme.service.find, com.android.providers.calendar, com.android.defcontainer, com.meizu.media.music, com.android.providers.applications, com.android.providers.userdictionary, com.android.providers.contacts, com.meizu.voiceassistant, com.meizu.account, com.flyme.systemuitools, com.meizu.share, com.meizu.cloud, com.android.providers.telephony, com.android.stk, com.android.phone, com.meizu.alphame, com.mediatek.nlpservice, com.android.incallui, com.waves.maxxservice, com.amap.android.location, com.meizu.experiencedatasync, com.tencent.qqpinyin, com.android.systemui, android, com.android.providers.settings, com.android.server.telecom, com.android.location.fused] currentTime = 12699979 isMusicPlaying = false  isPluggedHeadPhone = false isInteractive = false
06-14 14:56:38.315   874  1832 D CSLegacyTypeTracker: getNetworkForType type 35
06-14 14:56:38.319  1835  1974 D ScreenRecordState: isScreenRecord currentTime = 12699981 mScreenRecordTime = 0 isScreenRecord = false
06-14 14:56:38.315   874  1832 D CSLegacyTypeTracker: getNetworkForType type 36
06-14 14:56:38.319  1835  1974 D RecordState: isRecording currentTime = 12699982 mRecordTime = 0 isRecord = false
06-14 14:56:38.315   874  1832 D CSLegacyTypeTracker: getNetworkForType type 37
06-14 14:56:38.319  1835  1974 D LocationState: isNavigation currentTime = 12699982 mNavigationTime = 0 isNavigation = false
06-14 14:56:38.315   874  1832 D CSLegacyTypeTracker: getNetworkForType type 38
06-14 14:56:38.320  1835  1974 D DownloadState: isDownload currentTime = 12699982 mDownloadTime = 10595501 isDownload = false
06-14 14:56:38.315   874  1832 D CSLegacyTypeTracker: getNetworkForType type 40
06-14 14:56:38.320  1835  1974 D MultiMediaState: isPlayMusic currentTime = 12699982 mPlayMusicTime = 0 isMusic = false
06-14 14:56:38.315   874  1832 D CSLegacyTypeTracker: getNetworkForType type 41
06-14 14:56:38.315   874  1832 D CSLegacyTypeTracker: getNetworkForType type 49
06-14 14:56:38.885 32424 32489 D BgTest  : bgCount 41
06-14 14:56:39.046 32424 32424 D BgTest  : uiCount 43  +1
06-14 14:56:39.612   296   778 D SocketClient: SocketClient sendData done: 
06-14 14:56:39.615   874   900 V AlarmManager: isPowerSavingStart = true
06-14 14:56:39.615   874   900 V AlarmManager: isAlarmNeedAlign = true
06-14 14:56:39.615   874   900 V AlarmManager: APP set(PendingIntent{2f995059: PendingIntentRecord{3898841e com.tencent.mm broadcastIntent}}) : type=2 triggerAtTime=12701776 win=-1 tElapsed=12706277 maxElapsed=13006277 interval=0 standalone=false
06-14 14:56:39.616   874   900 D AlarmManager: set alarm to RTC 2-12706277-14:56:44
06-14 14:56:39.627  1860  2231 V SettingsInterface:  from settings cache , name = multi_sim_data_call , value = -1
06-14 14:56:39.627  1860  2369 V SettingsInterface:  from settings cache , name = multi_sim_sms , value = null
06-14 14:56:39.628  1860  1880 V SettingsInterface:  from settings cache , name = multi_sim_voice_call , value = null
06-14 14:56:39.629  1860 13323 V SettingsInterface:  from settings cache , name = multi_sim_voice_call , value = null
06-14 14:56:39.630  4918 32702 W art     : Native thread exiting without having called DetachCurrentThread (maybe it's going to use a pthread_key_create destructor?): Thread[25,tid=32702,Native,Thread*=0xeec52000,peer=0x12e1e0a0,"default"]
06-14 14:56:39.926 32424 32489 D BgTest  : bgCount 42
06-14 14:56:40.048 32424 32424 D BgTest  : uiCount 44  +1
06-14 14:56:40.156   874  1592 V AlarmManager: isPowerSavingStart = true
06-14 14:56:40.157   874  1592 V AlarmManager: isAlarmNeedAlign = true
06-14 14:56:40.157   874  1592 V AlarmManager: APP set(PendingIntent{1e6594ff: PendingIntentRecord{20e052cc com.tencent.mm broadcastIntent}}) : type=2 triggerAtTime=617485247 win=-1 tElapsed=617485247 maxElapsed=1071072818 interval=0 standalone=false
06-14 14:56:40.961 32424 32489 D BgTest  : bgCount 43
06-14 14:56:41.050 32424 32424 D BgTest  : uiCount 45  +1
06-14 14:56:42.002 32424 32489 D BgTest  : bgCount 44
06-14 14:56:42.051 32424 32424 D BgTest  : uiCount 46  +1
06-14 14:56:43.037 32424 32489 D BgTest  : bgCount 45
06-14 14:56:43.053 32424 32424 D BgTest  : uiCount 47  +1
06-14 14:56:43.072   319   319 I thermal_repeater: oh, queryMdThermalInfo (0)Bad file number
06-14 14:56:43.080   319   319 I thermal_repeater: [recvMdThermalInfo] ret=25, strLen=127,  1, 32767,,, -1, 32767, 2
06-14 14:56:43.168   874  1891 D BatteryService: mBatteryVoltage=4371, batteryLevel=50
06-14 14:56:43.169   874   874 V ActivityManager: Broadcast sticky: Intent { act=android.intent.action.BATTERY_CHANGED flg=0x60000010 (has extras) } ordered=false userid=-1 callerApp=null
06-14 14:56:43.173  1040  1040 D KeyguardUpdateMonitor: received broadcast android.intent.action.BATTERY_CHANGED
06-14 14:56:43.174  1040  1040 D FlymeBatteryMeterView: hashCode=122392665,level=100,pluggedIn=false,status=5
06-14 14:56:43.178   874   874 D UsbDeviceManager: onReceive - BATTERY_CHANGED - mPlugType: 0, mSettingUsbCharging: false, mConnected: false, mSettingUsbBicr: false
06-14 14:56:43.174  1040  1040 D FlymeBatteryMeterView: hashCode=296548458,level=100,pluggedIn=false,status=5
06-14 14:56:43.178   874   874 D WifiService: onReceive, action:android.intent.action.BATTERY_CHANGED
06-14 14:56:43.174  1040  1040 D FlymeBatteryMeterView: hashCode=720319172,level=100,pluggedIn=false,status=5
06-14 14:56:43.179   874   970 D WifiController: DeviceActiveState{ when=0 what=155652 target=com.android.internal.util.StateMachine$SmHandler }
06-14 14:56:43.174  1040  1040 I KeyguardUpdateMonitor: handleBatteryUpdate index=0 updateInteresting=false
06-14 14:56:43.179   874   970 D WifiController: StaEnabledState{ when=0 what=155652 target=com.android.internal.util.StateMachine$SmHandler }
06-14 14:56:43.175  1561  1561 D PowerBroadcastCenter: receive intent: android.intent.action.BATTERY_CHANGED
06-14 14:56:43.179   874   970 D WifiController: DefaultState{ when=0 what=155652 target=com.android.internal.util.StateMachine$SmHandler }
06-14 14:56:43.175  1835  1835 D BroadcastCenter: receive intent: android.intent.action.BATTERY_CHANGED
06-14 14:56:43.179   874   970 D WifiController: wifiSleepPolicy:2
06-14 14:56:43.177  1561  1750 D PowerGaugeStats: battery level is changed: 100
06-14 14:56:43.179   874   970 D WifiController: wifiSleepPolicy:2
06-14 14:56:43.177  1561  1750 D PowerGaugeStats: unplugged, no battery level change
06-14 14:56:43.178  1561  1718 D IPowerModeImp: getCurrentModeLocked:0
06-14 14:56:43.178  1561  1718 D PowerLevelNotification: level = 100 plugged = 0 show = false mBatteryLastLevel = 100 currentMode = 0 isDialogShowing = false isDeviceProvisioned = true
06-14 14:56:43.178  1561  1717 I BatteryConsumeMonitor: init var lastPlugType : 0 lastBatteryChangedLevel : 100
06-14 14:56:43.178   874   874 D AlarmAlignManager: I got broadcast:android.intent.action.BATTERY_CHANGED
06-14 14:56:43.323   874  1848 D PowerManagerService:  mFlags=1 mTag = ConnectivityService PackageName = 'android' (uid=1000, pid=874, ws=null)
06-14 14:56:43.323  1835  1974 D RecordState: startCheck recordList = [] currentTime = 12704985
06-14 14:56:43.324   874  1712 D CSLegacyTypeTracker: getNetworkForType type 0
06-14 14:56:43.323  1835  1974 V SettingsInterface:  from settings cache , name = location_providers_allowed , value = default
06-14 14:56:43.324   874  1712 D CSLegacyTypeTracker: getNetworkForType type 1
06-14 14:56:43.323  1835  1974 V SettingsInterface:  from settings cache , name = location_providers_allowed , value = default
06-14 14:56:43.324   874  1712 D CSLegacyTypeTracker: getNetworkForType type 2
06-14 14:56:43.324  1835  1974 D LocationState: startCheck navigatingList = [] currentTime = 12704985
06-14 14:56:43.324   874  1712 D CSLegacyTypeTracker: getNetworkForType type 3
06-14 14:56:43.324   874  1712 D CSLegacyTypeTracker: getNetworkForType type 4
06-14 14:56:43.324   874  1712 D CSLegacyTypeTracker: getNetworkForType type 5
06-14 14:56:43.324   874  1712 D CSLegacyTypeTracker: getNetworkForType type 7
06-14 14:56:43.324   874  1712 D CSLegacyTypeTracker: getNetworkForType type 10
06-14 14:56:43.324   874  1712 D CSLegacyTypeTracker: getNetworkForType type 11
06-14 14:56:43.324   874  1712 D CSLegacyTypeTracker: getNetworkForType type 12
06-14 14:56:43.324   874  1712 D CSLegacyTypeTracker: getNetworkForType type 14
06-14 14:56:43.324   874  1712 D CSLegacyTypeTracker: getNetworkForType type 15
06-14 14:56:43.324   874  1712 D CSLegacyTypeTracker: getNetworkForType type 17
06-14 14:56:43.324   874  1712 D CSLegacyTypeTracker: getNetworkForType type 34
06-14 14:56:43.324   874  1712 D CSLegacyTypeTracker: getNetworkForType type 35
06-14 14:56:43.324   874  1712 D CSLegacyTypeTracker: getNetworkForType type 36
06-14 14:56:43.324   874  1712 D CSLegacyTypeTracker: getNetworkForType type 37
06-14 14:56:43.324   874  1712 D CSLegacyTypeTracker: getNetworkForType type 38
06-14 14:56:43.324   874  1712 D CSLegacyTypeTracker: getNetworkForType type 40
06-14 14:56:43.324   874  1712 D CSLegacyTypeTracker: getNetworkForType type 41
06-14 14:56:43.324   874  1712 D CSLegacyTypeTracker: getNetworkForType type 49
06-14 14:56:43.329  1835  1974 D MultiMediaState: startCheck musicList = [] currentTime = 12704989 isMusicPlaying = true  isPluggedHeadPhone = false isInteractive = false
06-14 14:56:43.329  1835  1974 D MultiMediaState: startCheck  otherList = [com.sodino.postdelay, com.meizu.flyme.launcher, com.tencent.mm, com.meizu.safe, com.meitu.mtsdk, com.meizu.battery, com.mediatek.systemupdate, com.meizu.mzsyncservice, com.mediatek.providers.drm, com.android.email, com.android.providers.media, com.android.providers.downloads, com.flyme.netadmin, com.android.calendar, com.meizu.mstore, com.meizu.net.search, com.meizu.privacy, com.meizu.flyme.service.find, com.android.providers.calendar, com.android.defcontainer, com.meizu.media.music, com.android.providers.applications, com.android.providers.userdictionary, com.android.providers.contacts, com.meizu.voiceassistant, com.meizu.account, com.flyme.systemuitools, com.meizu.share, com.meizu.cloud, com.android.providers.telephony, com.android.stk, com.android.phone, com.meizu.alphame, com.mediatek.nlpservice, com.android.incallui, com.waves.maxxservice, com.amap.android.location, com.meizu.experiencedatasync, com.tencent.qqpinyin, com.android.systemui, android, com.android.providers.settings, com.android.server.telecom, com.android.location.fused] currentTime = 12704989 isMusicPlaying = false  isPluggedHeadPhone = false isInteractive = false
06-14 14:56:43.329  1835  1974 D ScreenRecordState: isScreenRecord currentTime = 12704991 mScreenRecordTime = 0 isScreenRecord = false
06-14 14:56:43.329  1835  1974 D RecordState: isRecording currentTime = 12704991 mRecordTime = 0 isRecord = false
06-14 14:56:43.329  1835  1974 D LocationState: isNavigation currentTime = 12704991 mNavigationTime = 0 isNavigation = false
06-14 14:56:43.329  1835  1974 D DownloadState: isDownload currentTime = 12704991 mDownloadTime = 10595501 isDownload = false
06-14 14:56:43.329  1835  1974 D MultiMediaState: isPlayMusic currentTime = 12704991 mPlayMusicTime = 0 isMusic = false
06-14 14:56:43.816   874   982 D AudioService: MzCreateMediaserverWatchdogThread: monitor mediaserver end !!!
06-14 14:56:43.816   874   982 D AudioService: MzCreateMediaserverWatchdogThread: monitor mediaserver start !!!
06-14 14:56:43.818   874 32746 D AudioSystem: +setParameters(): mediaserver_monitor=1 
06-14 14:56:43.818   301  6737 I AudioFlinger: setParameters(): io 0, keyvalue mediaserver_monitor=1, calling pid 874
06-14 14:56:43.818   301  6737 D AudioALSAHardware: +setParameters(): mediaserver_monitor=1
06-14 14:56:43.818   301  6737 W AudioALSAHardware: setParameters(), still have param.size() = 1, remain param = "mediaserver_monitor=1"
06-14 14:56:43.818   301  6737 D AudioALSAHardware: -setParameters(): mediaserver_monitor=1 
06-14 14:56:43.818   301  6737 D bt_audio_a2dp_hw: [A2DP_HW] [adev_set_parameters@1540] out is null , check in stream
06-14 14:56:43.818   301  6737 I str_params: key: 'mediaserver_monitor' value: '1'
06-14 14:56:43.818   301  6737 D usb_audio_hw: adev_set_parameters: kvpairs = mediaserver_monitor=1
06-14 14:56:43.819   874 32746 D AudioSystem: -setParameters(): mediaserver_monitor=1 
06-14 14:56:43.820   301   981 I AudioPolicyManager: setStreamVolumeIndex stream = 7 index = 15 device = 0x400
06-14 14:56:44.054 32424 32424 D BgTest  : uiCount 48  +2
06-14 14:56:44.072 32424 32489 D BgTest  : bgCount 46
06-14 14:56:44.615   874   953 V AlarmManager: Checking for alarms... rtc=1497423404615, elapsed=12706277
06-14 14:56:44.616   874   953 D AlarmManager: set alarm to RTC 2-12984871-15:01:23
06-14 14:56:44.616   874   953 D AlarmManager: sending alarm Alarm{2e859915 type 2 when 14:56:44 start 14:56:43 end 14:56:45 com.tencent.mm}and operation:ALARM_ACTION(4918)
06-14 14:56:44.617   874   953 V ActivityManager: Broadcast: Intent { act=ALARM_ACTION(4918) flg=0x114 (has extras) } ordered=true userid=0 callerApp=null
06-14 14:56:44.632   874   953 V AlarmManager: sending alarm Alarm{2e859915 type 2 when 14:56:44 start 14:56:43 end 14:56:45 com.tencent.mm} success
06-14 14:56:45.056 32424 32424 D BgTest  : uiCount 49  +2
06-14 14:56:45.113 32424 32489 D BgTest  : bgCount 47
06-14 14:56:45.972   874  1824 V SettingsInterface:  from settings cache , name = netstats_time_cache_max_age , value = null
06-14 14:56:45.972   874  1824 V NetworkStats: performPollLocked(flags=0x3)
06-14 14:56:45.973   874  1824 D NetdConnector: SND -> {686 bandwidth gettetherstats}
06-14 14:56:45.974   296   779 D FrameworkListener: dispatchCommand data = (686 bandwidth gettetherstats)
06-14 14:56:45.974   296   779 D SocketClient: SocketClient sendData done: 200 686 Tethering stats list completed
06-14 14:56:45.974   874   960 D NetdConnector: RCV <- {200 686 Tethering stats list completed}
06-14 14:56:45.975   874  1824 D NetdConnector: RMV <- {200 686 Tethering stats list completed}
06-14 14:56:45.977   874  1824 V SettingsInterface:  from settings cache , name = netstats_sample_enabled , value = null
06-14 14:56:45.976   874  1824 W NetworkStatsRecorder: unknown interfaces [wlan0, lo, p2p0], ignoring those stats
06-14 14:56:45.976   874  1824 W NetworkStatsRecorder: unknown interfaces [wlan0, lo, p2p0], ignoring those stats
06-14 14:56:45.977   874  1824 W NetworkStatsRecorder: unknown interfaces [wlan0, lo, p2p0], ignoring those stats
06-14 14:56:45.977   874  1824 W NetworkStatsRecorder: unknown interfaces [wlan0, lo, p2p0], ignoring those stats
06-14 14:56:45.977   874  1824 V NetworkStats: performPollLocked() took 5ms
06-14 14:56:45.978   874  1824 V ActivityManager: Broadcast: Intent { act=com.android.server.action.NETWORK_STATS_UPDATED flg=0x40000010 } ordered=false userid=-1 callerApp=ProcessRecord{2de77b41 874:system/1000}
06-14 14:56:45.980   874   966 V NetworkPolicy: updateNetworkEnabledLocked()
06-14 14:56:45.980  1860  2189 V SettingsInterface:  from settings cache , name = multi_sim_data_call , value = -1
06-14 14:56:45.980   874   966 V NetworkPolicy:  checking policy:NetworkPolicy[NetworkTemplate: matchRule=MOBILE_ALL, matchSubscriberIds=[null]]: cycleDay=19, cycleTimezone=Asia/Shanghai, warningBytes=104857600, limitBytes=-1, lastWarningSnooze=-1, lastLimitSnooze=-1, metered=true, inferred=true
06-14 14:56:45.980   874   966 V NetworkPolicy:  checking policy:NetworkPolicy[NetworkTemplate: matchRule=MOBILE_ALL, subscriberId=460028..., matchSubscriberIds=[460028...]]: cycleDay=1, cycleTimezone=Asia/Shanghai, warningBytes=2412510335, limitBytes=3015637919, lastWarningSnooze=-1, lastLimitSnooze=-1, metered=true, inferred=false
06-14 14:56:45.982  1860  2231 V SettingsInterface:  from settings cache , name = multi_sim_data_call , value = -1
06-14 14:56:45.981   874   966 V NetworkPolicy:  checking policy:NetworkPolicy[NetworkTemplate: matchRule=MOBILE_ALL, subscriberId=460006..., matchSubscriberIds=[460006...]]: cycleDay=1, cycleTimezone=Asia/Shanghai, warningBytes=104857600, limitBytes=-1, lastWarningSnooze=-1, lastLimitSnooze=-1, metered=true, inferred=false
06-14 14:56:45.981   874   966 V NetworkPolicy:  checking policy:NetworkPolicy[NetworkTemplate: matchRule=MOBILE_ALL, subscriberId=460028..., matchSubscriberIds=[460028...]]: cycleDay=1, cycleTimezone=Asia/Shanghai, warningBytes=-1, limitBytes=-1, lastWarningSnooze=-1, lastLimitSnooze=-1, metered=true, inferred=false
06-14 14:56:45.981   874   966 V NetworkPolicy: updateNotificationsLocked()
06-14 14:56:45.984  1860  2369 V SettingsInterface:  from settings cache , name = multi_sim_data_call , value = -1
06-14 14:56:45.984  1231  1559 D trafficTest: whichSimSelected slotId=-1,可能是未插卡，也可能是modern挂了，也可能插了双卡，其中流量卡挂了，或还在初始化中, 而另一张卡没有自动切换成流量
06-14 14:56:45.984  1231  1559 D NetworkManagementMz: LocalSubscriptionManager: getSubId 0
06-14 14:56:45.985  1231  1559 D NetworkManagementMz: LocalSubscriptionManager: intSubId -2
06-14 14:56:45.985  1231  1559 D NetworkManagementMz: LocalSubscriptionManager: intSubId -2
06-14 14:56:45.985  1231  1559 D NetworkManagementMz: LocalSubscriptionManager: subId[0] is : -2
06-14 14:56:45.986  1231  1559 D NetworkManagementMz: LocalTelephonyManager: imsi null
06-14 14:56:45.986  1231  1559 D NetworkManagementMz: LocalSubscriptionManager: getSubId 1
06-14 14:56:45.986  1231  1559 D NetworkManagementMz: LocalSubscriptionManager: intSubId -3
06-14 14:56:45.986  1231  1559 D NetworkManagementMz: LocalSubscriptionManager: intSubId -3
06-14 14:56:45.987  1231  1559 D NetworkManagementMz: LocalSubscriptionManager: subId[1] is : -3
06-14 14:56:45.988  1231  1559 D NetworkManagementMz: LocalTelephonyManager: imsi null
06-14 14:56:45.989  1860  2369 V SettingsInterface:  from settings cache , name = multi_sim_data_call , value = -1
06-14 14:56:45.990  1231  1559 D trafficTest: whichSimSelected slotId=-1,可能是未插卡，也可能是modern挂了，也可能插了双卡，其中流量卡挂了，或还在初始化中, 而另一张卡没有自动切换成流量
06-14 14:56:45.990  1231  1559 D NetworkManagementMz: LocalSubscriptionManager: getSubId 0
06-14 14:56:45.991  1231  1559 D NetworkManagementMz: LocalSubscriptionManager: intSubId -2
06-14 14:56:45.991  1231  1559 D NetworkManagementMz: LocalSubscriptionManager: intSubId -2
06-14 14:56:45.991  1231  1559 D NetworkManagementMz: LocalSubscriptionManager: subId[0] is : -2
06-14 14:56:45.993  1231  1559 D NetworkManagementMz: LocalTelephonyManager: imsi null
06-14 14:56:45.993  1231  1559 D NetworkManagementMz: LocalSubscriptionManager: getSubId 1
06-14 14:56:45.994  1231  1559 D NetworkManagementMz: LocalSubscriptionManager: intSubId -3
06-14 14:56:45.994  1231  1559 D NetworkManagementMz: LocalSubscriptionManager: intSubId -3
06-14 14:56:45.994  1231  1559 D NetworkManagementMz: LocalSubscriptionManager: subId[1] is : -3
06-14 14:56:45.996  1231  1559 D NetworkManagementMz: LocalTelephonyManager: imsi null
06-14 14:56:45.996  1231  1231 D trafficTest: has data listener
06-14 14:56:45.997   874   900 V ActivityManager: Broadcast: Intent { act=android.com.meizu.safe.provider.SafeWidgetProvider flg=0x10 (has extras) } ordered=false userid=-2 callerApp=ProcessRecord{25d454a8 1231:com.meizu.safe/1000}
06-14 14:56:45.996  1231  1231 D trafficTest1: pollingService通知Ui更新
06-14 14:56:45.996  1231  1231 D trafficTest: ----refreshGeneralShowData
06-14 14:56:45.996  1231  1231 D trafficTest: ----------widget manager receiver dataChanged
06-14 14:56:45.996  1231  1231 D trafficTest: widget manager send broadcast to widget
06-14 14:56:45.999  1231  1231 I vpnTrace: notifySavingDataChanged: isShowSavingFunc: false
06-14 14:56:45.999  1231  1231 D TrafficTest: --------------亮屏且有监听器updateDataInterval = 15000
06-14 14:56:46.000  1231  1231 D trafficTest3: ---------widget receiver data change msg
06-14 14:56:46.001  1231  1231 D trafficTest3: updateRemoteView: SimCardTrafficForShow{imsi='null', totalBytes=-1, remainBytes=0, dayUsedBytes=0, leftDays=0, monthUsedbytes=0, usedPercent=0.0, idleMode=false}
06-14 14:56:46.021  1231  1231 D RemoteViews: mActions is repeat
06-14 14:56:46.021  1231  1231 D RemoteViews: mActions is repeat
06-14 14:56:46.025  1885  1885 D AppWidgetHost: updateAppWidgetView HANDLE_UPDATE 
06-14 14:56:46.025  1885  1885 D AppWidgetHost: updateAppWidgetView appWidgetId 15 com.meizu.flyme.launcher.at@179658cb
06-14 14:56:46.058 32424 32424 D BgTest  : uiCount 50  +2
06-14 14:56:46.151 32424 32489 D BgTest  : bgCount 48
06-14 14:56:47.060 32424 32424 D BgTest  : uiCount 51  +2
06-14 14:56:47.191 32424 32489 D BgTest  : bgCount 49
06-14 14:56:48.061 32424 32424 D BgTest  : uiCount 52  +2
06-14 14:56:48.082   319   319 I thermal_repeater: oh, queryMdThermalInfo (0)Bad file number
06-14 14:56:48.090   319   319 I thermal_repeater: [recvMdThermalInfo] ret=25, strLen=127,  1, 32767,,, -1, 32767, 2
06-14 14:56:48.183  1561  2084 D DataBuryManager: end charging 
06-14 14:56:48.183  1561  2084 D DataBuryManager: currentLevel : 100 currentStatus : 5 currentPlugType : 0
06-14 14:56:48.232 32424 32489 D BgTest  : bgCount 50
06-14 14:56:48.333   874  1592 D PowerManagerService:  mFlags=1 mTag = ConnectivityService PackageName = 'android' (uid=1000, pid=874, ws=null)
06-14 14:56:48.333  1835  1974 D RecordState: startCheck recordList = [] currentTime = 12709995
06-14 14:56:48.334   874  1832 D CSLegacyTypeTracker: getNetworkForType type 0
06-14 14:56:48.333  1835  1974 V SettingsInterface:  from settings cache , name = location_providers_allowed , value = default
06-14 14:56:48.334   874  1832 D CSLegacyTypeTracker: getNetworkForType type 1
06-14 14:56:48.333  1835  1974 V SettingsInterface:  from settings cache , name = location_providers_allowed , value = default
06-14 14:56:48.334   874  1832 D CSLegacyTypeTracker: getNetworkForType type 2
06-14 14:56:48.333  1835  1974 D LocationState: startCheck navigatingList = [] currentTime = 12709995
06-14 14:56:48.334   874  1832 D CSLegacyTypeTracker: getNetworkForType type 3
06-14 14:56:48.334   874  1832 D CSLegacyTypeTracker: getNetworkForType type 4
06-14 14:56:48.334   874  1832 D CSLegacyTypeTracker: getNetworkForType type 5
06-14 14:56:48.334   874  1832 D CSLegacyTypeTracker: getNetworkForType type 7
06-14 14:56:48.334   874  1832 D CSLegacyTypeTracker: getNetworkForType type 10
06-14 14:56:48.334   874  1832 D CSLegacyTypeTracker: getNetworkForType type 11
06-14 14:56:48.334   874  1832 D CSLegacyTypeTracker: getNetworkForType type 12
06-14 14:56:48.334   874  1832 D CSLegacyTypeTracker: getNetworkForType type 14
06-14 14:56:48.334   874  1832 D CSLegacyTypeTracker: getNetworkForType type 15
06-14 14:56:48.334   874  1832 D CSLegacyTypeTracker: getNetworkForType type 17
06-14 14:56:48.334   874  1832 D CSLegacyTypeTracker: getNetworkForType type 34
06-14 14:56:48.334   874  1832 D CSLegacyTypeTracker: getNetworkForType type 35
06-14 14:56:48.334   874  1832 D CSLegacyTypeTracker: getNetworkForType type 36
06-14 14:56:48.334   874  1832 D CSLegacyTypeTracker: getNetworkForType type 37
06-14 14:56:48.334   874  1832 D CSLegacyTypeTracker: getNetworkForType type 38
06-14 14:56:48.334   874  1832 D CSLegacyTypeTracker: getNetworkForType type 40
06-14 14:56:48.334   874  1832 D CSLegacyTypeTracker: getNetworkForType type 41
06-14 14:56:48.334   874  1832 D CSLegacyTypeTracker: getNetworkForType type 49
06-14 14:56:48.339  1835  1974 D MultiMediaState: startCheck musicList = [] currentTime = 12709999 isMusicPlaying = true  isPluggedHeadPhone = false isInteractive = false
06-14 14:56:48.339  1835  1974 D MultiMediaState: startCheck  otherList = [com.sodino.postdelay, com.meizu.flyme.launcher, com.meizu.safe, com.tencent.mm, com.meizu.battery, com.meitu.mtsdk, com.mediatek.systemupdate, com.meizu.mzsyncservice, com.mediatek.providers.drm, com.android.email, com.android.providers.media, com.android.providers.downloads, com.flyme.netadmin, com.android.calendar, com.meizu.mstore, com.meizu.net.search, com.meizu.privacy, com.meizu.flyme.service.find, com.android.providers.calendar, com.android.defcontainer, com.meizu.media.music, com.android.providers.applications, com.android.providers.userdictionary, com.android.providers.contacts, com.meizu.voiceassistant, com.meizu.account, com.flyme.systemuitools, com.meizu.share, com.meizu.cloud, com.android.providers.telephony, com.android.stk, com.android.phone, com.meizu.alphame, com.mediatek.nlpservice, com.android.incallui, com.waves.maxxservice, com.amap.android.location, com.meizu.experiencedatasync, com.tencent.qqpinyin, com.android.systemui, android, com.android.providers.settings, com.android.server.telecom, com.android.location.fused] currentTime = 12709999 isMusicPlaying = false  isPluggedHeadPhone = false isInteractive = false
06-14 14:56:48.339  1835  1974 D ScreenRecordState: isScreenRecord currentTime = 12710001 mScreenRecordTime = 0 isScreenRecord = false
06-14 14:56:48.339  1835  1974 D RecordState: isRecording currentTime = 12710001 mRecordTime = 0 isRecord = false
06-14 14:56:48.339  1835  1974 D LocationState: isNavigation currentTime = 12710001 mNavigationTime = 0 isNavigation = false
06-14 14:56:48.339  1835  1974 D DownloadState: isDownload currentTime = 12710001 mDownloadTime = 10595501 isDownload = false
06-14 14:56:48.339  1835  1974 D MultiMediaState: isPlayMusic currentTime = 12710001 mPlayMusicTime = 0 isMusic = false
06-14 14:56:49.063 32424 32424 D BgTest  : uiCount 53  +2
06-14 14:56:49.274 32424 32489 D BgTest  : bgCount 51
06-14 14:56:49.671   874  1162 W ActivityManager: getRunningAppProcesses: caller 10093 does not hold REAL_GET_TASKS; limiting output
06-14 14:56:49.672   874   899 V ActivityManager: Broadcast: Intent { act=com.tencent.mm.plugin.report.service.KVCommCrossProcessReceiver flg=0x10 cmp=com.tencent.mm/.plugin.report.service.KVCommCrossProcessReceiver (has extras) } ordered=false userid=0 callerApp=ProcessRecord{2f7f9499 4918:com.tencent.mm:push/u0a93}
06-14 14:56:50.064 32424 32424 D BgTest  : uiCount 54  +2
06-14 14:56:50.311 32424 32489 D BgTest  : bgCount 52
06-14 14:56:50.552  1561  1588 D AppManager: mAppSwitchReceiver eventType:2 com.meitu.mtsdk
06-14 14:56:50.552  1561  1588 D AppManager:  startClean: 1
06-14 14:56:50.554  1561  1956 D AppManager:  getSystemApps result: 1 : 0
06-14 14:56:50.555  1561  1956 D AppManager: prepareFavorityAppsLocked:[com.meitu.mtsdk]
06-14 14:56:50.556  1561  1956 D AppManager: getTopApps:[com.sodino.postdelay]
06-14 14:56:50.556  1561  1956 V SettingsInterface:  from settings cache , name = default_input_method , value = com.tencent.qqpinyin/.QQPYInputMethodService
06-14 14:56:50.558  1561  1956 V SettingsInterface:  from settings cache , name = sms_default_application , value = com.android.mms
06-14 14:56:50.570   874  1082 D ActivityManager: getContentProviderImpl: from caller=android.app.ApplicationThreadProxy@3ec4c42a (pid=1561, userId=0) to get content provider com.meizu.flyme.launcher.settings cpr=ContentProviderRecord{f74083d u0 com.meizu.flyme.launcher/.LauncherProvider}
06-14 14:56:50.570   874  1082 D ActivityManager: getContentProviderImpl: updateLruProcessLocked cpr.proc=ProcessRecord{2b63ec67 1885:com.meizu.flyme.launcher/u0a13}
06-14 14:56:50.587  1561  1956 D NotificationState: getPermanetNotificationList: working list = []
06-14 14:56:50.588  1561  1956 D AppManager: prepareUsingApps:[, com.meizu.safe, com.sodino.postdelay, com.android.dialer, com.android.mms, com.meizu.flyme.weather, com.meizu.flyme.launcher, com.tencent.qqpinyin]
06-14 14:56:50.588  1561  1956 V SettingsInterface:  from settings cache , name = recent_lock_apps , value = com.android.packageinstaller;com.le123.ysdq;com.estrongs.android.pop;com.gozap.chouti;com.tencent.mm;
06-14 14:56:50.589  1231  1260 D AphaMeContentProvider: query
06-14 14:56:50.594  1561  1956 D AppManager: prepareWorkingApps:[]
06-14 14:56:50.595  1561  1956 D AppManager: PowerApp{pid=-1, pkgName='com.meitu.mtsdk', pkgNameEncrypted='431319bb87ab14ec2b80749208de9f81', type=6, isWhite=false}
06-14 14:56:50.595  1561  1956 D AppManager: freeze:com.meitu.mtsdk
06-14 14:56:50.595  1561  1956 E ActivityManagerFlyme: forceFreezePackage exception: java.lang.NoSuchMethodException
06-14 14:56:50.596  1561  1956 D AppManager: permission:com.meitu.mtsdk
06-14 14:56:50.596   874  1879 D PowerManagerService: setScreenWakeLockDisabledForPackageNameInternal: packageName = com.meitu.mtsdk disable = true
06-14 14:56:51.066 32424 32424 D BgTest  : uiCount 55  +2
06-14 14:56:51.352 32424 32489 D BgTest  : bgCount 53
06-14 14:56:52.068 32424 32424 D BgTest  : uiCount 56  +2
06-14 14:56:52.391 32424 32489 D BgTest  : bgCount 54
06-14 14:56:53.070 32424 32424 D BgTest  : uiCount 57  +2
06-14 14:56:53.092   319   319 I thermal_repeater: oh, queryMdThermalInfo (0)Bad file number
06-14 14:56:53.100   319   319 I thermal_repeater: [recvMdThermalInfo] ret=25, strLen=127,  1, 32767,,, -1, 32767, 2
06-14 14:56:53.168   874  1884 D BatteryService: mBatteryVoltage=4370, batteryLevel=50
06-14 14:56:53.169   874   874 V ActivityManager: Broadcast sticky: Intent { act=android.intent.action.BATTERY_CHANGED flg=0x60000010 (has extras) } ordered=false userid=-1 callerApp=null
06-14 14:56:53.173  1040  1040 D KeyguardUpdateMonitor: received broadcast android.intent.action.BATTERY_CHANGED
06-14 14:56:53.174  1040  1040 D FlymeBatteryMeterView: hashCode=122392665,level=100,pluggedIn=false,status=5
06-14 14:56:53.178   874   874 D UsbDeviceManager: onReceive - BATTERY_CHANGED - mPlugType: 0, mSettingUsbCharging: false, mConnected: false, mSettingUsbBicr: false
06-14 14:56:53.174  1040  1040 D FlymeBatteryMeterView: hashCode=296548458,level=100,pluggedIn=false,status=5
06-14 14:56:53.178   874   874 D WifiService: onReceive, action:android.intent.action.BATTERY_CHANGED
06-14 14:56:53.174  1040  1040 D FlymeBatteryMeterView: hashCode=720319172,level=100,pluggedIn=false,status=5
06-14 14:56:53.178   874   970 D WifiController: DeviceActiveState{ when=0 what=155652 target=com.android.internal.util.StateMachine$SmHandler }
06-14 14:56:53.174  1040  1040 I KeyguardUpdateMonitor: handleBatteryUpdate index=0 updateInteresting=false
06-14 14:56:53.178   874   970 D WifiController: StaEnabledState{ when=0 what=155652 target=com.android.internal.util.StateMachine$SmHandler }
06-14 14:56:53.175  1561  1561 D PowerBroadcastCenter: receive intent: android.intent.action.BATTERY_CHANGED
06-14 14:56:53.178   874   970 D WifiController: DefaultState{ when=0 what=155652 target=com.android.internal.util.StateMachine$SmHandler }
06-14 14:56:53.175  1835  1835 D BroadcastCenter: receive intent: android.intent.action.BATTERY_CHANGED
06-14 14:56:53.178   874   970 D WifiController: wifiSleepPolicy:2
06-14 14:56:53.177  1561  1750 D PowerGaugeStats: battery level is changed: 100
06-14 14:56:53.178   874   970 D WifiController: wifiSleepPolicy:2
06-14 14:56:53.177  1561  1750 D PowerGaugeStats: unplugged, no battery level change
06-14 14:56:53.177  1561  1718 D IPowerModeImp: getCurrentModeLocked:0
06-14 14:56:53.177  1561  1718 D PowerLevelNotification: level = 100 plugged = 0 show = false mBatteryLastLevel = 100 currentMode = 0 isDialogShowing = false isDeviceProvisioned = true
06-14 14:56:53.177  1561  1717 I BatteryConsumeMonitor: init var lastPlugType : 0 lastBatteryChangedLevel : 100
06-14 14:56:53.178   874   874 D AlarmAlignManager: I got broadcast:android.intent.action.BATTERY_CHANGED
06-14 14:56:53.343   874  1245 D PowerManagerService:  mFlags=1 mTag = ConnectivityService PackageName = 'android' (uid=1000, pid=874, ws=null)
06-14 14:56:53.343  1835  1974 D RecordState: startCheck recordList = [] currentTime = 12715005
06-14 14:56:53.343   874  1891 D CSLegacyTypeTracker: getNetworkForType type 0
06-14 14:56:53.343  1835  1974 V SettingsInterface:  from settings cache , name = location_providers_allowed , value = default
06-14 14:56:53.343   874  1891 D CSLegacyTypeTracker: getNetworkForType type 1
06-14 14:56:53.343  1835  1974 V SettingsInterface:  from settings cache , name = location_providers_allowed , value = default
06-14 14:56:53.343   874  1891 D CSLegacyTypeTracker: getNetworkForType type 2
06-14 14:56:53.343  1835  1974 D LocationState: startCheck navigatingList = [] currentTime = 12715005
06-14 14:56:53.343   874  1891 D CSLegacyTypeTracker: getNetworkForType type 3
06-14 14:56:53.344   874  1891 D CSLegacyTypeTracker: getNetworkForType type 4
06-14 14:56:53.344   874  1891 D CSLegacyTypeTracker: getNetworkForType type 5
06-14 14:56:53.344   874  1891 D CSLegacyTypeTracker: getNetworkForType type 7
06-14 14:56:53.344   874  1891 D CSLegacyTypeTracker: getNetworkForType type 10
06-14 14:56:53.344   874  1891 D CSLegacyTypeTracker: getNetworkForType type 11
06-14 14:56:53.344   874  1891 D CSLegacyTypeTracker: getNetworkForType type 12
06-14 14:56:53.344   874  1891 D CSLegacyTypeTracker: getNetworkForType type 14
06-14 14:56:53.344   874  1891 D CSLegacyTypeTracker: getNetworkForType type 15
06-14 14:56:53.344   874  1891 D CSLegacyTypeTracker: getNetworkForType type 17
06-14 14:56:53.344   874  1891 D CSLegacyTypeTracker: getNetworkForType type 34
06-14 14:56:53.344   874  1891 D CSLegacyTypeTracker: getNetworkForType type 35
06-14 14:56:53.344   874  1891 D CSLegacyTypeTracker: getNetworkForType type 36
06-14 14:56:53.344   874  1891 D CSLegacyTypeTracker: getNetworkForType type 37
06-14 14:56:53.344   874  1891 D CSLegacyTypeTracker: getNetworkForType type 38
06-14 14:56:53.344   874  1891 D CSLegacyTypeTracker: getNetworkForType type 40
06-14 14:56:53.344   874  1891 D CSLegacyTypeTracker: getNetworkForType type 41
06-14 14:56:53.344   874  1891 D CSLegacyTypeTracker: getNetworkForType type 49
06-14 14:56:53.348  1835  1974 D MultiMediaState: startCheck musicList = [] currentTime = 12715009 isMusicPlaying = true  isPluggedHeadPhone = false isInteractive = false
06-14 14:56:53.349  1835  1974 D MultiMediaState: startCheck  otherList = [com.sodino.postdelay, com.meizu.flyme.launcher, com.tencent.mm, com.meizu.safe, com.meizu.battery, com.meitu.mtsdk, com.mediatek.systemupdate, com.meizu.mzsyncservice, com.mediatek.providers.drm, com.android.email, com.android.providers.media, com.android.providers.downloads, com.flyme.netadmin, com.android.calendar, com.meizu.mstore, com.meizu.net.search, com.meizu.privacy, com.meizu.flyme.service.find, com.android.providers.calendar, com.android.defcontainer, com.meizu.media.music, com.android.providers.applications, com.android.providers.userdictionary, com.android.providers.contacts, com.meizu.voiceassistant, com.meizu.account, com.flyme.systemuitools, com.meizu.share, com.meizu.cloud, com.android.providers.telephony, com.android.stk, com.android.phone, com.meizu.alphame, com.mediatek.nlpservice, com.android.incallui, com.waves.maxxservice, com.amap.android.location, com.meizu.experiencedatasync, com.tencent.qqpinyin, com.android.systemui, android, com.android.providers.settings, com.android.server.telecom, com.android.location.fused] currentTime = 12715009 isMusicPlaying = false  isPluggedHeadPhone = false isInteractive = false
06-14 14:56:53.349  1835  1974 D ScreenRecordState: isScreenRecord currentTime = 12715011 mScreenRecordTime = 0 isScreenRecord = false
06-14 14:56:53.349  1835  1974 D RecordState: isRecording currentTime = 12715011 mRecordTime = 0 isRecord = false
06-14 14:56:53.349  1835  1974 D LocationState: isNavigation currentTime = 12715011 mNavigationTime = 0 isNavigation = false
06-14 14:56:53.349  1835  1974 D DownloadState: isDownload currentTime = 12715011 mDownloadTime = 10595501 isDownload = false
06-14 14:56:53.349  1835  1974 D MultiMediaState: isPlayMusic currentTime = 12715011 mPlayMusicTime = 0 isMusic = false
06-14 14:56:53.386   874   874 V SettingsInterface:  from settings cache , name = sys_free_storage_log_interval , value = null
06-14 14:56:53.386   874   874 V SettingsInterface:  from settings cache , name = disk_free_change_reporting_threshold , value = null
06-14 14:56:53.431 32424 32489 D BgTest  : bgCount 55
06-14 14:56:53.817   874   982 D AudioService: MzCreateMediaserverWatchdogThread: monitor mediaserver end !!!
06-14 14:56:53.817   874   982 D AudioService: MzCreateMediaserverWatchdogThread: monitor mediaserver start !!!
06-14 14:56:53.819   874 32747 D AudioSystem: +setParameters(): mediaserver_monitor=1 
06-14 14:56:53.819   301  6737 I AudioFlinger: setParameters(): io 0, keyvalue mediaserver_monitor=1, calling pid 874
06-14 14:56:53.819   301  6737 D AudioALSAHardware: +setParameters(): mediaserver_monitor=1
06-14 14:56:53.819   301  6737 W AudioALSAHardware: setParameters(), still have param.size() = 1, remain param = "mediaserver_monitor=1"
06-14 14:56:53.819   301  6737 D AudioALSAHardware: -setParameters(): mediaserver_monitor=1 
06-14 14:56:53.819   301  6737 D bt_audio_a2dp_hw: [A2DP_HW] [adev_set_parameters@1540] out is null , check in stream
06-14 14:56:53.819   301  6737 I str_params: key: 'mediaserver_monitor' value: '1'
06-14 14:56:53.820   301  6737 D usb_audio_hw: adev_set_parameters: kvpairs = mediaserver_monitor=1
06-14 14:56:53.820   874 32747 D AudioSystem: -setParameters(): mediaserver_monitor=1 
06-14 14:56:53.821   301   981 I AudioPolicyManager: setStreamVolumeIndex stream = 7 index = 15 device = 0x400
06-14 14:56:54.071 32424 32424 D BgTest  : uiCount 58  +2
06-14 14:56:54.472 32424 32489 D BgTest  : bgCount 56
06-14 14:56:55.073 32424 32424 D BgTest  : uiCount 59  +2
06-14 14:56:55.420   874  1531 W Watchdog: SWT Watchdog after wait current time:8189979
06-14 14:56:55.420   874  1531 D AES     : AEEIOCTL_GET/SET_SF_STATE IOCTL,cmd= 1074294797, lParam=0. 
06-14 14:56:55.420   874  1531 W Watchdog: **Get SF Time **1
06-14 14:56:55.420   874  1531 D AES     : AEEIOCTL_RT_MON_Kick IOCTL,cmd= -2147192822, lParam=300. 
06-14 14:56:55.420   874  1531 W Watchdog: SWT Watchdog before synchronized:8189979
06-14 14:56:55.421   874   925 D InputReader: InputReader::monitor: lock
06-14 14:56:55.420   874  1531 W Watchdog: SWT Watchdog after synchronized:8189979
06-14 14:56:55.421   874   925 D InputReader: InputReader::monitor: wait 
06-14 14:56:55.420   874  1531 W Watchdog: SWT Watchdog before wait timeout:30000
06-14 14:56:55.421   874   925 D InputReader: InputReader::monitor: unlock
06-14 14:56:55.420   874  1531 W Watchdog: SWT Watchdog before wait current time:8189979
06-14 14:56:55.421   874   925 D InputReader: InputReader::monitor: done
06-14 14:56:55.420   874  1531 W Watchdog: SWT Watchdog before wait start:8189979
06-14 14:56:55.420   874  1531 W Watchdog: SWT Watchdog before wait CHECK_INTERVAL:30000
06-14 14:56:55.514 32424 32489 D BgTest  : bgCount 57
06-14 14:56:56.074 32424 32424 D BgTest  : uiCount 60  +2
06-14 14:56:56.552 32424 32489 D BgTest  : bgCount 58
06-14 14:56:57.076 32424 32424 D BgTest  : uiCount 61  +2
06-14 14:56:57.591 32424 32489 D BgTest  : bgCount 59
06-14 14:56:58.078 32424 32424 D BgTest  : uiCount 62  +2
06-14 14:56:58.102   319   319 I thermal_repeater: oh, queryMdThermalInfo (0)Bad file number
06-14 14:56:58.110   319   319 I thermal_repeater: [recvMdThermalInfo] ret=25, strLen=127,  1, 32767,,, -1, 32767, 2
06-14 14:56:58.183  1561  2084 D DataBuryManager: end charging 
06-14 14:56:58.183  1561  2084 D DataBuryManager: currentLevel : 100 currentStatus : 5 currentPlugType : 0
06-14 14:56:58.352   874   900 D PowerManagerService:  mFlags=1 mTag = ConnectivityService PackageName = 'android' (uid=1000, pid=874, ws=null)
06-14 14:56:58.353  1835  1974 D RecordState: startCheck recordList = [] currentTime = 12720015
06-14 14:56:58.353   874  1879 D CSLegacyTypeTracker: getNetworkForType type 0
06-14 14:56:58.353  1835  1974 V SettingsInterface:  from settings cache , name = location_providers_allowed , value = default
06-14 14:56:58.353   874  1879 D CSLegacyTypeTracker: getNetworkForType type 1
06-14 14:56:58.353  1835  1974 V SettingsInterface:  from settings cache , name = location_providers_allowed , value = default
06-14 14:56:58.353   874  1879 D CSLegacyTypeTracker: getNetworkForType type 2
06-14 14:56:58.353  1835  1974 D LocationState: startCheck navigatingList = [] currentTime = 12720015
06-14 14:56:58.353   874  1879 D CSLegacyTypeTracker: getNetworkForType type 3
06-14 14:56:58.353   874  1879 D CSLegacyTypeTracker: getNetworkForType type 4
06-14 14:56:58.353   874  1879 D CSLegacyTypeTracker: getNetworkForType type 5
06-14 14:56:58.354   874  1879 D CSLegacyTypeTracker: getNetworkForType type 7
06-14 14:56:58.354   874  1879 D CSLegacyTypeTracker: getNetworkForType type 10
06-14 14:56:58.354   874  1879 D CSLegacyTypeTracker: getNetworkForType type 11
06-14 14:56:58.354   874  1879 D CSLegacyTypeTracker: getNetworkForType type 12
06-14 14:56:58.354   874  1879 D CSLegacyTypeTracker: getNetworkForType type 14
06-14 14:56:58.354   874  1879 D CSLegacyTypeTracker: getNetworkForType type 15
06-14 14:56:58.354   874  1879 D CSLegacyTypeTracker: getNetworkForType type 17
06-14 14:56:58.354   874  1879 D CSLegacyTypeTracker: getNetworkForType type 34
06-14 14:56:58.358  1835  1974 D MultiMediaState: startCheck musicList = [] currentTime = 12720018 isMusicPlaying = true  isPluggedHeadPhone = false isInteractive = false
06-14 14:56:58.354   874  1879 D CSLegacyTypeTracker: getNetworkForType type 35
06-14 14:56:58.354   874  1879 D CSLegacyTypeTracker: getNetworkForType type 36
06-14 14:56:58.358  1835  1974 D MultiMediaState: startCheck  otherList = [com.sodino.postdelay, com.meizu.flyme.launcher, com.tencent.mm, com.meizu.safe, com.meizu.battery, com.meitu.mtsdk, com.mediatek.systemupdate, com.meizu.mzsyncservice, com.mediatek.providers.drm, com.android.email, com.android.providers.media, com.android.providers.downloads, com.flyme.netadmin, com.android.calendar, com.meizu.mstore, com.meizu.net.search, com.meizu.privacy, com.meizu.flyme.service.find, com.android.providers.calendar, com.android.defcontainer, com.meizu.media.music, com.android.providers.applications, com.android.providers.userdictionary, com.android.providers.contacts, com.meizu.voiceassistant, com.meizu.account, com.flyme.systemuitools, com.meizu.share, com.meizu.cloud, com.android.providers.telephony, com.android.stk, com.android.phone, com.meizu.alphame, com.mediatek.nlpservice, com.android.incallui, com.waves.maxxservice, com.amap.android.location, com.meizu.experiencedatasync, com.tencent.qqpinyin, com.android.systemui, android, com.android.providers.settings, com.android.server.telecom, com.android.location.fused] currentTime = 12720018 isMusicPlaying = false  isPluggedHeadPhone = false isInteractive = false
06-14 14:56:58.354   874  1879 D CSLegacyTypeTracker: getNetworkForType type 37
06-14 14:56:58.358  1835  1974 D ScreenRecordState: isScreenRecord currentTime = 12720020 mScreenRecordTime = 0 isScreenRecord = false
06-14 14:56:58.354   874  1879 D CSLegacyTypeTracker: getNetworkForType type 38
06-14 14:56:58.358  1835  1974 D RecordState: isRecording currentTime = 12720020 mRecordTime = 0 isRecord = false
06-14 14:56:58.354   874  1879 D CSLegacyTypeTracker: getNetworkForType type 40
06-14 14:56:58.358  1835  1974 D LocationState: isNavigation currentTime = 12720020 mNavigationTime = 0 isNavigation = false
06-14 14:56:58.354   874  1879 D CSLegacyTypeTracker: getNetworkForType type 41
06-14 14:56:58.358  1835  1974 D DownloadState: isDownload currentTime = 12720021 mDownloadTime = 10595501 isDownload = false
06-14 14:56:58.354   874  1879 D CSLegacyTypeTracker: getNetworkForType type 49
06-14 14:56:58.358  1835  1974 D MultiMediaState: isPlayMusic currentTime = 12720021 mPlayMusicTime = 0 isMusic = false
06-14 14:56:58.632 32424 32489 D BgTest  : bgCount 60
06-14 14:56:59.080 32424 32424 D BgTest  : uiCount 63  +2
06-14 14:56:59.674 32424 32489 D BgTest  : bgCount 61
06-14 14:57:00.000   874   953 V AlarmManager: Checking for alarms... rtc=1497423420000, elapsed=12721662
06-14 14:57:00.001   874   953 D AlarmManager: set alarm to RTC 3-12806473-14:58:24
06-14 14:57:00.002   874   953 D AlarmManager: sending alarm Alarm{1008821b type 3 when 14:57:00 start 14:57:00 end 14:57:00 android}and operation:android.intent.action.TIME_TICK
06-14 14:57:00.002   874   953 V ActivityManager: Broadcast: Intent { act=android.intent.action.TIME_TICK flg=0x50000114 (has extras) } ordered=true userid=-1 callerApp=null
06-14 14:57:00.003   874   874 V AlarmManager: Received TIME_TICK alarm; rescheduling
06-14 14:57:00.003   874   874 V AlarmManager: isPowerSavingStart = true
06-14 14:57:00.003   874   874 V AlarmManager: isAlarmNeedAlign : android skip!
06-14 14:57:00.004   874   953 V AlarmManager: sending alarm Alarm{1008821b type 3 when 14:57:00 start 14:57:00 end 14:57:00 android} success
06-14 14:57:00.005   874   874 V AlarmManager: APP set(PendingIntent{1d616e05: PendingIntentRecord{edf8e5a android broadcastIntent}}) : type=3 triggerAtTime=12781662 win=0 tElapsed=12781662 maxElapsed=12781662 interval=0 standalone=true
06-14 14:57:00.007  1040  1040 D KeyguardUpdateMonitor: received broadcast android.intent.action.TIME_TICK
06-14 14:57:00.006   874   874 D AlarmManager: set alarm to RTC 3-12781662-14:58:00
06-14 14:57:00.007  1040  1040 D KeyguardUpdateMonitor: handleTimeUpdate
06-14 14:57:00.008  1040  1040 V SettingsInterface:  from settings cache , name = time_12_24 , value = 24
06-14 14:57:00.009  1040  1040 V SettingsInterface:  from settings cache , name = time_12_24 , value = 24
06-14 14:57:00.009  1040  1040 V SettingsInterface:  from settings cache , name = time_12_24 , value = 24
06-14 14:57:00.041   874  1891 V ActivityManager: Broadcast: Intent { act=com.meitu.mkit.mkeepalive.action.TIME_TICK flg=0x10 } ordered=false userid=0 callerApp=ProcessRecord{1fbff4c2 32679:com.meitu.mtsdk/u0a249}
06-14 14:57:00.081 32424 32424 D BgTest  : uiCount 64  +2
06-14 14:57:00.711 32424 32489 D BgTest  : bgCount 62
06-14 14:57:01.015   874   899 V SettingsInterface:  from settings cache , name = netstats_time_cache_max_age , value = null
06-14 14:57:01.015   874   899 V NetworkStats: performPollLocked(flags=0x3)
06-14 14:57:01.017   874   899 D NetdConnector: SND -> {687 bandwidth gettetherstats}
06-14 14:57:01.017   296   779 D FrameworkListener: dispatchCommand data = (687 bandwidth gettetherstats)
06-14 14:57:01.017   296   779 D SocketClient: SocketClient sendData done: 200 687 Tethering stats list completed
06-14 14:57:01.017   874   960 D NetdConnector: RCV <- {200 687 Tethering stats list completed}
06-14 14:57:01.018   874   899 D NetdConnector: RMV <- {200 687 Tethering stats list completed}
06-14 14:57:01.020   874   899 V SettingsInterface:  from settings cache , name = netstats_sample_enabled , value = null
06-14 14:57:01.019   874   899 W NetworkStatsRecorder: unknown interfaces [wlan0, lo, p2p0], ignoring those stats
06-14 14:57:01.019   874   899 W NetworkStatsRecorder: unknown interfaces [wlan0, lo, p2p0], ignoring those stats
06-14 14:57:01.020   874   899 W NetworkStatsRecorder: unknown interfaces [wlan0, lo, p2p0], ignoring those stats
06-14 14:57:01.020   874   899 W NetworkStatsRecorder: unknown interfaces [wlan0, lo, p2p0], ignoring those stats
06-14 14:57:01.020   874   899 V NetworkStats: performPollLocked() took 5ms
06-14 14:57:01.022   874   899 V ActivityManager: Broadcast: Intent { act=com.android.server.action.NETWORK_STATS_UPDATED flg=0x40000010 } ordered=false userid=-1 callerApp=ProcessRecord{2de77b41 874:system/1000}
06-14 14:57:01.023   874   966 V NetworkPolicy: updateNetworkEnabledLocked()
06-14 14:57:01.023  1860  1880 V SettingsInterface:  from settings cache , name = multi_sim_data_call , value = -1
06-14 14:57:01.024   874   966 V NetworkPolicy:  checking policy:NetworkPolicy[NetworkTemplate: matchRule=MOBILE_ALL, matchSubscriberIds=[null]]: cycleDay=19, cycleTimezone=Asia/Shanghai, warningBytes=104857600, limitBytes=-1, lastWarningSnooze=-1, lastLimitSnooze=-1, metered=true, inferred=true
06-14 14:57:01.024   874   966 V NetworkPolicy:  checking policy:NetworkPolicy[NetworkTemplate: matchRule=MOBILE_ALL, subscriberId=460028..., matchSubscriberIds=[460028...]]: cycleDay=1, cycleTimezone=Asia/Shanghai, warningBytes=2412510335, limitBytes=3015637919, lastWarningSnooze=-1, lastLimitSnooze=-1, metered=true, inferred=false
06-14 14:57:01.025  1860 13323 V SettingsInterface:  from settings cache , name = multi_sim_data_call , value = -1
06-14 14:57:01.024   874   966 V NetworkPolicy:  checking policy:NetworkPolicy[NetworkTemplate: matchRule=MOBILE_ALL, subscriberId=460006..., matchSubscriberIds=[460006...]]: cycleDay=1, cycleTimezone=Asia/Shanghai, warningBytes=104857600, limitBytes=-1, lastWarningSnooze=-1, lastLimitSnooze=-1, metered=true, inferred=false
06-14 14:57:01.024   874   966 V NetworkPolicy:  checking policy:NetworkPolicy[NetworkTemplate: matchRule=MOBILE_ALL, subscriberId=460028..., matchSubscriberIds=[460028...]]: cycleDay=1, cycleTimezone=Asia/Shanghai, warningBytes=-1, limitBytes=-1, lastWarningSnooze=-1, lastLimitSnooze=-1, metered=true, inferred=false
06-14 14:57:01.024   874   966 V NetworkPolicy: updateNotificationsLocked()
06-14 14:57:01.027  1860  1881 V SettingsInterface:  from settings cache , name = multi_sim_data_call , value = -1
06-14 14:57:01.027  1231  1559 D trafficTest: whichSimSelected slotId=-1,可能是未插卡，也可能是modern挂了，也可能插了双卡，其中流量卡挂了，或还在初始化中, 而另一张卡没有自动切换成流量
06-14 14:57:01.027  1231  1559 D NetworkManagementMz: LocalSubscriptionManager: getSubId 0
06-14 14:57:01.028  1231  1559 D NetworkManagementMz: LocalSubscriptionManager: intSubId -2
06-14 14:57:01.028  1231  1559 D NetworkManagementMz: LocalSubscriptionManager: intSubId -2
06-14 14:57:01.028  1231  1559 D NetworkManagementMz: LocalSubscriptionManager: subId[0] is : -2
06-14 14:57:01.029  1231  1559 D NetworkManagementMz: LocalTelephonyManager: imsi null
06-14 14:57:01.029  1231  1559 D NetworkManagementMz: LocalSubscriptionManager: getSubId 1
06-14 14:57:01.030  1231  1559 D NetworkManagementMz: LocalSubscriptionManager: intSubId -3
06-14 14:57:01.030  1231  1559 D NetworkManagementMz: LocalSubscriptionManager: intSubId -3
06-14 14:57:01.030  1231  1559 D NetworkManagementMz: LocalSubscriptionManager: subId[1] is : -3
06-14 14:57:01.032  1231  1559 D NetworkManagementMz: LocalTelephonyManager: imsi null
06-14 14:57:01.032  1860  1881 V SettingsInterface:  from settings cache , name = multi_sim_data_call , value = -1
06-14 14:57:01.033  1231  1559 D trafficTest: whichSimSelected slotId=-1,可能是未插卡，也可能是modern挂了，也可能插了双卡，其中流量卡挂了，或还在初始化中, 而另一张卡没有自动切换成流量
06-14 14:57:01.034  1231  1559 D NetworkManagementMz: LocalSubscriptionManager: getSubId 0
06-14 14:57:01.035  1231  1559 D NetworkManagementMz: LocalSubscriptionManager: intSubId -2
06-14 14:57:01.035  1231  1559 D NetworkManagementMz: LocalSubscriptionManager: intSubId -2
06-14 14:57:01.035  1231  1559 D NetworkManagementMz: LocalSubscriptionManager: subId[0] is : -2
06-14 14:57:01.041  1231  1559 D NetworkManagementMz: LocalTelephonyManager: imsi null
06-14 14:57:01.041  1231  1559 D NetworkManagementMz: LocalSubscriptionManager: getSubId 1
06-14 14:57:01.042  1231  1559 D NetworkManagementMz: LocalSubscriptionManager: intSubId -3
06-14 14:57:01.042  1231  1559 D NetworkManagementMz: LocalSubscriptionManager: intSubId -3
06-14 14:57:01.042  1231  1559 D NetworkManagementMz: LocalSubscriptionManager: subId[1] is : -3
06-14 14:57:01.044  1231  1559 D NetworkManagementMz: LocalTelephonyManager: imsi null
06-14 14:57:01.044  1231  1231 D trafficTest: has data listener
06-14 14:57:01.044  1231  1231 D trafficTest1: pollingService通知Ui更新
06-14 14:57:01.045  1231  1231 D trafficTest: ----refreshGeneralShowData
06-14 14:57:01.045  1231  1231 D trafficTest: ----------widget manager receiver dataChanged
06-14 14:57:01.045  1231  1231 D trafficTest: widget manager send broadcast to widget
06-14 14:57:01.046   874  1830 V ActivityManager: Broadcast: Intent { act=android.com.meizu.safe.provider.SafeWidgetProvider flg=0x10 (has extras) } ordered=false userid=-2 callerApp=ProcessRecord{25d454a8 1231:com.meizu.safe/1000}
06-14 14:57:01.051  1231  1231 I vpnTrace: notifySavingDataChanged: isShowSavingFunc: false
06-14 14:57:01.052  1231  1231 D TrafficTest: --------------亮屏且有监听器updateDataInterval = 15000
06-14 14:57:01.052  1231  1231 D trafficTest3: ---------widget receiver data change msg
06-14 14:57:01.053  1231  1231 D trafficTest3: updateRemoteView: SimCardTrafficForShow{imsi='null', totalBytes=-1, remainBytes=0, dayUsedBytes=0, leftDays=0, monthUsedbytes=0, usedPercent=0.0, idleMode=false}
06-14 14:57:01.083 32424 32424 D BgTest  : uiCount 65  +2
06-14 14:57:01.101  1231  1231 D RemoteViews: mActions is repeat
06-14 14:57:01.102  1231  1231 D RemoteViews: mActions is repeat
06-14 14:57:01.115  1885  1885 D AppWidgetHost: updateAppWidgetView HANDLE_UPDATE 
06-14 14:57:01.115  1885  1885 D AppWidgetHost: updateAppWidgetView appWidgetId 15 com.meizu.flyme.launcher.at@179658cb
06-14 14:57:01.752 32424 32489 D BgTest  : bgCount 63
06-14 14:57:02.084 32424 32424 D BgTest  : uiCount 66  +2
06-14 14:57:02.791 32424 32489 D BgTest  : bgCount 64
06-14 14:57:03.086 32424 32424 D BgTest  : uiCount 67  +2
06-14 14:57:03.112   319   319 I thermal_repeater: oh, queryMdThermalInfo (0)Bad file number
06-14 14:57:03.120   319   319 I thermal_repeater: [recvMdThermalInfo] ret=25, strLen=127,  1, 32767,,, -1, 32767, 2
06-14 14:57:03.168   874  1824 D BatteryService: mBatteryVoltage=4369, batteryLevel=50
06-14 14:57:03.169   874   874 V ActivityManager: Broadcast sticky: Intent { act=android.intent.action.BATTERY_CHANGED flg=0x60000010 (has extras) } ordered=false userid=-1 callerApp=null
06-14 14:57:03.173  1040  1040 D KeyguardUpdateMonitor: received broadcast android.intent.action.BATTERY_CHANGED
06-14 14:57:03.174  1040  1040 D FlymeBatteryMeterView: hashCode=122392665,level=100,pluggedIn=false,status=5
06-14 14:57:03.178   874   874 D UsbDeviceManager: onReceive - BATTERY_CHANGED - mPlugType: 0, mSettingUsbCharging: false, mConnected: false, mSettingUsbBicr: false
06-14 14:57:03.174  1040  1040 D FlymeBatteryMeterView: hashCode=296548458,level=100,pluggedIn=false,status=5
06-14 14:57:03.178   874   874 D WifiService: onReceive, action:android.intent.action.BATTERY_CHANGED
06-14 14:57:03.174  1040  1040 D FlymeBatteryMeterView: hashCode=720319172,level=100,pluggedIn=false,status=5
06-14 14:57:03.179   874   970 D WifiController: DeviceActiveState{ when=0 what=155652 target=com.android.internal.util.StateMachine$SmHandler }
06-14 14:57:03.174  1040  1040 I KeyguardUpdateMonitor: handleBatteryUpdate index=0 updateInteresting=false
06-14 14:57:03.179   874   970 D WifiController: StaEnabledState{ when=0 what=155652 target=com.android.internal.util.StateMachine$SmHandler }
06-14 14:57:03.175  1561  1561 D PowerBroadcastCenter: receive intent: android.intent.action.BATTERY_CHANGED
06-14 14:57:03.179   874   970 D WifiController: DefaultState{ when=0 what=155652 target=com.android.internal.util.StateMachine$SmHandler }
06-14 14:57:03.175  1835  1835 D BroadcastCenter: receive intent: android.intent.action.BATTERY_CHANGED
06-14 14:57:03.179   874   970 D WifiController: wifiSleepPolicy:2
06-14 14:57:03.177  1561  1750 D PowerGaugeStats: battery level is changed: 100
06-14 14:57:03.179   874   970 D WifiController: wifiSleepPolicy:2
06-14 14:57:03.177  1561  1750 D PowerGaugeStats: unplugged, no battery level change
06-14 14:57:03.178  1561  1718 D IPowerModeImp: getCurrentModeLocked:0
06-14 14:57:03.178  1561  1718 D PowerLevelNotification: level = 100 plugged = 0 show = false mBatteryLastLevel = 100 currentMode = 0 isDialogShowing = false isDeviceProvisioned = true
06-14 14:57:03.178  1561  1717 I BatteryConsumeMonitor: init var lastPlugType : 0 lastBatteryChangedLevel : 100
06-14 14:57:03.178   874   874 D AlarmAlignManager: I got broadcast:android.intent.action.BATTERY_CHANGED
06-14 14:57:03.362   874  1830 D PowerManagerService:  mFlags=1 mTag = ConnectivityService PackageName = 'android' (uid=1000, pid=874, ws=null)
06-14 14:57:03.362  1835  1974 D RecordState: startCheck recordList = [] currentTime = 12725024
06-14 14:57:03.363   874  1592 D CSLegacyTypeTracker: getNetworkForType type 0
06-14 14:57:03.362  1835  1974 V SettingsInterface:  from settings cache , name = location_providers_allowed , value = default
06-14 14:57:03.363   874  1592 D CSLegacyTypeTracker: getNetworkForType type 1
06-14 14:57:03.362  1835  1974 V SettingsInterface:  from settings cache , name = location_providers_allowed , value = default
06-14 14:57:03.363   874  1592 D CSLegacyTypeTracker: getNetworkForType type 2
06-14 14:57:03.363  1835  1974 D LocationState: startCheck navigatingList = [] currentTime = 12725024
06-14 14:57:03.363   874  1592 D CSLegacyTypeTracker: getNetworkForType type 3
06-14 14:57:03.363   874  1592 D CSLegacyTypeTracker: getNetworkForType type 4
06-14 14:57:03.363   874  1592 D CSLegacyTypeTracker: getNetworkForType type 5
06-14 14:57:03.363   874  1592 D CSLegacyTypeTracker: getNetworkForType type 7
06-14 14:57:03.363   874  1592 D CSLegacyTypeTracker: getNetworkForType type 10
06-14 14:57:03.363   874  1592 D CSLegacyTypeTracker: getNetworkForType type 11
06-14 14:57:03.363   874  1592 D CSLegacyTypeTracker: getNetworkForType type 12
06-14 14:57:03.363   874  1592 D CSLegacyTypeTracker: getNetworkForType type 14
06-14 14:57:03.363   874  1592 D CSLegacyTypeTracker: getNetworkForType type 15
06-14 14:57:03.363   874  1592 D CSLegacyTypeTracker: getNetworkForType type 17
06-14 14:57:03.363   874  1592 D CSLegacyTypeTracker: getNetworkForType type 34
06-14 14:57:03.363   874  1592 D CSLegacyTypeTracker: getNetworkForType type 35
06-14 14:57:03.363   874  1592 D CSLegacyTypeTracker: getNetworkForType type 36
06-14 14:57:03.363   874  1592 D CSLegacyTypeTracker: getNetworkForType type 37
06-14 14:57:03.363   874  1592 D CSLegacyTypeTracker: getNetworkForType type 38
06-14 14:57:03.363   874  1592 D CSLegacyTypeTracker: getNetworkForType type 40
06-14 14:57:03.363   874  1592 D CSLegacyTypeTracker: getNetworkForType type 41
06-14 14:57:03.364   874  1592 D CSLegacyTypeTracker: getNetworkForType type 49
06-14 14:57:03.368  1835  1974 D MultiMediaState: startCheck musicList = [] currentTime = 12725029 isMusicPlaying = true  isPluggedHeadPhone = false isInteractive = false
06-14 14:57:03.368  1835  1974 D MultiMediaState: startCheck  otherList = [com.sodino.postdelay, com.meizu.flyme.launcher, com.meizu.safe, com.tencent.mm, com.meizu.battery, com.meitu.mtsdk, com.mediatek.systemupdate, com.meizu.mzsyncservice, com.mediatek.providers.drm, com.android.email, com.android.providers.media, com.android.providers.downloads, com.flyme.netadmin, com.android.calendar, com.meizu.mstore, com.meizu.net.search, com.meizu.privacy, com.meizu.flyme.service.find, com.android.providers.calendar, com.android.defcontainer, com.meizu.media.music, com.android.providers.applications, com.android.providers.userdictionary, com.android.providers.contacts, com.meizu.voiceassistant, com.meizu.account, com.flyme.systemuitools, com.meizu.share, com.meizu.cloud, com.android.providers.telephony, com.android.stk, com.android.phone, com.meizu.alphame, com.mediatek.nlpservice, com.android.incallui, com.waves.maxxservice, com.amap.android.location, com.meizu.experiencedatasync, com.tencent.qqpinyin, com.android.systemui, android, com.android.providers.settings, com.android.server.telecom, com.android.location.fused] currentTime = 12725029 isMusicPlaying = false  isPluggedHeadPhone = false isInteractive = false
06-14 14:57:03.368  1835  1974 D ScreenRecordState: isScreenRecord currentTime = 12725030 mScreenRecordTime = 0 isScreenRecord = false
06-14 14:57:03.368  1835  1974 D RecordState: isRecording currentTime = 12725031 mRecordTime = 0 isRecord = false
06-14 14:57:03.368  1835  1974 D LocationState: isNavigation currentTime = 12725031 mNavigationTime = 0 isNavigation = false
06-14 14:57:03.369  1835  1974 D DownloadState: isDownload currentTime = 12725031 mDownloadTime = 10595501 isDownload = false
06-14 14:57:03.369  1835  1974 D MultiMediaState: isPlayMusic currentTime = 12725031 mPlayMusicTime = 0 isMusic = false
06-14 14:57:03.818   874   982 D AudioService: MzCreateMediaserverWatchdogThread: monitor mediaserver end !!!
06-14 14:57:03.818   874   982 D AudioService: MzCreateMediaserverWatchdogThread: monitor mediaserver start !!!
06-14 14:57:03.820   874 32749 D AudioSystem: +setParameters(): mediaserver_monitor=1 
06-14 14:57:03.820   301  6737 I AudioFlinger: setParameters(): io 0, keyvalue mediaserver_monitor=1, calling pid 874
06-14 14:57:03.820   301  6737 D AudioALSAHardware: +setParameters(): mediaserver_monitor=1
06-14 14:57:03.820   301  6737 W AudioALSAHardware: setParameters(), still have param.size() = 1, remain param = "mediaserver_monitor=1"
06-14 14:57:03.820   301  6737 D AudioALSAHardware: -setParameters(): mediaserver_monitor=1 
06-14 14:57:03.820   301  6737 D bt_audio_a2dp_hw: [A2DP_HW] [adev_set_parameters@1540] out is null , check in stream
06-14 14:57:03.821   301  6737 I str_params: key: 'mediaserver_monitor' value: '1'
06-14 14:57:03.821   301  6737 D usb_audio_hw: adev_set_parameters: kvpairs = mediaserver_monitor=1
06-14 14:57:03.821   874 32749 D AudioSystem: -setParameters(): mediaserver_monitor=1 
06-14 14:57:03.822   301   981 I AudioPolicyManager: setStreamVolumeIndex stream = 7 index = 15 device = 0x400
06-14 14:57:03.831 32424 32489 D BgTest  : bgCount 65
06-14 14:57:04.088 32424 32424 D BgTest  : uiCount 68  +2
06-14 14:57:04.863 32424 32489 D BgTest  : bgCount 66
06-14 14:57:05.090 32424 32424 D BgTest  : uiCount 69  +2
06-14 14:57:05.904 32424 32489 D BgTest  : bgCount 67
06-14 14:57:06.091 32424 32424 D BgTest  : uiCount 70  +2
06-14 14:57:06.945 32424 32489 D BgTest  : bgCount 68
06-14 14:57:07.093 32424 32424 D BgTest  : uiCount 71  +2
06-14 14:57:07.628   874   985 D PerfServiceManager: [PerfService] MESSAGE_USER_ENABLE_TIMEOUT_MS: 10, 1000 
06-14 14:57:07.628   874   985 I libPerfService: 10: set freq: 1300000
06-14 14:57:07.628   874   985 I libPerfService: 10: set: 6
06-14 14:57:07.677 32750 32750 W Zygote  : mz_is_rooted false
06-14 14:57:07.679   874   923 I ActivityManager: Start proc 32750:com.meizu.flyme.weather/u0a79 for service com.meizu.flyme.weather/.WidgetProviderService
06-14 14:57:07.679   874   923 I ActivityManager: [Background Service Priority Adjustment] Process.setProcessGroup to Process.THREAD_GROUP_BG_NONINTERACTIVE, app.pid: 32750
06-14 14:57:07.700   874  1879 D ActivityManager: getContentProviderImpl: from caller=android.app.ApplicationThreadProxy@2725cfb8 (pid=32750, userId=0) to get content provider settings cpr=ContentProviderRecord{153e5775 u0 com.android.providers.settings/.SettingsProvider}
06-14 14:57:07.700   874  1879 D ActivityManager: getContentProviderImpl: updateLruProcessLocked cpr.proc=ProcessRecord{2de77b41 874:system/1000}
06-14 14:57:07.710 32750 32750 D Proxy   : setHttpRequestCheckHandler
06-14 14:57:07.714 32750 32750 E System  : stat file error, path is /data/app/com.meizu.flyme.weather-1/lib/arm64, exception is android.system.ErrnoException: stat failed: ENOENT (No such file or directory)
06-14 14:57:07.718 32750 32750 W linker  : /system/lib64/libfilterUtils.so: unused DT entry: type 0x6ffffffe arg 0x808
06-14 14:57:07.719 32750 32750 W linker  : /system/lib64/libfilterUtils.so: unused DT entry: type 0x6fffffff arg 0x2
06-14 14:57:07.986 32424 32489 D BgTest  : bgCount 69
06-14 14:57:08.073 32750 32750 D PackageParser: isDefaultSWRender return false
06-14 14:57:08.079 32750 32750 D Dynamic : isFirstInstall: false
06-14 14:57:08.082 32750 32750 D Dynamic : arch: arm64-v8a
06-14 14:57:08.086 32750 32750 D PackageParser: isDefaultSWRender return false
06-14 14:57:08.094 32424 32424 D BgTest  : uiCount 72  +2
06-14 14:57:08.098 32750 32750 D Dynamic : install plugin success
06-14 14:57:08.100 32750 32750 W AdLog-Plugin: package: com.meizu.flyme.weather, plugin version: 3.3.2
06-14 14:57:08.104 32750 32750 W AdLog-Host: package: com.meizu.flyme.weather, host version: 3.3.2
06-14 14:57:08.104 32750   329 D Dynamic : check update [packageName=com.meizu.advertise.plugin, versionName=3.3.2, versionCode=3003002]
06-14 14:57:08.105 32750   329 W AdLog-Host: networkClass: -1
06-14 14:57:08.106 32750   329 W AdLog-Host: updateEnable: false
06-14 14:57:08.108 32750   335 D FileLogger: size: 1, mMaxCacheCount: 32
06-14 14:57:08.109 32750   337 D FileLogger: size: 1, mMaxCacheCount: 32
06-14 14:57:08.110 32750   337 D FileLogger: size: 2, mMaxCacheCount: 32
06-14 14:57:08.110 32750   337 D FileLogger: size: 3, mMaxCacheCount: 32
06-14 14:57:08.121   319   319 I thermal_repeater: oh, queryMdThermalInfo (0)Bad file number
06-14 14:57:08.129   319   319 I thermal_repeater: [recvMdThermalInfo] ret=25, strLen=127,  1, 32767,,, -1, 32767, 2
06-14 14:57:08.181  1561  2084 D DataBuryManager: end charging 
06-14 14:57:08.181  1561  2084 D DataBuryManager: currentLevel : 100 currentStatus : 5 currentPlugType : 0
06-14 14:57:08.372   874  1879 D PowerManagerService:  mFlags=1 mTag = ConnectivityService PackageName = 'android' (uid=1000, pid=874, ws=null)
06-14 14:57:08.372  1835  1974 D RecordState: startCheck recordList = [] currentTime = 12730034
06-14 14:57:08.372  1835  1974 V SettingsInterface:  from settings cache , name = location_providers_allowed , value = default
06-14 14:57:08.372  1835  1974 V SettingsInterface:  from settings cache , name = location_providers_allowed , value = default
06-14 14:57:08.372   874  1824 D CSLegacyTypeTracker: getNetworkForType type 0
06-14 14:57:08.372  1835  1974 D LocationState: startCheck navigatingList = [] currentTime = 12730034
06-14 14:57:08.372   874  1824 D CSLegacyTypeTracker: getNetworkForType type 1
06-14 14:57:08.372   874  1824 D CSLegacyTypeTracker: getNetworkForType type 2
06-14 14:57:08.372   874  1824 D CSLegacyTypeTracker: getNetworkForType type 3
06-14 14:57:08.372   874  1824 D CSLegacyTypeTracker: getNetworkForType type 4
06-14 14:57:08.372   874  1824 D CSLegacyTypeTracker: getNetworkForType type 5
06-14 14:57:08.372   874  1824 D CSLegacyTypeTracker: getNetworkForType type 7
06-14 14:57:08.372   874  1824 D CSLegacyTypeTracker: getNetworkForType type 10
06-14 14:57:08.375  1835  1974 D MultiMediaState: startCheck musicList = [] currentTime = 12730036 isMusicPlaying = true  isPluggedHeadPhone = false isInteractive = false
06-14 14:57:08.372   874  1824 D CSLegacyTypeTracker: getNetworkForType type 11
06-14 14:57:08.372   874  1824 D CSLegacyTypeTracker: getNetworkForType type 12
06-14 14:57:08.375  1835  1974 D MultiMediaState: startCheck  otherList = [com.sodino.postdelay, com.meizu.flyme.launcher, com.meizu.flyme.weather, com.meizu.safe, com.tencent.mm, com.meizu.battery, com.meitu.mtsdk, com.mediatek.systemupdate, com.meizu.mzsyncservice, com.mediatek.providers.drm, com.android.email, com.android.providers.media, com.android.providers.downloads, com.flyme.netadmin, com.android.calendar, com.meizu.mstore, com.meizu.net.search, com.meizu.privacy, com.meizu.flyme.service.find, com.android.providers.calendar, com.android.defcontainer, com.meizu.media.music, com.android.providers.applications, com.android.providers.userdictionary, com.android.providers.contacts, com.meizu.voiceassistant, com.meizu.account, com.flyme.systemuitools, com.meizu.share, com.meizu.cloud, com.android.providers.telephony, com.android.stk, com.android.phone, com.meizu.alphame, com.mediatek.nlpservice, com.android.incallui, com.waves.maxxservice, com.amap.android.location, com.meizu.experiencedatasync, com.tencent.qqpinyin, com.android.systemui, android, com.android.providers.settings, com.android.server.telecom, com.android.location.fused] currentTime = 12730036 isMusicPlaying = false  isPluggedHeadPhone = false isInteractive = false
06-14 14:57:08.373   874  1824 D CSLegacyTypeTracker: getNetworkForType type 14
06-14 14:57:08.375  1835  1974 D ScreenRecordState: isScreenRecord currentTime = 12730037 mScreenRecordTime = 0 isScreenRecord = false
06-14 14:57:08.373   874  1824 D CSLegacyTypeTracker: getNetworkForType type 15
06-14 14:57:08.375  1835  1974 D RecordState: isRecording currentTime = 12730037 mRecordTime = 0 isRecord = false
06-14 14:57:08.373   874  1824 D CSLegacyTypeTracker: getNetworkForType type 17
06-14 14:57:08.375  1835  1974 D LocationState: isNavigation currentTime = 12730037 mNavigationTime = 0 isNavigation = false
06-14 14:57:08.373   874  1824 D CSLegacyTypeTracker: getNetworkForType type 34
06-14 14:57:08.375  1835  1974 D DownloadState: isDownload currentTime = 12730037 mDownloadTime = 10595501 isDownload = false
06-14 14:57:08.373   874  1824 D CSLegacyTypeTracker: getNetworkForType type 35
06-14 14:57:08.375  1835  1974 D MultiMediaState: isPlayMusic currentTime = 12730037 mPlayMusicTime = 0 isMusic = false
06-14 14:57:08.373   874  1824 D CSLegacyTypeTracker: getNetworkForType type 36
06-14 14:57:08.373   874  1824 D CSLegacyTypeTracker: getNetworkForType type 37
06-14 14:57:08.373   874  1824 D CSLegacyTypeTracker: getNetworkForType type 38
06-14 14:57:08.373   874  1824 D CSLegacyTypeTracker: getNetworkForType type 40
06-14 14:57:08.373   874  1824 D CSLegacyTypeTracker: getNetworkForType type 41
06-14 14:57:08.373   874  1824 D CSLegacyTypeTracker: getNetworkForType type 49
06-14 14:57:08.630   874   985 D PerfServiceManager: [PerfService] MESSAGE_TIMER_SCN_USER_BASE:74 
06-14 14:57:08.630   874   985 I libPerfService: 10: set: 1
06-14 14:57:08.631   874   985 I libPerfService: 10: set freq: 0
06-14 14:57:08.631   874   985 I libPerfService: 10: set gpu level: 0
06-14 14:57:09.026 32424 32489 D BgTest  : bgCount 70
06-14 14:57:09.095 32424 32424 D BgTest  : uiCount 73  +2
06-14 14:57:10.064 32424 32489 D BgTest  : bgCount 71
06-14 14:57:10.097 32424 32424 D BgTest  : uiCount 74  +2
06-14 14:57:11.099 32424 32424 D BgTest  : uiCount 75  +3
06-14 14:57:11.101 32424 32489 D BgTest  : bgCount 72
06-14 14:57:12.100 32424 32424 D BgTest  : uiCount 76  +3
06-14 14:57:12.142 32424 32489 D BgTest  : bgCount 73
06-14 14:57:13.101 32424 32424 D BgTest  : uiCount 77  +3
06-14 14:57:13.132   319   319 I thermal_repeater: oh, queryMdThermalInfo (0)Bad file number
06-14 14:57:13.140   319   319 I thermal_repeater: [recvMdThermalInfo] ret=25, strLen=127,  1, 32767,,, -1, 32767, 2
06-14 14:57:13.168   874  1832 D BatteryService: mBatteryVoltage=4368, batteryLevel=50
06-14 14:57:13.169   874   874 V ActivityManager: Broadcast sticky: Intent { act=android.intent.action.BATTERY_CHANGED flg=0x60000010 (has extras) } ordered=false userid=-1 callerApp=null
06-14 14:57:13.173  1040  1040 D KeyguardUpdateMonitor: received broadcast android.intent.action.BATTERY_CHANGED
06-14 14:57:13.174  1040  1040 D FlymeBatteryMeterView: hashCode=122392665,level=100,pluggedIn=false,status=5
06-14 14:57:13.178   874   874 D UsbDeviceManager: onReceive - BATTERY_CHANGED - mPlugType: 0, mSettingUsbCharging: false, mConnected: false, mSettingUsbBicr: false
06-14 14:57:13.174  1040  1040 D FlymeBatteryMeterView: hashCode=296548458,level=100,pluggedIn=false,status=5
06-14 14:57:13.178   874   874 D WifiService: onReceive, action:android.intent.action.BATTERY_CHANGED
06-14 14:57:13.174  1040  1040 D FlymeBatteryMeterView: hashCode=720319172,level=100,pluggedIn=false,status=5
06-14 14:57:13.178   874   970 D WifiController: DeviceActiveState{ when=0 what=155652 target=com.android.internal.util.StateMachine$SmHandler }
06-14 14:57:13.174  1040  1040 I KeyguardUpdateMonitor: handleBatteryUpdate index=0 updateInteresting=false
06-14 14:57:13.178   874   970 D WifiController: StaEnabledState{ when=0 what=155652 target=com.android.internal.util.StateMachine$SmHandler }
06-14 14:57:13.175  1561  1561 D PowerBroadcastCenter: receive intent: android.intent.action.BATTERY_CHANGED
06-14 14:57:13.178   874   970 D WifiController: DefaultState{ when=0 what=155652 target=com.android.internal.util.StateMachine$SmHandler }
06-14 14:57:13.175  1835  1835 D BroadcastCenter: receive intent: android.intent.action.BATTERY_CHANGED
06-14 14:57:13.178   874   970 D WifiController: wifiSleepPolicy:2
06-14 14:57:13.177  1561  1750 D PowerGaugeStats: battery level is changed: 100
06-14 14:57:13.178   874   970 D WifiController: wifiSleepPolicy:2
06-14 14:57:13.177  1561  1750 D PowerGaugeStats: unplugged, no battery level change
06-14 14:57:13.177  1561  1718 D IPowerModeImp: getCurrentModeLocked:0
06-14 14:57:13.177  1561  1718 D PowerLevelNotification: level = 100 plugged = 0 show = false mBatteryLastLevel = 100 currentMode = 0 isDialogShowing = false isDeviceProvisioned = true
06-14 14:57:13.177  1561  1717 I BatteryConsumeMonitor: init var lastPlugType : 0 lastBatteryChangedLevel : 100
06-14 14:57:13.178   874   874 D AlarmAlignManager: I got broadcast:android.intent.action.BATTERY_CHANGED
06-14 14:57:13.184 32424 32489 D BgTest  : bgCount 74
06-14 14:57:13.379   874  1828 D PowerManagerService:  mFlags=1 mTag = ConnectivityService PackageName = 'android' (uid=1000, pid=874, ws=null)
06-14 14:57:13.379  1835  1974 D RecordState: startCheck recordList = [] currentTime = 12735041
06-14 14:57:13.379  1835  1974 V SettingsInterface:  from settings cache , name = location_providers_allowed , value = default
06-14 14:57:13.379  1835  1974 V SettingsInterface:  from settings cache , name = location_providers_allowed , value = default
06-14 14:57:13.379  1835  1974 D LocationState: startCheck navigatingList = [] currentTime = 12735041
06-14 14:57:13.380   874  1848 D CSLegacyTypeTracker: getNetworkForType type 0
06-14 14:57:13.380   874  1848 D CSLegacyTypeTracker: getNetworkForType type 1
06-14 14:57:13.380   874  1848 D CSLegacyTypeTracker: getNetworkForType type 2
06-14 14:57:13.380   874  1848 D CSLegacyTypeTracker: getNetworkForType type 3
06-14 14:57:13.380   874  1848 D CSLegacyTypeTracker: getNetworkForType type 4
06-14 14:57:13.380   874  1848 D CSLegacyTypeTracker: getNetworkForType type 5
06-14 14:57:13.380   874  1848 D CSLegacyTypeTracker: getNetworkForType type 7
06-14 14:57:13.380   874  1848 D CSLegacyTypeTracker: getNetworkForType type 10
06-14 14:57:13.380   874  1848 D CSLegacyTypeTracker: getNetworkForType type 11
06-14 14:57:13.380   874  1848 D CSLegacyTypeTracker: getNetworkForType type 12
06-14 14:57:13.380   874  1848 D CSLegacyTypeTracker: getNetworkForType type 14
06-14 14:57:13.380   874  1848 D CSLegacyTypeTracker: getNetworkForType type 15
06-14 14:57:13.381   874  1848 D CSLegacyTypeTracker: getNetworkForType type 17
06-14 14:57:13.381   874  1848 D CSLegacyTypeTracker: getNetworkForType type 34
06-14 14:57:13.381   874  1848 D CSLegacyTypeTracker: getNetworkForType type 35
06-14 14:57:13.381   874  1848 D CSLegacyTypeTracker: getNetworkForType type 36
06-14 14:57:13.381   874  1848 D CSLegacyTypeTracker: getNetworkForType type 37
06-14 14:57:13.381   874  1848 D CSLegacyTypeTracker: getNetworkForType type 38
06-14 14:57:13.381   874  1848 D CSLegacyTypeTracker: getNetworkForType type 40
06-14 14:57:13.381   874  1848 D CSLegacyTypeTracker: getNetworkForType type 41
06-14 14:57:13.381   874  1848 D CSLegacyTypeTracker: getNetworkForType type 49
06-14 14:57:13.385  1835  1974 D MultiMediaState: startCheck musicList = [] currentTime = 12735046 isMusicPlaying = true  isPluggedHeadPhone = false isInteractive = false
06-14 14:57:13.385  1835  1974 D MultiMediaState: startCheck  otherList = [com.sodino.postdelay, com.meizu.flyme.launcher, com.meizu.flyme.weather, com.meizu.safe, com.tencent.mm, com.meizu.battery, com.meitu.mtsdk, com.mediatek.systemupdate, com.meizu.mzsyncservice, com.mediatek.providers.drm, com.android.email, com.android.providers.media, com.android.providers.downloads, com.flyme.netadmin, com.android.calendar, com.meizu.mstore, com.meizu.net.search, com.meizu.privacy, com.meizu.flyme.service.find, com.android.providers.calendar, com.android.defcontainer, com.meizu.media.music, com.android.providers.applications, com.android.providers.userdictionary, com.android.providers.contacts, com.meizu.voiceassistant, com.meizu.account, com.flyme.systemuitools, com.meizu.share, com.meizu.cloud, com.android.providers.telephony, com.android.stk, com.android.phone, com.meizu.alphame, com.mediatek.nlpservice, com.android.incallui, com.waves.maxxservice, com.amap.android.location, com.meizu.experiencedatasync, com.tencent.qqpinyin, com.android.systemui, android, com.android.providers.settings, com.android.server.telecom, com.android.location.fused] currentTime = 12735046 isMusicPlaying = false  isPluggedHeadPhone = false isInteractive = false
06-14 14:57:13.385  1835  1974 D ScreenRecordState: isScreenRecord currentTime = 12735047 mScreenRecordTime = 0 isScreenRecord = false
06-14 14:57:13.385  1835  1974 D RecordState: isRecording currentTime = 12735048 mRecordTime = 0 isRecord = false
06-14 14:57:13.386  1835  1974 D LocationState: isNavigation currentTime = 12735048 mNavigationTime = 0 isNavigation = false
06-14 14:57:13.386  1835  1974 D DownloadState: isDownload currentTime = 12735048 mDownloadTime = 10595501 isDownload = false
06-14 14:57:13.386  1835  1974 D MultiMediaState: isPlayMusic currentTime = 12735048 mPlayMusicTime = 0 isMusic = false
06-14 14:57:13.819   874   982 D AudioService: MzCreateMediaserverWatchdogThread: monitor mediaserver end !!!
06-14 14:57:13.819   874   982 D AudioService: MzCreateMediaserverWatchdogThread: monitor mediaserver start !!!
06-14 14:57:13.821   874   339 D AudioSystem: +setParameters(): mediaserver_monitor=1 
06-14 14:57:13.821   301  6737 I AudioFlinger: setParameters(): io 0, keyvalue mediaserver_monitor=1, calling pid 874
06-14 14:57:13.821   301  6737 D AudioALSAHardware: +setParameters(): mediaserver_monitor=1
06-14 14:57:13.821   301  6737 W AudioALSAHardware: setParameters(), still have param.size() = 1, remain param = "mediaserver_monitor=1"
06-14 14:57:13.822   301  6737 D AudioALSAHardware: -setParameters(): mediaserver_monitor=1 
06-14 14:57:13.822   301  6737 D bt_audio_a2dp_hw: [A2DP_HW] [adev_set_parameters@1540] out is null , check in stream
06-14 14:57:13.822   301  6737 I str_params: key: 'mediaserver_monitor' value: '1'
06-14 14:57:13.822   301  6737 D usb_audio_hw: adev_set_parameters: kvpairs = mediaserver_monitor=1
06-14 14:57:13.822   874   339 D AudioSystem: -setParameters(): mediaserver_monitor=1 
06-14 14:57:13.823   301   981 I AudioPolicyManager: setStreamVolumeIndex stream = 7 index = 15 device = 0x400
06-14 14:57:14.103 32424 32424 D BgTest  : uiCount 78  +3
06-14 14:57:14.225 32424 32489 D BgTest  : bgCount 75
06-14 14:57:15.104 32424 32424 D BgTest  : uiCount 79  +3
06-14 14:57:15.266 32424 32489 D BgTest  : bgCount 76
06-14 14:57:16.067   874  1824 V SettingsInterface:  from settings cache , name = netstats_time_cache_max_age , value = null
06-14 14:57:16.067   874  1824 V NetworkStats: performPollLocked(flags=0x3)
06-14 14:57:16.068   874  1824 D NetdConnector: SND -> {688 bandwidth gettetherstats}
06-14 14:57:16.069   296   779 D FrameworkListener: dispatchCommand data = (688 bandwidth gettetherstats)
06-14 14:57:16.069   296   779 D SocketClient: SocketClient sendData done: 200 688 Tethering stats list completed
06-14 14:57:16.069   874   960 D NetdConnector: RCV <- {200 688 Tethering stats list completed}
06-14 14:57:16.070   874  1824 D NetdConnector: RMV <- {200 688 Tethering stats list completed}
06-14 14:57:16.073   874  1824 V SettingsInterface:  from settings cache , name = netstats_sample_enabled , value = null
06-14 14:57:16.072   874  1824 W NetworkStatsRecorder: unknown interfaces [wlan0, lo, p2p0], ignoring those stats
06-14 14:57:16.072   874  1824 W NetworkStatsRecorder: unknown interfaces [wlan0, lo, p2p0], ignoring those stats
06-14 14:57:16.072   874  1824 W NetworkStatsRecorder: unknown interfaces [wlan0, lo, p2p0], ignoring those stats
06-14 14:57:16.072   874  1824 W NetworkStatsRecorder: unknown interfaces [wlan0, lo, p2p0], ignoring those stats
06-14 14:57:16.073   874  1824 V NetworkStats: performPollLocked() took 6ms
06-14 14:57:16.073   874  1824 V ActivityManager: Broadcast: Intent { act=com.android.server.action.NETWORK_STATS_UPDATED flg=0x40000010 } ordered=false userid=-1 callerApp=ProcessRecord{2de77b41 874:system/1000}
06-14 14:57:16.075   874   966 V NetworkPolicy: updateNetworkEnabledLocked()
06-14 14:57:16.076  1860  2231 V SettingsInterface:  from settings cache , name = multi_sim_data_call , value = -1
06-14 14:57:16.076   874   966 V NetworkPolicy:  checking policy:NetworkPolicy[NetworkTemplate: matchRule=MOBILE_ALL, matchSubscriberIds=[null]]: cycleDay=19, cycleTimezone=Asia/Shanghai, warningBytes=104857600, limitBytes=-1, lastWarningSnooze=-1, lastLimitSnooze=-1, metered=true, inferred=true
06-14 14:57:16.076   874   966 V NetworkPolicy:  checking policy:NetworkPolicy[NetworkTemplate: matchRule=MOBILE_ALL, subscriberId=460028..., matchSubscriberIds=[460028...]]: cycleDay=1, cycleTimezone=Asia/Shanghai, warningBytes=2412510335, limitBytes=3015637919, lastWarningSnooze=-1, lastLimitSnooze=-1, metered=true, inferred=false
06-14 14:57:16.076   874   966 V NetworkPolicy:  checking policy:NetworkPolicy[NetworkTemplate: matchRule=MOBILE_ALL, subscriberId=460006..., matchSubscriberIds=[460006...]]: cycleDay=1, cycleTimezone=Asia/Shanghai, warningBytes=104857600, limitBytes=-1, lastWarningSnooze=-1, lastLimitSnooze=-1, metered=true, inferred=false
06-14 14:57:16.077   874   966 V NetworkPolicy:  checking policy:NetworkPolicy[NetworkTemplate: matchRule=MOBILE_ALL, subscriberId=460028..., matchSubscriberIds=[460028...]]: cycleDay=1, cycleTimezone=Asia/Shanghai, warningBytes=-1, limitBytes=-1, lastWarningSnooze=-1, lastLimitSnooze=-1, metered=true, inferred=false
06-14 14:57:16.077   874   966 V NetworkPolicy: updateNotificationsLocked()
06-14 14:57:16.078  1860  2369 V SettingsInterface:  from settings cache , name = multi_sim_data_call , value = -1
06-14 14:57:16.079  1860  1880 V SettingsInterface:  from settings cache , name = multi_sim_data_call , value = -1
06-14 14:57:16.080  1231  1559 D trafficTest: whichSimSelected slotId=-1,可能是未插卡，也可能是modern挂了，也可能插了双卡，其中流量卡挂了，或还在初始化中, 而另一张卡没有自动切换成流量
06-14 14:57:16.080  1231  1559 D NetworkManagementMz: LocalSubscriptionManager: getSubId 0
06-14 14:57:16.080  1231  1559 D NetworkManagementMz: LocalSubscriptionManager: intSubId -2
06-14 14:57:16.080  1231  1559 D NetworkManagementMz: LocalSubscriptionManager: intSubId -2
06-14 14:57:16.080  1231  1559 D NetworkManagementMz: LocalSubscriptionManager: subId[0] is : -2
06-14 14:57:16.082  1231  1559 D NetworkManagementMz: LocalTelephonyManager: imsi null
06-14 14:57:16.082  1231  1559 D NetworkManagementMz: LocalSubscriptionManager: getSubId 1
06-14 14:57:16.083  1231  1559 D NetworkManagementMz: LocalSubscriptionManager: intSubId -3
06-14 14:57:16.083  1231  1559 D NetworkManagementMz: LocalSubscriptionManager: intSubId -3
06-14 14:57:16.083  1231  1559 D NetworkManagementMz: LocalSubscriptionManager: subId[1] is : -3
06-14 14:57:16.085  1231  1559 D NetworkManagementMz: LocalTelephonyManager: imsi null
06-14 14:57:16.086  1860  1880 V SettingsInterface:  from settings cache , name = multi_sim_data_call , value = -1
06-14 14:57:16.086  1231  1559 D trafficTest: whichSimSelected slotId=-1,可能是未插卡，也可能是modern挂了，也可能插了双卡，其中流量卡挂了，或还在初始化中, 而另一张卡没有自动切换成流量
06-14 14:57:16.086  1231  1559 D NetworkManagementMz: LocalSubscriptionManager: getSubId 0
06-14 14:57:16.087  1231  1559 D NetworkManagementMz: LocalSubscriptionManager: intSubId -2
06-14 14:57:16.087  1231  1559 D NetworkManagementMz: LocalSubscriptionManager: intSubId -2
06-14 14:57:16.087  1231  1559 D NetworkManagementMz: LocalSubscriptionManager: subId[0] is : -2
06-14 14:57:16.089  1231  1559 D NetworkManagementMz: LocalTelephonyManager: imsi null
06-14 14:57:16.089  1231  1559 D NetworkManagementMz: LocalSubscriptionManager: getSubId 1
06-14 14:57:16.090  1231  1559 D NetworkManagementMz: LocalSubscriptionManager: intSubId -3
06-14 14:57:16.090  1231  1559 D NetworkManagementMz: LocalSubscriptionManager: intSubId -3
06-14 14:57:16.090  1231  1559 D NetworkManagementMz: LocalSubscriptionManager: subId[1] is : -3
06-14 14:57:16.092  1231  1559 D NetworkManagementMz: LocalTelephonyManager: imsi null
06-14 14:57:16.092  1231  1231 D trafficTest: has data listener
06-14 14:57:16.093   874  1891 V ActivityManager: Broadcast: Intent { act=android.com.meizu.safe.provider.SafeWidgetProvider flg=0x10 (has extras) } ordered=false userid=-2 callerApp=ProcessRecord{25d454a8 1231:com.meizu.safe/1000}
06-14 14:57:16.092  1231  1231 D trafficTest1: pollingService通知Ui更新
06-14 14:57:16.092  1231  1231 D trafficTest: ----refreshGeneralShowData
06-14 14:57:16.092  1231  1231 D trafficTest: ----------widget manager receiver dataChanged
06-14 14:57:16.092  1231  1231 D trafficTest: widget manager send broadcast to widget
06-14 14:57:16.094  1231  1231 I vpnTrace: notifySavingDataChanged: isShowSavingFunc: false
06-14 14:57:16.094  1231  1231 D TrafficTest: --------------亮屏且有监听器updateDataInterval = 15000
06-14 14:57:16.097  1231  1231 D trafficTest3: ---------widget receiver data change msg
06-14 14:57:16.098  1231  1231 D trafficTest3: updateRemoteView: SimCardTrafficForShow{imsi='null', totalBytes=-1, remainBytes=0, dayUsedBytes=0, leftDays=0, monthUsedbytes=0, usedPercent=0.0, idleMode=false}
06-14 14:57:16.106 32424 32424 D BgTest  : uiCount 80  +3
06-14 14:57:16.120  1231  1231 D RemoteViews: mActions is repeat
06-14 14:57:16.120  1231  1231 D RemoteViews: mActions is repeat
06-14 14:57:16.124  1885  1885 D AppWidgetHost: updateAppWidgetView HANDLE_UPDATE 
06-14 14:57:16.124  1885  1885 D AppWidgetHost: updateAppWidgetView appWidgetId 15 com.meizu.flyme.launcher.at@179658cb
06-14 14:57:16.301 32424 32489 D BgTest  : bgCount 77
06-14 14:57:17.107 32424 32424 D BgTest  : uiCount 81  +3
06-14 14:57:17.342 32424 32489 D BgTest  : bgCount 78
06-14 14:57:18.109 32424 32424 D BgTest  : uiCount 82  +3
06-14 14:57:18.142   319   319 I thermal_repeater: oh, queryMdThermalInfo (0)Bad file number
06-14 14:57:18.150   319   319 I thermal_repeater: [recvMdThermalInfo] ret=25, strLen=127,  1, 32767,,, -1, 32767, 2
06-14 14:57:18.181  1561  2084 D DataBuryManager: end charging 
06-14 14:57:18.181  1561  2084 D DataBuryManager: currentLevel : 100 currentStatus : 5 currentPlugType : 0
06-14 14:57:18.383 32424 32489 D BgTest  : bgCount 79
06-14 14:57:18.388   874  1879 D PowerManagerService:  mFlags=1 mTag = ConnectivityService PackageName = 'android' (uid=1000, pid=874, ws=null)
06-14 14:57:18.389  1835  1974 D RecordState: startCheck recordList = [] currentTime = 12740051
06-14 14:57:18.389   874  1082 D CSLegacyTypeTracker: getNetworkForType type 0
06-14 14:57:18.389  1835  1974 V SettingsInterface:  from settings cache , name = location_providers_allowed , value = default
06-14 14:57:18.389   874  1082 D CSLegacyTypeTracker: getNetworkForType type 1
06-14 14:57:18.389  1835  1974 V SettingsInterface:  from settings cache , name = location_providers_allowed , value = default
06-14 14:57:18.389   874  1082 D CSLegacyTypeTracker: getNetworkForType type 2
06-14 14:57:18.389  1835  1974 D LocationState: startCheck navigatingList = [] currentTime = 12740051
06-14 14:57:18.389   874  1082 D CSLegacyTypeTracker: getNetworkForType type 3
06-14 14:57:18.389   874  1082 D CSLegacyTypeTracker: getNetworkForType type 4
06-14 14:57:18.389   874  1082 D CSLegacyTypeTracker: getNetworkForType type 5
06-14 14:57:18.389   874  1082 D CSLegacyTypeTracker: getNetworkForType type 7
06-14 14:57:18.389   874  1082 D CSLegacyTypeTracker: getNetworkForType type 10
06-14 14:57:18.389   874  1082 D CSLegacyTypeTracker: getNetworkForType type 11
06-14 14:57:18.389   874  1082 D CSLegacyTypeTracker: getNetworkForType type 12
06-14 14:57:18.390   874  1082 D CSLegacyTypeTracker: getNetworkForType type 14
06-14 14:57:18.390   874  1082 D CSLegacyTypeTracker: getNetworkForType type 15
06-14 14:57:18.390   874  1082 D CSLegacyTypeTracker: getNetworkForType type 17
06-14 14:57:18.390   874  1082 D CSLegacyTypeTracker: getNetworkForType type 34
06-14 14:57:18.390   874  1082 D CSLegacyTypeTracker: getNetworkForType type 35
06-14 14:57:18.390   874  1082 D CSLegacyTypeTracker: getNetworkForType type 36
06-14 14:57:18.390   874  1082 D CSLegacyTypeTracker: getNetworkForType type 37
06-14 14:57:18.390   874  1082 D CSLegacyTypeTracker: getNetworkForType type 38
06-14 14:57:18.390   874  1082 D CSLegacyTypeTracker: getNetworkForType type 40
06-14 14:57:18.390   874  1082 D CSLegacyTypeTracker: getNetworkForType type 41
06-14 14:57:18.390   874  1082 D CSLegacyTypeTracker: getNetworkForType type 49
06-14 14:57:18.394  1835  1974 D MultiMediaState: startCheck musicList = [] currentTime = 12740055 isMusicPlaying = true  isPluggedHeadPhone = false isInteractive = false
06-14 14:57:18.400  1835  1974 D MultiMediaState: startCheck  otherList = [com.sodino.postdelay, com.meizu.flyme.launcher, com.meizu.safe, com.meizu.flyme.weather, com.meizu.battery, com.tencent.mm, com.meitu.mtsdk, com.mediatek.systemupdate, com.meizu.mzsyncservice, com.mediatek.providers.drm, com.android.email, com.android.providers.media, com.android.providers.downloads, com.flyme.netadmin, com.android.calendar, com.meizu.mstore, com.meizu.net.search, com.meizu.privacy, com.meizu.flyme.service.find, com.android.providers.calendar, com.android.defcontainer, com.meizu.media.music, com.android.providers.applications, com.android.providers.userdictionary, com.android.providers.contacts, com.meizu.voiceassistant, com.meizu.account, com.flyme.systemuitools, com.meizu.share, com.meizu.cloud, com.android.providers.telephony, com.android.stk, com.android.phone, com.meizu.alphame, com.mediatek.nlpservice, com.android.incallui, com.waves.maxxservice, com.amap.android.location, com.meizu.experiencedatasync, com.tencent.qqpinyin, com.android.systemui, android, com.android.providers.settings, com.android.server.telecom, com.android.location.fused] currentTime = 12740055 isMusicPlaying = false  isPluggedHeadPhone = false isInteractive = false
06-14 14:57:18.400  1835  1974 D ScreenRecordState: isScreenRecord currentTime = 12740062 mScreenRecordTime = 0 isScreenRecord = false
06-14 14:57:18.400  1835  1974 D RecordState: isRecording currentTime = 12740062 mRecordTime = 0 isRecord = false
06-14 14:57:18.400  1835  1974 D LocationState: isNavigation currentTime = 12740062 mNavigationTime = 0 isNavigation = false
06-14 14:57:18.400  1835  1974 D DownloadState: isDownload currentTime = 12740062 mDownloadTime = 10595501 isDownload = false
06-14 14:57:18.400  1835  1974 D MultiMediaState: isPlayMusic currentTime = 12740062 mPlayMusicTime = 0 isMusic = false
06-14 14:57:19.111 32424 32424 D BgTest  : uiCount 83  +3
06-14 14:57:19.425 32424 32489 D BgTest  : bgCount 80
06-14 14:57:20.111 32424 32424 D BgTest  : uiCount 84  +3
06-14 14:57:20.441 32424 32489 D BgTest  : bgCount 81
06-14 14:57:21.113 32424 32424 D BgTest  : uiCount 85  +3
06-14 14:57:21.481 32424 32489 D BgTest  : bgCount 82
06-14 14:57:22.114 32424 32424 D BgTest  : uiCount 86  +3
06-14 14:57:22.523 32424 32489 D BgTest  : bgCount 83
06-14 14:57:23.116 32424 32424 D BgTest  : uiCount 87  +3
06-14 14:57:23.152   319   319 I thermal_repeater: oh, queryMdThermalInfo (0)Bad file number
06-14 14:57:23.160   319   319 I thermal_repeater: [recvMdThermalInfo] ret=25, strLen=127,  1, 32767,,, -1, 32767, 2
06-14 14:57:23.168   874  1245 D BatteryService: mBatteryVoltage=4367, batteryLevel=50
06-14 14:57:23.168   874   874 V ActivityManager: Broadcast sticky: Intent { act=android.intent.action.BATTERY_CHANGED flg=0x60000010 (has extras) } ordered=false userid=-1 callerApp=null
06-14 14:57:23.172  1040  1040 D KeyguardUpdateMonitor: received broadcast android.intent.action.BATTERY_CHANGED
06-14 14:57:23.173  1040  1040 D FlymeBatteryMeterView: hashCode=122392665,level=100,pluggedIn=false,status=5
06-14 14:57:23.178   874   874 D UsbDeviceManager: onReceive - BATTERY_CHANGED - mPlugType: 0, mSettingUsbCharging: false, mConnected: false, mSettingUsbBicr: false
06-14 14:57:23.173  1040  1040 D FlymeBatteryMeterView: hashCode=296548458,level=100,pluggedIn=false,status=5
06-14 14:57:23.178   874   874 D WifiService: onReceive, action:android.intent.action.BATTERY_CHANGED
06-14 14:57:23.173  1040  1040 D FlymeBatteryMeterView: hashCode=720319172,level=100,pluggedIn=false,status=5
06-14 14:57:23.178   874   970 D WifiController: DeviceActiveState{ when=0 what=155652 target=com.android.internal.util.StateMachine$SmHandler }
06-14 14:57:23.173  1040  1040 I KeyguardUpdateMonitor: handleBatteryUpdate index=0 updateInteresting=false
06-14 14:57:23.178   874   970 D WifiController: StaEnabledState{ when=0 what=155652 target=com.android.internal.util.StateMachine$SmHandler }
06-14 14:57:23.174  1561  1561 D PowerBroadcastCenter: receive intent: android.intent.action.BATTERY_CHANGED
06-14 14:57:23.178   874   970 D WifiController: DefaultState{ when=0 what=155652 target=com.android.internal.util.StateMachine$SmHandler }
06-14 14:57:23.175  1835  1835 D BroadcastCenter: receive intent: android.intent.action.BATTERY_CHANGED
06-14 14:57:23.178   874   970 D WifiController: wifiSleepPolicy:2
06-14 14:57:23.177  1561  1750 D PowerGaugeStats: battery level is changed: 100
06-14 14:57:23.178   874   970 D WifiController: wifiSleepPolicy:2
06-14 14:57:23.177  1561  1750 D PowerGaugeStats: unplugged, no battery level change
06-14 14:57:23.177  1561  1718 D IPowerModeImp: getCurrentModeLocked:0
06-14 14:57:23.177  1561  1718 D PowerLevelNotification: level = 100 plugged = 0 show = false mBatteryLastLevel = 100 currentMode = 0 isDialogShowing = false isDeviceProvisioned = true
06-14 14:57:23.177  1561  1717 I BatteryConsumeMonitor: init var lastPlugType : 0 lastBatteryChangedLevel : 100
06-14 14:57:23.178   874   874 D AlarmAlignManager: I got broadcast:android.intent.action.BATTERY_CHANGED
06-14 14:57:23.342   874   971 D ConnectivityService: Failed to find a new network - expiring NetTransition Wakelock
06-14 14:57:23.387   874   874 V SettingsInterface:  from settings cache , name = sys_free_storage_log_interval , value = null
06-14 14:57:23.387   874   874 V SettingsInterface:  from settings cache , name = disk_free_change_reporting_threshold , value = null
06-14 14:57:23.404  1835  1974 D RecordState: startCheck recordList = [] currentTime = 12745066
06-14 14:57:23.404   874  1848 D CSLegacyTypeTracker: getNetworkForType type 0
06-14 14:57:23.404  1835  1974 V SettingsInterface:  from settings cache , name = location_providers_allowed , value = default
06-14 14:57:23.404   874  1848 D CSLegacyTypeTracker: getNetworkForType type 1
06-14 14:57:23.404  1835  1974 V SettingsInterface:  from settings cache , name = location_providers_allowed , value = default
06-14 14:57:23.404   874  1848 D CSLegacyTypeTracker: getNetworkForType type 2
06-14 14:57:23.404  1835  1974 D LocationState: startCheck navigatingList = [] currentTime = 12745066
06-14 14:57:23.404   874  1848 D CSLegacyTypeTracker: getNetworkForType type 3
06-14 14:57:23.404   874  1848 D CSLegacyTypeTracker: getNetworkForType type 4
06-14 14:57:23.404   874  1848 D CSLegacyTypeTracker: getNetworkForType type 5
06-14 14:57:23.404   874  1848 D CSLegacyTypeTracker: getNetworkForType type 7
06-14 14:57:23.404   874  1848 D CSLegacyTypeTracker: getNetworkForType type 10
06-14 14:57:23.404   874  1848 D CSLegacyTypeTracker: getNetworkForType type 11
06-14 14:57:23.404   874  1848 D CSLegacyTypeTracker: getNetworkForType type 12
06-14 14:57:23.404   874  1848 D CSLegacyTypeTracker: getNetworkForType type 14
06-14 14:57:23.405   874  1848 D CSLegacyTypeTracker: getNetworkForType type 15
06-14 14:57:23.405   874  1848 D CSLegacyTypeTracker: getNetworkForType type 17
06-14 14:57:23.405   874  1848 D CSLegacyTypeTracker: getNetworkForType type 34
06-14 14:57:23.405   874  1848 D CSLegacyTypeTracker: getNetworkForType type 35
06-14 14:57:23.405   874  1848 D CSLegacyTypeTracker: getNetworkForType type 36
06-14 14:57:23.405   874  1848 D CSLegacyTypeTracker: getNetworkForType type 37
06-14 14:57:23.405   874  1848 D CSLegacyTypeTracker: getNetworkForType type 38
06-14 14:57:23.405   874  1848 D CSLegacyTypeTracker: getNetworkForType type 40
06-14 14:57:23.405   874  1848 D CSLegacyTypeTracker: getNetworkForType type 41
06-14 14:57:23.405   874  1848 D CSLegacyTypeTracker: getNetworkForType type 49
06-14 14:57:23.409  1835  1974 D MultiMediaState: startCheck musicList = [] currentTime = 12745069 isMusicPlaying = true  isPluggedHeadPhone = false isInteractive = false
06-14 14:57:23.410  1835  1974 D MultiMediaState: startCheck  otherList = [com.sodino.postdelay, com.meizu.flyme.launcher, com.meizu.safe, com.meizu.flyme.weather, com.meizu.battery, com.tencent.mm, com.meitu.mtsdk, com.mediatek.systemupdate, com.meizu.mzsyncservice, com.mediatek.providers.drm, com.android.email, com.android.providers.media, com.android.providers.downloads, com.flyme.netadmin, com.android.calendar, com.meizu.mstore, com.meizu.net.search, com.meizu.privacy, com.meizu.flyme.service.find, com.android.providers.calendar, com.android.defcontainer, com.meizu.media.music, com.android.providers.applications, com.android.providers.userdictionary, com.android.providers.contacts, com.meizu.voiceassistant, com.meizu.account, com.flyme.systemuitools, com.meizu.share, com.meizu.cloud, com.android.providers.telephony, com.android.stk, com.android.phone, com.meizu.alphame, com.mediatek.nlpservice, com.android.incallui, com.waves.maxxservice, com.amap.android.location, com.meizu.experiencedatasync, com.tencent.qqpinyin, com.android.systemui, android, com.android.providers.settings, com.android.server.telecom, com.android.location.fused] currentTime = 12745069 isMusicPlaying = false  isPluggedHeadPhone = false isInteractive = false
06-14 14:57:23.410  1835  1974 D ScreenRecordState: isScreenRecord currentTime = 12745072 mScreenRecordTime = 0 isScreenRecord = false
06-14 14:57:23.410  1835  1974 D RecordState: isRecording currentTime = 12745072 mRecordTime = 0 isRecord = false
06-14 14:57:23.410  1835  1974 D LocationState: isNavigation currentTime = 12745072 mNavigationTime = 0 isNavigation = false
06-14 14:57:23.410  1835  1974 D DownloadState: isDownload currentTime = 12745072 mDownloadTime = 10595501 isDownload = false
06-14 14:57:23.410  1835  1974 D MultiMediaState: isPlayMusic currentTime = 12745072 mPlayMusicTime = 0 isMusic = false
06-14 14:57:23.561 32424 32489 D BgTest  : bgCount 84
06-14 14:57:23.820   874   982 D AudioService: MzCreateMediaserverWatchdogThread: monitor mediaserver end !!!
06-14 14:57:23.820   874   982 D AudioService: MzCreateMediaserverWatchdogThread: monitor mediaserver start !!!
06-14 14:57:23.822   874   341 D AudioSystem: +setParameters(): mediaserver_monitor=1 
06-14 14:57:23.822   301  6737 I AudioFlinger: setParameters(): io 0, keyvalue mediaserver_monitor=1, calling pid 874
06-14 14:57:23.822   301  6737 D AudioALSAHardware: +setParameters(): mediaserver_monitor=1
06-14 14:57:23.822   301  6737 W AudioALSAHardware: setParameters(), still have param.size() = 1, remain param = "mediaserver_monitor=1"
06-14 14:57:23.822   301  6737 D AudioALSAHardware: -setParameters(): mediaserver_monitor=1 
06-14 14:57:23.823   301  6737 D bt_audio_a2dp_hw: [A2DP_HW] [adev_set_parameters@1540] out is null , check in stream
06-14 14:57:23.823   301  6737 I str_params: key: 'mediaserver_monitor' value: '1'
06-14 14:57:23.823   301  6737 D usb_audio_hw: adev_set_parameters: kvpairs = mediaserver_monitor=1
06-14 14:57:23.823   874   341 D AudioSystem: -setParameters(): mediaserver_monitor=1 
06-14 14:57:23.824   301   981 I AudioPolicyManager: setStreamVolumeIndex stream = 7 index = 15 device = 0x400
06-14 14:57:24.118 32424 32424 D BgTest  : uiCount 88  +3
06-14 15:01:23.022   279   279 E ccci_fsd(1): Failed to read from FS device (-1) !! errno = 4
06-14 15:01:23.023   874   953 V AlarmManager: Checking for alarms... rtc=1497423683022, elapsed=12984684
06-14 15:01:23.023   874   953 V AlarmManager: isPowerSavingStart = true
06-14 15:01:23.023   874   953 V AlarmManager: isAlarmNeedAlign = true
06-14 15:01:23.023   874   953 V AlarmManager: isPowerSavingStart = true
06-14 15:01:23.023   874   953 V AlarmManager: isAlarmNeedAlign = true
06-14 15:01:23.024   874   953 D AlarmManager: set alarm to RTC 2-12984885-15:01:23
06-14 15:01:23.026   874   953 D AlarmManager: sending alarm Alarm{10b3b191 type 3 when 14:58:00 start 14:58:00 end 14:58:00 android}and operation:android.intent.action.TIME_TICK
06-14 15:01:23.026   874   953 V ActivityManager: Broadcast: Intent { act=android.intent.action.TIME_TICK flg=0x50000114 (has extras) } ordered=true userid=-1 callerApp=null
06-14 15:01:23.027   874   874 V AlarmManager: Received TIME_TICK alarm; rescheduling
06-14 15:01:23.027   874   874 V AlarmManager: isPowerSavingStart = true
06-14 15:01:23.027   874   874 V AlarmManager: isAlarmNeedAlign : android skip!
06-14 15:01:23.028   874   953 V AlarmManager: sending alarm Alarm{10b3b191 type 3 when 14:58:00 start 14:58:00 end 14:58:00 android} success
06-14 15:01:23.029   874   953 D AlarmManager: sending alarm Alarm{3c2f8f6 type 3 when 14:59:28 start 14:59:28 end 14:59:28 android}and operation:android.content.jobscheduler.JOB_DELAY_EXPIRED
06-14 15:01:23.029   874   953 V ActivityManager: Broadcast: Intent { act=android.content.jobscheduler.JOB_DELAY_EXPIRED flg=0x114 (has extras) } ordered=true userid=0 callerApp=null
06-14 15:01:23.031   874   953 V AlarmManager: sending alarm Alarm{3c2f8f6 type 3 when 14:59:28 start 14:59:28 end 14:59:28 android} success
06-14 15:01:23.032   874   953 D AlarmManager: sending alarm Alarm{62324f7 type 3 when 14:58:24 start 14:58:24 end 14:58:24 com.meitu.mtsdk}and operation:com.meitu.mkit.mkeepalive.action.POLLING
06-14 15:01:23.032   874   953 V ActivityManager: Broadcast: Intent { act=com.meitu.mkit.mkeepalive.action.POLLING flg=0x114 (has extras) } ordered=true userid=0 callerApp=null
06-14 15:01:23.034   874   953 V AlarmManager: sending alarm Alarm{62324f7 type 3 when 14:58:24 start 14:58:24 end 14:58:24 com.meitu.mtsdk} success
06-14 15:01:23.034   874   953 D AlarmManager: sending alarm Alarm{20442f64 type 3 when 14:58:38 start 14:58:38 end 14:58:38 com.meizu.alphame}and operation:com.meizu.alphame.system.idle
06-14 15:01:23.034   874   953 V ActivityManager: Broadcast: Intent { act=com.meizu.alphame.system.idle flg=0x114 (has extras) } ordered=true userid=0 callerApp=null
06-14 15:01:23.036   874   953 V AlarmManager: sending alarm Alarm{20442f64 type 3 when 14:58:38 start 14:58:38 end 14:58:38 com.meizu.alphame} success
06-14 15:01:23.037   874   953 D AlarmManager: sending alarm Alarm{ed0d5cd type 3 when 15:00:38 start 15:00:38 end 15:00:38 com.meizu.battery}and operation:com.meizu.power.powerexception.enter_idle_mode
06-14 15:01:23.037   874   953 V ActivityManager: Broadcast: Intent { act=com.meizu.power.powerexception.enter_idle_mode flg=0x114 (has extras) } ordered=true userid=0 callerApp=null
06-14 15:01:23.038   874   953 V AlarmManager: sending alarm Alarm{ed0d5cd type 3 when 15:00:38 start 15:00:38 end 15:00:38 com.meizu.battery} success
06-14 15:01:23.039   874   953 D AlarmManager: sending alarm Alarm{199dae82 type 3 when 15:01:00 start 15:01:00 end 15:01:00 com.tencent.mm}and operation:com.tencent.mm.TrafficStatsReceiver
06-14 15:01:23.039   874   953 V ActivityManager: Broadcast: Intent { act=com.tencent.mm.TrafficStatsReceiver flg=0x114 (has extras) } ordered=true userid=0 callerApp=null
06-14 15:01:23.041   874   953 V AlarmManager: sending alarm Alarm{199dae82 type 3 when 15:01:00 start 15:01:00 end 15:01:00 com.tencent.mm} success
06-14 15:01:23.041   874   874 V AlarmManager: APP set(PendingIntent{1d616e05: PendingIntentRecord{edf8e5a android broadcastIntent}}) : type=3 triggerAtTime=13021662 win=0 tElapsed=13021662 maxElapsed=13021662 interval=0 standalone=true
06-14 15:01:23.042   874   874 D AlarmManager: set alarm to RTC 2-12984903-15:01:23
06-14 15:01:23.042  1040  1040 D KeyguardUpdateMonitor: received broadcast android.intent.action.TIME_TICK
06-14 15:01:23.042  1040  1040 D KeyguardUpdateMonitor: handleTimeUpdate
06-14 15:01:23.043   874   874 V AlarmManager: isPowerSavingStart = true
06-14 15:01:23.043   874   874 V AlarmManager: isAlarmNeedAlign = true
06-14 15:01:23.043   874   874 V AlarmManager: APP set(PendingIntent{14eadd4c: PendingIntentRecord{2c359195 android broadcastIntent}}) : type=3 triggerAtTime=37778047 win=-1 tElapsed=37778047 maxElapsed=56373053 interval=0 standalone=false
06-14 15:01:23.043  1040  1040 V SettingsInterface:  from settings cache , name = time_12_24 , value = 24
06-14 15:01:23.043   874   874 D AlarmManager: set alarm to RTC 2-12984905-15:01:23
06-14 15:01:23.044  1040  1040 V SettingsInterface:  from settings cache , name = time_12_24 , value = 24
06-14 15:01:23.044  1040  1040 V SettingsInterface:  from settings cache , name = time_12_24 , value = 24
06-14 15:01:23.047   874  1830 V ActivityManager: Broadcast: Intent { act=com.meitu.mtsdk.mkeepalive.action.WAKE_UP flg=0x10 } ordered=false userid=0 callerApp=ProcessRecord{1fbff4c2 32679:com.meitu.mtsdk/u0a249}
06-14 15:01:23.049 32679 32679 D MLog    : Thread:main  MKeepAliveHelper#wakeupApp()---> com.meitu.mtsdk  start to wakeupAppFamily appCount 12
06-14 15:01:23.050   874   899 I ActivityManager: START u0 {act=com.meitu.mkit.mkeepalive.action.COME_ALIVE cat=[com.mt.mtxx.mtxx.mkeepalive] flg=0x10000000} from uid 10249 on display 0 from pid 32679
06-14 15:01:23.051   874  1832 I ActivityManager: START u0 {act=com.meitu.mkit.mkeepalive.action.COME_ALIVE cat=[com.meitu.makeup.mkeepalive] flg=0x10000000} from uid 10249 on display 0 from pid 32679
06-14 15:01:23.052   874  1245 I ActivityManager: START u0 {act=com.meitu.mkit.mkeepalive.action.COME_ALIVE cat=[test.mkeepalive] flg=0x10000000} from uid 10249 on display 0 from pid 32679
06-14 15:01:23.053   874  1891 I ActivityManager: START u0 {act=com.meitu.mkit.mkeepalive.action.COME_ALIVE cat=[com.meitu.meiyancamera.mkeepalive] flg=0x10000000} from uid 10249 on display 0 from pid 32679
06-14 15:01:23.054   874  1162 I ActivityManager: START u0 {act=com.meitu.mkit.mkeepalive.action.COME_ALIVE cat=[com.meitu.wheecam.mkeepalive] flg=0x10000000} from uid 10249 on display 0 from pid 32679
06-14 15:01:23.056   874  1824 I ActivityManager: START u0 {act=com.meitu.mkit.mkeepalive.action.COME_ALIVE cat=[com.meitu.cloudphotos.mkeepalive] flg=0x10000000} from uid 10249 on display 0 from pid 32679
06-14 15:01:23.057   874  1828 I ActivityManager: START u0 {act=com.meitu.mkit.mkeepalive.action.COME_ALIVE cat=[com.commsource.beautyplus.mkeepalive] flg=0x10000000} from uid 10249 on display 0 from pid 32679
06-14 15:01:23.057   874  1848 I ActivityManager: START u0 {act=com.meitu.mkit.mkeepalive.action.COME_ALIVE cat=[com.meitu.meipu.mkeepalive] flg=0x10000000} from uid 10249 on display 0 from pid 32679
06-14 15:01:23.058   874  1712 I ActivityManager: START u0 {act=com.meitu.mkit.mkeepalive.action.COME_ALIVE cat=[com.meitu.shanliao.debug.mkeepalive] flg=0x10000000} from uid 10249 on display 0 from pid 32679
06-14 15:01:23.059   874   900 I ActivityManager: START u0 {act=com.meitu.mkit.mkeepalive.action.COME_ALIVE cat=[com.meitu.shanliao.mkeepalive] flg=0x10000000} from uid 10249 on display 0 from pid 32679
06-14 15:01:23.061   874  1879 I ActivityManager: START u0 {act=com.meitu.mkit.mkeepalive.action.COME_ALIVE cat=[com.meitu.boxxcam.mkeepalive] flg=0x10000000} from uid 10249 on display 0 from pid 32679
06-14 15:01:23.062 32679 32679 D MLog    : Thread:main  MKeepAliveService#onStartCommand()--->  onStartCommand  pid 32679 com.meitu.mkit.mkeepalive.MKeepAliveService@35f60051
06-14 15:01:23.062  1835  1973 D SystemStateEngine: SystemStateEngine onStateChange: 3
06-14 15:01:23.063  1561  1581 D AppManager: system change: 3
06-14 15:01:23.063  1561  1581 D AppManager:  startClean: 3
06-14 15:01:23.064  1231  2277 W ContextImpl: Calling a method in the system process without a qualified user: android.app.ContextImpl.startService:1863 android.content.ContextWrapper.startService:516 com.meizu.networkmanager.k.k.a:97 com.meizu.networkmanager.k.k.a:46 com.meizu.networkmanager.k.k.a:50 
06-14 15:01:23.064  1561  1581 D DeviceManager: system change: 3
06-14 15:01:23.065   874  1162 V AlarmManager: isPowerSavingStart = true
06-14 15:01:23.064  1561  1717 I BatteryConsumeMonitor: idleModeFlag : true
06-14 15:01:23.065   874  1162 V AlarmManager: isAlarmNeedAlign = true
06-14 15:01:23.065  1561  1581 D DeviceManager: close wifi scan...
06-14 15:01:23.065   874  1162 V AlarmManager: APP set(PendingIntent{2ddb1993: PendingIntentRecord{3372517b com.meizu.battery broadcastIntent}}) : type=3 triggerAtTime=14784727 win=-1 tElapsed=14784727 maxElapsed=16134727 interval=1800000 standalone=false
06-14 15:01:23.065  1561  1581 D WifiManagerFlyme: disableScanInterface: true
06-14 15:01:23.065   874  1162 D AlarmManager: set alarm to RTC 2-12984927-15:01:23
06-14 15:01:23.065   874  1245 D LinkWakenInterception: isInterceptAsUsual, the callerPkg(com.meizu.safe) and calleePkg are same, return false.
06-14 15:01:23.065  1561  1581 E WifiManagerFlyme: disableScanInterface exception: java.lang.NoSuchMethodException
06-14 15:01:23.065   874  1245 D Interception: isInterceptByRule realCallingPid: 1231 isInterceptAsUsual: false isMatch: false, runType===retrieve_service|||callerPkg===com.meizu.safe|||calleePkg===com.meizu.safe|||calleeClass===com.meizu.networkmanager.service.PowerSavingControllService|||processName===com.meizu.safe|||action===*|||data===*|||extras===Bundle[mParcelledData.dataSize=164]|||interception===false
06-14 15:01:23.065  1561  1581 D PowerGaugeStats: system change: 3
06-14 15:01:23.066  1561  1717 I BatteryConsumeMonitor: setRepeatAlarm
06-14 15:01:23.066  1561  2082 D PowerGaugeStats:  MSG_LEVEL_COMPUTE processLevelStats
06-14 15:01:23.066  1561  2082 D SQLiteDatabase: beginTransaction()
06-14 15:01:23.070   874  1830 V AlarmManager: isPowerSavingStart = true
06-14 15:01:23.067  1231  2277 D trafficPower: event已发送
06-14 15:01:23.070   874  1830 V AlarmManager: isAlarmNeedAlign = true
06-14 15:01:23.068  1231  1231 D trafficPower: Power service onCreate
06-14 15:01:23.070   874  1830 V AlarmManager: APP set(PendingIntent{52201c9: PendingIntentRecord{34d4c7b com.meitu.mtsdk broadcastIntent}}) : type=3 triggerAtTime=13104725 win=-1 tElapsed=13104725 maxElapsed=13404725 interval=120000 standalone=false
06-14 15:01:23.070  1561  2082 D PowerGaugeStats: delete record in db: battery_level < time: 13-15-01-23
06-14 15:01:23.070   874  1882 V AlarmManager: isPowerSavingStart = true
06-14 15:01:23.071  1561  2082 D PowerGaugeStats: execute battery level sql phrase: insert into battery_level (time, level, plugged, status) values (1497423683066, 100, 1, 3) current utc time: 14-15-01-23
06-14 15:01:23.071   874  1882 V AlarmManager: isAlarmNeedAlign = true
06-14 15:01:23.071   874  1830 D AlarmManager: set alarm to RTC 2-12984932-15:01:23
06-14 15:01:23.071  1561  2082 D SQLiteDatabase: endTransaction()
06-14 15:01:23.071  1231  1231 D trafficPower: 收到事件eventName=AlphaMeEvent
06-14 15:01:23.075   874  1882 V AlarmManager: APP set(PendingIntent{367c30ce: PendingIntentRecord{141b4174 com.meizu.alphame broadcastIntent}}) : type=3 triggerAtTime=14784732 win=0 tElapsed=14784732 maxElapsed=15084732 interval=0 standalone=false
06-14 15:01:23.071  1231  1231 D trafficPower: 收到事件:AlphaMeEvent
06-14 15:01:23.077   874  1882 D AlarmManager: set alarm to RTC 2-12984939-15:01:23
06-14 15:01:23.071  1231  1231 D trafficPower: eventName=AlphaMeEvent, hasExisted=false
06-14 15:01:23.080   874  1592 V ActivityManager: Broadcast: Intent { act=com.meitu.mkit.mkeepalive.action.TIME_TICK flg=0x10 } ordered=false userid=0 callerApp=ProcessRecord{1fbff4c2 32679:com.meitu.mtsdk/u0a249}
06-14 15:01:23.071  1231  1231 D trafficPower: eventName=AlphaMeEvent，压入队列
06-14 15:01:23.071  1231  1231 D trafficPower: ------发送处理事件消息
06-14 15:01:23.072  1231   354 D trafficPower: 处理事件请求
06-14 15:01:23.072  1231   354 D trafficPower: 开始处理AlphaMeEvent事件
06-14 15:01:23.076   874  1882 D AlarmManager:  alarm = Alarm{1713bbef type 3 when 15:31:23 start 15:31:23 end 15:31:23 com.meizu.alphame} add to Batch{208406fc num=1 start=14784727 end=14784727}
06-14 15:01:23.081  1561  1956 D AppManager:  getRunningComponent result: 39
06-14 15:01:23.082  1231   354 D PowerModeData: appScreenOffNetworkLimit = 0
06-14 15:01:23.082  1231   354 D trafficPower: ----处理alphaMe事件
06-14 15:01:23.082  1231   354 D trafficPower: 应用列表为空,不处理!
06-14 15:01:23.082  1231   354 D trafficPower: eventName=AlphaMeEvent, updatePolicyResult=true
06-14 15:01:23.090 32424 32489 D BgTest  : bgCount 85
06-14 15:01:23.098  1561  1956 D AppManager:  getSystemApps result: 39 : 35
06-14 15:01:23.099  1561  1956 D AppManager: prepareFavorityAppsLocked:[com.meitu.mtsdk]
06-14 15:01:23.100  1561  1956 D AppManager: getTopApps:[com.sodino.postdelay]
06-14 15:01:23.100  1561  1956 V SettingsInterface:  from settings cache , name = default_input_method , value = com.tencent.qqpinyin/.QQPYInputMethodService
06-14 15:01:23.100  1231   354 D trafficPower: eventName=AlphaMeEvent, doFinishResult=false
06-14 15:01:23.100  1231   354 D trafficPower: 收到事件处理完成通知,eventName=AlphaMeEvent, eventResult=false
06-14 15:01:23.100  1231   354 D trafficPower: AlphaMeEvent 执行结果=false
06-14 15:01:23.100  1231   354 D trafficPower: -----准备处理下一个事件
06-14 15:01:23.100  1231   354 D trafficPower: 事件队列已空,结束事件处理服务
06-14 15:01:23.101  1231  1231 D trafficPower: 省电控制 服务destory
06-14 15:01:23.103  1561  1956 V SettingsInterface:  from settings cache , name = sms_default_application , value = com.android.mms
06-14 15:01:23.116   874  1712 D ActivityManager: getContentProviderImpl: from caller=android.app.ApplicationThreadProxy@353ff185 (pid=1561, userId=0) to get content provider com.meizu.flyme.launcher.settings cpr=ContentProviderRecord{f74083d u0 com.meizu.flyme.launcher/.LauncherProvider}
06-14 15:01:23.116   874  1712 D ActivityManager: getContentProviderImpl: updateLruProcessLocked cpr.proc=ProcessRecord{2b63ec67 1885:com.meizu.flyme.launcher/u0a13}
06-14 15:01:23.117 32679 32679 D MLog    : Thread:main  WakeupReceiver#onReceive()--->com.meitu.mtsdk woke up actioncom.meitu.mtsdk.mkeepalive.action.WAKE_UP
06-14 15:01:23.118 32679 32679 D MLog    : Thread:main  IPConnector#connect()---> network doesn't works
06-14 15:01:23.128  1561  1956 D NotificationState: getPermanetNotificationList: working list = []
06-14 15:01:23.128  1561  1956 D AppManager: prepareUsingApps:[, com.meizu.safe, com.sodino.postdelay, com.android.dialer, com.android.mms, com.meizu.flyme.weather, com.meizu.flyme.launcher, com.tencent.qqpinyin]
06-14 15:01:23.128  1561  1956 V SettingsInterface:  from settings cache , name = recent_lock_apps , value = com.android.packageinstaller;com.le123.ysdq;com.estrongs.android.pop;com.gozap.chouti;com.tencent.mm;
06-14 15:01:23.132  1231  1261 D AphaMeContentProvider: query
06-14 15:01:23.142  1561  1956 D AppManager: prepareWorkingApps:[]
06-14 15:01:23.143  1561  1956 D AppManager: PowerApp{pid=5530, pkgName='com.tencent.mm', pkgNameEncrypted='e39d2c7de19156b0683cd93e8735f348', type=2, isWhite=true}
06-14 15:01:23.143  1561  1956 D AppManager: PowerApp{pid=1593, pkgName='com.tencent.qqpinyin', pkgNameEncrypted='2fa3408090c59a576af8e5d3387533a4', type=4, isWhite=false}
06-14 15:01:23.143  1561  1956 D AppManager: PowerApp{pid=32679, pkgName='com.meitu.mtsdk', pkgNameEncrypted='431319bb87ab14ec2b80749208de9f81', type=5, isWhite=false}
06-14 15:01:23.143  1561  1956 D AppManager: PowerApp{pid=32424, pkgName='com.sodino.postdelay', pkgNameEncrypted='07c25ce501187c11a8c2c130e58eed63', type=4, isWhite=false}
06-14 15:01:23.143  1561  1956 D AppManager: freeze:com.meitu.mtsdk
06-14 15:01:23.144  1561  1956 E ActivityManagerFlyme: forceFreezePackage exception: java.lang.NoSuchMethodException
06-14 15:01:23.277   874   953 V AlarmManager: Checking for alarms... rtc=1497423683276, elapsed=12984939
06-14 15:01:23.277   874   953 D AlarmManager: set alarm to RTC 2-13561986-15:11:00
06-14 15:01:23.277   874   953 D AlarmManager: set alarm to RTC 3-13021662-15:02:00
06-14 15:01:23.278   874   953 D AlarmManager: sending alarm Alarm{39ae8bda type 0 when 15:01:23 start 15:01:23 end 15:01:23 android}and operation:com.android.server.WifiManager.action.STOP_SCAN
06-14 15:01:23.278   874   953 V ActivityManager: Broadcast: Intent { act=com.android.server.WifiManager.action.STOP_SCAN flg=0x114 (has extras) } ordered=true userid=0 callerApp=null
06-14 15:01:23.279   874   874 D WifiStateMachine: onReceive, action:com.android.server.WifiManager.action.STOP_SCAN
06-14 15:01:23.280   874   968 D WifiStateMachine: mIsPeriodicScanTimeout get!
06-14 15:01:23.280   874   953 V AlarmManager: sending alarm Alarm{39ae8bda type 0 when 15:01:23 start 15:01:23 end 15:01:23 android} success
06-14 15:01:23.281   874   968 D WifiHW  : enter -->wifi_send_command cmd=IFNAME=wlan0 DISCONNECT
06-14 15:01:23.281  1428  1428 D wpa_supplicant: wlan0: BSS: Remove id 274 BSSID 98:01:a7:9e:dd:75 SSID 'sodino' due to wpa_bss_flush_by_age
06-14 15:01:23.281  1428  1428 D wpa_supplicant: wlan0: BSS: Remove id 362 BSSID 84:d9:31:14:4f:31 SSID 'Meitu.guest' due to wpa_bss_flush_by_age
06-14 15:01:23.281  1428  1428 D wpa_supplicant: wlan0: BSS: Remove id 363 BSSID 84:d9:31:14:4f:33 SSID 'Meitu.8H.hw' due to wpa_bss_flush_by_age
06-14 15:01:23.281  1428  1428 D wpa_supplicant: wlan0: BSS: Remove id 364 BSSID 84:d9:31:14:4f:30 SSID 'Meitu.com' due to wpa_bss_flush_by_age
06-14 15:01:23.281  1428  1428 D wpa_supplicant: wlan0: BSS: Remove id 365 BSSID 84:d9:31:14:4f:32 SSID 'Meitu.cp' due to wpa_bss_flush_by_age
06-14 15:01:23.281  1428  1428 D wpa_supplicant: wlan0: BSS: Remove id 366 BSSID 84:d9:31:14:4f:12 SSID 'Meitu.cp' due to wpa_bss_flush_by_age
06-14 15:01:23.281  1428  1428 D wpa_supplicant: wlan0: BSS: Remove id 367 BSSID 84:d9:31:14:4f:11 SSID 'Meitu.guest' due to wpa_bss_flush_by_age
06-14 15:01:23.281  1428  1428 D wpa_supplicant: wlan0: BSS: Remove id 368 BSSID 84:d9:31:14:4f:13 SSID 'Meitu.CJtest' due to wpa_bss_flush_by_age
06-14 15:01:23.281  1428  1428 D wpa_supplicant: wlan0: BSS: Remove id 369 BSSID 84:d9:31:14:4f:03 SSID 'Meitu.CJtest' due to wpa_bss_flush_by_age
06-14 15:01:23.281  1428  1428 D wpa_supplicant: wlan0: BSS: Remove id 370 BSSID 84:d9:31:14:4f:00 SSID 'Meitu.com' due to wpa_bss_flush_by_age
06-14 15:01:23.281  1428  1428 D wpa_supplicant: wlan0: BSS: Remove id 371 BSSID 84:d9:31:14:4f:02 SSID 'Meitu.cp' due to wpa_bss_flush_by_age
06-14 15:01:23.281  1428  1428 D wpa_supplicant: wlan0: BSS: Remove id 372 BSSID 84:d9:31:14:4f:01 SSID 'Meitu.guest' due to wpa_bss_flush_by_age
06-14 15:01:23.281  1428  1428 D wpa_supplicant: wlan0: BSS: Remove id 373 BSSID 84:d9:31:14:4f:22 SSID 'Meitu.cp' due to wpa_bss_flush_by_age
06-14 15:01:23.281  1428  1428 D wpa_supplicant: wlan0: BSS: Remove id 374 BSSID 84:d9:31:14:4f:21 SSID 'Meitu.guest' due to wpa_bss_flush_by_age
06-14 15:01:23.281  1428  1428 D wpa_supplicant: wlan0: BSS: Remove id 375 BSSID 84:d9:31:14:4f:20 SSID 'Meitu.com' due to wpa_bss_flush_by_age
06-14 15:01:23.281  1428  1428 D wpa_supplicant: wlan0: BSS: Remove id 376 BSSID 84:d9:31:14:4f:23 SSID 'Meitu.8H.hw' due to wpa_bss_flush_by_age
06-14 15:01:23.281  1428  1428 D wpa_supplicant: wlan0: BSS: Remove id 377 BSSID 84:d9:31:14:4a:e3 SSID 'Meitu.8H.hw' due to wpa_bss_flush_by_age
06-14 15:01:23.281  1428  1428 D wpa_supplicant: wlan0: BSS: Remove id 378 BSSID 84:d9:31:14:4a:e0 SSID 'Meitu.com' due to wpa_bss_flush_by_age
06-14 15:01:23.281  1428  1428 D wpa_supplicant: wlan0: BSS: Remove id 379 BSSID 84:d9:31:14:4a:e1 SSID 'Meitu.guest' due to wpa_bss_flush_by_age
06-14 15:01:23.282  1428  1428 D wpa_supplicant: wlan0: BSS: Remove id 380 BSSID 84:d9:31:14:4a:e2 SSID 'Meitu.cp' due to wpa_bss_flush_by_age
06-14 15:01:23.282  1428  1428 D wpa_supplicant: wlan0: BSS: Remove id 381 BSSID 64:eb:8c:ce:67:36 SSID 'EBCE6736-PE8EkCpcSs09O2L' due to wpa_bss_flush_by_age
06-14 15:01:23.282  1428  1428 D wpa_supplicant: wlan0: BSS: Remove id 382 BSSID 98:01:a7:9b:a9:d1 SSID '😚💩' due to wpa_bss_flush_by_age
06-14 15:01:23.282  1428  1428 D wpa_supplicant: wlan0: BSS: Remove id 383 BSSID 84:d9:31:14:49:81 SSID 'Meitu.test2' due to wpa_bss_flush_by_age
06-14 15:01:23.282  1428  1428 D wpa_supplicant: wlan0: BSS: Remove id 384 BSSID 84:d9:31:14:49:83 SSID 'Meitu.Mpzb' due to wpa_bss_flush_by_age
06-14 15:01:23.284   874   968 V ActivityManager: Broadcast sticky: Intent { act=android.net.wifi.STATE_CHANGE flg=0x4000010 (has extras) } ordered=false userid=-1 callerApp=ProcessRecord{2de77b41 874:system/1000}
06-14 15:01:23.282  1428  1428 D wpa_supplicant: wlan0: BSS: Remove id 385 BSSID 84:d9:31:14:49:84 SSID 'Meitu.test' due to wpa_bss_flush_by_age
06-14 15:01:23.282  1428  1428 D wpa_supplicant: wlan0: BSS: Remove id 386 BSSID 84:d9:31:14:49:86 SSID 'Meitu.8H.hw' due to wpa_bss_flush_by_age
06-14 15:01:23.282  1428  1428 D wpa_supplicant: wlan0: BSS: Remove id 387 BSSID 84:d9:31:14:49:85 SSID 'Meitu.cp' due to wpa_bss_flush_by_age
06-14 15:01:23.282  1428  1428 D wpa_supplicant: wlan0: BSS: Remove id 388 BSSID 84:d9:31:14:49:80 SSID 'Meitu.com' due to wpa_bss_flush_by_age
06-14 15:01:23.282  1428  1428 D wpa_supplicant: wlan0: BSS: Remove id 389 BSSID 84:d9:31:14:4c:22 SSID 'Meitu.Mpzb' due to wpa_bss_flush_by_age
06-14 15:01:23.282  1428  1428 D wpa_supplicant: wlan0: BSS: Remove id 390 BSSID 84:d9:31:14:4c:23 SSID 'Meitu.test' due to wpa_bss_flush_by_age
06-14 15:01:23.282  1428  1428 D wpa_supplicant: wlan0: BSS: Remove id 391 BSSID 84:d9:31:14:4c:24 SSID 'Meitu.cp' due to wpa_bss_flush_by_age
06-14 15:01:23.282  1428  1428 D wpa_supplicant: wlan0: BSS: Remove id 392 BSSID 84:d9:31:14:48:40 SSID 'Meitu.com' due to wpa_bss_flush_by_age
06-14 15:01:23.285   874   874 D WifiService: onReceive, action:android.net.wifi.STATE_CHANGE
06-14 15:01:23.282  1428  1428 D wpa_supplicant: wlan0: BSS: Remove id 393 BSSID 84:d9:31:14:46:00 SSID 'Meitu.com' due to wpa_bss_flush_by_age
06-14 15:01:23.282  1428  1428 D wpa_supplicant: wlan0: BSS: Remove id 394 BSSID 84:d9:31:14:46:01 SSID 'Meitu.guest' due to wpa_bss_flush_by_age
06-14 15:01:23.282  1428  1428 D wpa_supplicant: wlan0: BSS: Remove id 395 BSSID 84:d9:31:14:4c:21 SSID 'Meitu.test2' due to wpa_bss_flush_by_age
06-14 15:01:23.286   874   968 V ActivityManager: Broadcast sticky: Intent { act=android.net.wifi.supplicant.STATE_CHANGE flg=0x24000010 (has extras) } ordered=false userid=-1 callerApp=ProcessRecord{2de77b41 874:system/1000}
06-14 15:01:23.282  1428  1428 D wpa_supplicant: wlan0: BSS: Remove id 396 BSSID 84:d9:31:14:48:41 SSID 'Meitu.guest' due to wpa_bss_flush_by_age
06-14 15:01:23.282  1428  1428 D wpa_supplicant: wlan0: BSS: Remove id 397 BSSID 84:d9:31:14:58:61 SSID 'Meitu.guest' due to wpa_bss_flush_by_age
06-14 15:01:23.282  1428  1428 D wpa_supplicant: wlan0: BSS: Remove id 398 BSSID 84:d9:31:14:4c:20 SSID 'Meitu.com' due to wpa_bss_flush_by_age
06-14 15:01:23.282  1428  1428 D wpa_supplicant: wlan0: BSS: Remove id 399 BSSID 84:d9:31:14:48:42 SSID 'Meitu.cp' due to wpa_bss_flush_by_age
06-14 15:01:23.282  1428  1428 D wpa_supplicant: wlan0: BSS: Remove id 400 BSSID 84:d9:31:14:46:02 SSID 'Meitu.cp' due to wpa_bss_flush_by_age
06-14 15:01:23.282  1428  1428 D wpa_supplicant: wlan0: BSS: Remove id 401 BSSID 84:d9:31:14:58:60 SSID 'Meitu.com' due to wpa_bss_flush_by_age
06-14 15:01:23.282  1428  1428 D wpa_supplicant: wlan0: BSS: Remove id 402 BSSID 84:d9:31:14:4e:e1 SSID 'Meitu.guest' due to wpa_bss_flush_by_age
06-14 15:01:23.282  1428  1428 D wpa_supplicant: wlan0: BSS: Remove id 403 BSSID 84:d9:31:14:4e:e0 SSID 'Meitu.com' due to wpa_bss_flush_by_age
06-14 15:01:23.282  1428  1428 D wpa_supplicant: wlan0: BSS: Remove id 404 BSSID 84:d9:31:14:4e:e2 SSID 'Meitu.cp' due to wpa_bss_flush_by_age
06-14 15:01:23.282  1428  1428 D wpa_supplicant: wlan0: Control interface command 'DISCONNECT'
06-14 15:01:23.282  1428  1428 D wpa_supplicant: wlan0: Cancelling scan request
06-14 15:01:23.282  1428  1428 D wpa_supplicant: wlan0: Request to deauthenticate - bssid=00:00:00:00:00:00 pending_bssid=00:00:00:00:00:00 reason=3 state=SCANNING
06-14 15:01:23.282  1428  1428 D wpa_supplicant: TDLS: Tear down peers
06-14 15:01:23.282  1428  1428 D wpa_supplicant: wlan0: State: SCANNING -> DISCONNECTED
06-14 15:01:23.282  1428  1428 D wpa_supplicant: P2P: restorage p2p channels
06-14 15:01:23.282  1428  1428 D wpa_supplicant: nl80211: Set wlan0 operstate 0->0 (DORMANT)
06-14 15:01:23.282  1428  1428 D wpa_supplicant: netlink: Operstate: ifindex=10 linkmode=-1 (no change), operstate=5 (IF_OPER_DORMANT)
06-14 15:01:23.283  1428  1428 D wpa_supplicant: CTRL_IFACE monitor sent successfully to /data/misc/wifi/sockets/wpa_ctrl_874-2\x00
06-14 15:01:23.283  1428  1428 D wpa_supplicant: EAPOL: External notification - portEnabled=0
06-14 15:01:23.283  1428  1428 D wpa_supplicant: EAPOL: External notification - portValid=0
06-14 15:01:23.283   874  1961 D WifiHW  : [1] get event: IFNAME=wlan0 <3>CTRL-EVENT-STATE-CHANGE id=-1 state=0 BSSID=00:00:00:00:00:00 SSID=
06-14 15:01:23.283   874  1961 D WifiHW  : [2] get event: IFNAME=wlan0 CTRL-EVENT-STATE-CHANGE id=-1 state=0 BSSID=00:00:00:00:00:00 SSID=
06-14 15:01:23.283   874   968 D WifiHW  : leave --> reply=OK
06-14 15:01:23.283   874   968 D WifiHW  : 
06-14 15:01:23.283   874  1961 D WifiHW  : enter -->wifi_wait_on_socket buflen=2048
06-14 15:01:23.283   874  1961 D WifiHW  : enter -->wifi_ctrl_recv
06-14 15:01:23.285   874   874 D WifiWatchdogStateMachine: currentDetailState=DISCONNECTED
06-14 15:01:23.285   874   989 D WifiWatchdogStateMachine: Network state change DISCONNECTED
06-14 15:01:23.285   874   989 D WifiWatchdogStateMachine: Update current BSSID to null
06-14 15:01:23.285   874   989 D WifiWatchdogStateMachine: NotConnectedState
06-14 15:01:23.286  1040  1040 D NetworkController: onReceive: intent=Intent { act=android.net.wifi.STATE_CHANGE flg=0x4000010 (has extras) }
06-14 15:01:23.286  1040  1040 D NetworkController.WifiSignalController: isDirty : false
06-14 15:02:18.023   279   279 E ccci_fsd(1): Failed to read from FS device (-1) !! errno = 4
06-14 15:02:18.023   874   953 V AlarmManager: Checking for alarms... rtc=1497423738023, elapsed=13039685
06-14 15:02:18.024 32424 32424 D BgTest  : uiCount 89  +3
06-14 15:02:18.024   874   953 D AlarmManager: set alarm to RTC 3-13104725-15:03:23
06-14 15:02:18.024   874   955 V SettingsInterface:  from settings cache , name = home_double_click , value = null
06-14 15:02:18.024   874   955 I WindowManager: interceptKeyTq keycode=26 interactive=false keyguardActive=true policyFlags=2000000 down =true canceled = false isWakeKey=true mVolumeDownKeyTriggered =false mVolumeUpKeyTriggered =false result = 0 useHapticFeedback = false isInjected = false result = 0
06-14 15:02:18.026   874   953 D AlarmManager: sending alarm Alarm{28a280b type 3 when 15:02:00 start 15:02:00 end 15:02:00 android}and operation:android.intent.action.TIME_TICK
06-14 15:02:18.026   874   955 D Telecom : TelecomServiceImpl: isInCall() callState: 0
06-14 15:02:18.026   874   953 V ActivityManager: Broadcast: Intent { act=android.intent.action.TIME_TICK flg=0x50000114 (has extras) } ordered=true userid=-1 callerApp=null
06-14 15:02:18.026   874   955 I PowerManagerService: Waking up from sleep (uid 1000)...reason:101
06-14 15:02:18.027   874   874 V KeyguardServiceDelegate: onScreenTurnedOn(showListener = com.android.internal.policy.impl.PhoneWindowManager$2@24b3efb4)
06-14 15:02:18.026   874   874 I ActivityManager: onWakefulnessChanged: 1
06-14 15:02:18.027  1040  2060 D KeyguardViewMediator: >>>onScreenTurnedOn, ---ScreenOn seq = 11seq will be change in synchronized Before--synchronized (this)
06-14 15:02:18.026   874   931 D DisplayPowerState: setScreenState: state=2
06-14 15:02:18.027  1040  2060 D KeyguardViewMediator: onScreenTurnedOn, seq = 12
06-14 15:02:18.027   874   874 V ActivityManager: Broadcast: Intent { act=android.intent.action.SCREEN_ON flg=0x50000010 } ordered=true userid=-1 callerApp=ProcessRecord{2de77b41 874:system/1000}
06-14 15:02:18.027  1040  2060 D KeyguardViewMediator: notifyScreenOnLocked
06-14 15:02:18.027  1040  1040 D KeyguardViewMediator: handleNotifyScreenOn
06-14 15:02:18.028   874   900 W ContextImpl: Calling a method in the system process without a qualified user: android.app.ContextImpl.sendBroadcast:1474 com.android.server.statusbar.StatusBarManagerService.onPanelRevealed:531 com.android.internal.statusbar.IStatusBarService$Stub.onTransact:185 android.os.Binder.execTransact:454 <bottom of call stack> 
06-14 15:02:18.028  1040  2060 D KeyguardViewMediator: <<<onScreenTurnedOn, ---ScreenOn seq = 12
06-14 15:02:18.028   874   900 V ActivityManager: Broadcast: Intent { act=com.android.systemui.ACTION_ENTER_SYSTEMUI flg=0x40000010 } ordered=false userid=0 callerApp=ProcessRecord{2de77b41 874:system/1000}
06-14 15:02:18.028  1040  1040 D KeyguardIndicationController: showTransientIndication
06-14 15:02:18.031   874   874 V AlarmManager: Received TIME_TICK alarm; rescheduling
06-14 15:02:18.029  1040  1040 D PhoneStatusBar: shouldChargingViewShow hasActiveNotificationsAndShowLockScreenNotification() = false, mNotificationPanel.isExpanding() = false, mNotificationPanel.isNotificationPanelFullyExpandedOnKeyguardShade() = false, mQsExpansionFraction = 0.0, isKeyguardShadeMode() = false, mKeyguardMusicController.isMusicViewShowing() = false, isQsExpanded() = false, mNotificationPanel.isMzKeyguardAffordanceHelperSwiping() = false, mNotificationPanel.shouldCameraIntercept()false, isInLaunchTransition()false
06-14 15:02:18.031   874   874 V AlarmManager: isPowerSavingStart = true
06-14 15:02:18.029  1040  1040 D KeyguardIndicationController: mVisible = false, isScreenOn = true, isKeyguardBouncer = false, isMusicViewShow = false, isChargingViewShow = false, getUnlockTimes = 4, isSmartLock = false
06-14 15:02:18.031   874   874 V AlarmManager: isAlarmNeedAlign : android skip!
06-14 15:02:18.029  1040  1040 D PhoneStatusBar: shouldChargingViewShow hasActiveNotificationsAndShowLockScreenNotification() = false, mNotificationPanel.isExpanding() = false, mNotificationPanel.isNotificationPanelFullyExpandedOnKeyguardShade() = false, mQsExpansionFraction = 0.0, isKeyguardShadeMode() = false, mKeyguardMusicController.isMusicViewShowing() = false, isQsExpanded() = false, mNotificationPanel.isMzKeyguardAffordanceHelperSwiping() = false, mNotificationPanel.shouldCameraIntercept()false, isInLaunchTransition()false
06-14 15:02:18.031   874   931 I DisplayPowerController: Blocking screen on until initial contents have been drawn.
06-14 15:02:18.029  1040  1040 I ChargeViewUtils: updateChargingState shouldChargingViewShow = true , mPluggedIn = false
06-14 15:02:18.034   874   931 D DisplayPowerState: Requesting new screen state: state=ON, backlight=0
06-14 15:02:18.029  1040  1040 D PhoneStatusBar: shouldChargingViewShow hasActiveNotificationsAndShowLockScreenNotification() = false, mNotificationPanel.isExpanding() = false, mNotificationPanel.isNotificationPanelFullyExpandedOnKeyguardShade() = false, mQsExpansionFraction = 0.0, isKeyguardShadeMode() = false, mKeyguardMusicController.isMusicViewShowing() = false, isQsExpanded() = false, mNotificationPanel.isMzKeyguardAffordanceHelperSwiping() = false, mNotificationPanel.shouldCameraIntercept()false, isInLaunchTransition()false
06-14 15:02:18.034   874   931 D DisplayPowerState: Screen not ready
06-14 15:02:18.029  1040  1040 D SystemUIMobEventUtils: onEvent keyguard_on, properties = {notification=0}
06-14 15:02:18.034   874   993 D DisplayPowerState: Updating screen state: state=ON, backlight=0, backlightChanged=false
06-14 15:02:18.029  1040  1040 D KeyguardMusicController: isMusicPlaying 0
06-14 15:02:18.035   874   953 V AlarmManager: sending alarm Alarm{28a280b type 3 when 15:02:00 start 15:02:00 end 15:02:00 android} success
06-14 15:02:18.030  1040  1040 D KeyguardMusicController: showOrHideKeyguardMusicView show = false, mKeyguardMusicView = com.meizu.media.music.KeyguardMusicView{14055669 G.E..... ......I. 0,0-0,0 #7f0e00b7 app:id/keyguard_music_view}, mKeyguardShow = true
06-14 15:02:18.040   874   931 D AutomaticBrightnessController: handleLightSensorEvent LightSensor Debounce delay lux:220.0,time:8219890,mLightSensorEnableTime:8219882
06-14 15:02:18.030  1040  1040 D KeyguardMusicController: isMeizuMusic remoteClientPackage = null
06-14 15:02:18.030  1040  1040 D KeyguardMusicController: isMeizuMusic remoteClientPackage = null
06-14 15:02:18.030   874  1824 V KeyguardServiceDelegate: **** SHOWN CALLED ****
06-14 15:02:18.031   874   931 D SensorService: Calling batch handle==2 flags=0rate=200000000 timeout== 0
06-14 15:02:18.031   874   931 D SensorService: SensorDevice::batch: ident=0x7f72d4fb80, handle=0x00000002, flags=0, period_ns=200000000 timeout=0
06-14 15:02:18.031   874   931 D SensorService: 	>>> curr_period=-1 min_period=200000000 curr_timeout=-1 min_timeout=0
06-14 15:02:18.031   874   931 D SensorService: 	>>> actuating h/w BATCH 2 0 200000000 0
06-14 15:02:18.031   874   931 I SensorHAL: Dev Batch, handle: 2, name: LTR559 Proximity Sensor
06-14 15:02:18.032   874   931 D SensorService: Calling activate on 2
06-14 15:02:18.032   874   931 D SensorService: SensorDevice::activate: ident=0x7f72d4fb80, handle=0x00000002, enabled=1, count=1
06-14 15:02:18.032   874   931 D SensorService: enable index=0
06-14 15:02:18.032   874   931 D SensorService: 	>>> actuating h/w activate handle=2 enabled=1
06-14 15:02:18.032   874   931 I SensorHAL: Dev Active, handle: 2, name: LTR559 Proximity Sensor, enable: 1.
06-14 15:02:18.032   874   931 I SensorHAL: SensorBase::Enable. name: LTR559 Proximity Sensor, enable: 1
06-14 15:02:18.032   874   931 I SensorHAL: HWSensorBase::Enable, handle: 2, name: lsm6ds3_proximity, enable: 1
06-14 15:02:18.033   874   931 D SensorService: Calling batch handle==1 flags=0rate=200000000 timeout== 0
06-14 15:02:18.033   874   931 D SensorService: SensorDevice::batch: ident=0x7f72d4faa0, handle=0x00000001, flags=0, period_ns=200000000 timeout=0
06-14 15:02:18.033   874   931 D SensorService: 	>>> curr_period=-1 min_period=200000000 curr_timeout=-1 min_timeout=0
06-14 15:02:18.033   874   931 D SensorService: 	>>> actuating h/w BATCH 1 0 200000000 0
06-14 15:02:18.033   874   931 I SensorHAL: Dev Batch, handle: 1, name: LTR559 Light Sensor
06-14 15:02:18.033   874   931 D SensorService: Calling activate on 1
06-14 15:02:18.033   874   902 E SensorHAL: [Proximity]: 5.000000
06-14 15:02:18.033   874   931 D SensorService: SensorDevice::activate: ident=0x7f72d4faa0, handle=0x00000001, enabled=1, count=1
06-14 15:02:18.033   874   931 D SensorService: enable index=0
06-14 15:02:18.033   874   931 D SensorService: 	>>> actuating h/w activate handle=1 enabled=1
06-14 15:02:18.033   874   931 I SensorHAL: Dev Active, handle: 1, name: LTR559 Light Sensor, enable: 1.
06-14 15:02:18.033   874   931 I SensorHAL: SensorBase::Enable. name: LTR559 Light Sensor, enable: 1
06-14 15:02:18.034   874   931 I SensorHAL: HWSensorBase::Enable, handle: 1, name: lsm6ds3_light, enable: 1
06-14 15:02:18.050   874   931 D DisplayPowerState: setScreenBrightness: brightness=1
06-14 15:02:18.051   874   931 D DisplayPowerState: Screen not ready
06-14 15:02:18.056   272   272 D SurfaceFlinger: Skip composition.
06-14 15:02:18.081   874  1884 I libPerfService: perfSetFavorPid - pid:0, 0
06-14 15:02:18.082   874   931 D DisplayPowerState: setScreenBrightness: brightness=4
06-14 15:02:18.083   874   931 D DisplayPowerState: Screen not ready
06-14 15:02:18.091   272   272 D SurfaceFlinger: Skip composition.
06-14 15:02:18.099   874   931 D DisplayPowerState: setScreenBrightness: brightness=6
06-14 15:02:18.099   874   931 D DisplayPowerState: Screen not ready
06-14 15:02:18.115   874   931 D DisplayPowerState: setScreenBrightness: brightness=7
06-14 15:02:18.116   874   931 D DisplayPowerState: Screen not ready
06-14 15:02:18.129   874  1531 W Watchdog: SWT Watchdog after wait current time:8219979
06-14 15:02:18.129   874  1531 D AES     : AEEIOCTL_GET/SET_SF_STATE IOCTL,cmd= 1074294797, lParam=0. 
06-14 15:02:18.129   874  1531 W Watchdog: **Get SF Time **1
06-14 15:02:18.129   874  1531 D AES     : AEEIOCTL_RT_MON_Kick IOCTL,cmd= -2147192822, lParam=300. 
06-14 15:02:18.130   874  1531 W Watchdog: SWT Watchdog before synchronized:8219980
06-14 15:02:18.130   874  1531 W Watchdog: SWT Watchdog after synchronized:8219980
06-14 15:02:18.130   874  1531 W Watchdog: SWT Watchdog before wait timeout:30000
06-14 15:02:18.130   874  1531 W Watchdog: SWT Watchdog before wait current time:8219980
06-14 15:02:18.130   874  1531 W Watchdog: SWT Watchdog before wait start:8219980
06-14 15:02:18.130   874  1531 W Watchdog: SWT Watchdog before wait CHECK_INTERVAL:30000
06-14 15:02:18.132   874   931 D DisplayPowerState: setScreenBrightness: brightness=9
06-14 15:02:18.132   874   931 D DisplayPowerState: Screen not ready
06-14 15:02:18.149   874   931 D DisplayPowerState: setScreenBrightness: brightness=10
06-14 15:02:18.149   874   931 D DisplayPowerState: Screen not ready
06-14 15:02:18.166   874   931 D DisplayPowerState: setScreenBrightness: brightness=12
06-14 15:02:18.166   874   931 D DisplayPowerState: Screen not ready
06-14 15:02:18.182   874   931 D DisplayPowerState: setScreenBrightness: brightness=13
06-14 15:02:18.182   874   931 D DisplayPowerState: Screen not ready
06-14 15:02:18.199   874   931 D DisplayPowerState: setScreenBrightness: brightness=15
06-14 15:02:18.199   874   931 D DisplayPowerState: Screen not ready
06-14 15:02:18.215   874   931 D DisplayPowerState: setScreenBrightness: brightness=16
06-14 15:02:18.215   874   931 D DisplayPowerState: Screen not ready
06-14 15:02:18.232   874   931 D DisplayPowerState: setScreenBrightness: brightness=18
06-14 15:02:18.232   874   931 D DisplayPowerState: Screen not ready
06-14 15:02:18.249   874   931 D DisplayPowerState: setScreenBrightness: brightness=19
06-14 15:02:18.249   874   931 D DisplayPowerState: Screen not ready
06-14 15:02:18.266   874   931 D DisplayPowerState: setScreenBrightness: brightness=21
06-14 15:02:18.266   874   931 D DisplayPowerState: Screen not ready
06-14 15:02:18.282   874   931 D DisplayPowerState: setScreenBrightness: brightness=22
06-14 15:02:18.283   874   931 D DisplayPowerState: Screen not ready
06-14 15:02:18.299   874   931 D DisplayPowerState: setScreenBrightness: brightness=24
06-14 15:02:18.300   874   931 D DisplayPowerState: Screen not ready
06-14 15:02:18.316   874   931 D DisplayPowerState: setScreenBrightness: brightness=25
06-14 15:02:18.317   874   931 D DisplayPowerState: Screen not ready
06-14 15:02:18.333   874   931 D DisplayPowerState: setScreenBrightness: brightness=27
06-14 15:02:18.333   874   931 D DisplayPowerState: Screen not ready
06-14 15:02:18.350 32424 32489 D BgTest  : bgCount 86
06-14 15:02:18.351   874   931 D DisplayPowerState: setScreenBrightness: brightness=28
06-14 15:02:18.351   874   931 D DisplayPowerState: Screen not ready
06-14 15:02:18.359   874   993 D PowerManagerService-JNI: Excessive delay in autosuspend_disable() while turning screen on: 324ms
06-14 15:02:18.360   874   993 D DisplayManagerService: Update global display state for DisplayDeviceInfo{"内置屏幕": uniqueId="local:0", 1080 x 1920, 57.860004 fps, supportedRefreshRates [57.860004], density 480, 480.0 x 480.0 dpi, appVsyncOff -8000000, presDeadline 26283096, touch INTERNAL, rotation 0, type BUILT_IN, state OFF, subtype 0, FLAG_DEFAULT_DISPLAY, FLAG_ROTATES_WITH_CONTENT, FLAG_SECURE, FLAG_SUPPORTS_PROTECTED_BUFFERS}
06-14 15:02:18.360   874   993 D LocalDisplayAdapter: requestDisplayState(ON, id=0)
06-14 15:02:18.360   874   955 V SettingsInterface:  from settings cache , name = home_double_click , value = null
06-14 15:02:18.361   874   874 V AlarmManager: APP set(PendingIntent{1d616e05: PendingIntentRecord{edf8e5a android broadcastIntent}}) : type=3 triggerAtTime=13081662 win=0 tElapsed=13081662 maxElapsed=13081662 interval=0 standalone=true
06-14 15:02:18.361   874   955 I WindowManager: interceptKeyTq keycode=26 interactive=true keyguardActive=true policyFlags=22000000 down =false canceled = false isWakeKey=false mVolumeDownKeyTriggered =false mVolumeUpKeyTriggered =false result = 1 useHapticFeedback = false isInjected = false result = 1
06-14 15:02:18.361   272   272 D SurfaceFlinger: Set power mode=2, type=0 flinger=0x7f7a059000
06-14 15:02:18.362   874   928 I DisplayManagerService: Display device changed: DisplayDeviceInfo{"内置屏幕": uniqueId="local:0", 1080 x 1920, 57.860004 fps, supportedRefreshRates [57.860004], density 480, 480.0 x 480.0 dpi, appVsyncOff -8000000, presDeadline 26283096, touch INTERNAL, rotation 0, type BUILT_IN, state ON, subtype 0, FLAG_DEFAULT_DISPLAY, FLAG_ROTATES_WITH_CONTENT, FLAG_SECURE, FLAG_SUPPORTS_PROTECTED_BUFFERS}
06-14 15:02:18.361   272   272 I hwcomposer: [HWC] SetPowerMode(2) Display(0)
06-14 15:02:18.362   874   874 D AlarmManager: set alarm to RTC 3-13081662-15:03:00
06-14 15:02:18.362   874   928 D DisplayManagerService: Delivering display event: displayId=0, event=2
06-14 15:02:18.363   874   925 D InputReader: InputReader::monitor: lock
06-14 15:02:18.363   874   925 D InputReader: InputReader::monitor: wait 
06-14 15:02:18.365   874   874 V ActivityManager: Display changed displayId=0
06-14 15:02:18.363   874   874 I libPerfService: perfSetFavorPid - pid:32424, 7ea8
06-14 15:02:18.369   874   931 D DisplayPowerState: setScreenBrightness: brightness=30
06-14 15:02:18.367   874   925 D InputReader: InputReader::monitor: unlock
06-14 15:02:18.370   874   931 D DisplayPowerState: Screen not ready
06-14 15:02:18.367   874   925 D InputReader: InputReader::monitor: done
06-14 15:02:18.381   874   931 D DisplayPowerState: Screen ready
06-14 15:02:18.369   272   272 D SurfaceFlinger: Skip composition.
06-14 15:02:18.381   874   931 I DisplayPowerController: Unblocked screen on after 350 ms
06-14 15:02:18.379  1040  1040 D KeyguardUpdateMonitor: received broadcast android.intent.action.TIME_TICK
06-14 15:02:18.382   874   931 D DisplayPowerState: setColorFadeLevel: level=1.0
06-14 15:02:18.382   874   931 D GraphicBuffer: unregister, handle(0x7f60c16ca0) (w:1080 h:1920 s:1088 f:0x1 u:0x000333)
06-14 15:02:18.385   874   931 D Surface : Surface::disconnect(this=0x7f60fd3e00,api=1)
06-14 15:02:18.385   874  1891 I libPerfService: perfSetFavorPid - pid:0, 0
06-14 15:02:18.385   874   931 D GraphicBuffer: unregister, handle(0x7f60f46d40) (w:1080 h:1920 s:1088 f:0x1 u:0x000b00)
06-14 15:02:18.386   874   931 D GraphicBuffer: unregister, handle(0x7f60c82b60) (w:1080 h:1920 s:1088 f:0x1 u:0x000b00)
06-14 15:02:18.387   874   931 D GraphicBuffer: unregister, handle(0x7f6647ea20) (w:1080 h:1920 s:1088 f:0x1 u:0x000b00)
06-14 15:02:18.388   874   931 D GraphicBuffer: unregister, handle(0x7f66690660) (w:1080 h:1920 s:1088 f:0x1 u:0x000b00)
06-14 15:02:18.389   272  8099 D GraphicBuffer: free, handle(0x7f74d3ba20) (w:1080 h:1920 s:1088 f:0x1 u:0x000b00)
06-14 15:02:18.390   272  8099 D GraphicBuffer: free, handle(0x7f79812b60) (w:1080 h:1920 s:1088 f:0x1 u:0x000b00)
06-14 15:02:18.392   272  8099 D GraphicBuffer: free, handle(0x7f79812340) (w:1080 h:1920 s:1088 f:0x1 u:0x000b00)
06-14 15:02:18.395   874   931 D DisplayPowerState: Requesting new screen state: state=ON, backlight=30
06-14 15:02:18.395   874   931 D DisplayPowerState: Screen not ready
06-14 15:02:18.395   874   931 D DisplayPowerState: setScreenBrightness: brightness=31
06-14 15:02:18.395   874   931 D DisplayPowerState: Requesting new screen state: state=ON, backlight=31
06-14 15:02:18.396  1040  1040 D KeyguardUpdateMonitor: handleTimeUpdate
06-14 15:02:18.395   874   931 D DisplayPowerState: Screen not ready
06-14 15:02:18.396  1040  1040 V SettingsInterface:  from settings cache , name = time_12_24 , value = 24
06-14 15:02:18.396   874   993 D DisplayPowerState: Updating screen state: state=ON, backlight=31, backlightChanged=true
06-14 15:02:18.396   874   993 D lights  : write 31 to /sys/class/leds/lcd-backlight/brightness
06-14 15:02:18.396   874   993 D lights  : write_int open fd=258
06-14 15:02:18.400   874   931 D DisplayPowerState: Screen ready
06-14 15:02:18.396  1040  1040 V SettingsInterface:  from settings cache , name = time_12_24 , value = 24
06-14 15:02:18.397  1040  1040 V SettingsInterface:  from settings cache , name = time_12_24 , value = 24
06-14 15:02:18.398   874  1082 I libPerfService: perfSetFavorPid - pid:32424, 7ea8
06-14 15:02:18.402   874   931 D DisplayPowerState: setScreenBrightness: brightness=33
06-14 15:02:18.402   874   931 D DisplayPowerState: Requesting new screen state: state=ON, backlight=33
06-14 15:02:18.402   874   931 D DisplayPowerState: Screen not ready
06-14 15:02:18.402   874   993 D DisplayPowerState: Updating screen state: state=ON, backlight=33, backlightChanged=true
06-14 15:02:18.402   874   993 D lights  : write 33 to /sys/class/leds/lcd-backlight/brightness
06-14 15:02:18.402   874   993 D lights  : write_int open fd=258
06-14 15:02:18.405   874   931 D DisplayPowerState: Screen ready
06-14 15:02:18.410   272   272 I PerfService: PerfServiceNative_notifyDisplayType:0
06-14 15:02:18.410   272   272 I SurfaceFlinger: [Built-in Screen (type:0)] fps:0.374663,dur:82741.12,max:81980.10,min:16.07
06-14 15:02:18.413   272   272 D GraphicBuffer: free, handle(0x7f79812520) (w:1080 h:1920 s:1088 f:0x1 u:0x000b00)
06-14 15:02:18.420   874   931 D DisplayPowerState: setScreenBrightness: brightness=34
06-14 15:02:18.421   874   931 D DisplayPowerState: Requesting new screen state: state=ON, backlight=34
06-14 15:02:18.421   874   993 D lights  : write 34 to /sys/class/leds/lcd-backlight/brightness
06-14 15:02:18.421   874   931 D DisplayPowerState: Screen not ready
06-14 15:02:18.421   874   993 D lights  : write_int open fd=258
06-14 15:02:18.421   874   993 D DisplayPowerState: Updating screen state: state=ON, backlight=34, backlightChanged=true
06-14 15:02:18.424  1860  1860 V SettingsInterface:  from settings cache , name = multi_sim_voice_call , value = null
06-14 15:02:18.424   874   931 D DisplayPowerState: Screen ready
06-14 15:02:18.426  1860  1860 V SettingsInterface:  from settings cache , name = multi_sim_voice_call , value = null
06-14 15:02:18.428  1860  1860 V SettingsInterface:  from settings cache , name = multi_sim_voice_call , value = null
06-14 15:02:18.428   874  1832 V ActivityManager: Broadcast: Intent { act=com.meitu.mkit.mkeepalive.action.TIME_TICK flg=0x10 } ordered=false userid=0 callerApp=ProcessRecord{1fbff4c2 32679:com.meitu.mtsdk/u0a249}
06-14 15:02:18.429  1860  1860 V SettingsInterface:  from settings cache , name = multi_sim_voice_call , value = null
06-14 15:02:18.431  1860  1860 V SettingsInterface:  from settings cache , name = multi_sim_voice_call , value = null
06-14 15:02:18.433  1860  1860 V SettingsInterface:  from settings cache , name = multi_sim_voice_call , value = null
06-14 15:02:18.433  1561  1561 D PowerBroadcastCenter: receive intent: android.intent.action.SCREEN_ON
06-14 15:02:18.435   874  1848 D AlarmManager: manual remove option = PendingIntent{308896e8: PendingIntentRecord{7658c08 com.meizu.battery broadcastIntent}}
06-14 15:02:18.433  1561  2082 D SQLiteDatabase: beginTransaction()
06-14 15:02:18.436   874  1245 D AlarmManager: manual remove option = PendingIntent{27932101: PendingIntentRecord{3372517b com.meizu.battery broadcastIntent}}
06-14 15:02:18.434  1561  2082 D PowerGaugeStats: delete record in db: battery_screen < time: 13-15-02-18
06-14 15:02:18.436   874  1245 V AlarmManager: remove(operation) changed bounds; rebatching com.meizu.power.powerexception
06-14 15:02:18.435  1561  2082 D PowerGaugeStats: execute battery screen sql phrase: insert into battery_screen (time, screen) values (1497423738433, 2) current utc time: 14-15-02-18
06-14 15:02:18.436   874  1245 V AlarmManager: isPowerSavingStart = true
06-14 15:02:18.435  1561  1717 I BatteryConsumeMonitor: idleModeFlag : false
06-14 15:02:18.436   874  1245 V AlarmManager: isAlarmNeedAlign : android skip!
06-14 15:02:18.435  1561  2082 D SQLiteDatabase: endTransaction()
06-14 15:02:18.437   874  1245 V AlarmManager: isPowerSavingStart = true
06-14 15:02:18.437  1835  1958 D SleepModeEngine: receive screen state: 1
06-14 15:02:18.437   874  1245 V AlarmManager: isAlarmNeedAlign = true
06-14 15:02:18.437   874   931 D DisplayPowerState: setScreenBrightness: brightness=36
06-14 15:02:18.438   874   993 D lights  : write 36 to /sys/class/leds/lcd-backlight/brightness
06-14 15:02:18.437   874  1245 V AlarmManager: isPowerSavingStart = true
06-14 15:02:18.438   874   993 D lights  : write_int open fd=258
06-14 15:02:18.437   874  1245 V AlarmManager: isAlarmNeedAlign = true
06-14 15:02:18.439  1835  1835 D BroadcastCenter: receive intent: android.intent.action.SCREEN_ON
06-14 15:02:18.437   874  1245 V AlarmManager: isPowerSavingStart = true
06-14 15:02:18.442   874  1245 D AlarmManager:  alarm = Alarm{35798ba6 type 3 when 17:25:30 start 17:25:30 end 17:25:30 android} add to Batch{35b139e7 num=1 start=21631909 end=21631909}
06-14 15:02:18.437   874  1245 V AlarmManager: isAlarmNeedAlign = true
06-14 15:02:18.443   874   874 D AlarmAlignManager: I got broadcast:android.intent.action.SCREEN_ON
06-14 15:02:18.437   874  1245 V AlarmManager: isPowerSavingStart = true
06-14 15:02:18.444   874  1245 D AlarmManager:  alarm = Alarm{bc43994 type 0 when 23:00:00 start 23:00:00 end 23:00:00 com.android.settings} add to Batch{288fcc3d num=1 start=41701662 end=41701662 STANDALONE}
06-14 15:02:18.437   874  1245 V AlarmManager: isAlarmNeedAlign = true
06-14 15:02:18.445   874   874 D WifiStateMachine: onReceive, action:android.intent.action.SCREEN_ON
06-14 15:02:18.437   874  1245 V AlarmManager: isPowerSavingStart = true
06-14 15:02:18.446   874   968 E WifiStateMachine: cancelDelayedScan -> 31
06-14 15:02:18.437   874  1245 V AlarmManager: isAlarmNeedAlign = true
06-14 15:02:18.446   874   968 D WifiHW  : enter -->wifi_send_command cmd=IFNAME=wlan0 SET pno 0
06-14 15:02:18.438   874   931 D DisplayPowerState: Requesting new screen state: state=ON, backlight=36
06-14 15:02:18.447   874  1245 D AlarmManager:  alarm = Alarm{9a2bc32 type 1 when 00:00:00 start 23:59:59 end 00:00:00 com.meizu.flyme.launcher} add to Batch{304d8d83 num=1 start=45301662 end=45301662 STANDALONE}
06-14 15:02:18.438   874   931 D DisplayPowerState: Screen not ready
06-14 15:02:18.447   874   874 D lights  : color_to_brightness, color=200,state->color=1000
06-14 15:02:18.438   874   993 D DisplayPowerState: Updating screen state: state=ON, backlight=36, backlightChanged=true
06-14 15:02:18.447  1428  1428 D wpa_supplicant: wlan0: Control interface command 'SET pno 0'
06-14 15:02:18.439   874   931 D AutomaticBrightnessController: updateAutoBrightness: adjGamma=0.77916455
06-14 15:02:18.447   874   874 D lights  : blink_button, level=512, onMS=0, offMS=0
06-14 15:02:18.439   874   931 D AutomaticBrightnessController: updateAutoBrightness: gamma=0.77916455, in=0.3529412, out=0.4442073
06-14 15:02:18.447  1428  1428 D wpa_supplicant: CTRL_IFACE SET 'pno'='0'
06-14 15:02:18.439   874  1830 V ActivityManager: Broadcast sticky: Intent { act=android.intent.action.SIG_STR flg=0x20000010 (has extras) } ordered=false userid=-1 callerApp=ProcessRecord{2de77b41 874:system/1000}
06-14 15:02:18.447   874   968 D WifiHW  : leave --> reply=OK
06-14 15:02:18.447   874   968 D WifiHW  : 
06-14 15:02:18.440   874  1245 V AlarmManager: isPowerSavingStart = true
06-14 15:02:18.447   874   874 D lights  : color_to_brightness, color=400,state->color=4000
06-14 15:02:18.440   874  1245 V AlarmManager: isAlarmNeedAlign = true
06-14 15:02:18.447   874   874 D lights  : blink_button, level=1024, onMS=0, offMS=0
06-14 15:02:18.440   874  1245 V AlarmManager: isPowerSavingStart = true
06-14 15:02:18.447   874   874 D LedTest : mNotificationLight.turnOffFlick() && turnOffDoubleFlick() called!
06-14 15:02:18.440   874  1245 V AlarmManager: isAlarmNeedAlign = true
06-14 15:02:18.448   874   874 D AudioSystem: +setParameters(): screen_state=on 
06-14 15:02:18.440   874  1245 V AlarmManager: isPowerSavingStart = true
06-14 15:02:18.449   301  6737 I AudioFlinger: setParameters(): io 0, keyvalue screen_state=on, calling pid 874
06-14 15:02:18.440   874  1245 V AlarmManager: isAlarmNeedAlign = true
06-14 15:02:18.449   874  1245 D AlarmManager:  alarm = Alarm{28755b00 type 1 when 00:00:00 start 00:00:00 end 23:59:59 android} add to Batch{304d8d83 num=2 start=45301662 end=45301662 STANDALONE}
06-14 15:02:18.440   874  1245 V AlarmManager: isPowerSavingStart = true
06-14 15:02:18.449   301  6737 D AudioALSAHardware: +setParameters(): screen_state=on
06-14 15:02:18.440   874  1245 V AlarmManager: isAlarmNeedAlign = true
06-14 15:02:18.449   301  6737 D AudioALSAStreamOut: +setLowLatencyMode(), mode 1
06-14 15:02:18.441   874  1245 V AlarmManager: isPowerSavingStart = true
06-14 15:02:18.449   301  6737 D AudioALSAHardware: -setParameters(): screen_state=on 
06-14 15:02:18.441   874  1245 V AlarmManager: isAlarmNeedAlign = true
06-14 15:02:18.449   301  6737 D bt_audio_a2dp_hw: [A2DP_HW] [adev_set_parameters@1540] out is null , check in stream
06-14 15:02:18.441   874  1245 V AlarmManager: isPowerSavingStart = true
06-14 15:02:18.449   301  6737 I str_params: key: 'screen_state' value: 'on'
06-14 15:02:18.441   874  1245 V AlarmManager: isAlarmNeedAlign : android skip!
06-14 15:02:18.449   301  6737 D usb_audio_hw: adev_set_parameters: kvpairs = screen_state=on
06-14 15:02:18.441   874   931 D DisplayPowerState: Screen ready
06-14 15:02:18.449   874   874 D AudioSystem: -setParameters(): screen_state=on 
06-14 15:02:18.441   874  1245 V AlarmManager: isPowerSavingStart = true
06-14 15:02:18.451   874  1245 D AlarmManager:  alarm = Alarm{1db1ef39 type 1 when 00:00:00 start 00:00:00 end 00:00:00 com.meizu.safe} add to Batch{304d8d83 num=3 start=45301662 end=45301662 STANDALONE}
06-14 15:02:18.441   874  1245 V AlarmManager: isAlarmNeedAlign = true
06-14 15:02:18.451   874   874 D PerfService: [PerfService] Intent.ACTION_SCREEN_ON 
06-14 15:02:18.441   874  1245 V AlarmManager: isPowerSavingStart = true
06-14 15:02:18.451   874   985 D PerfServiceManager: [PerfService] MESSAGE_USER_RESTORE_ALL 
06-14 15:02:18.441   874  1245 V AlarmManager: isAlarmNeedAlign = true
06-14 15:02:18.452   874   968 E native  : do suspend false
06-14 15:02:18.452   874   968 D WifiHW  : enter -->wifi_send_command cmd=IFNAME=wlan0 DRIVER SETSUSPENDMODE 0
06-14 15:02:18.456   874   874 D WifiService: onReceive, action:android.intent.action.SCREEN_ON
06-14 15:02:18.452  1428  1428 D wpa_supplicant: wlan0: Control interface command 'DRIVER SETSUSPENDMODE 0'
06-14 15:02:18.456   874   970 D WifiController: DeviceActiveState{ when=0 what=155650 target=com.android.internal.util.StateMachine$SmHandler }
06-14 15:02:18.453  1428  1428 D wpa_supplicant: iface wlan0 recv cmd SETSUSPENDMODE 0
06-14 15:02:18.456   874   970 D WifiController: StaEnabledState{ when=0 what=155650 target=com.android.internal.util.StateMachine$SmHandler }
06-14 15:02:18.453  1428  1428 D wpa_supplicant: nl80211: Test Mode buflen = 12, ifindex=10
06-14 15:02:18.456   874   970 D WifiController: DefaultState{ when=0 what=155650 target=com.android.internal.util.StateMachine$SmHandler }
06-14 15:02:18.454   874  1245 D AlarmManager:  alarm = Alarm{1abc697e type 1 when 00:00:00 start 00:00:00 end 00:00:00 com.android.calendar} add to Batch{304d8d83 num=4 start=45301662 end=45301662 STANDALONE}
06-14 15:02:18.456   874   970 D AlarmManager: manual remove option = PendingIntent{148e0987: PendingIntentRecord{2ccb60b4 android broadcastIntent}}
06-14 15:02:18.455   874   874 D GestureManager: onReceive(), ACTION_SCREEN_ON
06-14 15:02:18.457   874   966 D NetworkPolicy: rule3gBackgroundChanged 10000 false
06-14 15:02:18.456   874  1245 D AlarmManager:  alarm = Alarm{1fd17edf type 0 when 07:00:00 start 07:00:00 end 07:00:00 com.android.settings} add to Batch{2055272c num=1 start=70501662 end=70501662 STANDALONE}
06-14 15:02:18.457   874   966 D NetworkPolicy: ruleWifiBackgroundChanged 10000 false
06-14 15:02:18.457   874   966 V NetworkStats: setKernelCounterSet uid=10000 set=1
06-14 15:02:18.459   874   993 D lights  : write 37 to /sys/class/leds/lcd-backlight/brightness
06-14 15:02:18.458   874   931 D DisplayPowerState: setScreenBrightness: brightness=37
06-14 15:02:18.459   874   993 D lights  : write_int open fd=259
06-14 15:02:18.458   874   931 D DisplayPowerState: Requesting new screen state: state=ON, backlight=37
06-14 15:02:18.461  1231  1231 D trafficPower: send screen on event----------
06-14 15:02:18.458   874   931 D DisplayPowerState: Screen not ready
06-14 15:02:18.463   874  1882 D LinkWakenInterception: isInterceptAsUsual, the callerPkg(com.meizu.safe) and calleePkg are same, return false.
06-14 15:02:18.459   874   966 D NetworkPolicy: rule3gBackgroundChanged 10005 false
06-14 15:02:18.464   874  1882 D Interception: isInterceptByRule realCallingPid: 1231 isInterceptAsUsual: false isMatch: false, runType===retrieve_service|||callerPkg===com.meizu.safe|||calleePkg===com.meizu.safe|||calleeClass===com.meizu.networkmanager.service.PowerSavingControllService|||processName===com.meizu.safe|||action===*|||data===*|||extras===Bundle[mParcelledData.dataSize=164]|||interception===false
06-14 15:02:18.459   874   966 D NetworkPolicy: ruleWifiBackgroundChanged 10005 false
06-14 15:02:18.464  1561  1717 I BatteryConsumeMonitor: cancelRepeatAlarm
06-14 15:02:18.459   874   966 V NetworkStats: setKernelCounterSet uid=10005 set=1
06-14 15:02:18.464  1835  1958 D SleepModeEngine: current minutes: 902
06-14 15:02:18.459   874   966 D NetworkPolicy: rule3gBackgroundChanged 10027 false
06-14 15:02:18.464  1835  1958 D SleepModeEngine: handle screen on, previous is not sleep mode, restore status
06-14 15:02:18.459   874   966 D NetworkPolicy: ruleWifiBackgroundChanged 10027 false
06-14 15:02:18.466   874  1832 D AlarmManager:  alarm = Alarm{2c7929fb type 3 when 17:25:30 start 17:25:30 end 17:25:30 android} add to Batch{d838a18 num=1 start=21631909 end=21631909}
06-14 15:02:18.459   874   966 V NetworkStats: setKernelCounterSet uid=10027 set=1
06-14 15:02:18.468  1231  1231 D trafficPower: event已发送
06-14 15:02:18.459   874   966 D NetworkPolicy: rule3gBackgroundChanged 10053 false
06-14 15:02:18.468  1231  1231 D trafficPower: Power service onCreate
06-14 15:02:18.459   874   966 D NetworkPolicy: ruleWifiBackgroundChanged 10053 false
06-14 15:02:18.470   874  1832 D AlarmManager:  alarm = Alarm{3ba54c71 type 0 when 23:00:00 start 22:59:59 end 23:00:00 com.android.settings} add to Batch{13122a56 num=1 start=41701662 end=41701662 STANDALONE}
06-14 15:02:18.459   874   966 V NetworkStats: setKernelCounterSet uid=10053 set=1
06-14 15:02:18.471   874  1832 D AlarmManager:  alarm = Alarm{3c266ad7 type 1 when 00:00:00 start 00:00:00 end 00:00:00 com.android.calendar} add to Batch{a332fc4 num=1 start=45301662 end=45301662 STANDALONE}
06-14 15:02:18.459   874   993 D DisplayPowerState: Updating screen state: state=ON, backlight=37, backlightChanged=true
06-14 15:02:18.471   874   993 D lights  : write 39 to /sys/class/leds/lcd-backlight/brightness
06-14 15:02:18.459   874   966 D NetworkPolicy: rule3gBackgroundChanged 10063 false
06-14 15:02:18.471   874   993 D lights  : write_int open fd=258
06-14 15:02:18.459   874   966 D NetworkPolicy: ruleWifiBackgroundChanged 10063 false
06-14 15:02:18.471  1428  1428 D wpa_supplicant: ret = 0, nl=-1912469952
06-14 15:02:18.459   874   966 V NetworkStats: setKernelCounterSet uid=10063 set=1
06-14 15:02:18.471  1428  1428 D wpa_supplicant: wpa_driver_nl80211_driver_cmd: ret = 0 used = 2 total = 4096
06-14 15:02:18.459   874   966 D NetworkPolicy: rule3gBackgroundChanged 10069 false
06-14 15:02:18.471  1428  1428 I wpa_supplicant: wpa_driver_nl80211_driver_cmd: buf =  ret = 2 used = 2 total = 4096
06-14 15:02:18.459   874   966 D NetworkPolicy: ruleWifiBackgroundChanged 10069 false
06-14 15:02:18.472  1860  1860 V SettingsInterface:  from settings cache , name = multi_sim_voice_call , value = null
06-14 15:02:18.459   874   966 V NetworkStats: setKernelCounterSet uid=10069 set=1
06-14 15:02:18.472   874   968 D WifiHW  : leave --> reply=
06-14 15:02:18.460   874   966 D ConnectivityService: onUidRulesChanged(uid=10000, uidRules=0)
06-14 15:02:18.473   874   968 D WifiStateMachine: Cancel setStopScanAlarm!
06-14 15:02:18.460   874   966 D ConnectivityService: onUidRulesChanged(uid=10005, uidRules=0)
06-14 15:02:18.474  1860  1860 V SettingsInterface:  from settings cache , name = multi_sim_voice_call , value = null
06-14 15:02:18.460   874   966 D ConnectivityService: onUidRulesChanged(uid=10027, uidRules=0)
06-14 15:02:18.475  1860  1860 V SettingsInterface:  from settings cache , name = multi_sim_voice_call , value = null
06-14 15:02:18.460   874   966 D ConnectivityService: onUidRulesChanged(uid=10053, uidRules=0)
06-14 15:02:18.477   874  1832 D AlarmManager:  alarm = Alarm{25f13ead type 1 when 00:00:00 start 00:00:00 end 00:00:00 com.meizu.safe} add to Batch{a332fc4 num=2 start=45301662 end=45301662 STANDALONE}
06-14 15:02:18.460   874   966 D ConnectivityService: onUidRulesChanged(uid=10063, uidRules=0)
06-14 15:02:18.477  1860  1860 V SettingsInterface:  from settings cache , name = multi_sim_voice_call , value = null
06-14 15:02:18.460   874   966 D ConnectivityService: onUidRulesChanged(uid=10069, uidRules=0)
06-14 15:02:18.481   874   874 D WifiStateMachine: onReceive, action:android.intent.action.SERVICE_STATE
06-14 15:02:18.462  1231  1231 W ContextImpl: Calling a method in the system process without a qualified user: android.app.ContextImpl.startService:1863 android.content.ContextWrapper.startService:516 com.meizu.networkmanager.k.k.a:97 com.meizu.networkmanager.k.k.a:46 com.meizu.networkmanager.k.k.a:50 
06-14 15:02:18.481   874   874 D WifiStateMachine: mReceiver: ACTION_SERVICE_STATE_CHANGED
06-14 15:02:18.462   874   931 D DisplayPowerState: Screen ready
06-14 15:02:18.481   874   874 D WifiStateMachine: ServiceState: 1 :null
06-14 15:02:18.464   874  1832 D AlarmManager: manual remove option = PendingIntent{32319f8a: PendingIntentRecord{141b4174 com.meizu.alphame broadcastIntent}}
06-14 15:02:18.481   874   874 V SettingsInterface:  from settings cache , name = choose_network_provider_mode , value = auto
06-14 15:02:18.464   874  1832 V AlarmManager: remove(operation) changed bounds; rebatching com.meizu.alphame.system.standby
06-14 15:02:18.483  1860  1860 D PhoneApp: PhoneAppBroadcastReceiver.onReceiver(android.intent.action.SERVICE_STATE)
06-14 15:02:18.471   874   931 D DisplayPowerState: setScreenBrightness: brightness=39
06-14 15:02:18.484  1860  1860 D NotificationMgr: updateNetworkSelection() serviceState: 1, slotId: 1, subId: -3, phoneType: 1
06-14 15:02:18.471   874   931 D DisplayPowerState: Requesting new screen state: state=ON, backlight=39
06-14 15:02:18.484  1860  1860 D NotificationMgr: updateNetworkSelection()...state = 1 not updating network due to invalid subId -3
06-14 15:02:18.471   874   931 D DisplayPowerState: Screen not ready
06-14 15:02:18.484  1860  1860 D NotificationMgr: cancelNetworkSelection()...
06-14 15:02:18.471   874   993 D DisplayPowerState: Updating screen state: state=ON, backlight=39, backlightChanged=true
06-14 15:02:18.486   874  1832 D AlarmManager:  alarm = Alarm{f9e95e2 type 1 when 00:00:00 start 00:00:00 end 00:00:00 com.meizu.flyme.launcher} add to Batch{a332fc4 num=3 start=45301662 end=45301662 STANDALONE}
06-14 15:02:18.473   874   968 D AlarmManager: manual remove option = PendingIntent{4dafaa3: PendingIntentRecord{2d98f159 android broadcastIntent}}
06-14 15:02:18.487   874  1832 D AlarmManager:  alarm = Alarm{6fcdd73 type 1 when 00:00:00 start 00:00:00 end 00:00:00 com.meizu.flyme.input} add to Batch{a332fc4 num=4 start=45301662 end=45301662 STANDALONE}
06-14 15:02:18.474   874   931 D DisplayPowerState: Screen ready
06-14 15:02:18.488   874  1832 D AlarmManager:  alarm = Alarm{3f158430 type 0 when 07:00:00 start 07:00:00 end 07:00:00 com.android.settings} add to Batch{179018a9 num=1 start=70501662 end=70501662 STANDALONE}
06-14 15:02:18.479   874  1712 V ActivityManager: Broadcast sticky: Intent { act=android.intent.action.SERVICE_STATE flg=0x10 (has extras) } ordered=false userid=-1 callerApp=ProcessRecord{2de77b41 874:system/1000}
06-14 15:02:18.489   874   993 D lights  : write 40 to /sys/class/leds/lcd-backlight/brightness
06-14 15:02:18.481   874   874 D LocationManagerService: NetworkStateReceiver intent=Intent { act=android.intent.action.SERVICE_STATE flg=0x10 (has extras) }
06-14 15:02:18.489   874   993 D lights  : write_int open fd=258
06-14 15:02:18.481   874   874 D LocationManagerService: ACTION_SERVICE_STATE_CHANGED state = 1
06-14 15:02:18.489  1231  1231 D trafficPower: 收到事件eventName=ScreenOnEvent
06-14 15:02:18.488   874   931 D DisplayPowerState: setScreenBrightness: brightness=40
06-14 15:02:18.489  1231  1231 D trafficPower: 收到事件:ScreenOnEvent
06-14 15:02:18.488   874   931 D DisplayPowerState: Requesting new screen state: state=ON, backlight=40
06-14 15:02:18.489  1231  1231 D trafficPower: eventName=ScreenOnEvent, hasExisted=false
06-14 15:02:18.488   874   931 D DisplayPowerState: Screen not ready
06-14 15:02:18.489  1231  1231 D trafficPower: eventName=ScreenOnEvent，压入队列
06-14 15:02:18.489   874   993 D DisplayPowerState: Updating screen state: state=ON, backlight=40, backlightChanged=true
06-14 15:02:18.489  1231  1231 D trafficPower: ------发送处理事件消息
06-14 15:02:18.489  1231   355 D trafficPower: 处理事件请求
06-14 15:02:18.489  1231   355 D trafficPower: 开始处理ScreenOnEvent事件
06-14 15:02:18.490   874   968 D WifiStateMachine: Screen on, transition to mDisconnectedState!
06-14 15:02:18.490   874   968 V SettingsInterface:  from settings cache , name = wifi_framework_scan_interval_ms , value = null
06-14 15:02:18.495   874   968 D WifiStateMachine: mFrameworkScanStopSupport:true, mFrameworkScanStopDelayMs:300000
06-14 15:02:18.496   874   968 D WifiHW  : enter -->wifi_send_command cmd=IFNAME=wlan0 BLACKLIST clear
06-14 15:02:18.496  1231   355 D trafficPower: 处理亮幕事件
06-14 15:02:18.496  1428  1428 D wpa_supplicant: wlan0: Control interface command 'BLACKLIST clear'
06-14 15:02:18.496  1231   355 D trafficPower: 退出省电模式，恢复所有应用网络含白名单
06-14 15:02:18.496  1231   355 D trafficPower: ------------getAllRecoveryAppList--------------
06-14 15:02:18.500   874   931 D DisplayPowerState: Screen ready
06-14 15:02:18.496  1428  1428 D wpa_supplicant: Removed BSSID 98:01:a7:9e:dd:75 from blacklist (clear)
06-14 15:02:18.497   874   968 D WifiHW  : leave --> reply=OK
06-14 15:02:18.497   874   968 D WifiHW  : 
06-14 15:02:18.498  2611  2611 D SimChangedReceiver: [SimChangedReceiver] on server changed:solt1/state:1
06-14 15:02:18.499   874   922 D GpsLocationProvider: receive broadcast intent, action: android.intent.action.SCREEN_ON
06-14 15:02:18.499   874  1884 D LinkWakenInterception: isInterceptAsUsual, the callerPkg(com.meizu.flyme.service.find) and calleePkg are same, return false.
06-14 15:02:18.499   874  1884 D Interception: isInterceptByRule realCallingPid: 2611 isInterceptAsUsual: false isMatch: false, runType===retrieve_service|||callerPkg===com.meizu.flyme.service.find|||calleePkg===com.meizu.flyme.service.find|||calleeClass===com.meizu.flyme.service.find.SimChangeHandleService|||processName===com.meizu.flyme.service.find|||action===*|||data===*|||extras===*|||interception===false
06-14 15:02:18.500   874   922 V SettingsInterface:  from settings cache , name = batterySaverGpsMode , value = null
06-14 15:02:18.502  1231   355 D trafficTest: PackageManagerUtil --> pkName=com.meizu.flyme.telecom getUid=10043
06-14 15:02:18.502  1231   355 D trafficPower: database not has recovery app record,start get net limited system app
06-14 15:02:18.506   874   931 D DisplayPowerState: setScreenBrightness: brightness=42
06-14 15:02:18.503  2611  2611 D SimChangeHandleService: Create service!
06-14 15:02:18.506   874   931 D DisplayPowerState: Requesting new screen state: state=ON, backlight=42
06-14 15:02:18.503  2611  2611 D SimChangeHandleService: onStartCommand
06-14 15:02:18.506   874   931 D DisplayPowerState: Screen not ready
06-14 15:02:18.506   874   993 D DisplayPowerState: Updating screen state: state=ON, backlight=42, backlightChanged=true
06-14 15:02:18.506   874   993 D lights  : write 42 to /sys/class/leds/lcd-backlight/brightness
06-14 15:02:18.506   874   993 D lights  : write_int open fd=258
06-14 15:02:18.508   874   931 D DisplayPowerState: Screen ready
06-14 15:02:18.511  1835  1973 D SystemStateEngine: SystemStateEngine onStateChange: 1
06-14 15:02:18.512  1561  1589 D AppManager: system change: 1
06-14 15:02:18.512  1561  1589 D DeviceManager: system change: 1
06-14 15:02:18.512  1561  1589 D DeviceManager: open wifi scan...
06-14 15:02:18.512  1561  1589 D WifiManagerFlyme: disableScanInterface: false
06-14 15:02:18.512  1561  1589 E WifiManagerFlyme: disableScanInterface exception: java.lang.NoSuchMethodException
06-14 15:02:18.513  1561  1589 D PowerGaugeStats: system change: 1
06-14 15:02:18.513  1561  2082 D PowerGaugeStats:  MSG_LEVEL_COMPUTE processLevelStats
06-14 15:02:18.513  1561  2082 D SQLiteDatabase: beginTransaction()
06-14 15:02:18.514  1561  2082 D PowerGaugeStats: delete record in db: battery_level < time: 13-15-02-18
06-14 15:02:18.514  1561  2082 D PowerGaugeStats: execute battery level sql phrase: insert into battery_level (time, level, plugged, status) values (1497423738513, 100, 1, 1) current utc time: 14-15-02-18
06-14 15:02:18.523   874   931 D DisplayPowerState: setScreenBrightness: brightness=43
06-14 15:02:18.514  1561  2082 D SQLiteDatabase: endTransaction()
06-14 15:02:18.523   874   931 D DisplayPowerState: Requesting new screen state: state=ON, backlight=43
06-14 15:02:18.516  1040  1040 V PhoneStatusBar: onReceive: Intent { act=android.intent.action.SCREEN_ON flg=0x50000010 }
06-14 15:02:18.523   874   931 D DisplayPowerState: Screen not ready
06-14 15:02:18.523   874   993 D DisplayPowerState: Updating screen state: state=ON, backlight=43, backlightChanged=true
06-14 15:02:18.523   874   993 D lights  : write 43 to /sys/class/leds/lcd-backlight/brightness
06-14 15:02:18.523   874   993 D lights  : write_int open fd=258
06-14 15:02:18.530   874   931 D DisplayPowerState: Screen ready
06-14 15:02:18.530  1860  1860 D Telephony: FlymeUsageLogMgr: onReceive() action: android.intent.action.SCREEN_ON
06-14 15:02:18.533  1860  1860 D Telephony: MzGlobalDataRelauncher: SCREEN_ON, start scheduler...
06-14 15:02:18.533  1860  1860 D Telephony: MzGlobalDataRelauncher: startSearchCurrentMcc()... delay: 5000
06-14 15:02:18.533  1860  1860 V SettingsInterface:  from settings cache , name = rp_orders_latest_overtime , value = null
06-14 15:02:18.540   874   931 D DisplayPowerState: setScreenBrightness: brightness=45
06-14 15:02:18.540   874   931 D DisplayPowerState: Requesting new screen state: state=ON, backlight=45
06-14 15:02:18.540   874   993 D lights  : write 45 to /sys/class/leds/lcd-backlight/brightness
06-14 15:02:18.540   874   931 D DisplayPowerState: Screen not ready
06-14 15:02:18.540   874   993 D lights  : write_int open fd=258
06-14 15:02:18.540   874   993 D DisplayPowerState: Updating screen state: state=ON, backlight=45, backlightChanged=true
06-14 15:02:18.542   874   931 D DisplayPowerState: Screen ready
06-14 15:02:18.557   874   931 D DisplayPowerState: setScreenBrightness: brightness=47
06-14 15:02:18.558   874   931 D DisplayPowerState: Requesting new screen state: state=ON, backlight=47
06-14 15:02:18.558   874   993 D lights  : write 47 to /sys/class/leds/lcd-backlight/brightness
06-14 15:02:18.558   874   931 D DisplayPowerState: Screen not ready
06-14 15:02:18.558   874   993 D lights  : write_int open fd=258
06-14 15:02:18.558   874   993 D DisplayPowerState: Updating screen state: state=ON, backlight=47, backlightChanged=true
06-14 15:02:18.560   874   931 D DisplayPowerState: Screen ready
06-14 15:02:18.575   874   931 D DisplayPowerState: setScreenBrightness: brightness=48
06-14 15:02:18.575   874   931 D DisplayPowerState: Requesting new screen state: state=ON, backlight=48
06-14 15:02:18.575   874   993 D lights  : write 48 to /sys/class/leds/lcd-backlight/brightness
06-14 15:02:18.575   874   931 D DisplayPowerState: Screen not ready
06-14 15:02:18.575   874   993 D lights  : write_int open fd=258
06-14 15:02:18.575   874   993 D DisplayPowerState: Updating screen state: state=ON, backlight=48, backlightChanged=true
06-14 15:02:18.577   874   931 D DisplayPowerState: Screen ready
06-14 15:02:18.587  1231   355 D trafficPower: uid=10009, appName=媒体存储, pkName=com.android.providers.media, modernNetStatus=false, wifiNetStatus=true
06-14 15:02:18.592   874   931 D DisplayPowerState: setScreenBrightness: brightness=50
06-14 15:02:18.592   874   931 D DisplayPowerState: Requesting new screen state: state=ON, backlight=50
06-14 15:02:18.592   874   993 D lights  : write 50 to /sys/class/leds/lcd-backlight/brightness
06-14 15:02:18.592   874   931 D DisplayPowerState: Screen not ready
06-14 15:02:18.592   874   993 D lights  : write_int open fd=258
06-14 15:02:18.592   874   993 D DisplayPowerState: Updating screen state: state=ON, backlight=50, backlightChanged=true
06-14 15:02:18.594   874   931 D DisplayPowerState: Screen ready
06-14 15:02:18.597  1231   355 D trafficPower: uid=10013, appName=系统桌面, pkName=com.meizu.flyme.launcher, modernNetStatus=false, wifiNetStatus=true
06-14 15:02:18.609   874   931 D DisplayPowerState: setScreenBrightness: brightness=51
06-14 15:02:18.609   874   931 D DisplayPowerState: Requesting new screen state: state=ON, backlight=51
06-14 15:02:18.609   874   993 D lights  : write 51 to /sys/class/leds/lcd-backlight/brightness
06-14 15:02:18.609   874   931 D DisplayPowerState: Screen not ready
06-14 15:02:18.610   874   993 D lights  : write_int open fd=258
06-14 15:02:18.609   874   993 D DisplayPowerState: Updating screen state: state=ON, backlight=51, backlightChanged=true
06-14 15:02:18.612   874   931 D DisplayPowerState: Screen ready
06-14 15:02:18.627   874   931 D DisplayPowerState: setScreenBrightness: brightness=53
06-14 15:02:18.627   874   931 D DisplayPowerState: Requesting new screen state: state=ON, backlight=53
06-14 15:02:18.627   874   931 D DisplayPowerState: Screen not ready
06-14 15:02:18.627   874   993 D lights  : write 53 to /sys/class/leds/lcd-backlight/brightness
06-14 15:02:18.627   874   993 D DisplayPowerState: Updating screen state: state=ON, backlight=53, backlightChanged=true
06-14 15:02:18.627   874   993 D lights  : write_int open fd=258
06-14 15:02:18.629   874   931 D DisplayPowerState: Screen ready
06-14 15:02:18.644   874   931 D DisplayPowerState: setScreenBrightness: brightness=54
06-14 15:02:18.644   874   931 D DisplayPowerState: Requesting new screen state: state=ON, backlight=54
06-14 15:02:18.645   874   931 D DisplayPowerState: Screen not ready
06-14 15:02:18.645   874   993 D lights  : write 54 to /sys/class/leds/lcd-backlight/brightness
06-14 15:02:18.645   874   993 D DisplayPowerState: Updating screen state: state=ON, backlight=54, backlightChanged=true
06-14 15:02:18.645   874   993 D lights  : write_int open fd=258
06-14 15:02:18.647   874   931 D DisplayPowerState: Screen ready
06-14 15:02:18.648   874   968 E WifiStateMachine: WifiStateMachine Disconnected CMD_START_SCAN source -2 32, 33 -> obsolete
06-14 15:02:18.661   874   931 D DisplayPowerState: setScreenBrightness: brightness=56
06-14 15:02:18.662   874   931 D DisplayPowerState: Requesting new screen state: state=ON, backlight=56
06-14 15:02:18.662   874   931 D DisplayPowerState: Screen not ready
06-14 15:02:18.662   874   993 D lights  : write 56 to /sys/class/leds/lcd-backlight/brightness
06-14 15:02:18.662   874   993 D DisplayPowerState: Updating screen state: state=ON, backlight=56, backlightChanged=true
06-14 15:02:18.662   874   993 D lights  : write_int open fd=258
06-14 15:02:18.665   874   931 D DisplayPowerState: Screen ready
06-14 15:02:18.679   874   931 D DisplayPowerState: setScreenBrightness: brightness=57
06-14 15:02:18.679   874   931 D DisplayPowerState: Requesting new screen state: state=ON, backlight=57
06-14 15:02:18.679   874   931 D DisplayPowerState: Screen not ready
06-14 15:02:18.679   874   993 D lights  : write 57 to /sys/class/leds/lcd-backlight/brightness
06-14 15:02:18.679   874   993 D DisplayPowerState: Updating screen state: state=ON, backlight=57, backlightChanged=true
06-14 15:02:18.680   874   993 D lights  : write_int open fd=258
06-14 15:02:18.682   874   931 D DisplayPowerState: Screen ready
06-14 15:02:18.696   874   931 D DisplayPowerState: setScreenBrightness: brightness=59
06-14 15:02:18.696   874   931 D DisplayPowerState: Requesting new screen state: state=ON, backlight=59
06-14 15:02:18.697   874   993 D lights  : write 59 to /sys/class/leds/lcd-backlight/brightness
06-14 15:02:18.696   874   931 D DisplayPowerState: Screen not ready
06-14 15:02:18.697   874   993 D lights  : write_int open fd=258
06-14 15:02:18.696   874   993 D DisplayPowerState: Updating screen state: state=ON, backlight=59, backlightChanged=true
06-14 15:02:18.699   874   931 D DisplayPowerState: Screen ready
06-14 15:02:18.713   874   931 D DisplayPowerState: setScreenBrightness: brightness=60
06-14 15:02:18.714   874   931 D DisplayPowerState: Requesting new screen state: state=ON, backlight=60
06-14 15:02:18.714   874   931 D DisplayPowerState: Screen not ready
06-14 15:02:18.714   874   993 D lights  : write 60 to /sys/class/leds/lcd-backlight/brightness
06-14 15:02:18.714   874   993 D DisplayPowerState: Updating screen state: state=ON, backlight=60, backlightChanged=true
06-14 15:02:18.714   874   993 D lights  : write_int open fd=258
06-14 15:02:18.716   874   931 D DisplayPowerState: Screen ready
06-14 15:02:18.725   874   955 D InputReader: AP_PROF:AppLaunch_dispatchPtr:Down:8220575, ID:0, Index:1928307600
06-14 15:02:18.726   874   955 V SettingsInterface:  from settings cache , name = home_slide_ltr , value = null
06-14 15:02:18.726   874   985 D PerfServiceManager: [PerfService] MESSAGE_USER_ENABLE_TIMEOUT_MS: 12, 2000 
06-14 15:02:18.726   874   985 I libPerfService: 12: set freq: 1235000
06-14 15:02:18.726   874   955 V SettingsInterface:  from settings cache , name = home_slide_rtl , value = null
06-14 15:02:18.726   874   955 V SettingsInterface:  from settings cache , name = home_slide_dtu , value = null
06-14 15:02:18.727   874   985 I libPerfService: 12: set: 4
06-14 15:02:18.727  1040  1040 D PalmRejection: add tips layout, mScreenOnAndTooClose = false, mTipsViewAdded = false
06-14 15:02:18.730  1231   355 D trafficPower: uid=10042, appName=文件管理, pkName=com.meizu.filemanager, modernNetStatus=false, wifiNetStatus=true
06-14 15:02:18.730   874   931 D DisplayPowerState: setScreenBrightness: brightness=62
06-14 15:02:18.730   874   931 D DisplayPowerState: Requesting new screen state: state=ON, backlight=62
06-14 15:02:18.730   874   931 D DisplayPowerState: Screen not ready
06-14 15:02:18.730   874   993 D lights  : write 62 to /sys/class/leds/lcd-backlight/brightness
06-14 15:02:18.730   874   993 D DisplayPowerState: Updating screen state: state=ON, backlight=62, backlightChanged=true
06-14 15:02:18.730   874   993 D lights  : write_int open fd=258
06-14 15:02:18.732   874   931 D DisplayPowerState: Screen ready
06-14 15:02:18.747   874   931 D DisplayPowerState: setScreenBrightness: brightness=63
06-14 15:02:18.747  1040  1040 D PalmRejection: add tips layout, mScreenOnAndTooClose = false, mTipsViewAdded = false
06-14 15:02:18.747   874   931 D DisplayPowerState: Requesting new screen state: state=ON, backlight=63
06-14 15:02:18.747   874   931 D DisplayPowerState: Screen not ready
06-14 15:02:18.748   874   993 D lights  : write 63 to /sys/class/leds/lcd-backlight/brightness
06-14 15:02:18.748   874   993 D DisplayPowerState: Updating screen state: state=ON, backlight=63, backlightChanged=true
06-14 15:02:18.748   874   993 D lights  : write_int open fd=258
06-14 15:02:18.749   874   931 D DisplayPowerState: Screen ready
06-14 15:02:18.765   874   931 D DisplayPowerState: setScreenBrightness: brightness=65
06-14 15:02:18.765  1040  1040 D PalmRejection: add tips layout, mScreenOnAndTooClose = false, mTipsViewAdded = false
06-14 15:02:18.765   874   931 D DisplayPowerState: Requesting new screen state: state=ON, backlight=65
06-14 15:02:18.765   874   931 D DisplayPowerState: Screen not ready
06-14 15:02:18.765   874   993 D lights  : write 65 to /sys/class/leds/lcd-backlight/brightness
06-14 15:02:18.765   874   993 D DisplayPowerState: Updating screen state: state=ON, backlight=65, backlightChanged=true
06-14 15:02:18.765  1040  1040 D PanelBar: onTrackingStarted
06-14 15:02:18.765  1040  1040 D PhoneStatusBar: onTrackingStarted hasActiveNotificationsAndShowLockScreenNotification = false
06-14 15:02:18.765   874   993 D lights  : write_int open fd=258
06-14 15:02:18.766  1040  1040 D ChargeViewUtils: onExpandingStarted
06-14 15:02:18.766   874   985 D PerfServiceManager: [PerfService] MESSAGE_USER_ENABLE_TIMEOUT_MS: 13, 1000 
06-14 15:02:18.766   874   985 I libPerfService: 13: set freq: 1300000
06-14 15:02:18.767   874   931 D DisplayPowerState: Screen ready
06-14 15:02:18.766  1040  1040 D PhoneStatusBar: shouldChargingViewShow hasActiveNotificationsAndShowLockScreenNotification() = false, mNotificationPanel.isExpanding() = true, mNotificationPanel.isNotificationPanelFullyExpandedOnKeyguardShade() = false, mQsExpansionFraction = 0.0, isKeyguardShadeMode() = false, mKeyguardMusicController.isMusicViewShowing() = false, isQsExpanded() = false, mNotificationPanel.isMzKeyguardAffordanceHelperSwiping() = false, mNotificationPanel.shouldCameraIntercept()false, isInLaunchTransition()false
06-14 15:02:18.766  1040  1040 I ChargeViewUtils: updateChargingState shouldChargingViewShow = false , mPluggedIn = false
06-14 15:02:18.766  1040  1040 D PhoneStatusBar: shouldChargingViewShow hasActiveNotificationsAndShowLockScreenNotification() = false, mNotificationPanel.isExpanding() = true, mNotificationPanel.isNotificationPanelFullyExpandedOnKeyguardShade() = false, mQsExpansionFraction = 0.0, isKeyguardShadeMode() = false, mKeyguardMusicController.isMusicViewShowing() = false, isQsExpanded() = false, mNotificationPanel.isMzKeyguardAffordanceHelperSwiping() = false, mNotificationPanel.shouldCameraIntercept()false, isInLaunchTransition()false
06-14 15:02:18.766  1040  1040 D PanelView: non keyguard-shade mode, notify panel expansion change normally
06-14 15:02:18.766   874   985 I libPerfService: 13: set: 6
06-14 15:02:18.771  1231   355 D trafficPower: uid=10056, appName=福利中心, pkName=com.meizu.compaign, modernNetStatus=false, wifiNetStatus=true
06-14 15:02:18.782   874   931 D DisplayPowerState: setScreenBrightness: brightness=67
06-14 15:02:18.782   874   931 D DisplayPowerState: Requesting new screen state: state=ON, backlight=67
06-14 15:02:18.782  1040  1040 D PalmRejection: add tips layout, mScreenOnAndTooClose = false, mTipsViewAdded = false
06-14 15:02:18.782   874   931 D DisplayPowerState: Screen not ready
06-14 15:02:18.782   874   993 D lights  : write 67 to /sys/class/leds/lcd-backlight/brightness
06-14 15:02:18.782   874   993 D DisplayPowerState: Updating screen state: state=ON, backlight=67, backlightChanged=true
06-14 15:02:18.782   874   993 D lights  : write_int open fd=258
06-14 15:02:18.783  1040  1040 D PanelView: non keyguard-shade mode, notify panel expansion change normally
06-14 15:02:18.783  1040  1040 D PanelView: notifyExpandedOnShadeChanged fullyExpandedOnShade = false
06-14 15:02:18.784   874   931 D DisplayPowerState: Screen ready
06-14 15:02:18.785   874   900 I libPerfService: perfSetFavorPid - pid:0, 0
06-14 15:02:18.786  1231   355 D trafficPower: uid=10026, appName=录音机, pkName=com.android.soundrecorder, modernNetStatus=false, wifiNetStatus=true
06-14 15:02:18.799   874   931 D DisplayPowerState: setScreenBrightness: brightness=68
06-14 15:02:18.799   874   931 D DisplayPowerState: Requesting new screen state: state=ON, backlight=68
06-14 15:02:18.799  1040  1040 D PalmRejection: add tips layout, mScreenOnAndTooClose = false, mTipsViewAdded = false
06-14 15:02:18.799   874   931 D DisplayPowerState: Screen not ready
06-14 15:02:18.799   874   993 D lights  : write 68 to /sys/class/leds/lcd-backlight/brightness
06-14 15:02:18.799   874   993 D DisplayPowerState: Updating screen state: state=ON, backlight=68, backlightChanged=true
06-14 15:02:18.800   874   993 D lights  : write_int open fd=258
06-14 15:02:18.800  1040  1040 D ColorMasking: updateMaskingColor, frank = 0.39707482,isExpendfalse, mHasNotificationfalse
06-14 15:02:18.801  1040  1040 D ColorMasking: hideCover
06-14 15:02:18.801  1040  1040 D ColorMasking: hideCover
06-14 15:02:18.801  1040  1040 D PanelView: non keyguard-shade mode, notify panel expansion change normally
06-14 15:02:18.801   874   931 D DisplayPowerState: Screen ready
06-14 15:02:18.817   874   931 D DisplayPowerState: setScreenBrightness: brightness=70
06-14 15:02:18.817  1040  1040 D PalmRejection: add tips layout, mScreenOnAndTooClose = false, mTipsViewAdded = false
06-14 15:02:18.817   874   931 D DisplayPowerState: Requesting new screen state: state=ON, backlight=70
06-14 15:02:18.817   874   931 D DisplayPowerState: Screen not ready
06-14 15:02:18.817   874   993 D lights  : write 70 to /sys/class/leds/lcd-backlight/brightness
06-14 15:02:18.817   874   993 D DisplayPowerState: Updating screen state: state=ON, backlight=70, backlightChanged=true
06-14 15:02:18.818   874   993 D lights  : write_int open fd=258
06-14 15:02:18.818  1040  1040 D ColorMasking: updateMaskingColor, frank = 0.94112074,isExpendfalse, mHasNotificationfalse
06-14 15:02:18.820   874   931 D DisplayPowerState: Screen ready
06-14 15:02:18.818  1040  1040 D ColorMasking: hideCover
06-14 15:02:18.818  1040  1040 D ColorMasking: hideCover
06-14 15:02:18.818  1040  1040 D PanelView: non keyguard-shade mode, notify panel expansion change normally
06-14 15:02:18.834   874   931 D DisplayPowerState: setScreenBrightness: brightness=71
06-14 15:02:18.834  1040  1040 D PalmRejection: add tips layout, mScreenOnAndTooClose = false, mTipsViewAdded = false
06-14 15:02:18.834   874   931 D DisplayPowerState: Requesting new screen state: state=ON, backlight=71
06-14 15:02:18.834   874   931 D DisplayPowerState: Screen not ready
06-14 15:02:18.834   874   993 D lights  : write 71 to /sys/class/leds/lcd-backlight/brightness
06-14 15:02:18.834   874   993 D DisplayPowerState: Updating screen state: state=ON, backlight=71, backlightChanged=true
06-14 15:02:18.834   874   993 D lights  : write_int open fd=258
06-14 15:02:18.834  1040  1040 D ColorMasking: updateMaskingColor, frank = 1.0,isExpendfalse, mHasNotificationfalse
06-14 15:02:18.834  1040  1040 D ColorMasking: hideCover
06-14 15:02:18.835  1040  1040 D ColorMasking: hideCover
06-14 15:02:18.835  1040  1040 D PanelView: non keyguard-shade mode, notify panel expansion change normally
06-14 15:02:18.836   874   931 D DisplayPowerState: Screen ready
06-14 15:02:18.847  1231   355 D trafficPower: uid=10030, appName=钱包, pkName=com.meizu.flyme.wallet, modernNetStatus=false, wifiNetStatus=true
06-14 15:02:18.851   874   931 D DisplayPowerState: setScreenBrightness: brightness=73
06-14 15:02:18.851  1040  1040 D PalmRejection: add tips layout, mScreenOnAndTooClose = false, mTipsViewAdded = false
06-14 15:02:18.851   874   931 D DisplayPowerState: Requesting new screen state: state=ON, backlight=73
06-14 15:02:18.851   874   931 D DisplayPowerState: Screen not ready
06-14 15:02:18.851   874   993 D lights  : write 73 to /sys/class/leds/lcd-backlight/brightness
06-14 15:02:18.851   874   993 D DisplayPowerState: Updating screen state: state=ON, backlight=73, backlightChanged=true
06-14 15:02:18.852   874   993 D lights  : write_int open fd=258
06-14 15:02:18.852  1040  1040 D PanelView: non keyguard-shade mode, notify panel expansion change normally
06-14 15:02:18.854   874   931 D DisplayPowerState: Screen ready
06-14 15:02:18.868   874   931 D DisplayPowerState: setScreenBrightness: brightness=74
06-14 15:02:18.868   874   931 D DisplayPowerState: Requesting new screen state: state=ON, backlight=74
06-14 15:02:18.868  1040  1040 D PalmRejection: add tips layout, mScreenOnAndTooClose = false, mTipsViewAdded = false
06-14 15:02:18.868   874   931 D DisplayPowerState: Screen not ready
06-14 15:02:18.869   874   993 D lights  : write 74 to /sys/class/leds/lcd-backlight/brightness
06-14 15:02:18.868   874   993 D DisplayPowerState: Updating screen state: state=ON, backlight=74, backlightChanged=true
06-14 15:02:18.869   874   993 D lights  : write_int open fd=258
06-14 15:02:18.869  1040  1040 D PanelView: non keyguard-shade mode, notify panel expansion change normally
06-14 15:02:18.871   874   931 D DisplayPowerState: Screen ready
06-14 15:02:18.883  1231   355 D trafficPower: uid=10033, appName=应用商店, pkName=com.meizu.mstore, modernNetStatus=false, wifiNetStatus=true
06-14 15:02:18.885   874   931 D DisplayPowerState: setScreenBrightness: brightness=76
06-14 15:02:18.886  1040  1040 D PalmRejection: add tips layout, mScreenOnAndTooClose = false, mTipsViewAdded = false
06-14 15:02:18.886   874   931 D DisplayPowerState: Requesting new screen state: state=ON, backlight=76
06-14 15:02:18.886   874   931 D DisplayPowerState: Screen not ready
06-14 15:02:18.886   874   993 D lights  : write 76 to /sys/class/leds/lcd-backlight/brightness
06-14 15:02:18.886   874   993 D DisplayPowerState: Updating screen state: state=ON, backlight=76, backlightChanged=true
06-14 15:02:18.886   874   993 D lights  : write_int open fd=258
06-14 15:02:18.886  1040  1040 D PanelView: non keyguard-shade mode, notify panel expansion change normally
06-14 15:02:18.888   874   931 D DisplayPowerState: Screen ready
06-14 15:02:18.899   874   955 D InputReader: AP_PROF:AppLaunch_dispatchPtr:Up:8220749, ID:0, Index:1928309920
06-14 15:02:18.899   874   954 I PerfService: PerfServiceNative_boostDisableAsync:5
06-14 15:02:18.900   874   985 I libPerfService: 5: set: 6
06-14 15:02:18.900   874   985 I libPerfService: 5: set freq: 1300000
06-14 15:02:18.900  1040  1040 D PalmRejection: add tips layout, mScreenOnAndTooClose = false, mTipsViewAdded = false
06-14 15:02:18.900  1040  1040 D PanelView: non keyguard-shade mode, notify panel expansion change normally
06-14 15:02:18.901  1040  1040 D PalmRejection: add tips layout, mScreenOnAndTooClose = false, mTipsViewAdded = false
06-14 15:02:18.901  1040  1040 D PanelView: shouldFlingExpands  vel = -12830.96, vectorVel = 13265.551, mInitialTouchY = 1802.6086mExpandedHeight = 0.0, mIntialPanelHeight = 657.0, getMaxPanelHeight() = 657
06-14 15:02:18.901  1040  1040 D PanelBar: onTransitingStoped
06-14 15:02:18.901  1040  1040 D PanelView: non keyguard-shade mode, notify panel expansion change normally
06-14 15:02:18.901  1040  1040 D QSPanel : setListening: old: true, new: false
06-14 15:02:18.903   874   931 D DisplayPowerState: setScreenBrightness: brightness=77
06-14 15:02:18.903   874   931 D DisplayPowerState: Requesting new screen state: state=ON, backlight=77
06-14 15:02:18.903   874   931 D DisplayPowerState: Screen not ready
06-14 15:02:18.903   874   993 D DisplayPowerState: Updating screen state: state=ON, backlight=77, backlightChanged=true
06-14 15:02:18.903   874   993 D lights  : write 77 to /sys/class/leds/lcd-backlight/brightness
06-14 15:02:18.903   874   993 D lights  : write_int open fd=258
06-14 15:02:18.903  1040  1040 D ChargeViewUtils: onExpandingFinished
06-14 15:02:18.905  1040  1040 V PanelView: disable pull-down on keyguard-normal.
06-14 15:02:18.905  1040  1040 D PanelView: non keyguard-shade mode, notify panel expansion change normally
06-14 15:02:18.905  1040  1040 D PanelView: non keyguard-shade mode, notify panel expansion change normally
06-14 15:02:18.905   874   931 D DisplayPowerState: Screen ready
06-14 15:02:18.906   874  1879 W ContextImpl: Calling a method in the system process without a qualified user: android.app.ContextImpl.sendBroadcast:1474 com.android.server.statusbar.StatusBarManagerService.onPanelHidden:555 com.android.internal.statusbar.IStatusBarService$Stub.onTransact:192 android.os.Binder.execTransact:454 <bottom of call stack> 
06-14 15:02:18.906   874  1879 V ActivityManager: Broadcast: Intent { act=com.android.systemui.ACTION_QUIT_SYSTEMUI flg=0x40000010 } ordered=false userid=0 callerApp=ProcessRecord{2de77b41 874:system/1000}
06-14 15:02:18.906  1040  1040 D StatusBarKeyguardViewManager: dismiss(authenticated = false) is called. mScreenOn = true
06-14 15:02:18.906  1040  1040 D KeyguardBouncer: show(resetSecuritySelection = falseauthenticated = false) is called.
06-14 15:02:18.906  1040  1040 D KeyguardSecurityModel: isPinPukOrMeRequiredOfSubId() - phoneId = 0, simState = ABSENT
06-14 15:02:18.906  1040  1040 D KeyguardSecurityModel: isPinPukOrMeRequiredOfSubId() - phoneId = 1, simState = ABSENT
06-14 15:02:18.906  1040  1040 D AntiTheftManager: getCurrentAntiTheftMode() is called.
06-14 15:02:18.907  1040  1040 D KeyguardSecurityModel: getSecurityMode() - PW_Quality = 0
06-14 15:02:18.908  1040  1040 D LockPatternUtils: s=true ,L=false ,q=false ,v=false
06-14 15:02:18.908  1040  1040 D KeyguardSecurityModel: getSecurityMode() - mode = None
06-14 15:02:18.908  1040  1040 D KeyguardViewBase: dismiss(authenticated = false) is called.
06-14 15:02:18.908  1040  1040 D KeyguardSecurityContainer: showNextSecurityScreenOrFinish(false)
06-14 15:02:18.908  1040  1040 D KeyguardSecurityContainer: showNext.. mCurrentSecuritySelection = None
06-14 15:02:18.909  1040  1040 D KeyguardSecurityModel: isPinPukOrMeRequiredOfSubId() - phoneId = 0, simState = ABSENT
06-14 15:02:18.909  1040  1040 D KeyguardSecurityModel: isPinPukOrMeRequiredOfSubId() - phoneId = 1, simState = ABSENT
06-14 15:02:18.909  1040  1040 D AntiTheftManager: getCurrentAntiTheftMode() is called.
06-14 15:02:18.909  1040  1040 D KeyguardSecurityModel: getSecurityMode() - PW_Quality = 0
06-14 15:02:18.910  1040  1040 D LockPatternUtils: s=true ,L=false ,q=false ,v=false
06-14 15:02:18.910  1040  1040 D KeyguardSecurityModel: getSecurityMode() - mode = None
06-14 15:02:18.910  1040  1040 D KeyguardSecurityContainer: showNextSecurityScreenOrFinish() - securityMode is None, just finish.
06-14 15:02:18.910  1040  1040 D KeyguardViewMediator: updateNavbarStatus() is called.
06-14 15:02:18.910  1040  1040 D KeyguardViewBase: finish() is called.
06-14 15:02:18.910  1040  1040 D VoiceWakeupManager: getInstance(...) is called.
06-14 15:02:18.910  1040  1040 D VoiceWakeupManager: isDismissAndLaunchApp() mIsDismissAndLaunchApp = false
06-14 15:02:18.911  1040  1040 D KeyguardViewMediator: keyguardDone(true, wakeup = true).
06-14 15:02:18.911  1040  1040 D KeyguardMobEventUtils: collectUnlockMode mode = 0 ,way = 3
06-14 15:02:18.911  1040  1040 D KeyguardSecurityContainer: showNextSecurityScreenOrFinish() - return finish = true
06-14 15:02:18.911  1040  1040 D PhoneStatusBar: disable: 0x01200000 -> 0x01b20000 (diff: 0x00920000)
06-14 15:02:18.911  1040  1040 D PhoneStatusBar: disable: < expand ICONS* alerts SYSTEM_INFO* back HOME RECENT CLOCK* search >
06-14 15:02:18.915  1040  1040 D KeyguardViewMediator: handleKeyguardDone, authenticated=true wakeup=true
06-14 15:02:18.915  1040  1040 D KeyguardViewMediator: set mKeyguardDoneOnGoing = true
06-14 15:02:18.915  1040  1040 D KeyguardViewMediator: handleHide
06-14 15:02:18.916  1040  1040 D KeyguardViewMediator: keyguard going away, mUnlockAndWakeup = false, getLaunchGestureUnlocked = 0, isSecure = false
06-14 15:02:18.920   874   931 D DisplayPowerState: setScreenBrightness: brightness=79
06-14 15:02:18.920   874   931 D DisplayPowerState: Requesting new screen state: state=ON, backlight=79
06-14 15:02:18.920   874   993 D lights  : write 79 to /sys/class/leds/lcd-backlight/brightness
06-14 15:02:18.920   874   931 D DisplayPowerState: Screen not ready
06-14 15:02:18.921   874   993 D lights  : write_int open fd=258
06-14 15:02:18.920   874   993 D DisplayPowerState: Updating screen state: state=ON, backlight=79, backlightChanged=true
06-14 15:02:18.923   874   931 D DisplayPowerState: Screen ready
06-14 15:02:18.925  1040  1040 D KeyguardViewMediator: handleStartKeyguardExitAnimation() is called.
06-14 15:02:18.925   874   985 D PerfServiceManager: [PerfService] MESSAGE_USER_ENABLE_TIMEOUT_MS: 13, 1000 
06-14 15:02:18.925  1040  1040 D KeyguardViewMediator: playSounds(locked = false), mSuppressNextLockSound =false
06-14 15:02:18.925  1040  1040 D KeyguardViewMediator: setShowingLocked() - showing = false, mShowing = true
06-14 15:02:18.925  1040  1040 D KeyguardViewMediator: setShowingLocked() - set mShowing = false
06-14 15:02:18.926  1040  1040 D StatusBarKeyguardViewManager: hide() is called.
06-14 15:02:18.926  1040  1040 D PhoneStatusBar: disable: 0x01b20000 -> 0x01200000 (diff: 0x00920000)
06-14 15:02:18.926  1040  1040 D PhoneStatusBar: disable: < expand icons* alerts system_info* back HOME RECENT clock* search >
06-14 15:02:18.927  1040  1040 D PanelView: non keyguard-shade mode, notify panel expansion change normally
06-14 15:02:18.927  1040  1040 D PanelView: non keyguard-shade mode, notify panel expansion change normally
06-14 15:02:18.927  1040  1040 I MeizuKeyguardThemeManager: setBarState ------ statusBarState=0,keyguardFadingAway=true,goingToFullShade=false,keyguardShowing=false
06-14 15:02:18.927  1040  1040 I MeizuKeyguardThemeManager: setBarState 0
06-14 15:02:18.928  1040  1040 D KeyguardMusicController: isMusicPlaying 0
06-14 15:02:18.928  1040  1040 D PanelView: setKeyguardStatusViewVisibility statusBarState = 0, isMusicPlaying = false,keyguardFadingAway = true, goingToFullShade = false, mStatusBarState = 1
06-14 15:02:18.928  1040  1040 D KeyguardMusicController: isMusicPlaying 0
06-14 15:02:18.928  1040  1040 D ChargeViewUtils: onNotificationCountChaned hasActiveNotifications = false, mHasActiveNotifications = false
06-14 15:02:18.928  1040  1040 I PhoneStatusBar: updateNotificationCountChange,mLastHasNotification:false , hasActiveNotifications:false
06-14 15:02:18.928  1040  1040 V PhoneStatusBar: DEBUG_MEDIA: updateDropViews for notification null metadata=null metaDataChanged=false state=0 notificationChanged = false hasArtwork false wallpaperChanged = false
06-14 15:02:18.929  1040  1040 D KeyguardSecurityModel: isPinPukOrMeRequiredOfSubId() - phoneId = 0, simState = ABSENT
06-14 15:02:18.929  1040  1040 D KeyguardSecurityModel: isPinPukOrMeRequiredOfSubId() - phoneId = 1, simState = ABSENT
06-14 15:02:18.929  1040  1040 D AntiTheftManager: getCurrentAntiTheftMode() is called.
06-14 15:02:18.929  1040  1040 D KeyguardSecurityModel: getSecurityMode() - PW_Quality = 0
06-14 15:02:18.930  1040  1040 D LockPatternUtils: s=true ,L=false ,q=false ,v=false
06-14 15:02:18.930  1040  1040 D KeyguardSecurityModel: getSecurityMode() - mode = None
06-14 15:02:18.931  1040  1040 D KeyguardMusicController: onHideKeyguard keyguardFadingAway true
06-14 15:02:18.931  1040  2068 D WifiTile: handleUpdateState arg=null
06-14 15:02:18.931  1040  2068 D MobileDataTile: handleUpdateState arg=null
06-14 15:02:18.931  1040  1040 D KeyguardMusicController: showOrHideKeyguardMusicView show = false, mKeyguardMusicView = com.meizu.media.music.KeyguardMusicView{14055669 G.E..... ......I. 0,0-0,0 #7f0e00b7 app:id/keyguard_music_view}, mKeyguardShow = false
06-14 15:02:18.931  1040  1040 D KeyguardMusicController: unregisterRemoteController,mRemoteController:android.media.RemoteController@1db70dcf
06-14 15:02:18.931  1040  2068 V SettingsInterface:  from settings cache , name = location_providers_allowed , value = default
06-14 15:02:18.931  1040  2068 V SettingsInterface:  from settings cache , name = location_providers_allowed , value = default
06-14 15:02:18.931  1040  2068 D LocationController: state.contentDescription=位置报告功能关闭。 locationEnabled=false
06-14 15:02:18.931  1040  1040 D KeyguardMusicController: unbindMusicSupportService mBindSupportService = false
06-14 15:02:18.931  1040  1040 D ChargeViewUtils: onHideKeyguard
06-14 15:02:18.931  1040  2068 V SettingsInterface:  from settings cache , name = airplane_mode_on , value = 0
06-14 15:02:18.931  1040  1040 V KeyguardUpdateMonitor: *** unregister callback for com.android.systemui.keyguard.ChargeViewUtils$1@108724a8
06-14 15:02:18.931  1040  2068 D AirplaneModeTile: handleUpdateState: false, 0, null
06-14 15:02:18.931  1040  1040 D BlurUtils: onHideKeyguard keyguardFadingAway = true
06-14 15:02:18.931  1040  2068 D AirplaneModeTile: handleUpdateState(), common flow
06-14 15:02:18.933  1040  1040 D KeyguardBouncer: hide() is called, destroyView = true
06-14 15:02:18.933  1040  1040 D KeyguardSecurityContainer: onPause()
06-14 15:02:18.933  1040  1040 D KeyguardBouncer: call removeView()
06-14 15:02:18.933  1040  1040 D KeyguardBouncer: removeView() - really remove all views.
06-14 15:02:18.934  1040  2068 D BluetoothAdapter: isEnabled
06-14 15:02:18.934  1040  2068 D BluetoothAdapter: 653040189: getState() :  mService = null. Returning STATE_OFF
06-14 15:02:18.934  1040  1040 V KeyguardDisplayManager: hide
06-14 15:02:18.934  1040  1040 V KeyguardUpdateMonitor: *** unregister callback for com.android.systemui.statusbar.phone.KeyguardBouncer$6@32d03e16
06-14 15:02:18.934  1040  2068 D BluetoothAdapter: 653040189: getState() :  mService = null. Returning STATE_OFF
06-14 15:02:18.934  1040  2068 D BluetoothAdapter: 653040189: getState() :  mService = null. Returning STATE_OFF
06-14 15:02:18.934  1040  1040 D KeyguardBouncer: hide() - user has left keyguard, setAlternateUnlockEnabled(true)
06-14 15:02:18.934  1040  1040 D KeyguardUpdateMonitor: setAlternateUnlockEnabled(enabled = true)
06-14 15:02:18.934  1040  1040 D KeyguardViewMediator: keyguard gone, call mKeyguardDisplayManager.hide()
06-14 15:02:18.934  1040  2068 D BluetoothController: state.contentDescription=蓝牙关闭。 connected=false connecting=false state.label=蓝牙 state.dualLabelContentDescription=蓝牙
06-14 15:02:18.934  1040  1040 D VoiceWakeupManager: notifyKeyguardGoneAndLightUpScreen() enters
06-14 15:02:18.934  1040  1040 D StatusBarKeyguardViewManager: updateStates() - showing = false, mLastShowing = true
06-14 15:02:18.934  1040  1040 D StatusBarKeyguardViewManager: updateStates() - occluded = falsemLastOccluded = false
06-14 15:02:18.934  1040  1040 D StatusBarKeyguardViewManager: updateStates() - bouncerShowing = false, mLastBouncerShowing = false
06-14 15:02:18.934  1040  1040 D StatusBarKeyguardViewManager: updateStates() - mFirstUpdate = false
06-14 15:02:18.934  1040  1040 D KeyguardUpdateMonitor: sendKeyguardVisibilityChanged(false)
06-14 15:02:18.934  1040  1040 D KeyguardViewMediator: updateActivityLockScreenState() - mShowing = false mReadyToShow = false !mOccluded = true
06-14 15:02:18.934  1040  2068 D QSTile.ScreenshotTile: state.value=false
06-14 15:02:18.935   874   985 D PerfServiceManager: [PerfService] MESSAGE_USER_ENABLE_TIMEOUT_MS: 15, 500 
06-14 15:02:18.935   874  1891 I libPerfService: perfSetFavorPid - pid:32424, 7ea8
06-14 15:02:18.936   874  1891 D InputReader: InputReader:: getSwitchState lock 
06-14 15:02:18.936   874  1891 D InputReader: InputReader::getStateLocked:: return 
06-14 15:02:18.937   874  1891 D BatteryStatsImpl: app: 10069 resumed
06-14 15:02:18.937   874   931 D DisplayPowerState: setScreenBrightness: brightness=80
06-14 15:02:18.937   874  1891 W PerfScheduler: Not Boost !
06-14 15:02:18.937   874   931 D DisplayPowerState: Requesting new screen state: state=ON, backlight=80
06-14 15:02:18.938   874   931 D DisplayPowerState: Screen not ready
06-14 15:02:18.938   874   993 D lights  : write 80 to /sys/class/leds/lcd-backlight/brightness
06-14 15:02:18.938   874   993 D DisplayPowerState: Updating screen state: state=ON, backlight=80, backlightChanged=true
06-14 15:02:18.938   874   993 D lights  : write_int open fd=258
06-14 15:02:18.940   874   931 D DisplayPowerState: Screen ready
06-14 15:02:18.942   874  1830 V SettingsInterface:  from settings cache , name = tether_supported , value = null
06-14 15:02:18.942  1040  1040 D KeyguardViewMediator: adjustStatusBarLocked: mShowing=false mOccluded=false isSecure=false --> flags=0x0
06-14 15:02:18.942   874  1830 D Tethering: isGeminiSupport: true
06-14 15:02:18.942   874  1828 I StatusBarManagerService: disable by pkg=com.android.systemui
06-14 15:02:18.943   874  1828 D StatusBarManagerService: disable statusbar calling PID = 1040
06-14 15:02:18.944 32424 32424 V SettingsInterface:  from settings cache , name = mz_status_bar_tint , value = 1
06-14 15:02:18.944 32424 32424 V PhoneWindow: DecorView setVisiblity: visibility = 0 ,Parent =ViewRoot{d238fb4 com.sodino.postdelay/com.sodino.postdelay.MainActivity,ident = 0}, this =com.android.internal.policy.impl.PhoneWindow$DecorView{2fd9cfea V.E..... R.....I. 0,0-1080,1920}
06-14 15:02:18.944   874  1245 V ActivityManager: Broadcast: Intent { act=android.intent.action.USER_PRESENT flg=0x24000010 } ordered=false userid=0 callerApp=ProcessRecord{399f21ed 1040:com.android.systemui/u0a27}
06-14 15:02:18.944  1860  2189 V SettingsInterface:  from settings cache , name = multi_sim_data_call , value = -1
06-14 15:02:18.944   874  1830 E Tethering: updateConfiguration: wrong MCCMNC =null
06-14 15:02:18.945   874  1830 I Tethering: ifaceTypes = null, use default
06-14 15:02:18.947   874  1848 D CSLegacyTypeTracker: getNetworkForType type 0
06-14 15:02:18.945   874  1830 I Tethering: upstreamIfaceTypes.add:0
06-14 15:02:18.947   874  1848 D CSLegacyTypeTracker: getNetworkForType type 1
06-14 15:02:18.945   874  1830 I Tethering: upstreamIfaceTypes.add:1
06-14 15:02:18.947   874  1848 D CSLegacyTypeTracker: getNetworkForType type 2
06-14 15:02:18.945   874  1830 I Tethering: upstreamIfaceTypes.add:5
06-14 15:02:18.947   874  1848 D CSLegacyTypeTracker: getNetworkForType type 3
06-14 15:02:18.945   874  1830 I Tethering: upstreamIfaceTypes.add:7
06-14 15:02:18.947   874  1848 D CSLegacyTypeTracker: getNetworkForType type 4
06-14 15:02:18.945   874  1830 I Tethering: upstreamIfaceTypes.add:9
06-14 15:02:18.947   874  1848 D CSLegacyTypeTracker: getNetworkForType type 5
06-14 15:02:18.945   874  1830 I Tethering: upstreamIfaceTypes.add:49
06-14 15:02:18.947   874  1848 D CSLegacyTypeTracker: getNetworkForType type 7
06-14 15:02:18.945  1040  1040 D KeyguardViewMediator: set mKeyguardDoneOnGoing = false
06-14 15:02:18.947   874  1848 D CSLegacyTypeTracker: getNetworkForType type 10
06-14 15:02:18.946   874   874 V SettingsInterface:  from settings cache , name = accessibility_enabled , value = 0
06-14 15:02:18.947   874  1848 D CSLegacyTypeTracker: getNetworkForType type 11
06-14 15:02:18.947   874  1848 D CSLegacyTypeTracker: getNetworkForType type 12
06-14 15:02:18.947  1561  1561 D PowerBroadcastCenter: receive intent: android.intent.action.USER_PRESENT
06-14 15:02:18.947   874  1848 D CSLegacyTypeTracker: getNetworkForType type 14
06-14 15:02:18.947  1040  1040 D ImageWallpaper: onVisibilityChanged: mVisible, visible=false, true
06-14 15:02:18.947   874  1848 D CSLegacyTypeTracker: getNetworkForType type 15
06-14 15:02:18.947  1040  1040 D ImageWallpaper: Visibility changed to visible=true
06-14 15:02:18.947   874  1848 D CSLegacyTypeTracker: getNetworkForType type 17
06-14 15:02:18.948  1835  1835 D BroadcastCenter: receive intent: android.intent.action.USER_PRESENT
06-14 15:02:18.947   874  1848 D CSLegacyTypeTracker: getNetworkForType type 34
06-14 15:02:18.948  1860  2231 V SettingsInterface:  from settings cache , name = tether_dun_required , value = null
06-14 15:02:18.947   874  1848 D CSLegacyTypeTracker: getNetworkForType type 35
06-14 15:02:18.948  1860  2231 V SettingsInterface:  from settings cache , name = tether_dun_apn , value = null
06-14 15:02:18.947   874  1848 D CSLegacyTypeTracker: getNetworkForType type 36
06-14 15:02:18.949  1040  1040 D ImageWallpaper: Suppressed drawFrame since redraw is not needed and offsets have not changed.
06-14 15:02:18.947   874  1848 D CSLegacyTypeTracker: getNetworkForType type 37
06-14 15:02:18.949   874  1830 I Tethering: checkDunRequired:2
06-14 15:02:18.947   874  1848 D CSLegacyTypeTracker: getNetworkForType type 38
06-14 15:02:18.949   874  1830 D Tethering: mPreferredUpstreamMobileApn = 5
06-14 15:02:18.947   874  1848 D CSLegacyTypeTracker: getNetworkForType type 40
06-14 15:02:18.949   874  1830 D Tethering: isTetheringIpv6Support: true
06-14 15:02:18.947   874  1848 D CSLegacyTypeTracker: getNetworkForType type 41
06-14 15:02:18.949   874  1830 V SettingsInterface:  from settings cache , name = tether_ipv6_feature , value = 0
06-14 15:02:18.947   874  1848 D CSLegacyTypeTracker: getNetworkForType type 49
06-14 15:02:18.949   874  1830 D Tethering: getIpv6FeatureEnable:0
06-14 15:02:18.949  1231  1231 W ContextImpl: Calling a method in the system process without a qualified user: android.app.ContextImpl.startService:1863 android.content.ContextWrapper.startService:516 android.content.ContextWrapper.startService:516 com.meizu.networkmanager.c.l.a:25 com.meizu.networkmanager.boradcast.TrafficGlobalReceiver.b:224 
06-14 15:02:18.951  1231  1231 D trafficTest1: pollingService通知Ui更新
06-14 15:02:18.949   874  1830 D AlarmManager: manual remove option = PendingIntent{21e487eb: PendingIntentRecord{9e5f921 com.meizu.battery broadcastIntent}}
06-14 15:02:18.951  1231  1231 D trafficTest: ----refreshGeneralShowData
06-14 15:02:18.950   874  1830 V AlarmManager: remove(operation) changed bounds; rebatching pm.nonwakeup.powergauge.stats
06-14 15:02:18.951  1231  1231 D trafficTest: ----------widget manager receiver dataChanged
06-14 15:02:18.951  1231  1231 D trafficTest: widget manager send broadcast to widget
06-14 15:02:18.953   874  1884 V ActivityManager: Broadcast: Intent { act=android.com.meizu.safe.provider.SafeWidgetProvider flg=0x10 (has extras) } ordered=false userid=-2 callerApp=ProcessRecord{25d454a8 1231:com.meizu.safe/1000}
06-14 15:02:18.951  1231   355 D trafficPower: uid=10064, appName=便签, pkName=com.meizu.notepaper, modernNetStatus=false, wifiNetStatus=true
06-14 15:02:18.954   874  1848 V WindowManager: Changing focus from Window{2d0534c8 u0 StatusBar} to Window{3f366fcc u0 com.sodino.postdelay/com.sodino.postdelay.MainActivity} Callers=com.android.server.wm.WindowManagerService.relayoutWindow:3701 com.android.server.wm.Session.relayout:203 android.view.IWindowSession$Stub.onTransact:273 com.android.server.wm.Session.onTransact:136 
06-14 15:02:18.951  1561  1750 D PowerGaugeStats: user present on gauge
06-14 15:02:18.954   874   874 D WifiService: onReceive, action:android.intent.action.USER_PRESENT
06-14 15:02:18.952   874  1830 D AlarmManager:  alarm = Alarm{1a79a948 type 3 when 17:25:30 start 17:25:30 end 17:25:30 android} add to Batch{d1133e1 num=1 start=21631909 end=21631909}
06-14 15:02:18.954   874   970 D WifiController: DeviceActiveState{ when=0 what=155660 target=com.android.internal.util.StateMachine$SmHandler }
06-14 15:02:18.953   874   874 V SettingsInterface:  from settings cache , name = enabled_accessibility_services , value = 
06-14 15:02:18.955   874   931 D DisplayPowerState: setScreenBrightness: brightness=82
06-14 15:02:18.953   874   874 V SettingsInterface:  from settings cache , name = touch_exploration_granted_accessibility_services , value = null
06-14 15:02:18.956   874   931 D DisplayPowerState: Requesting new screen state: state=ON, backlight=82
06-14 15:02:18.953   874   874 V SettingsInterface:  from settings cache , name = touch_exploration_enabled , value = 0
06-14 15:02:18.956   874   931 D DisplayPowerState: Screen not ready
06-14 15:02:18.953   874   874 V SettingsInterface:  from settings cache , name = high_text_contrast_enabled , value = null
06-14 15:02:18.957   874   993 D DisplayPowerState: Updating screen state: state=ON, backlight=82, backlightChanged=true
06-14 15:02:18.953   874   874 V SettingsInterface:  from settings cache , name = accessibility_script_injection , value = 0
06-14 15:02:18.957   874   928 I WindowManager: Gaining focus: Window{3f366fcc u0 com.sodino.postdelay/com.sodino.postdelay.MainActivity}
06-14 15:02:18.953   874   874 V SettingsInterface:  from settings cache , name = accessibility_display_magnification_enabled , value = 0
06-14 15:02:18.958   874   928 I WindowManager: Losing focus: Window{2d0534c8 u0 StatusBar}
06-14 15:02:18.953   874   874 V SettingsInterface:  from settings cache , name = accessibility_display_inversion_enabled , value = null
06-14 15:02:18.960   874  1832 V NetworkStats: performPollLocked(flags=0x3)
06-14 15:02:18.953   874   874 V SettingsInterface:  from settings cache , name = accessibility_display_daltonizer_enabled , value = null
06-14 15:02:18.961   874   931 D DisplayPowerState: Screen ready
06-14 15:02:18.953   874   874 D lights  : color_to_brightness, color=200,state->color=1000
06-14 15:02:18.963   874  1832 D NetdConnector: SND -> {689 bandwidth gettetherstats}
06-14 15:02:18.953   874   874 D lights  : blink_button, level=512, onMS=0, offMS=0
06-14 15:02:18.964   296   779 D FrameworkListener: dispatchCommand data = (689 bandwidth gettetherstats)
06-14 15:02:18.954   874   874 D lights  : color_to_brightness, color=400,state->color=4000
06-14 15:02:18.964   296   779 D SocketClient: SocketClient sendData done: 200 689 Tethering stats list completed
06-14 15:02:18.954   874   874 D lights  : blink_button, level=1024, onMS=0, offMS=0
06-14 15:02:18.964   874   960 D NetdConnector: RCV <- {200 689 Tethering stats list completed}
06-14 15:02:18.954   874   874 D LedTest : mNotificationLight.turnOffFlick() && turnOffDoubleFlick() called!
06-14 15:02:18.964   874  1832 D NetdConnector: RMV <- {200 689 Tethering stats list completed}
06-14 15:02:18.954   874  1830 D AlarmManager:  alarm = Alarm{1f81b7c7 type 0 when 23:00:00 start 23:00:00 end 23:00:00 com.android.settings} add to Batch{228c2d1d num=1 start=41701662 end=41701662 STANDALONE}
06-14 15:02:18.964   874  1082 W InputMethodManagerService: Window already focused, ignoring focus gain of: com.android.internal.view.IInputMethodClient$Stub$Proxy@184e2d5 attribute=android.view.inputmethod.EditorInfo@286faaea, token = android.os.BinderProxy@17fe05ff
06-14 15:02:18.955   272   272 I PerfService: PerfServiceNative_notifyDisplayType:1
06-14 15:02:18.967   874  1832 W NetworkStatsRecorder: unknown interfaces [wlan0, lo, p2p0], ignoring those stats
06-14 15:02:18.955   874  1830 D AlarmManager:  alarm = Alarm{2cdc3b92 type 1 when 00:00:00 start 00:00:00 end 00:00:00 com.meizu.flyme.input} add to Batch{18d80963 num=1 start=45301662 end=45301662 STANDALONE}
06-14 15:02:18.967   874  1832 W NetworkStatsRecorder: unknown interfaces [wlan0, lo, p2p0], ignoring those stats
06-14 15:02:18.956  1231  1231 I vpnTrace: notifySavingDataChanged: isShowSavingFunc: false
06-14 15:02:18.967   874  1832 W NetworkStatsRecorder: unknown interfaces [wlan0, lo, p2p0], ignoring those stats
06-14 15:02:18.957   874   993 D lights  : write 82 to /sys/class/leds/lcd-backlight/brightness
06-14 15:02:18.967   874  1832 W NetworkStatsRecorder: unknown interfaces [wlan0, lo, p2p0], ignoring those stats
06-14 15:02:18.957   874   993 D lights  : write_int open fd=259
06-14 15:02:18.972   874   931 D DisplayPowerState: setScreenBrightness: brightness=83
06-14 15:02:18.957   874  1830 D AlarmManager:  alarm = Alarm{c6a5960 type 1 when 00:00:00 start 00:00:00 end 00:00:00 com.meizu.flyme.launcher} add to Batch{18d80963 num=2 start=45301662 end=45301662 STANDALONE}
06-14 15:02:18.972   874   931 D DisplayPowerState: Requesting new screen state: state=ON, backlight=83
06-14 15:02:18.959   874  1830 D AlarmManager:  alarm = Alarm{30c37e19 type 1 when 00:00:00 start 00:00:00 end 23:59:59 com.android.calendar} add to Batch{18d80963 num=3 start=45301663 end=45301662 STANDALONE}
06-14 15:02:18.972   874   931 D DisplayPowerState: Screen not ready
06-14 15:02:18.959  1040  2068 D ScreenRecordController: state.value=false
06-14 15:02:18.972   874   993 D DisplayPowerState: Updating screen state: state=ON, backlight=83, backlightChanged=true
06-14 15:02:18.960   874  1832 V SettingsInterface:  from settings cache , name = netstats_time_cache_max_age , value = null
06-14 15:02:18.974   874   931 D DisplayPowerState: Screen ready
06-14 15:02:18.960   874  1830 D AlarmManager:  alarm = Alarm{33fe7ede type 1 when 00:00:00 start 00:00:00 end 00:00:00 android} add to Batch{18d80963 num=4 start=45301663 end=45301662 STANDALONE}
06-14 15:02:18.980   874  1245 D AlarmManager: manual remove option = PendingIntent{128df478: PendingIntentRecord{31b8c3e8 com.meizu.mstore broadcastIntent}}
06-14 15:02:18.962   874  1830 D AlarmManager:  alarm = Alarm{2bb7d8bf type 0 when 07:00:00 start 07:00:00 end 06:59:59 com.android.settings} add to Batch{40bab8c num=1 start=70501662 end=70501662 STANDALONE}
06-14 15:02:18.963  1561  2082 D PowerAlarmCenter: cancel gauge process alarm detaMills later
06-14 15:02:18.963  1561  2082 D PowerGaugeStats:  MSG_GAUGE_COMPUTE processPowerGaugeStats
06-14 15:02:18.963  1561  2082 D PowerGaugeStats: updateFillGaugeStats
06-14 15:02:18.963 32424 32424 D STATUS_BAR_TINT: isBlackColor=false,color=argb(255,48,63,159)
06-14 15:02:18.963 32424 32424 D STATUS_BAR_TINT: isSimilarColor,red=15,green=18,blue=22
06-14 15:02:18.965  1040  1040 D KeyguardUpdateMonitor: handleKeyguardVisibilityChanged(0)
06-14 15:02:18.965  1040  1040 D PhoneStatusBar: disable: 0x01200000 -> 0x00000000 (diff: 0x01200000)
06-14 15:02:18.965  1040  1040 D PhoneStatusBar: disable: < expand icons alerts system_info back home* recent* clock search >
06-14 15:02:18.966   874  1879 D LinkWakenInterception: isInterceptAsUsual, the callerPkg(com.meizu.net.search) and calleePkg are same, return false.
06-14 15:02:18.966   874  1879 D Interception: isInterceptByRule realCallingPid: 32103 isInterceptAsUsual: false isMatch: false, runType===retrieve_service|||callerPkg===com.meizu.net.search|||calleePkg===com.meizu.net.search|||calleeClass===com.meizu.net.search.hotword.HotWordService|||processName===com.meizu.net.search|||action===*|||data===*|||extras===Bundle[mParcelledData.dataSize=36]|||interception===false
06-14 15:02:18.966  1040  1040 D PhoneStatusBar: hiding the MENU button
06-14 15:02:18.966  1040  1040 D PhoneStatusBar: disable: 0x00000000 -> 0x00000000 (diff: 0x00000000)
06-14 15:02:18.966  1040  1040 D PhoneStatusBar: disable: < expand icons alerts system_info back home recent clock search >
06-14 15:02:18.966  1040  1040 I PalmRejection: disableProximityLockLocked, mProximitySensorEnabled = false
06-14 15:02:18.966  1040  1040 I PalmRejection: disableProximityLockLocked() failed... Proximity Sensor already disabled
06-14 15:02:18.972   874   993 D lights  : write 83 to /sys/class/leds/lcd-backlight/brightness
06-14 15:02:18.972   874   993 D lights  : write_int open fd=283
06-14 15:02:18.975 32152 32152 D ConditionReceiver: Action: android.intent.action.USER_PRESENT bAutoDownload: true
06-14 15:02:18.981 32152 32193 W auto_update_AppAutoUpdateManager: --Screen on and cancel scheduler download
06-14 15:02:18.989   874   931 D DisplayPowerState: setScreenBrightness: brightness=85
06-14 15:02:18.990   874   931 D DisplayPowerState: Requesting new screen state: state=ON, backlight=85
06-14 15:02:18.990   874   993 D lights  : write 85 to /sys/class/leds/lcd-backlight/brightness
06-14 15:02:18.990   874   931 D DisplayPowerState: Screen not ready
06-14 15:02:18.990   874   993 D lights  : write_int open fd=259
06-14 15:02:18.990   874   993 D DisplayPowerState: Updating screen state: state=ON, backlight=85, backlightChanged=true
06-14 15:02:18.992   874   931 D DisplayPowerState: Screen ready
06-14 15:02:19.000   874  1884 D LinkWakenInterception: isInterceptAsUsual, the callerPkg(com.meizu.flyme.weather) and calleePkg are same, return false.
06-14 15:02:19.000   874  1884 D Interception: isInterceptByRule realCallingPid: 32750 isInterceptAsUsual: false isMatch: false, runType===retrieve_service|||callerPkg===com.meizu.flyme.weather|||calleePkg===com.meizu.flyme.weather|||calleeClass===com.meizu.flyme.weather.WidgetProviderService|||processName===com.meizu.flyme.weather|||action===android.intent.action.USER_PRESENT|||data===*|||extras===Bundle[mParcelledData.dataSize=40]|||interception===false
06-14 15:02:19.001  1231   355 D trafficPower: uid=10035, appName=日历, pkName=com.android.calendar, modernNetStatus=false, wifiNetStatus=true
06-14 15:02:19.001   874  1832 V NetworkStats: performPollLocked() took 41ms
06-14 15:02:19.001   874  1832 V SettingsInterface:  from settings cache , name = netstats_sample_enabled , value = null
06-14 15:02:19.003   874  1832 V ActivityManager: Broadcast: Intent { act=com.android.server.action.NETWORK_STATS_UPDATED flg=0x40000010 } ordered=false userid=-1 callerApp=ProcessRecord{2de77b41 874:system/1000}
06-14 15:02:19.005   874   966 V NetworkPolicy: updateNetworkEnabledLocked()
06-14 15:02:19.006  1860  2369 V SettingsInterface:  from settings cache , name = multi_sim_data_call , value = -1
06-14 15:02:19.006  1860  1880 V SettingsInterface:  from settings cache , name = multi_sim_data_call , value = -1
06-14 15:02:19.006   874   966 V NetworkPolicy:  checking policy:NetworkPolicy[NetworkTemplate: matchRule=MOBILE_ALL, matchSubscriberIds=[null]]: cycleDay=19, cycleTimezone=Asia/Shanghai, warningBytes=104857600, limitBytes=-1, lastWarningSnooze=-1, lastLimitSnooze=-1, metered=true, inferred=true
06-14 15:02:19.006   874   966 V NetworkPolicy:  checking policy:NetworkPolicy[NetworkTemplate: matchRule=MOBILE_ALL, subscriberId=460028..., matchSubscriberIds=[460028...]]: cycleDay=1, cycleTimezone=Asia/Shanghai, warningBytes=2412510335, limitBytes=3015637919, lastWarningSnooze=-1, lastLimitSnooze=-1, metered=true, inferred=false
06-14 15:02:19.007   874   993 D lights  : write 87 to /sys/class/leds/lcd-backlight/brightness
06-14 15:02:19.007   874   966 V NetworkPolicy:  checking policy:NetworkPolicy[NetworkTemplate: matchRule=MOBILE_ALL, subscriberId=460006..., matchSubscriberIds=[460006...]]: cycleDay=1, cycleTimezone=Asia/Shanghai, warningBytes=104857600, limitBytes=-1, lastWarningSnooze=-1, lastLimitSnooze=-1, metered=true, inferred=false
06-14 15:02:19.008   874   993 D lights  : write_int open fd=259
06-14 15:02:19.007   874   966 V NetworkPolicy:  checking policy:NetworkPolicy[NetworkTemplate: matchRule=MOBILE_ALL, subscriberId=460028..., matchSubscriberIds=[460028...]]: cycleDay=1, cycleTimezone=Asia/Shanghai, warningBytes=-1, limitBytes=-1, lastWarningSnooze=-1, lastLimitSnooze=-1, metered=true, inferred=false
06-14 15:02:19.008  1860  1881 V SettingsInterface:  from settings cache , name = multi_sim_data_call , value = -1
06-14 15:02:19.007   874   966 V NetworkPolicy: updateNotificationsLocked()
06-14 15:02:19.009  1231  1559 D trafficTest: whichSimSelected slotId=-1,可能是未插卡，也可能是modern挂了，也可能插了双卡，其中流量卡挂了，或还在初始化中, 而另一张卡没有自动切换成流量
06-14 15:02:19.007   874   931 D DisplayPowerState: setScreenBrightness: brightness=87
06-14 15:02:19.009  1231  1559 D NetworkManagementMz: LocalSubscriptionManager: getSubId 0
06-14 15:02:19.007   874   931 D DisplayPowerState: Requesting new screen state: state=ON, backlight=87
06-14 15:02:19.010  1231  1559 D NetworkManagementMz: LocalSubscriptionManager: intSubId -2
06-14 15:02:19.007   874   931 D DisplayPowerState: Screen not ready
06-14 15:02:19.010  1231  1559 D NetworkManagementMz: LocalSubscriptionManager: intSubId -2
06-14 15:02:19.007   874   993 D DisplayPowerState: Updating screen state: state=ON, backlight=87, backlightChanged=true
06-14 15:02:19.010  1231  1559 D NetworkManagementMz: LocalSubscriptionManager: subId[0] is : -2
06-14 15:02:19.010   874   931 D DisplayPowerState: Screen ready
06-14 15:02:19.012  1231  1559 D NetworkManagementMz: LocalTelephonyManager: imsi null
06-14 15:02:19.012  1231  1559 D NetworkManagementMz: LocalSubscriptionManager: getSubId 1
06-14 15:02:19.013  1231  1559 D NetworkManagementMz: LocalSubscriptionManager: intSubId -3
06-14 15:02:19.013  1231  1559 D NetworkManagementMz: LocalSubscriptionManager: intSubId -3
06-14 15:02:19.013  1231  1559 D NetworkManagementMz: LocalSubscriptionManager: subId[1] is : -3
06-14 15:02:19.015  1231  1559 D NetworkManagementMz: LocalTelephonyManager: imsi null
06-14 15:02:19.016  1860  1881 V SettingsInterface:  from settings cache , name = multi_sim_data_call , value = -1
06-14 15:02:19.017  1231  1559 D trafficTest: whichSimSelected slotId=-1,可能是未插卡，也可能是modern挂了，也可能插了双卡，其中流量卡挂了，或还在初始化中, 而另一张卡没有自动切换成流量
06-14 15:02:19.017  1231  1559 D NetworkManagementMz: LocalSubscriptionManager: getSubId 0
06-14 15:02:19.018 32679 32679 D MLog    : Thread:main  InnerReceiver#onReceive()--->USER_PRESENT  applicationContext=com.meitu.mtsdk.AppApplication@308e088c
06-14 15:02:19.018  1231  1559 D NetworkManagementMz: LocalSubscriptionManager: intSubId -2
06-14 15:02:19.018  1231  1559 D NetworkManagementMz: LocalSubscriptionManager: intSubId -2
06-14 15:02:19.018  1231  1559 D NetworkManagementMz: LocalSubscriptionManager: subId[0] is : -2
06-14 15:02:19.020  1231  1559 D NetworkManagementMz: LocalTelephonyManager: imsi null
06-14 15:02:19.020  1231  1559 D NetworkManagementMz: LocalSubscriptionManager: getSubId 1
06-14 15:02:19.021  1231  1559 D NetworkManagementMz: LocalSubscriptionManager: intSubId -3
06-14 15:02:19.021  1231  1559 D NetworkManagementMz: LocalSubscriptionManager: intSubId -3
06-14 15:02:19.021  1231  1559 D NetworkManagementMz: LocalSubscriptionManager: subId[1] is : -3
06-14 15:02:19.023  1231  1559 D NetworkManagementMz: LocalTelephonyManager: imsi null
06-14 15:02:19.023 32679 32679 D MLog    : Thread:main  MKeepAliveReceiver#onReceive()--->action=android.intent.action.USER_PRESENT
06-14 15:02:19.023  1231  1231 D trafficTest: has data listener
06-14 15:02:19.023  1231  1231 D trafficTest1: pollingService通知Ui更新
06-14 15:02:19.023  1231  1231 D trafficTest: ----refreshGeneralShowData
06-14 15:02:19.024   874   931 D DisplayPowerState: setScreenBrightness: brightness=88
06-14 15:02:19.023  1231  1231 D trafficTest: ----------widget manager receiver dataChanged
06-14 15:02:19.023  1231  1231 D trafficTest: widget manager send broadcast to widget
06-14 15:02:19.024 32424 32424 D BgTest  : uiCount 90  +3
06-14 15:02:19.026   874   931 D DisplayPowerState: Requesting new screen state: state=ON, backlight=88
06-14 15:02:19.026   874   931 D DisplayPowerState: Screen not ready
06-14 15:02:19.026   874   993 D DisplayPowerState: Updating screen state: state=ON, backlight=88, backlightChanged=true
06-14 15:02:19.027   874   993 D lights  : write 88 to /sys/class/leds/lcd-backlight/brightness
06-14 15:02:19.027   874  1712 V ActivityManager: Broadcast: Intent { act=android.com.meizu.safe.provider.SafeWidgetProvider flg=0x10 (has extras) } ordered=false userid=-2 callerApp=ProcessRecord{25d454a8 1231:com.meizu.safe/1000}
06-14 15:02:19.027   874   993 D lights  : write_int open fd=259
06-14 15:02:19.028  1231  1231 I vpnTrace: notifySavingDataChanged: isShowSavingFunc: false
06-14 15:02:19.028  1231  1231 D TrafficTest: --------------亮屏且有监听器updateDataInterval = 15000
06-14 15:02:19.029 32679 32679 D MLog    : Thread:main  MKeepAliveService#onStartCommand()--->  onStartCommand  pid 32679 com.meitu.mkit.mkeepalive.MKeepAliveService@35f60051
06-14 15:02:19.029   874   931 D DisplayPowerState: Screen ready
06-14 15:02:19.033  1231  1231 D trafficTest3: ---------widget receiver data change msg
06-14 15:02:19.035  1231  1231 D trafficTest3: updateRemoteView: SimCardTrafficForShow{imsi='null', totalBytes=-1, remainBytes=0, dayUsedBytes=0, leftDays=0, monthUsedbytes=0, usedPercent=0.0, idleMode=false}
06-14 15:02:19.041  1231   355 D trafficPower: uid=10072, appName=新闻资讯, pkName=com.meizu.media.reader, modernNetStatus=false, wifiNetStatus=true
06-14 15:02:19.041   874   931 D DisplayPowerState: setScreenBrightness: brightness=90
06-14 15:02:19.041   874   931 D DisplayPowerState: Requesting new screen state: state=ON, backlight=90
06-14 15:02:19.042   874   993 D lights  : write 90 to /sys/class/leds/lcd-backlight/brightness
06-14 15:02:19.041   874   931 D DisplayPowerState: Screen not ready
06-14 15:02:19.042   874   993 D lights  : write_int open fd=259
06-14 15:02:19.042   874   993 D DisplayPowerState: Updating screen state: state=ON, backlight=90, backlightChanged=true
06-14 15:02:19.044   874   931 D DisplayPowerState: Screen ready
06-14 15:02:19.053   874   900 D CSLegacyTypeTracker: getNetworkForType type 0
06-14 15:02:19.053   874   900 D CSLegacyTypeTracker: getNetworkForType type 1
06-14 15:02:19.053   874   900 D CSLegacyTypeTracker: getNetworkForType type 2
06-14 15:02:19.053   874   900 D CSLegacyTypeTracker: getNetworkForType type 3
06-14 15:02:19.053   874   900 D CSLegacyTypeTracker: getNetworkForType type 4
06-14 15:02:19.053   874   900 D CSLegacyTypeTracker: getNetworkForType type 5
06-14 15:02:19.053   874   900 D CSLegacyTypeTracker: getNetworkForType type 7
06-14 15:02:19.053   874   900 D CSLegacyTypeTracker: getNetworkForType type 10
06-14 15:02:19.053   874   900 D CSLegacyTypeTracker: getNetworkForType type 11
06-14 15:02:19.053   874   900 D CSLegacyTypeTracker: getNetworkForType type 12
06-14 15:02:19.054   874   900 D CSLegacyTypeTracker: getNetworkForType type 14
06-14 15:02:19.054   874   900 D CSLegacyTypeTracker: getNetworkForType type 15
06-14 15:02:19.054   874   900 D CSLegacyTypeTracker: getNetworkForType type 17
06-14 15:02:19.054   874   900 D CSLegacyTypeTracker: getNetworkForType type 34
06-14 15:02:19.054   874   900 D CSLegacyTypeTracker: getNetworkForType type 35
06-14 15:02:19.054   874   900 D CSLegacyTypeTracker: getNetworkForType type 36
06-14 15:02:19.054   874   900 D CSLegacyTypeTracker: getNetworkForType type 37
06-14 15:02:19.054   874   900 D CSLegacyTypeTracker: getNetworkForType type 38
06-14 15:02:19.054   874   900 D CSLegacyTypeTracker: getNetworkForType type 40
06-14 15:02:19.054   874   900 D CSLegacyTypeTracker: getNetworkForType type 41
06-14 15:02:19.054   874   900 D CSLegacyTypeTracker: getNetworkForType type 49
06-14 15:02:19.057  1231  1231 D RemoteViews: mActions is repeat
06-14 15:02:19.057  1231  1231 D RemoteViews: mActions is repeat
06-14 15:02:19.057  1561  2082 D PowerGaugeStats: cpu stats: uid=1001 totalTime=402291 foregroundTime=0 totalCpuPower=75 fgCpuPower=0
06-14 15:02:19.058   874   931 D DisplayPowerState: setScreenBrightness: brightness=91
06-14 15:02:19.058   874   931 D DisplayPowerState: Requesting new screen state: state=ON, backlight=91
06-14 15:02:19.059   874   993 D lights  : write 91 to /sys/class/leds/lcd-backlight/brightness
06-14 15:02:19.058   874   931 D DisplayPowerState: Screen not ready
06-14 15:02:19.059   874   993 D lights  : write_int open fd=276
06-14 15:02:19.059   874   993 D DisplayPowerState: Updating screen state: state=ON, backlight=91, backlightChanged=true
06-14 15:02:19.061  1561  2082 D PowerGaugeStats: cpu stats: uid=1019 totalTime=0 foregroundTime=0 totalCpuPower=5 fgCpuPower=0
06-14 15:02:19.061   874   931 D DisplayPowerState: Screen ready
06-14 15:02:19.062  1885  1885 D AppWidgetHost: updateAppWidgetView HANDLE_UPDATE 
06-14 15:02:19.062  1885  1885 D AppWidgetHost: updateAppWidgetView appWidgetId 15 com.meizu.flyme.launcher.at@179658cb
06-14 15:02:19.063  1231  1231 D trafficTest3: ---------widget receiver data change msg
06-14 15:02:19.064  1561  2082 D PowerGaugeStats: cpu stats: uid=1338 totalTime=402291 foregroundTime=0 totalCpuPower=0 fgCpuPower=0
06-14 15:02:19.064  1231  1231 D trafficTest3: updateRemoteView: SimCardTrafficForShow{imsi='null', totalBytes=-1, remainBytes=0, dayUsedBytes=0, leftDays=0, monthUsedbytes=0, usedPercent=0.0, idleMode=false}
06-14 15:02:19.067  1561  2082 D PowerGaugeStats: cpu stats: uid=2000 totalTime=0 foregroundTime=0 totalCpuPower=317 fgCpuPower=0
06-14 15:02:19.071  1561  2082 D PowerGaugeStats: cpu stats: uid=10000 totalTime=402291 foregroundTime=0 totalCpuPower=0 fgCpuPower=0
06-14 15:02:19.071  1231   355 D trafficPower: uid=10078, appName=工具箱, pkName=com.meizu.flyme.toolbox, modernNetStatus=false, wifiNetStatus=true
06-14 15:02:19.075  1561  2082 D PowerGaugeStats: cpu stats: uid=10003 totalTime=402291 foregroundTime=0 totalCpuPower=0 fgCpuPower=0
06-14 15:02:19.076   874   931 D DisplayPowerState: setScreenBrightness: brightness=93
06-14 15:02:19.076   874   931 D DisplayPowerState: Requesting new screen state: state=ON, backlight=93
06-14 15:02:19.076   874   993 D lights  : write 93 to /sys/class/leds/lcd-backlight/brightness
06-14 15:02:19.076   874   931 D DisplayPowerState: Screen not ready
06-14 15:02:19.076   874   993 D lights  : write_int open fd=259
06-14 15:02:19.076   874   993 D DisplayPowerState: Updating screen state: state=ON, backlight=93, backlightChanged=true
06-14 15:02:19.079  1561  2082 D PowerGaugeStats: cpu stats: uid=10004 totalTime=402291 foregroundTime=0 totalCpuPower=10 fgCpuPower=0
06-14 15:02:19.080   874   931 D DisplayPowerState: Screen ready
06-14 15:02:19.082  1561  2082 D PowerGaugeStats: cpu stats: uid=10005 totalTime=402291 foregroundTime=0 totalCpuPower=0 fgCpuPower=0
06-14 15:02:19.086  1561  2082 D PowerGaugeStats: cpu stats: uid=10006 totalTime=402291 foregroundTime=0 totalCpuPower=0 fgCpuPower=0
06-14 15:02:19.091  1561  2082 D PowerGaugeStats: cpu stats: uid=10007 totalTime=402291 foregroundTime=0 totalCpuPower=0 fgCpuPower=0
06-14 15:02:19.091  1231  1231 D RemoteViews: mActions is repeat
06-14 15:02:19.091  1231  1231 D RemoteViews: mActions is repeat
06-14 15:02:19.093   874   931 D DisplayPowerState: setScreenBrightness: brightness=94
06-14 15:02:19.094   874   931 D DisplayPowerState: Requesting new screen state: state=ON, backlight=94
06-14 15:02:19.094   874   993 D lights  : write 94 to /sys/class/leds/lcd-backlight/brightness
06-14 15:02:19.094   874   931 D DisplayPowerState: Screen not ready
06-14 15:02:19.094   874   993 D lights  : write_int open fd=276
06-14 15:02:19.094   874   993 D DisplayPowerState: Updating screen state: state=ON, backlight=94, backlightChanged=true
06-14 15:02:19.096  1561  2082 D PowerGaugeStats: cpu stats: uid=10008 totalTime=402291 foregroundTime=0 totalCpuPower=0 fgCpuPower=0
06-14 15:02:19.097   874   931 D DisplayPowerState: Screen ready
06-14 15:02:19.101  1561  2082 D PowerGaugeStats: cpu stats: uid=10009 totalTime=402291 foregroundTime=0 totalCpuPower=8 fgCpuPower=0
06-14 15:02:19.103  1885  1885 D AppWidgetHost: updateAppWidgetView HANDLE_UPDATE 
06-14 15:02:19.104  1885  1885 D AppWidgetHost: updateAppWidgetView appWidgetId 15 com.meizu.flyme.launcher.at@179658cb
06-14 15:02:19.105  1561  2082 D PowerGaugeStats: cpu stats: uid=10010 totalTime=402291 foregroundTime=0 totalCpuPower=0 fgCpuPower=0
06-14 15:02:19.109  1561  2082 D PowerGaugeStats: cpu stats: uid=10011 totalTime=402291 foregroundTime=0 totalCpuPower=5 fgCpuPower=0
06-14 15:02:19.110   874   931 D DisplayPowerState: setScreenBrightness: brightness=96
06-14 15:02:19.110   874   931 D DisplayPowerState: Requesting new screen state: state=ON, backlight=96
06-14 15:02:19.110   874   931 D DisplayPowerState: Screen not ready
06-14 15:02:19.111   874   993 D lights  : write 96 to /sys/class/leds/lcd-backlight/brightness
06-14 15:02:19.111   874   993 D DisplayPowerState: Updating screen state: state=ON, backlight=96, backlightChanged=true
06-14 15:02:19.111   874   993 D lights  : write_int open fd=259
06-14 15:02:19.113   874   931 D DisplayPowerState: Screen ready
06-14 15:02:19.113  1561  2082 D PowerGaugeStats: cpu stats: uid=10012 totalTime=402291 foregroundTime=0 totalCpuPower=0 fgCpuPower=0
06-14 15:02:19.114 32750   359 D Search.SignatureUtils: getSignMD5 :1c44d05f494a1c2dc6cbcbac9c92ecfd
06-14 15:02:19.114 32750   359 D Search.SignatureUtils: md5:1c44d05f494a1c2dc6cbcbac9c92ecfd
06-14 15:02:19.114 32750   359 D Search.SignatureUtils: apk signature is prd
06-14 15:02:19.117  1561  2082 D PowerGaugeStats: cpu stats: uid=10013 totalTime=402291 foregroundTime=0 totalCpuPower=135 fgCpuPower=0
06-14 15:02:19.120  1561  2082 D PowerGaugeStats: cpu stats: uid=10014 totalTime=402291 foregroundTime=0 totalCpuPower=0 fgCpuPower=0
06-14 15:02:19.123 32103   357 D MzTelephonyManager: mImei: 869540023395705
06-14 15:02:19.123 32103   357 D MzTelephonyManager: getDeviceId imei: 869540023395705
06-14 15:02:19.124  1561  2082 D PowerGaugeStats: cpu stats: uid=10015 totalTime=402291 foregroundTime=0 totalCpuPower=0 fgCpuPower=0
06-14 15:02:19.128   874   931 D DisplayPowerState: setScreenBrightness: brightness=97
06-14 15:02:19.128   874   931 D DisplayPowerState: Requesting new screen state: state=ON, backlight=97
06-14 15:02:19.128  1561  2082 D PowerGaugeStats: cpu stats: uid=10016 totalTime=402291 foregroundTime=0 totalCpuPower=0 fgCpuPower=0
06-14 15:02:19.128   874   931 D DisplayPowerState: Screen not ready
06-14 15:02:19.128   874   993 D lights  : write 97 to /sys/class/leds/lcd-backlight/brightness
06-14 15:02:19.128   874   993 D DisplayPowerState: Updating screen state: state=ON, backlight=97, backlightChanged=true
06-14 15:02:19.129   874   993 D lights  : write_int open fd=259
06-14 15:02:19.131   874   931 D DisplayPowerState: Screen ready
06-14 15:02:19.132  1561  2082 D PowerGaugeStats: cpu stats: uid=10017 totalTime=402291 foregroundTime=0 totalCpuPower=10 fgCpuPower=0
06-14 15:02:19.136  1561  2082 D PowerGaugeStats: cpu stats: uid=10018 totalTime=402291 foregroundTime=0 totalCpuPower=0 fgCpuPower=0
06-14 15:02:19.139  1561  2082 D PowerGaugeStats: cpu stats: uid=10020 totalTime=402291 foregroundTime=0 totalCpuPower=0 fgCpuPower=0
06-14 15:02:19.143  1561  2082 D PowerGaugeStats: cpu stats: uid=10022 totalTime=402291 foregroundTime=0 totalCpuPower=0 fgCpuPower=0
06-14 15:02:19.145   874   931 D DisplayPowerState: setScreenBrightness: brightness=99
06-14 15:02:19.145   874   931 D DisplayPowerState: Requesting new screen state: state=ON, backlight=99
06-14 15:02:19.145   874   993 D lights  : write 99 to /sys/class/leds/lcd-backlight/brightness
06-14 15:02:19.145   874   931 D DisplayPowerState: Screen not ready
06-14 15:02:19.145   874   993 D lights  : write_int open fd=259
06-14 15:02:19.145   874   993 D DisplayPowerState: Updating screen state: state=ON, backlight=99, backlightChanged=true
06-14 15:02:19.146  1561  2082 D PowerGaugeStats: cpu stats: uid=10026 totalTime=402291 foregroundTime=0 totalCpuPower=0 fgCpuPower=0
06-14 15:02:19.148   874   931 D DisplayPowerState: Screen ready
06-14 15:02:19.150  1561  2082 D PowerGaugeStats: cpu stats: uid=10027 totalTime=402291 foregroundTime=0 totalCpuPower=776 fgCpuPower=0
06-14 15:02:19.153  1561  2082 D PowerGaugeStats: cpu stats: uid=10028 totalTime=402291 foregroundTime=0 totalCpuPower=0 fgCpuPower=0
06-14 15:02:19.156  1561  2082 D PowerGaugeStats: cpu stats: uid=10030 totalTime=402291 foregroundTime=0 totalCpuPower=0 fgCpuPower=0
06-14 15:02:19.159  1561  2082 D PowerGaugeStats: cpu stats: uid=10032 totalTime=402291 foregroundTime=0 totalCpuPower=0 fgCpuPower=0
06-14 15:02:19.161   874  1832 D CSLegacyTypeTracker: getNetworkForType type 0
06-14 15:02:19.162   874  1832 D CSLegacyTypeTracker: getNetworkForType type 1
06-14 15:02:19.162   874  1832 D CSLegacyTypeTracker: getNetworkForType type 2
06-14 15:02:19.162   874   993 D lights  : write 100 to /sys/class/leds/lcd-backlight/brightness
06-14 15:02:19.162   874  1832 D CSLegacyTypeTracker: getNetworkForType type 3
06-14 15:02:19.163   874   993 D lights  : write_int open fd=259
06-14 15:02:19.162   874  1832 D CSLegacyTypeTracker: getNetworkForType type 4
06-14 15:02:19.163  1561  2082 D PowerGaugeStats: cpu stats: uid=10033 totalTime=402291 foregroundTime=0 totalCpuPower=70 fgCpuPower=0
06-14 15:02:19.162   874  1832 D CSLegacyTypeTracker: getNetworkForType type 5
06-14 15:02:19.162   874  1832 D CSLegacyTypeTracker: getNetworkForType type 7
06-14 15:02:19.162   874  1832 D CSLegacyTypeTracker: getNetworkForType type 10
06-14 15:02:19.162   874  1832 D CSLegacyTypeTracker: getNetworkForType type 11
06-14 15:02:19.162   874  1832 D CSLegacyTypeTracker: getNetworkForType type 12
06-14 15:02:19.162   874  1832 D CSLegacyTypeTracker: getNetworkForType type 14
06-14 15:02:19.162   874  1832 D CSLegacyTypeTracker: getNetworkForType type 15
06-14 15:02:19.162   874   931 D DisplayPowerState: setScreenBrightness: brightness=100
06-14 15:02:19.162   874   931 D DisplayPowerState: Requesting new screen state: state=ON, backlight=100
06-14 15:02:19.162   874   931 D DisplayPowerState: Screen not ready
06-14 15:02:19.162   874  1832 D CSLegacyTypeTracker: getNetworkForType type 17
06-14 15:02:19.162   874   993 D DisplayPowerState: Updating screen state: state=ON, backlight=100, backlightChanged=true
06-14 15:02:19.163   874  1832 D CSLegacyTypeTracker: getNetworkForType type 34
06-14 15:02:19.163   874  1832 D CSLegacyTypeTracker: getNetworkForType type 35
06-14 15:02:19.166  1561  2082 D PowerGaugeStats: cpu stats: uid=10034 totalTime=402291 foregroundTime=0 totalCpuPower=0 fgCpuPower=0
06-14 15:02:19.163   874  1832 D CSLegacyTypeTracker: getNetworkForType type 36
06-14 15:02:19.163   874  1832 D CSLegacyTypeTracker: getNetworkForType type 37
06-14 15:02:19.166 32750   359 I Cweather: loadCurrentWeatherInfo cityName:思明区 isUserTheme:false temp:27 
06-14 15:02:19.163   874  1832 D CSLegacyTypeTracker: getNetworkForType type 38
06-14 15:02:19.163   874  1832 D CSLegacyTypeTracker: getNetworkForType type 40
06-14 15:02:19.163   874  1832 D CSLegacyTypeTracker: getNetworkForType type 41
06-14 15:02:19.163   874  1832 D CSLegacyTypeTracker: getNetworkForType type 49
06-14 15:02:19.165   874   931 D DisplayPowerState: Screen ready
06-14 15:02:19.169  1561  2082 D PowerGaugeStats: cpu stats: uid=10035 totalTime=402291 foregroundTime=0 totalCpuPower=10 fgCpuPower=0
06-14 15:02:19.173  1561  2082 D PowerGaugeStats: cpu stats: uid=10037 totalTime=402291 foregroundTime=0 totalCpuPower=0 fgCpuPower=0
06-14 15:02:19.176  1561  2082 D PowerGaugeStats: cpu stats: uid=10040 totalTime=402291 foregroundTime=0 totalCpuPower=0 fgCpuPower=0
06-14 15:02:19.179   874   931 D DisplayPowerState: setScreenBrightness: brightness=102
06-14 15:02:19.180   874   931 D DisplayPowerState: Requesting new screen state: state=ON, backlight=102
06-14 15:02:19.180   874   931 D DisplayPowerState: Screen not ready
06-14 15:02:19.180   874   993 D lights  : write 102 to /sys/class/leds/lcd-backlight/brightness
06-14 15:02:19.180   874   993 D DisplayPowerState: Updating screen state: state=ON, backlight=102, backlightChanged=true
06-14 15:02:19.180   874   993 D lights  : write_int open fd=259
06-14 15:02:19.180  1561  2082 D PowerGaugeStats: cpu stats: uid=10041 totalTime=402291 foregroundTime=0 totalCpuPower=10 fgCpuPower=0
06-14 15:02:19.183   874   931 D DisplayPowerState: Screen ready
06-14 15:02:19.183  1561  2082 D PowerGaugeStats: cpu stats: uid=10042 totalTime=402291 foregroundTime=0 totalCpuPower=0 fgCpuPower=0
06-14 15:02:19.186  1561  2082 D PowerGaugeStats: cpu stats: uid=10043 totalTime=402291 foregroundTime=0 totalCpuPower=0 fgCpuPower=0
06-14 15:02:19.190  1561  2082 D PowerGaugeStats: cpu stats: uid=10044 totalTime=402291 foregroundTime=0 totalCpuPower=0 fgCpuPower=0
06-14 15:02:19.195  1561  2082 D PowerGaugeStats: cpu stats: uid=10046 totalTime=402291 foregroundTime=0 totalCpuPower=0 fgCpuPower=0
06-14 15:02:19.197   874   931 D DisplayPowerState: setScreenBrightness: brightness=103
06-14 15:02:19.198   874   931 D DisplayPowerState: Requesting new screen state: state=ON, backlight=103
06-14 15:02:19.198   874   931 D DisplayPowerState: Screen not ready
06-14 15:02:19.198   874   993 D lights  : write 103 to /sys/class/leds/lcd-backlight/brightness
06-14 15:02:19.198   874   993 D DisplayPowerState: Updating screen state: state=ON, backlight=103, backlightChanged=true
06-14 15:02:19.198   874   993 D lights  : write_int open fd=259
06-14 15:02:19.199  1561  2082 D PowerGaugeStats: cpu stats: uid=10048 totalTime=402291 foregroundTime=0 totalCpuPower=0 fgCpuPower=0
06-14 15:02:19.200  1040  1040 V PhoneStatusBar: DEBUG_STATUSBAR_COLOR:  mHasArtwork = false,  mHasNotification = false, currentColor = -1, isShade = false, isQsFullyExpanded = false, isFullyExpandedfalse
06-14 15:02:19.202   874   931 D DisplayPowerState: Screen ready
06-14 15:02:19.204  1561  2082 D PowerGaugeStats: cpu stats: uid=10051 totalTime=402291 foregroundTime=0 totalCpuPower=11 fgCpuPower=0
06-14 15:02:19.207 32750   359 D RemoteViews: mActions is repeat
06-14 15:02:19.208  1561  2082 D PowerGaugeStats: cpu stats: uid=10052 totalTime=402291 foregroundTime=0 totalCpuPower=0 fgCpuPower=0
06-14 15:02:19.212  1561  2082 D PowerGaugeStats: cpu stats: uid=10053 totalTime=402291 foregroundTime=0 totalCpuPower=0 fgCpuPower=0
06-14 15:02:19.214   874   931 D DisplayPowerState: setScreenBrightness: brightness=105
06-14 15:02:19.214   874   931 D DisplayPowerState: Requesting new screen state: state=ON, backlight=105
06-14 15:02:19.215   874   993 D lights  : write 105 to /sys/class/leds/lcd-backlight/brightness
06-14 15:02:19.214   874   931 D DisplayPowerState: Screen not ready
06-14 15:02:19.215  1885  1885 D AppWidgetHost: updateAppWidgetView HANDLE_UPDATE 
06-14 15:02:19.214   874   993 D DisplayPowerState: Updating screen state: state=ON, backlight=105, backlightChanged=true
06-14 15:02:19.215   874   993 D lights  : write_int open fd=259
06-14 15:02:19.215  1885  1885 D AppWidgetHost: updateAppWidgetView appWidgetId 23 com.meizu.flyme.launcher.at@179658cb
06-14 15:02:19.217   874   931 D DisplayPowerState: Screen ready
06-14 15:02:19.215  1561  2082 D PowerGaugeStats: cpu stats: uid=10054 totalTime=402291 foregroundTime=0 totalCpuPower=5 fgCpuPower=0
06-14 15:02:19.220  1561  2082 D PowerGaugeStats: cpu stats: uid=10055 totalTime=402291 foregroundTime=0 totalCpuPower=10 fgCpuPower=0
06-14 15:02:19.225  1561  2082 D PowerGaugeStats: cpu stats: uid=10056 totalTime=402291 foregroundTime=0 totalCpuPower=8 fgCpuPower=0
06-14 15:02:19.229  1561  2082 D PowerGaugeStats: cpu stats: uid=10057 totalTime=402291 foregroundTime=0 totalCpuPower=0 fgCpuPower=0
06-14 15:02:19.231   874   931 D DisplayPowerState: setScreenBrightness: brightness=106
06-14 15:02:19.232   874   993 D lights  : write 106 to /sys/class/leds/lcd-backlight/brightness
06-14 15:02:19.232   874   931 D DisplayPowerState: Requesting new screen state: state=ON, backlight=106
06-14 15:02:19.232   874   993 D lights  : write_int open fd=259
06-14 15:02:19.232   874   931 D DisplayPowerState: Screen not ready
06-14 15:02:19.234  1561  2082 D PowerGaugeStats: cpu stats: uid=10058 totalTime=402291 foregroundTime=0 totalCpuPower=0 fgCpuPower=0
06-14 15:02:19.232   874   993 D DisplayPowerState: Updating screen state: state=ON, backlight=106, backlightChanged=true
06-14 15:02:19.237  1561  2082 D PowerGaugeStats: cpu stats: uid=10059 totalTime=402291 foregroundTime=0 totalCpuPower=0 fgCpuPower=0
06-14 15:02:19.240   874   931 D DisplayPowerState: Screen ready
06-14 15:02:19.241  1561  2082 D PowerGaugeStats: cpu stats: uid=10060 totalTime=402291 foregroundTime=0 totalCpuPower=0 fgCpuPower=0
06-14 15:02:19.249   874   931 D DisplayPowerState: setScreenBrightness: brightness=108
06-14 15:02:19.249   874   931 D DisplayPowerState: Requesting new screen state: state=ON, backlight=108
06-14 15:02:19.250   874   993 D lights  : write 108 to /sys/class/leds/lcd-backlight/brightness
06-14 15:02:19.249   874   931 D DisplayPowerState: Screen not ready
06-14 15:02:19.250   874   993 D lights  : write_int open fd=259
06-14 15:02:19.250   874   993 D DisplayPowerState: Updating screen state: state=ON, backlight=108, backlightChanged=true
06-14 15:02:19.252  1561  2082 D PowerGaugeStats: cpu stats: uid=10061 totalTime=402291 foregroundTime=0 totalCpuPower=0 fgCpuPower=0
06-14 15:02:19.253   874   931 D DisplayPowerState: Screen ready
06-14 15:02:19.258  1231  1259 I art     : Background sticky concurrent mark sweep GC freed 8285(392KB) AllocSpace objects, 0(0B) LOS objects, 1% free, 25MB/26MB, paused 6.026ms total 37.822ms
06-14 15:02:19.259 32103 32137 I System.out: open:https://infocenter.meizu.com/android/security/hotword/deskinveno2?keep=false&word=%E4%B8%AD%E5%9B%BD%E6%B8%B8%E5%AE%A2%E6%B3%B0%E5%9B%BD%E6%BA%BA%E6%B0%B4&ctime=0&lastWord=%E4%B8%AD%E5%9B%BD%E6%B8%B8%E5%AE%A2%E6%B3%B0%E5%9B%BD%E6%BA%BA%E6%B0%B4&sign=b0dcd92ab35aff60b25ed649d6f3fa0a&imei=869540023395705&type=1
06-14 15:02:19.262   296   775 D FrameworkListener: dispatchCommand data = (getaddrinfo infocenter.meizu.com ^ 1024 0 1 0 0)
06-14 15:02:19.259  1561  2082 D PowerGaugeStats: cpu stats: uid=10062 totalTime=402291 foregroundTime=0 totalCpuPower=10 fgCpuPower=0
06-14 15:02:19.260 32103 32137 D libc-netbsd: [getaddrinfo]: hostname=infocenter.meizu.com; servname=(null); cache_mode=(null), netid=0; mark=0
06-14 15:02:19.267   874   931 D DisplayPowerState: setScreenBrightness: brightness=110
06-14 15:02:19.260 32103 32137 D libc-netbsd: [getaddrinfo]: ai_addrlen=0; ai_canonname=(null); ai_flags=4; ai_family=0
06-14 15:02:19.267   874   931 D DisplayPowerState: Requesting new screen state: state=ON, backlight=110
06-14 15:02:19.261 32103 32137 D libc-netbsd: [getaddrinfo]: hostname=infocenter.meizu.com; servname=(null); cache_mode=(null), netid=0; mark=0
06-14 15:02:19.267   874   931 D DisplayPowerState: Screen not ready
06-14 15:02:19.261 32103 32137 D libc-netbsd: [getaddrinfo]: ai_addrlen=0; ai_canonname=(null); ai_flags=1024; ai_family=0
06-14 15:02:19.267   874   993 D DisplayPowerState: Updating screen state: state=ON, backlight=110, backlightChanged=true
06-14 15:02:19.263   296   362 D libc-netbsd: [getaddrinfo]: hostname=infocenter.meizu.com; servname=(null); cache_mode=local, netid=0; mark=917504
06-14 15:02:19.270   874   931 D DisplayPowerState: Screen ready
06-14 15:02:19.263   296   362 D libc-netbsd: [getaddrinfo]: ai_addrlen=0; ai_canonname=(null); ai_flags=1024; ai_family=0
06-14 15:02:19.264   296   362 D libc-netbsd: default dns: query_ipv6=0, query_ipv4=0
06-14 15:02:19.266  1561  2082 D PowerGaugeStats: cpu stats: uid=10063 totalTime=402291 foregroundTime=0 totalCpuPower=0 fgCpuPower=0
06-14 15:02:19.266 32103 32137 D libc-netbsd: getaddrinfo: infocenter.meizu.com NO result from proxy 
06-14 15:02:19.268   874   993 D lights  : write 110 to /sys/class/leds/lcd-backlight/brightness
06-14 15:02:19.268   874   993 D lights  : write_int open fd=259
06-14 15:02:19.268 32103 32137 I System.out: [CDS][DNS]Unable to resolve host "infocenter.meizu.com": No address associated with hostname
06-14 15:02:19.270  1561  2082 D PowerGaugeStats: cpu stats: uid=10064 totalTime=402291 foregroundTime=0 totalCpuPower=0 fgCpuPower=0
06-14 15:02:19.274  1561  2082 D PowerGaugeStats: cpu stats: uid=10066 totalTime=402291 foregroundTime=0 totalCpuPower=0 fgCpuPower=0
06-14 15:02:19.277  1561  2082 D PowerGaugeStats: cpu stats: uid=10069 totalTime=402291 foregroundTime=1467 totalCpuPower=43 fgCpuPower=0
06-14 15:02:19.282  1561  2082 D PowerGaugeStats: cpu stats: uid=10070 totalTime=402291 foregroundTime=0 totalCpuPower=0 fgCpuPower=0
06-14 15:02:19.284   874   931 D DisplayPowerState: setScreenBrightness: brightness=111
06-14 15:02:19.284   874   931 D DisplayPowerState: Requesting new screen state: state=ON, backlight=111
06-14 15:02:19.285   874   993 D lights  : write 111 to /sys/class/leds/lcd-backlight/brightness
06-14 15:02:19.284   874   931 D DisplayPowerState: Screen not ready
06-14 15:02:19.285   874   993 D lights  : write_int open fd=259
06-14 15:02:19.285   874   993 D DisplayPowerState: Updating screen state: state=ON, backlight=111, backlightChanged=true
06-14 15:02:19.287  1561  2082 D PowerGaugeStats: cpu stats: uid=10071 totalTime=402291 foregroundTime=0 totalCpuPower=0 fgCpuPower=0
06-14 15:02:19.288   874   931 D DisplayPowerState: Screen ready
06-14 15:02:19.291  1561  2082 D PowerGaugeStats: cpu stats: uid=10072 totalTime=402291 foregroundTime=0 totalCpuPower=0 fgCpuPower=0
06-14 15:02:19.296  1561  2082 D PowerGaugeStats: cpu stats: uid=10073 totalTime=402291 foregroundTime=0 totalCpuPower=0 fgCpuPower=0
06-14 15:02:19.300   874   931 D DisplayPowerState: setScreenBrightness: brightness=113
06-14 15:02:19.301   874   931 D DisplayPowerState: Requesting new screen state: state=ON, backlight=113
06-14 15:02:19.301   874   931 D DisplayPowerState: Screen not ready
06-14 15:02:19.301   874   993 D lights  : write 113 to /sys/class/leds/lcd-backlight/brightness
06-14 15:02:19.301   874   993 D DisplayPowerState: Updating screen state: state=ON, backlight=113, backlightChanged=true
06-14 15:02:19.301   874   993 D lights  : write_int open fd=259
06-14 15:02:19.301  1561  2082 D PowerGaugeStats: cpu stats: uid=10074 totalTime=402291 foregroundTime=0 totalCpuPower=5 fgCpuPower=0
06-14 15:02:19.303   874   931 D DisplayPowerState: Screen ready
06-14 15:02:19.305  1561  2082 D PowerGaugeStats: cpu stats: uid=10076 totalTime=402291 foregroundTime=0 totalCpuPower=0 fgCpuPower=0
06-14 15:02:19.309  1561  2082 D PowerGaugeStats: cpu stats: uid=10079 totalTime=402291 foregroundTime=0 totalCpuPower=0 fgCpuPower=0
06-14 15:02:19.313  1561  2082 D PowerGaugeStats: cpu stats: uid=10089 totalTime=402291 foregroundTime=0 totalCpuPower=0 fgCpuPower=0
06-14 15:02:19.317  1561  2082 D PowerGaugeStats: cpu stats: uid=10093 totalTime=402291 foregroundTime=0 totalCpuPower=193 fgCpuPower=0
06-14 15:02:19.321  1561  2082 D PowerGaugeStats: cpu stats: uid=10095 totalTime=402291 foregroundTime=0 totalCpuPower=0 fgCpuPower=0
06-14 15:02:19.324  1561  2082 D PowerGaugeStats: cpu stats: uid=10100 totalTime=402291 foregroundTime=0 totalCpuPower=37 fgCpuPower=0
06-14 15:02:19.328  1561  2082 D PowerGaugeStats: cpu stats: uid=10185 totalTime=402291 foregroundTime=0 totalCpuPower=0 fgCpuPower=0
06-14 15:02:19.332  1561  2082 D PowerGaugeStats: cpu stats: uid=10249 totalTime=402291 foregroundTime=0 totalCpuPower=33 fgCpuPower=0
06-14 15:02:19.335  1561  2082 E BackBatteryStats: getCameraTurnedOnTimer exception: java.lang.NoSuchMethodException
06-14 15:02:19.336  1561  2082 E BackBatteryStats: getFlashlightTurnedOnTimer exception: java.lang.NoSuchMethodException
06-14 15:02:19.339  1561  2082 E BackBatteryStats: getCameraTurnedOnTimer exception: java.lang.NoSuchMethodException
06-14 15:02:19.340  1561  2082 E BackBatteryStats: getFlashlightTurnedOnTimer exception: java.lang.NoSuchMethodException
06-14 15:02:19.345  1561  2082 E BackBatteryStats: getCameraTurnedOnTimer exception: java.lang.NoSuchMethodException
06-14 15:02:19.346  1561  2082 E BackBatteryStats: getFlashlightTurnedOnTimer exception: java.lang.NoSuchMethodException
06-14 15:02:19.351  1561  2082 E BackBatteryStats: getCameraTurnedOnTimer exception: java.lang.NoSuchMethodException
06-14 15:02:19.351  1561  2082 E BackBatteryStats: getFlashlightTurnedOnTimer exception: java.lang.NoSuchMethodException
06-14 15:02:19.352  1561  2082 W PowerGaugeStats: uidback stats is empty!
06-14 15:02:19.354  1561  2082 E BackBatteryStats: getCameraTurnedOnTimer exception: java.lang.NoSuchMethodException
06-14 15:02:19.354  1561  2082 E BackBatteryStats: getFlashlightTurnedOnTimer exception: java.lang.NoSuchMethodException
06-14 15:02:19.358  1561  2082 E BackBatteryStats: getCameraTurnedOnTimer exception: java.lang.NoSuchMethodException
06-14 15:02:19.358  1561  2082 E BackBatteryStats: getFlashlightTurnedOnTimer exception: java.lang.NoSuchMethodException
06-14 15:02:19.362  1561  2082 E BackBatteryStats: getCameraTurnedOnTimer exception: java.lang.NoSuchMethodException
06-14 15:02:19.363  1561  2082 E BackBatteryStats: getFlashlightTurnedOnTimer exception: java.lang.NoSuchMethodException
06-14 15:02:19.371  1561  2082 E BackBatteryStats: getCameraTurnedOnTimer exception: java.lang.NoSuchMethodException
06-14 15:02:19.372  1561  2082 E BackBatteryStats: getFlashlightTurnedOnTimer exception: java.lang.NoSuchMethodException
06-14 15:02:19.375  1231   355 D trafficPower: uid=10010, appName=读书, pkName=com.meizu.media.ebook, modernNetStatus=false, wifiNetStatus=true
06-14 15:02:19.376  1561  2082 E BackBatteryStats: getCameraTurnedOnTimer exception: java.lang.NoSuchMethodException
06-14 15:02:19.377  1561  2082 E BackBatteryStats: getFlashlightTurnedOnTimer exception: java.lang.NoSuchMethodException
06-14 15:02:19.382  1561  2082 E BackBatteryStats: getCameraTurnedOnTimer exception: java.lang.NoSuchMethodException
06-14 15:02:19.383  1561  2082 E BackBatteryStats: getFlashlightTurnedOnTimer exception: java.lang.NoSuchMethodException
06-14 15:02:19.386  1561  2082 E BackBatteryStats: getCameraTurnedOnTimer exception: java.lang.NoSuchMethodException
06-14 15:02:19.387  1561  2082 E BackBatteryStats: getFlashlightTurnedOnTimer exception: java.lang.NoSuchMethodException
06-14 15:02:19.390 32424 32489 D BgTest  : bgCount 87
06-14 15:02:19.391  1561  2082 E BackBatteryStats: getCameraTurnedOnTimer exception: java.lang.NoSuchMethodException
06-14 15:02:19.392  1561  2082 E BackBatteryStats: getFlashlightTurnedOnTimer exception: java.lang.NoSuchMethodException
06-14 15:02:19.392  1231   355 D trafficPower: uid=10017, appName=音乐, pkName=com.meizu.media.music, modernNetStatus=false, wifiNetStatus=true
06-14 15:02:19.396  1561  2082 E BackBatteryStats: getCameraTurnedOnTimer exception: java.lang.NoSuchMethodException
06-14 15:02:19.397  1561  2082 E BackBatteryStats: getFlashlightTurnedOnTimer exception: java.lang.NoSuchMethodException
06-14 15:02:19.401  1561  2082 E BackBatteryStats: getCameraTurnedOnTimer exception: java.lang.NoSuchMethodException
06-14 15:02:19.402  1561  2082 E BackBatteryStats: getFlashlightTurnedOnTimer exception: java.lang.NoSuchMethodException
06-14 15:02:19.406  1561  2082 E BackBatteryStats: getCameraTurnedOnTimer exception: java.lang.NoSuchMethodException
06-14 15:02:19.407  1561  2082 E BackBatteryStats: getFlashlightTurnedOnTimer exception: java.lang.NoSuchMethodException
06-14 15:02:19.408  1231   355 D trafficPower: uid=10028, appName=视频, pkName=com.meizu.media.video, modernNetStatus=false, wifiNetStatus=true
06-14 15:02:19.411  1561  2082 E BackBatteryStats: getCameraTurnedOnTimer exception: java.lang.NoSuchMethodException
06-14 15:02:19.411  1561  2082 E BackBatteryStats: getFlashlightTurnedOnTimer exception: java.lang.NoSuchMethodException
06-14 15:02:19.416  1561  2082 E BackBatteryStats: getCameraTurnedOnTimer exception: java.lang.NoSuchMethodException
06-14 15:02:19.417  1561  2082 E BackBatteryStats: getFlashlightTurnedOnTimer exception: java.lang.NoSuchMethodException
06-14 15:02:19.418  1040  1040 D ColorMasking: hideCover
06-14 15:02:19.418  1040  1040 D ColorMasking: hideCover
06-14 15:02:19.418   272   272 I SurfaceFlinger: [Built-in Screen (type:0)] fps:35.724003,dur:1007.73,max:361.75,min:3.92
06-14 15:02:19.419  1040  2131 D OpenGLRenderer: Flushing caches (mode 1)
06-14 15:02:19.421  1561  2082 E BackBatteryStats: getCameraTurnedOnTimer exception: java.lang.NoSuchMethodException
06-14 15:02:19.422  1561  2082 E BackBatteryStats: getFlashlightTurnedOnTimer exception: java.lang.NoSuchMethodException
06-14 15:02:19.427  1561  2082 E BackBatteryStats: getCameraTurnedOnTimer exception: java.lang.NoSuchMethodException
06-14 15:02:19.428  1561  2082 E BackBatteryStats: getFlashlightTurnedOnTimer exception: java.lang.NoSuchMethodException
06-14 15:02:19.432  1561  2082 E BackBatteryStats: getCameraTurnedOnTimer exception: java.lang.NoSuchMethodException
06-14 15:02:19.432  1561  2082 E BackBatteryStats: getFlashlightTurnedOnTimer exception: java.lang.NoSuchMethodException
06-14 15:02:19.435   874   985 D PerfServiceManager: [PerfService] MESSAGE_TIMER_SCN_USER_BASE:79 
06-14 15:02:19.435   874   985 I libPerfService: 15: set: 6
06-14 15:02:19.436   874   985 I libPerfService: 15: set freq: 1300000
06-14 15:02:19.436   874   985 I libPerfService: 15: set gpu level: 0
06-14 15:02:19.436  1561  2082 E BackBatteryStats: getCameraTurnedOnTimer exception: java.lang.NoSuchMethodException
06-14 15:02:19.437  1231   355 D trafficPower: uid=10014, appName=图库, pkName=com.meizu.media.gallery, modernNetStatus=false, wifiNetStatus=true
06-14 15:02:19.437  1561  2082 E BackBatteryStats: getFlashlightTurnedOnTimer exception: java.lang.NoSuchMethodException
06-14 15:02:19.440  1561  2082 E BackBatteryStats: getCameraTurnedOnTimer exception: java.lang.NoSuchMethodException
06-14 15:02:19.441  1561  2082 E BackBatteryStats: getFlashlightTurnedOnTimer exception: java.lang.NoSuchMethodException
06-14 15:02:19.444  1561  2082 E BackBatteryStats: getCameraTurnedOnTimer exception: java.lang.NoSuchMethodException
06-14 15:02:19.445  1561  2082 E BackBatteryStats: getFlashlightTurnedOnTimer exception: java.lang.NoSuchMethodException
06-14 15:02:19.449  1561  2082 E BackBatteryStats: getCameraTurnedOnTimer exception: java.lang.NoSuchMethodException
06-14 15:02:19.450  1561  2082 E BackBatteryStats: getFlashlightTurnedOnTimer exception: java.lang.NoSuchMethodException
06-14 15:02:19.454  1561  2082 E BackBatteryStats: getCameraTurnedOnTimer exception: java.lang.NoSuchMethodException
06-14 15:02:19.454  1561  2082 E BackBatteryStats: getFlashlightTurnedOnTimer exception: java.lang.NoSuchMethodException
06-14 15:02:19.458  1561  2082 E BackBatteryStats: getCameraTurnedOnTimer exception: java.lang.NoSuchMethodException
06-14 15:02:19.458  1561  2082 E BackBatteryStats: getFlashlightTurnedOnTimer exception: java.lang.NoSuchMethodException
06-14 15:02:19.459  1040  2131 D Surface : Surface::disconnect(this=0x7f80223600,api=1)
06-14 15:02:19.459  1040  2131 D GraphicBuffer: unregister, handle(0x7f6735ee80) (w:1080 h:1920 s:1088 f:0x1 u:0x000b00)
06-14 15:02:19.459  1040  2131 D GraphicBuffer: unregister, handle(0x7f66c09a20) (w:1080 h:1920 s:1088 f:0x1 u:0x000b00)
06-14 15:02:19.460  1040  2131 D GraphicBuffer: unregister, handle(0x7f670df2a0) (w:1080 h:1920 s:1088 f:0x1 u:0x000b00)
06-14 15:02:19.460  1040  2131 D GraphicBuffer: unregister, handle(0x7f670514c0) (w:1080 h:1920 s:1088 f:0x1 u:0x000b00)
06-14 15:02:19.461   272   352 D GraphicBuffer: free, handle(0x7f7a1b2ce0) (w:1080 h:1920 s:1088 f:0x1 u:0x000b00)
06-14 15:02:19.462   272   352 D GraphicBuffer: free, handle(0x7f798123e0) (w:1080 h:1920 s:1088 f:0x1 u:0x000b00)
06-14 15:02:19.463   272   352 D GraphicBuffer: free, handle(0x7f79812980) (w:1080 h:1920 s:1088 f:0x1 u:0x000b00)
06-14 15:02:19.464  1561  2082 E BackBatteryStats: getCameraTurnedOnTimer exception: java.lang.NoSuchMethodException
06-14 15:02:19.464  1040  2131 D Surface : Surface::connect(this=0x7f80223600,api=1)
06-14 15:02:19.465  1561  2082 E BackBatteryStats: getFlashlightTurnedOnTimer exception: java.lang.NoSuchMethodException
06-14 15:02:19.466  1040  2131 D mali_winsys: new_window_surface returns 0x3000
06-14 15:02:19.468   874  1882 I libPerfService: perfSetFavorPid - pid:0, 0
06-14 15:02:19.469   272  8099 I [MALI][Gralloc]: Usage: 0xb00, format: 0x1 stride: 1088 vertical_stride: 66 size: 287232
06-14 15:02:19.469  1040  1040 D BlurUtils: hideBlurView
06-14 15:02:19.469   272  8099 D GraphicBuffer: alloc, handle(0x7f79812340) (w:1080 h:66 s:1088 f:0x1 u:0x000b00) err(0)
06-14 15:02:19.470  1561  2082 E BackBatteryStats: getCameraTurnedOnTimer exception: java.lang.NoSuchMethodException
06-14 15:02:19.471  1040  2131 D GraphicBuffer: register, handle(0x7f66d62b60) (w:1080 h:66 s:1088 f:0x1 u:0x000b00)
06-14 15:02:19.471  1561  2082 E BackBatteryStats: getFlashlightTurnedOnTimer exception: java.lang.NoSuchMethodException
06-14 15:02:19.475   272   352 I [MALI][Gralloc]: Usage: 0xb00, format: 0x1 stride: 1088 vertical_stride: 66 size: 287232
06-14 15:02:19.475   272   352 D GraphicBuffer: alloc, handle(0x7f74d3b2a0) (w:1080 h:66 s:1088 f:0x1 u:0x000b00) err(0)
06-14 15:02:19.476  1561  2082 E BackBatteryStats: getCameraTurnedOnTimer exception: java.lang.NoSuchMethodException
06-14 15:02:19.476  1040  2131 D GraphicBuffer: register, handle(0x7f66c09700) (w:1080 h:66 s:1088 f:0x1 u:0x000b00)
06-14 15:02:19.476  1561  2082 E BackBatteryStats: getFlashlightTurnedOnTimer exception: java.lang.NoSuchMethodException
06-14 15:02:19.479   272   352 I [MALI][Gralloc]: Usage: 0xb00, format: 0x1 stride: 1088 vertical_stride: 66 size: 287232
06-14 15:02:19.479   272   352 D GraphicBuffer: alloc, handle(0x7f79812980) (w:1080 h:66 s:1088 f:0x1 u:0x000b00) err(0)
06-14 15:02:19.480  1040  2131 D GraphicBuffer: register, handle(0x7f66c0ac40) (w:1080 h:66 s:1088 f:0x1 u:0x000b00)
06-14 15:02:19.481  1040  1040 D ImageWallpaper: onVisibilityChanged: mVisible, visible=true, false
06-14 15:02:19.481  1040  1040 D ImageWallpaper: Visibility changed to visible=false
06-14 15:02:19.481  1561  2082 E BackBatteryStats: getCameraTurnedOnTimer exception: java.lang.NoSuchMethodException
06-14 15:02:19.482  1561  2082 E BackBatteryStats: getFlashlightTurnedOnTimer exception: java.lang.NoSuchMethodException
06-14 15:02:19.487  1561  2082 E BackBatteryStats: getCameraTurnedOnTimer exception: java.lang.NoSuchMethodException
06-14 15:02:19.488  1561  2082 E BackBatteryStats: getFlashlightTurnedOnTimer exception: java.lang.NoSuchMethodException
06-14 15:02:19.490   272   272 D GraphicBuffer: free, handle(0x7f798128e0) (w:1080 h:1920 s:1088 f:0x1 u:0x000b00)
06-14 15:02:19.492  1561  2082 E BackBatteryStats: getCameraTurnedOnTimer exception: java.lang.NoSuchMethodException
06-14 15:02:19.493  1561  2082 E BackBatteryStats: getFlashlightTurnedOnTimer exception: java.lang.NoSuchMethodException
06-14 15:02:19.493   272   935 I [MALI][Gralloc]: Usage: 0xb00, format: 0x1 stride: 1088 vertical_stride: 66 size: 287232
06-14 15:02:19.493   272   935 D GraphicBuffer: alloc, handle(0x7f74c8d9c0) (w:1080 h:66 s:1088 f:0x1 u:0x000b00) err(0)
06-14 15:02:19.494  1040  2131 D GraphicBuffer: register, handle(0x7f66c7fba0) (w:1080 h:66 s:1088 f:0x1 u:0x000b00)
06-14 15:02:19.497  1561  2082 E BackBatteryStats: getCameraTurnedOnTimer exception: java.lang.NoSuchMethodException
06-14 15:02:19.497  1561  2082 E BackBatteryStats: getFlashlightTurnedOnTimer exception: java.lang.NoSuchMethodException
06-14 15:02:19.501  1561  2082 E BackBatteryStats: getCameraTurnedOnTimer exception: java.lang.NoSuchMethodException
06-14 15:02:19.501  1561  2082 E BackBatteryStats: getFlashlightTurnedOnTimer exception: java.lang.NoSuchMethodException
06-14 15:02:19.505  1561  2082 E BackBatteryStats: getCameraTurnedOnTimer exception: java.lang.NoSuchMethodException
06-14 15:02:19.505  1561  2082 E BackBatteryStats: getFlashlightTurnedOnTimer exception: java.lang.NoSuchMethodException
06-14 15:02:19.510  1561  2082 E BackBatteryStats: getCameraTurnedOnTimer exception: java.lang.NoSuchMethodException
06-14 15:02:19.510  1561  2082 E BackBatteryStats: getFlashlightTurnedOnTimer exception: java.lang.NoSuchMethodException
06-14 15:02:19.514  1561  2082 E BackBatteryStats: getCameraTurnedOnTimer exception: java.lang.NoSuchMethodException
06-14 15:02:19.514  1561  2082 E BackBatteryStats: getFlashlightTurnedOnTimer exception: java.lang.NoSuchMethodException
06-14 15:02:19.518  1561  2082 E BackBatteryStats: getCameraTurnedOnTimer exception: java.lang.NoSuchMethodException
06-14 15:02:19.518  1561  2082 E BackBatteryStats: getFlashlightTurnedOnTimer exception: java.lang.NoSuchMethodException
06-14 15:02:19.522  1561  2082 E BackBatteryStats: getCameraTurnedOnTimer exception: java.lang.NoSuchMethodException
06-14 15:02:19.522  1561  2082 E BackBatteryStats: getFlashlightTurnedOnTimer exception: java.lang.NoSuchMethodException
06-14 15:02:19.526  1561  2082 E BackBatteryStats: getCameraTurnedOnTimer exception: java.lang.NoSuchMethodException
06-14 15:02:19.527  1561  2082 E BackBatteryStats: getFlashlightTurnedOnTimer exception: java.lang.NoSuchMethodException
06-14 15:02:19.530  1561  2082 E BackBatteryStats: getCameraTurnedOnTimer exception: java.lang.NoSuchMethodException
06-14 15:02:19.531  1561  2082 E BackBatteryStats: getFlashlightTurnedOnTimer exception: java.lang.NoSuchMethodException
06-14 15:02:19.535  1561  2082 E BackBatteryStats: getCameraTurnedOnTimer exception: java.lang.NoSuchMethodException
06-14 15:02:19.536  1561  2082 E BackBatteryStats: getFlashlightTurnedOnTimer exception: java.lang.NoSuchMethodException
06-14 15:02:19.539  1561  2082 E BackBatteryStats: getCameraTurnedOnTimer exception: java.lang.NoSuchMethodException
06-14 15:02:19.539  1561  2082 E BackBatteryStats: getFlashlightTurnedOnTimer exception: java.lang.NoSuchMethodException
06-14 15:02:19.543  1561  2082 E BackBatteryStats: getCameraTurnedOnTimer exception: java.lang.NoSuchMethodException
06-14 15:02:19.543  1561  2082 E BackBatteryStats: getFlashlightTurnedOnTimer exception: java.lang.NoSuchMethodException
06-14 15:02:19.547  1561  2082 E BackBatteryStats: getCameraTurnedOnTimer exception: java.lang.NoSuchMethodException
06-14 15:02:19.547  1561  2082 E BackBatteryStats: getFlashlightTurnedOnTimer exception: java.lang.NoSuchMethodException
06-14 15:02:19.551  1561  2082 E BackBatteryStats: getCameraTurnedOnTimer exception: java.lang.NoSuchMethodException
06-14 15:02:19.551  1561  2082 E BackBatteryStats: getFlashlightTurnedOnTimer exception: java.lang.NoSuchMethodException
06-14 15:02:19.555  1561  2082 E BackBatteryStats: getCameraTurnedOnTimer exception: java.lang.NoSuchMethodException
06-14 15:02:19.555  1561  2082 E BackBatteryStats: getFlashlightTurnedOnTimer exception: java.lang.NoSuchMethodException
06-14 15:02:19.559  1561  2082 E BackBatteryStats: getCameraTurnedOnTimer exception: java.lang.NoSuchMethodException
06-14 15:02:19.559  1561  2082 E BackBatteryStats: getFlashlightTurnedOnTimer exception: java.lang.NoSuchMethodException
06-14 15:02:19.563  1561  2082 E BackBatteryStats: getCameraTurnedOnTimer exception: java.lang.NoSuchMethodException
06-14 15:02:19.564  1561  2082 E BackBatteryStats: getFlashlightTurnedOnTimer exception: java.lang.NoSuchMethodException
06-14 15:02:19.567  1561  2082 E BackBatteryStats: getCameraTurnedOnTimer exception: java.lang.NoSuchMethodException
06-14 15:02:19.567  1561  2082 E BackBatteryStats: getFlashlightTurnedOnTimer exception: java.lang.NoSuchMethodException
06-14 15:02:19.571  1561  2082 E BackBatteryStats: getCameraTurnedOnTimer exception: java.lang.NoSuchMethodException
06-14 15:02:19.571  1561  2082 E BackBatteryStats: getFlashlightTurnedOnTimer exception: java.lang.NoSuchMethodException
06-14 15:02:19.572  1231   355 D trafficPower: uid=10011, appName=邮件, pkName=com.android.email, modernNetStatus=false, wifiNetStatus=true
06-14 15:02:19.575  1561  2082 E BackBatteryStats: getCameraTurnedOnTimer exception: java.lang.NoSuchMethodException
06-14 15:02:19.575  1561  2082 E BackBatteryStats: getFlashlightTurnedOnTimer exception: java.lang.NoSuchMethodException
06-14 15:02:19.579  1561  2082 E BackBatteryStats: getCameraTurnedOnTimer exception: java.lang.NoSuchMethodException
06-14 15:02:19.579  1561  2082 E BackBatteryStats: getFlashlightTurnedOnTimer exception: java.lang.NoSuchMethodException
06-14 15:02:19.582  1561  2082 E BackBatteryStats: getCameraTurnedOnTimer exception: java.lang.NoSuchMethodException
06-14 15:02:19.583  1561  2082 E BackBatteryStats: getFlashlightTurnedOnTimer exception: java.lang.NoSuchMethodException
06-14 15:02:19.587  1561  2082 E BackBatteryStats: getCameraTurnedOnTimer exception: java.lang.NoSuchMethodException
06-14 15:02:19.588  1561  2082 E BackBatteryStats: getFlashlightTurnedOnTimer exception: java.lang.NoSuchMethodException
06-14 15:02:19.593  1561  2082 E BackBatteryStats: getCameraTurnedOnTimer exception: java.lang.NoSuchMethodException
06-14 15:02:19.594  1561  2082 E BackBatteryStats: getFlashlightTurnedOnTimer exception: java.lang.NoSuchMethodException
06-14 15:02:19.597  1561  2082 E BackBatteryStats: getCameraTurnedOnTimer exception: java.lang.NoSuchMethodException
06-14 15:02:19.598  1561  2082 E BackBatteryStats: getFlashlightTurnedOnTimer exception: java.lang.NoSuchMethodException
06-14 15:02:19.601  1561  2082 E BackBatteryStats: getCameraTurnedOnTimer exception: java.lang.NoSuchMethodException
06-14 15:02:19.601  1561  2082 E BackBatteryStats: getFlashlightTurnedOnTimer exception: java.lang.NoSuchMethodException
06-14 15:02:19.604  1561  2082 E BackBatteryStats: getCameraTurnedOnTimer exception: java.lang.NoSuchMethodException
06-14 15:02:19.605  1561  2082 E BackBatteryStats: getFlashlightTurnedOnTimer exception: java.lang.NoSuchMethodException
06-14 15:02:19.608  1561  2082 E BackBatteryStats: getCameraTurnedOnTimer exception: java.lang.NoSuchMethodException
06-14 15:02:19.608  1561  2082 E BackBatteryStats: getFlashlightTurnedOnTimer exception: java.lang.NoSuchMethodException
06-14 15:02:19.608  1231   355 D trafficPower: uid=10006, appName=主题美化, pkName=com.meizu.customizecenter, modernNetStatus=false, wifiNetStatus=true
06-14 15:02:19.611  1561  2082 E BackBatteryStats: getCameraTurnedOnTimer exception: java.lang.NoSuchMethodException
06-14 15:02:19.612  1561  2082 E BackBatteryStats: getFlashlightTurnedOnTimer exception: java.lang.NoSuchMethodException
06-14 15:02:19.615  1561  2082 E BackBatteryStats: getCameraTurnedOnTimer exception: java.lang.NoSuchMethodException
06-14 15:02:19.615  1561  2082 E BackBatteryStats: getFlashlightTurnedOnTimer exception: java.lang.NoSuchMethodException
06-14 15:02:19.618  1561  2082 E BackBatteryStats: getCameraTurnedOnTimer exception: java.lang.NoSuchMethodException
06-14 15:02:19.619  1561  2082 E BackBatteryStats: getFlashlightTurnedOnTimer exception: java.lang.NoSuchMethodException
06-14 15:02:19.622  1561  2082 E BackBatteryStats: getCameraTurnedOnTimer exception: java.lang.NoSuchMethodException
06-14 15:02:19.622  1561  2082 E BackBatteryStats: getFlashlightTurnedOnTimer exception: java.lang.NoSuchMethodException
06-14 15:02:19.625  1561  2082 E BackBatteryStats: getCameraTurnedOnTimer exception: java.lang.NoSuchMethodException
06-14 15:02:19.625  1231   355 D trafficPower: uid=10044, appName=游戏中心, pkName=com.meizu.flyme.gamecenter, modernNetStatus=false, wifiNetStatus=true
06-14 15:02:19.625  1561  2082 E BackBatteryStats: getFlashlightTurnedOnTimer exception: java.lang.NoSuchMethodException
06-14 15:02:19.628  1561  2082 E BackBatteryStats: getCameraTurnedOnTimer exception: java.lang.NoSuchMethodException
06-14 15:02:19.629  1561  2082 E BackBatteryStats: getFlashlightTurnedOnTimer exception: java.lang.NoSuchMethodException
06-14 15:02:19.632  1561  2082 E BackBatteryStats: getCameraTurnedOnTimer exception: java.lang.NoSuchMethodException
06-14 15:02:19.632  1561  2082 E BackBatteryStats: getFlashlightTurnedOnTimer exception: java.lang.NoSuchMethodException
06-14 15:02:19.636  1561  2082 E BackBatteryStats: getCameraTurnedOnTimer exception: java.lang.NoSuchMethodException
06-14 15:02:19.636  1561  2082 E BackBatteryStats: getFlashlightTurnedOnTimer exception: java.lang.NoSuchMethodException
06-14 15:02:19.640  1561  2082 E BackBatteryStats: getCameraTurnedOnTimer exception: java.lang.NoSuchMethodException
06-14 15:02:19.641  1561  2082 E BackBatteryStats: getFlashlightTurnedOnTimer exception: java.lang.NoSuchMethodException
06-14 15:02:19.644  1561  2082 E BackBatteryStats: getCameraTurnedOnTimer exception: java.lang.NoSuchMethodException
06-14 15:02:19.644  1561  2082 E BackBatteryStats: getFlashlightTurnedOnTimer exception: java.lang.NoSuchMethodException
06-14 15:02:19.647  1561  2082 E BackBatteryStats: getCameraTurnedOnTimer exception: java.lang.NoSuchMethodException
06-14 15:02:19.648  1561  2082 E BackBatteryStats: getFlashlightTurnedOnTimer exception: java.lang.NoSuchMethodException
06-14 15:02:19.652  1561  2082 E BackBatteryStats: getCameraTurnedOnTimer exception: java.lang.NoSuchMethodException
06-14 15:02:19.652  1561  2082 E BackBatteryStats: getFlashlightTurnedOnTimer exception: java.lang.NoSuchMethodException
06-14 15:02:19.655  1561  2082 E BackBatteryStats: getCameraTurnedOnTimer exception: java.lang.NoSuchMethodException
06-14 15:02:19.656  1561  2082 E BackBatteryStats: getFlashlightTurnedOnTimer exception: java.lang.NoSuchMethodException
06-14 15:02:19.659  1561  2082 E BackBatteryStats: getCameraTurnedOnTimer exception: java.lang.NoSuchMethodException
06-14 15:02:19.659  1561  2082 E BackBatteryStats: getFlashlightTurnedOnTimer exception: java.lang.NoSuchMethodException
06-14 15:02:19.659  1561  2082 D PowerGaugeStats: parseStats2HWMap
06-14 15:02:19.661  1561  2082 E BatteryStats: getBluetoothControllerActivity exception: java.lang.NoSuchMethodException
06-14 15:02:19.662  1561  2082 E BatteryStats: getBluetoothControllerActivity exception: java.lang.NoSuchMethodException
06-14 15:02:19.662  1561  2082 E BatteryStats: getBluetoothControllerActivity exception: java.lang.NoSuchMethodException
06-14 15:02:19.663  1561  2082 E BatteryStats: getBluetoothControllerActivity exception: java.lang.NoSuchMethodException
06-14 15:02:19.664  1561  2082 D PowerGaugeStats: calculate battery stats cost time: 613 ms
06-14 15:02:19.664  1561  2082 D PowerGaugeStats: debuggauge rest happend dnew type 1
06-14 15:02:19.664  1561  2082 D SQLiteDatabase: beginTransaction()
06-14 15:02:19.664  1561  2082 D PowerGaugeStats: store time index excecute sql: insert into stats_time_index (time_index, time,  reabattime, upbattime) values (9813,1497423738948,4023,68)
06-14 15:02:19.678  1231   355 D trafficPower: uid=10048, appName=生活服务, pkName=com.meizu.media.life, modernNetStatus=false, wifiNetStatus=true
06-14 15:02:19.688  1231   355 D trafficPower: statistic net limit system app count=19
06-14 15:02:19.689  1231   355 D trafficTest: PackageManagerUtil --> pkName=com.meizu.cloud getUid=10055
06-14 15:02:19.689  1231   355 D trafficTest: PackageManagerUtil --> pkName=com.meizu.flyme.service.find getUid=10059
06-14 15:02:19.690  1231   355 D trafficTest: PackageManagerUtil --> pkName=com.meizu.mpay getUid=10057
06-14 15:02:19.690  1231   355 D trafficTest: PackageManagerUtil --> pkName=com.meizu.account.pay getUid=10058
06-14 15:02:19.690  1231   355 D trafficTest: PackageManagerUtil --> getUid com.aliyun.ams.tyid not found ex
06-14 15:02:19.690  1231   355 D trafficTest: PackageManagerUtil --> pkName=com.aliyun.ams.tyid getUid=-1
06-14 15:02:19.691  1231   355 D trafficTest: PackageManagerUtil --> pkName=com.meizu.mzsyncservice getUid=10062
06-14 15:02:19.691  1231   355 D trafficPower: need recovery system app list size=0
06-14 15:02:19.691  1231   355 D trafficPower: 应用列表为空,不处理!
06-14 15:02:19.691  1231   355 D trafficPower: eventName=ScreenOnEvent, updatePolicyResult=true
06-14 15:02:19.691  1231   355 D SQLiteDatabase: beginTransaction()
06-14 15:02:19.691  1231   355 D SQLiteDatabase: endTransaction()
06-14 15:02:19.691  1231   355 D trafficPower: 删除历史记录结果=true
06-14 15:02:19.691  1231   355 D trafficPower: eventName=ScreenOnEvent, doFinish batchDeleteDBResult=true
06-14 15:02:19.691  1231   355 D trafficPower: eventName=ScreenOnEvent, doFinishResult=true
06-14 15:02:19.691  1231   355 D trafficPower: 收到事件处理完成通知,eventName=ScreenOnEvent, eventResult=true
06-14 15:02:19.691  1231   355 D trafficPower: ScreenOnEvent 执行结果=true
06-14 15:02:19.691  1231   355 D trafficPower: -----准备处理下一个事件
06-14 15:02:19.691  1231   355 D trafficPower: 事件队列已空,结束事件处理服务
06-14 15:02:19.692  1231  1231 D trafficPower: 省电控制 服务destory
06-14 15:02:19.716  1561  2082 D PowerGaugeStats: delete record in db: stats_sw < time: 13-15-02-18
06-14 15:02:19.717  1561  2082 D PowerGaugeStats: store time index excecute sql: insert into stats_sw (time_index, uid,  allpower, bgpower) values (9813,10033,70,70)
06-14 15:02:19.717  1561  2082 D PowerGaugeStats: store all sw detail sql: insert into stats_sw_detail (time_index , uid, cputime, fgtime, mbdata, mbtime, wifidata, wifitime, wakelocktime, alarmcount, fullwakelocktime, gpstime, sensortime, cameratime, flashtime) values (9813,10033,1,0,0,0,323,0,0, 0, 0, 0, 0, 0, 0)
06-14 15:02:19.717  1561  2082 D PowerGaugeStats: store time index excecute sql: insert into stats_sw (time_index, uid,  allpower, bgpower) values (9813,10059,0,0)
06-14 15:02:19.718  1561  2082 D PowerGaugeStats: store all sw detail sql: insert into stats_sw_detail (time_index , uid, cputime, fgtime, mbdata, mbtime, wifidata, wifitime, wakelocktime, alarmcount, fullwakelocktime, gpstime, sensortime, cameratime, flashtime) values (9813,10059,0,0,0,0,0,0,0, 0, 0, 0, 0, 0, 0)
06-14 15:02:19.718  1561  2082 D PowerGaugeStats: store time index excecute sql: insert into stats_sw (time_index, uid,  allpower, bgpower) values (9813,10027,776,0)
06-14 15:02:19.718  1561  2082 D PowerGaugeStats: store all sw detail sql: insert into stats_sw_detail (time_index , uid, cputime, fgtime, mbdata, mbtime, wifidata, wifitime, wakelocktime, alarmcount, fullwakelocktime, gpstime, sensortime, cameratime, flashtime) values (9813,10027,14,0,0,0,0,0,0, 0, 0, 0, 0, 0, 0)
06-14 15:02:19.718  1561  2082 D PowerGaugeStats: store time index excecute sql: insert into stats_sw (time_index, uid,  allpower, bgpower) values (9813,10053,0,0)
06-14 15:02:19.718  1561  2082 D PowerGaugeStats: store all sw detail sql: insert into stats_sw_detail (time_index , uid, cputime, fgtime, mbdata, mbtime, wifidata, wifitime, wakelocktime, alarmcount, fullwakelocktime, gpstime, sensortime, cameratime, flashtime) values (9813,10053,0,0,0,0,0,0,0, 0, 0, 0, 0, 0, 0)
06-14 15:02:19.718  1561  2082 D PowerGaugeStats: store time index excecute sql: insert into stats_sw (time_index, uid,  allpower, bgpower) values (9813,10040,0,0)
06-14 15:02:19.719  1561  2082 D PowerGaugeStats: store all sw detail sql: insert into stats_sw_detail (time_index , uid, cputime, fgtime, mbdata, mbtime, wifidata, wifitime, wakelocktime, alarmcount, fullwakelocktime, gpstime, sensortime, cameratime, flashtime) values (9813,10040,0,0,0,0,0,0,0, 0, 0, 0, 0, 0, 0)
06-14 15:02:19.719  1561  2082 D PowerGaugeStats: store time index excecute sql: insert into stats_sw (time_index, uid,  allpower, bgpower) values (9813,10003,0,0)
06-14 15:02:19.719  1561  2082 D PowerGaugeStats: store all sw detail sql: insert into stats_sw_detail (time_index , uid, cputime, fgtime, mbdata, mbtime, wifidata, wifitime, wakelocktime, alarmcount, fullwakelocktime, gpstime, sensortime, cameratime, flashtime) values (9813,10003,0,0,0,0,0,0,0, 0, 0, 0, 0, 0, 0)
06-14 15:02:19.719  1561  2082 D PowerGaugeStats: store time index excecute sql: insert into stats_sw (time_index, uid,  allpower, bgpower) values (9813,10095,0,0)
06-14 15:02:19.719  1561  2082 D PowerGaugeStats: store all sw detail sql: insert into stats_sw_detail (time_index , uid, cputime, fgtime, mbdata, mbtime, wifidata, wifitime, wakelocktime, alarmcount, fullwakelocktime, gpstime, sensortime, cameratime, flashtime) values (9813,10095,0,0,0,0,0,0,0, 0, 0, 0, 0, 0, 0)
06-14 15:02:19.720  1561  2082 D PowerGaugeStats: store time index excecute sql: insert into stats_sw (time_index, uid,  allpower, bgpower) values (9813,10052,0,0)
06-14 15:02:19.720  1561  2082 D PowerGaugeStats: store all sw detail sql: insert into stats_sw_detail (time_index , uid, cputime, fgtime, mbdata, mbtime, wifidata, wifitime, wakelocktime, alarmcount, fullwakelocktime, gpstime, sensortime, cameratime, flashtime) values (9813,10052,0,0,0,0,0,0,0, 0, 0, 0, 0, 0, 0)
06-14 15:02:19.720  1561  2082 D PowerGaugeStats: store time index excecute sql: insert into stats_sw (time_index, uid,  allpower, bgpower) values (9813,10022,0,0)
06-14 15:02:19.720  1561  2082 D PowerGaugeStats: store all sw detail sql: insert into stats_sw_detail (time_index , uid, cputime, fgtime, mbdata, mbtime, wifidata, wifitime, wakelocktime, alarmcount, fullwakelocktime, gpstime, sensortime, cameratime, flashtime) values (9813,10022,0,0,0,0,0,0,0, 0, 0, 0, 0, 0, 0)
06-14 15:02:19.720  1561  2082 D PowerGaugeStats: store time index excecute sql: insert into stats_sw (time_index, uid,  allpower, bgpower) values (9813,10008,0,0)
06-14 15:02:19.721  1561  2082 D PowerGaugeStats: store all sw detail sql: insert into stats_sw_detail (time_index , uid, cputime, fgtime, mbdata, mbtime, wifidata, wifitime, wakelocktime, alarmcount, fullwakelocktime, gpstime, sensortime, cameratime, flashtime) values (9813,10008,0,0,0,0,0,0,0, 0, 0, 0, 0, 0, 0)
06-14 15:02:19.721  1561  2082 D PowerGaugeStats: store time index excecute sql: insert into stats_sw (time_index, uid,  allpower, bgpower) values (9813,10013,135,47)
06-14 15:02:19.721  1561  2082 D PowerGaugeStats: store all sw detail sql: insert into stats_sw_detail (time_index , uid, cputime, fgtime, mbdata, mbtime, wifidata, wifitime, wakelocktime, alarmcount, fullwakelocktime, gpstime, sensortime, cameratime, flashtime) values (9813,10013,3,0,0,0,0,0,0, 0, 0, 0, 0, 0, 0)
06-14 15:02:19.721  1561  2082 D PowerGaugeStats: store time index excecute sql: insert into stats_sw (time_index, uid,  allpower, bgpower) values (9813,10073,0,0)
06-14 15:02:19.721  1561  2082 D PowerGaugeStats: store all sw detail sql: insert into stats_sw_detail (time_index , uid, cputime, fgtime, mbdata, mbtime, wifidata, wifitime, wakelocktime, alarmcount, fullwakelocktime, gpstime, sensortime, cameratime, flashtime) values (9813,10073,0,0,0,0,0,0,0, 0, 0, 0, 0, 0, 0)
06-14 15:02:19.722  1561  2082 D PowerGaugeStats: store time index excecute sql: insert into stats_sw (time_index, uid,  allpower, bgpower) values (9813,10076,0,0)
06-14 15:02:19.722  1561  2082 D PowerGaugeStats: store all sw detail sql: insert into stats_sw_detail (time_index , uid, cputime, fgtime, mbdata, mbtime, wifidata, wifitime, wakelocktime, alarmcount, fullwakelocktime, gpstime, sensortime, cameratime, flashtime) values (9813,10076,0,0,0,0,0,0,0, 0, 0, 0, 0, 0, 0)
06-14 15:02:19.722  1561  2082 D PowerGaugeStats: store time index excecute sql: insert into stats_sw (time_index, uid,  allpower, bgpower) values (9813,10066,0,0)
06-14 15:02:19.722  1561  2082 D PowerGaugeStats: store all sw detail sql: insert into stats_sw_detail (time_index , uid, cputime, fgtime, mbdata, mbtime, wifidata, wifitime, wakelocktime, alarmcount, fullwakelocktime, gpstime, sensortime, cameratime, flashtime) values (9813,10066,0,0,0,0,0,0,0, 0, 0, 0, 0, 0, 0)
06-14 15:02:19.722  1561  2082 D PowerGaugeStats: store time index excecute sql: insert into stats_sw (time_index, uid,  allpower, bgpower) values (9813,10004,10,3)
06-14 15:02:19.723  1561  2082 D PowerGaugeStats: store all sw detail sql: insert into stats_sw_detail (time_index , uid, cputime, fgtime, mbdata, mbtime, wifidata, wifitime, wakelocktime, alarmcount, fullwakelocktime, gpstime, sensortime, cameratime, flashtime) values (9813,10004,0,0,0,0,0,0,0, 0, 0, 0, 0, 0, 0)
06-14 15:02:19.723  1561  2082 D PowerGaugeStats: store time index excecute sql: insert into stats_sw (time_index, uid,  allpower, bgpower) values (9813,10054,5,0)
06-14 15:02:19.723  1561  2082 D PowerGaugeStats: store all sw detail sql: insert into stats_sw_detail (time_index , uid, cputime, fgtime, mbdata, mbtime, wifidata, wifitime, wakelocktime, alarmcount, fullwakelocktime, gpstime, sensortime, cameratime, flashtime) values (9813,10054,0,0,0,0,0,0,0, 0, 0, 0, 0, 0, 0)
06-14 15:02:19.723  1561  2082 D PowerGaugeStats: store time index excecute sql: insert into stats_sw (time_index, uid,  allpower, bgpower) values (9813,10020,0,0)
06-14 15:02:19.723  1561  2082 D PowerGaugeStats: store all sw detail sql: insert into stats_sw_detail (time_index , uid, cputime, fgtime, mbdata, mbtime, wifidata, wifitime, wakelocktime, alarmcount, fullwakelocktime, gpstime, sensortime, cameratime, flashtime) values (9813,10020,0,0,0,0,0,0,0, 0, 0, 0, 0, 0, 0)
06-14 15:02:19.723  1561  2082 D PowerGaugeStats: store time index excecute sql: insert into stats_sw (time_index, uid,  allpower, bgpower) values (9813,10185,0,0)
06-14 15:02:19.724  1561  2082 D PowerGaugeStats: store all sw detail sql: insert into stats_sw_detail (time_index , uid, cputime, fgtime, mbdata, mbtime, wifidata, wifitime, wakelocktime, alarmcount, fullwakelocktime, gpstime, sensortime, cameratime, flashtime) values (9813,10185,0,0,0,0,0,0,0, 0, 0, 0, 0, 0, 0)
06-14 15:02:19.724  1561  2082 D PowerGaugeStats: store time index excecute sql: insert into stats_sw (time_index, uid,  allpower, bgpower) values (9813,10089,0,0)
06-14 15:02:19.724  1561  2082 D PowerGaugeStats: store all sw detail sql: insert into stats_sw_detail (time_index , uid, cputime, fgtime, mbdata, mbtime, wifidata, wifitime, wakelocktime, alarmcount, fullwakelocktime, gpstime, sensortime, cameratime, flashtime) values (9813,10089,0,0,0,0,0,0,0, 0, 0, 0, 0, 0, 0)
06-14 15:02:19.724  1561  2082 D PowerGaugeStats: store time index excecute sql: insert into stats_sw (time_index, uid,  allpower, bgpower) values (9813,10079,0,0)
06-14 15:02:19.724  1561  2082 D PowerGaugeStats: store all sw detail sql: insert into stats_sw_detail (time_index , uid, cputime, fgtime, mbdata, mbtime, wifidata, wifitime, wakelocktime, alarmcount, fullwakelocktime, gpstime, sensortime, cameratime, flashtime) values (9813,10079,0,0,0,0,132,0,0, 0, 0, 0, 0, 0, 0)
06-14 15:02:19.725  1561  2082 D PowerGaugeStats: store time index excecute sql: insert into stats_sw (time_index, uid,  allpower, bgpower) values (9813,10034,0,0)
06-14 15:02:19.725  1561  2082 D PowerGaugeStats: store all sw detail sql: insert into stats_sw_detail (time_index , uid, cputime, fgtime, mbdata, mbtime, wifidata, wifitime, wakelocktime, alarmcount, fullwakelocktime, gpstime, sensortime, cameratime, flashtime) values (9813,10034,0,0,0,0,0,0,0, 0, 0, 0, 0, 0, 0)
06-14 15:02:19.725  1561  2082 D PowerGaugeStats: store time index excecute sql: insert into stats_sw (time_index, uid,  allpower, bgpower) values (9813,10063,0,0)
06-14 15:02:19.725  1561  2082 D PowerGaugeStats: store all sw detail sql: insert into stats_sw_detail (time_index , uid, cputime, fgtime, mbdata, mbtime, wifidata, wifitime, wakelocktime, alarmcount, fullwakelocktime, gpstime, sensortime, cameratime, flashtime) values (9813,10063,0,0,0,0,0,0,0, 0, 0, 0, 0, 0, 0)
06-14 15:02:19.725  1561  2082 D PowerGaugeStats: store time index excecute sql: insert into stats_sw (time_index, uid,  allpower, bgpower) values (9813,10074,5,5)
06-14 15:02:19.726  1561  2082 D PowerGaugeStats: store all sw detail sql: insert into stats_sw_detail (time_index , uid, cputime, fgtime, mbdata, mbtime, wifidata, wifitime, wakelocktime, alarmcount, fullwakelocktime, gpstime, sensortime, cameratime, flashtime) values (9813,10074,0,0,0,0,80,0,0, 0, 0, 0, 0, 0, 0)
06-14 15:02:19.726  1561  2082 D PowerGaugeStats: store time index excecute sql: insert into stats_sw (time_index, uid,  allpower, bgpower) values (9813,10057,0,0)
06-14 15:02:19.726  1561  2082 D PowerGaugeStats: store all sw detail sql: insert into stats_sw_detail (time_index , uid, cputime, fgtime, mbdata, mbtime, wifidata, wifitime, wakelocktime, alarmcount, fullwakelocktime, gpstime, sensortime, cameratime, flashtime) values (9813,10057,0,0,0,0,0,0,0, 0, 0, 0, 0, 0, 0)
06-14 15:02:19.726  1561  2082 D PowerGaugeStats: store time index excecute sql: insert into stats_sw (time_index, uid,  allpower, bgpower) values (9813,10005,0,0)
06-14 15:02:19.726  1561  2082 D PowerGaugeStats: store all sw detail sql: insert into stats_sw_detail (time_index , uid, cputime, fgtime, mbdata, mbtime, wifidata, wifitime, wakelocktime, alarmcount, fullwakelocktime, gpstime, sensortime, cameratime, flashtime) values (9813,10005,0,0,0,0,0,0,0, 0, 0, 0, 0, 0, 0)
06-14 15:02:19.727  1561  2082 D PowerGaugeStats: store time index excecute sql: insert into stats_sw (time_index, uid,  allpower, bgpower) values (9813,10072,0,0)
06-14 15:02:19.727  1561  2082 D PowerGaugeStats: store all sw detail sql: insert into stats_sw_detail (time_index , uid, cputime, fgtime, mbdata, mbtime, wifidata, wifitime, wakelocktime, alarmcount, fullwakelocktime, gpstime, sensortime, cameratime, flashtime) values (9813,10072,0,0,0,0,0,0,0, 0, 0, 0, 0, 0, 0)
06-14 15:02:19.727  1561  2082 D PowerGaugeStats: store time index excecute sql: insert into stats_sw (time_index, uid,  allpower, bgpower) values (9813,10048,0,0)
06-14 15:02:19.727  1561  2082 D PowerGaugeStats: store all sw detail sql: insert into stats_sw_detail (time_index , uid, cputime, fgtime, mbdata, mbtime, wifidata, wifitime, wakelocktime, alarmcount, fullwakelocktime, gpstime, sensortime, cameratime, flashtime) values (9813,10048,0,0,0,0,0,0,0, 0, 0, 0, 0, 0, 0)
06-14 15:02:19.727  1561  2082 D PowerGaugeStats: store time index excecute sql: insert into stats_sw (time_index, uid,  allpower, bgpower) values (9813,10071,0,0)
06-14 15:02:19.728  1561  2082 D PowerGaugeStats: store all sw detail sql: insert into stats_sw_detail (time_index , uid, cputime, fgtime, mbdata, mbtime, wifidata, wifitime, wakelocktime, alarmcount, fullwakelocktime, gpstime, sensortime, cameratime, flashtime) values (9813,10071,0,0,0,0,0,0,0, 0, 0, 0, 0, 0, 0)
06-14 15:02:19.728  1561  2082 D PowerGaugeStats: store time index excecute sql: insert into stats_sw (time_index, uid,  allpower, bgpower) values (9813,10028,0,0)
06-14 15:02:19.728  1561  2082 D PowerGaugeStats: store all sw detail sql: insert into stats_sw_detail (time_index , uid, cputime, fgtime, mbdata, mbtime, wifidata, wifitime, wakelocktime, alarmcount, fullwakelocktime, gpstime, sensortime, cameratime, flashtime) values (9813,10028,0,0,0,0,0,0,0, 0, 0, 0, 0, 0, 0)
06-14 15:02:19.728  1561  2082 D PowerGaugeStats: store time index excecute sql: insert into stats_sw (time_index, uid,  allpower, bgpower) values (9813,10016,0,0)
06-14 15:02:19.728  1561  2082 D PowerGaugeStats: store all sw detail sql: insert into stats_sw_detail (time_index , uid, cputime, fgtime, mbdata, mbtime, wifidata, wifitime, wakelocktime, alarmcount, fullwakelocktime, gpstime, sensortime, cameratime, flashtime) values (9813,10016,0,0,0,0,0,0,0, 0, 0, 0, 0, 0, 0)
06-14 15:02:19.728  1561  2082 D PowerGaugeStats: store time index excecute sql: insert into stats_sw (time_index, uid,  allpower, bgpower) values (9813,1001,83,0)
06-14 15:02:19.729  1561  2082 D PowerGaugeStats: store all sw detail sql: insert into stats_sw_detail (time_index , uid, cputime, fgtime, mbdata, mbtime, wifidata, wifitime, wakelocktime, alarmcount, fullwakelocktime, gpstime, sensortime, cameratime, flashtime) values (9813,1001,1,0,0,0,0,0,1, 0, 0, 0, 0, 0, 0)
06-14 15:02:19.729  1561  2082 D PowerGaugeStats: store time index excecute sql: insert into stats_sw (time_index, uid,  allpower, bgpower) values (9813,10058,0,0)
06-14 15:02:19.729  1561  2082 D PowerGaugeStats: store all sw detail sql: insert into stats_sw_detail (time_index , uid, cputime, fgtime, mbdata, mbtime, wifidata, wifitime, wakelocktime, alarmcount, fullwakelocktime, gpstime, sensortime, cameratime, flashtime) values (9813,10058,0,0,0,0,0,0,0, 0, 0, 0, 0, 0, 0)
06-14 15:02:19.729  1561  2082 D PowerGaugeStats: store time index excecute sql: insert into stats_sw (time_index, uid,  allpower, bgpower) values (9813,10070,0,0)
06-14 15:02:19.729  1561  2082 D PowerGaugeStats: store all sw detail sql: insert into stats_sw_detail (time_index , uid, cputime, fgtime, mbdata, mbtime, wifidata, wifitime, wakelocktime, alarmcount, fullwakelocktime, gpstime, sensortime, cameratime, flashtime) values (9813,10070,0,0,0,0,0,0,0, 0, 0, 0, 0, 0, 0)
06-14 15:02:19.730  1561  2082 D PowerGaugeStats: store time index excecute sql: insert into stats_sw (time_index, uid,  allpower, bgpower) values (9813,1000,2737,2737)
06-14 15:02:19.730  1561  2082 D PowerGaugeStats: store all sw detail sql: insert into stats_sw_detail (time_index , uid, cputime, fgtime, mbdata, mbtime, wifidata, wifitime, wakelocktime, alarmcount, fullwakelocktime, gpstime, sensortime, cameratime, flashtime) values (9813,1000,0,0,0,0,0,0,512, 1, 0, 0, 58, 0, 0)
06-14 15:02:19.730  1561  2082 D PowerGaugeStats: store time index excecute sql: insert into stats_sw (time_index, uid,  allpower, bgpower) values (9813,10015,0,0)
06-14 15:02:19.730  1561  2082 D PowerGaugeStats: store all sw detail sql: insert into stats_sw_detail (time_index , uid, cputime, fgtime, mbdata, mbtime, wifidata, wifitime, wakelocktime, alarmcount, fullwakelocktime, gpstime, sensortime, cameratime, flashtime) values (9813,10015,0,0,0,0,0,0,0, 0, 0, 0, 0, 0, 0)
06-14 15:02:19.731  1561  2082 D PowerGaugeStats: store time index excecute sql: insert into stats_sw (time_index, uid,  allpower, bgpower) values (9813,1019,5,5)
06-14 15:02:19.732  1561  2082 D PowerGaugeStats: store all sw detail sql: insert into stats_sw_detail (time_index , uid, cputime, fgtime, mbdata, mbtime, wifidata, wifitime, wakelocktime, alarmcount, fullwakelocktime, gpstime, sensortime, cameratime, flashtime) values (9813,1019,0,0,0,0,0,0,0, 0, 0, 0, 0, 0, 0)
06-14 15:02:19.732  1561  2082 D PowerGaugeStats: store time index excecute sql: insert into stats_sw (time_index, uid,  allpower, bgpower) values (9813,10056,8,8)
06-14 15:02:19.733  1561  2082 D PowerGaugeStats: store all sw detail sql: insert into stats_sw_detail (time_index , uid, cputime, fgtime, mbdata, mbtime, wifidata, wifitime, wakelocktime, alarmcount, fullwakelocktime, gpstime, sensortime, cameratime, flashtime) values (9813,10056,0,0,0,0,0,0,0, 0, 0, 0, 0, 0, 0)
06-14 15:02:19.733  1561  2082 D PowerGaugeStats: store time index excecute sql: insert into stats_sw (time_index, uid,  allpower, bgpower) values (9813,10060,0,0)
06-14 15:02:19.733  1561  2082 D PowerGaugeStats: store all sw detail sql: insert into stats_sw_detail (time_index , uid, cputime, fgtime, mbdata, mbtime, wifidata, wifitime, wakelocktime, alarmcount, fullwakelocktime, gpstime, sensortime, cameratime, flashtime) values (9813,10060,0,0,0,0,0,0,0, 0, 0, 0, 0, 0, 0)
06-14 15:02:19.734  1561  2082 D PowerGaugeStats: store time index excecute sql: insert into stats_sw (time_index, uid,  allpower, bgpower) values (9813,10032,0,0)
06-14 15:02:19.734  1561  2082 D PowerGaugeStats: store all sw detail sql: insert into stats_sw_detail (time_index , uid, cputime, fgtime, mbdata, mbtime, wifidata, wifitime, wakelocktime, alarmcount, fullwakelocktime, gpstime, sensortime, cameratime, flashtime) values (9813,10032,0,0,0,0,0,0,0, 0, 0, 0, 0, 0, 0)
06-14 15:02:19.735  1561  2082 D PowerGaugeStats: store time index excecute sql: insert into stats_sw (time_index, uid,  allpower, bgpower) values (9813,10035,10,0)
06-14 15:02:19.735  1561  2082 D PowerGaugeStats: store all sw detail sql: insert into stats_sw_detail (time_index , uid, cputime, fgtime, mbdata, mbtime, wifidata, wifitime, wakelocktime, alarmcount, fullwakelocktime, gpstime, sensortime, cameratime, flashtime) values (9813,10035,0,0,0,0,0,0,0, 0, 0, 0, 0, 0, 0)
06-14 15:02:19.737  1561  2082 D PowerGaugeStats: store time index excecute sql: insert into stats_sw (time_index, uid,  allpower, bgpower) values (9813,10017,10,0)
06-14 15:02:19.737  1561  2082 D PowerGaugeStats: store all sw detail sql: insert into stats_sw_detail (time_index , uid, cputime, fgtime, mbdata, mbtime, wifidata, wifitime, wakelocktime, alarmcount, fullwakelocktime, gpstime, sensortime, cameratime, flashtime) values (9813,10017,0,0,0,0,0,0,0, 0, 0, 0, 0, 0, 0)
06-14 15:02:19.738  1561  2082 D PowerGaugeStats: store time index excecute sql: insert into stats_sw (time_index, uid,  allpower, bgpower) values (9813,10014,0,0)
06-14 15:02:19.738  1561  2082 D PowerGaugeStats: store all sw detail sql: insert into stats_sw_detail (time_index , uid, cputime, fgtime, mbdata, mbtime, wifidata, wifitime, wakelocktime, alarmcount, fullwakelocktime, gpstime, sensortime, cameratime, flashtime) values (9813,10014,0,0,0,0,0,0,0, 0, 0, 0, 0, 0, 0)
06-14 15:02:19.739  1561  2082 D PowerGaugeStats: store time index excecute sql: insert into stats_sw (time_index, uid,  allpower, bgpower) values (9813,10043,0,0)
06-14 15:02:19.739  1561  2082 D PowerGaugeStats: store all sw detail sql: insert into stats_sw_detail (time_index , uid, cputime, fgtime, mbdata, mbtime, wifidata, wifitime, wakelocktime, alarmcount, fullwakelocktime, gpstime, sensortime, cameratime, flashtime) values (9813,10043,0,0,0,0,0,0,0, 0, 0, 0, 0, 0, 0)
06-14 15:02:19.740  1561  2082 D PowerGaugeStats: store time index excecute sql: insert into stats_sw (time_index, uid,  allpower, bgpower) values (9813,10011,5,0)
06-14 15:02:19.740  1561  2082 D PowerGaugeStats: store all sw detail sql: insert into stats_sw_detail (time_index , uid, cputime, fgtime, mbdata, mbtime, wifidata, wifitime, wakelocktime, alarmcount, fullwakelocktime, gpstime, sensortime, cameratime, flashtime) values (9813,10011,0,0,0,0,0,0,0, 0, 0, 0, 0, 0, 0)
06-14 15:02:19.741  1561  2082 D PowerGaugeStats: store time index excecute sql: insert into stats_sw (time_index, uid,  allpower, bgpower) values (9813,10009,8,0)
06-14 15:02:19.741  1561  2082 D PowerGaugeStats: store all sw detail sql: insert into stats_sw_detail (time_index , uid, cputime, fgtime, mbdata, mbtime, wifidata, wifitime, wakelocktime, alarmcount, fullwakelocktime, gpstime, sensortime, cameratime, flashtime) values (9813,10009,0,0,0,0,0,0,0, 0, 0, 0, 0, 0, 0)
06-14 15:02:19.742  1561  2082 D PowerGaugeStats: store time index excecute sql: insert into stats_sw (time_index, uid,  allpower, bgpower) values (9813,10061,0,0)
06-14 15:02:19.742  1561  2082 D PowerGaugeStats: store all sw detail sql: insert into stats_sw_detail (time_index , uid, cputime, fgtime, mbdata, mbtime, wifidata, wifitime, wakelocktime, alarmcount, fullwakelocktime, gpstime, sensortime, cameratime, flashtime) values (9813,10061,0,0,0,0,0,0,0, 0, 0, 0, 0, 0, 0)
06-14 15:02:19.743  1561  2082 D PowerGaugeStats: store time index excecute sql: insert into stats_sw (time_index, uid,  allpower, bgpower) values (9813,10100,37,0)
06-14 15:02:19.743  1561  2082 D PowerGaugeStats: store all sw detail sql: insert into stats_sw_detail (time_index , uid, cputime, fgtime, mbdata, mbtime, wifidata, wifitime, wakelocktime, alarmcount, fullwakelocktime, gpstime, sensortime, cameratime, flashtime) values (9813,10100,1,0,0,0,0,0,0, 0, 0, 0, 0, 0, 0)
06-14 15:02:19.743  1561  2082 D PowerGaugeStats: store time index excecute sql: insert into stats_sw (time_index, uid,  allpower, bgpower) values (9813,1338,0,0)
06-14 15:02:19.744  1561  2082 D PowerGaugeStats: store all sw detail sql: insert into stats_sw_detail (time_index , uid, cputime, fgtime, mbdata, mbtime, wifidata, wifitime, wakelocktime, alarmcount, fullwakelocktime, gpstime, sensortime, cameratime, flashtime) values (9813,1338,0,0,0,0,0,0,0, 0, 0, 0, 0, 0, 0)
06-14 15:02:19.744  1561  2082 D PowerGaugeStats: store time index excecute sql: insert into stats_sw (time_index, uid,  allpower, bgpower) values (9813,10249,4056,57)
06-14 15:02:19.745  1561  2082 D PowerGaugeStats: store all sw detail sql: insert into stats_sw_detail (time_index , uid, cputime, fgtime, mbdata, mbtime, wifidata, wifitime, wakelocktime, alarmcount, fullwakelocktime, gpstime, sensortime, cameratime, flashtime) values (9813,10249,1,0,0,0,640,0,3, 4, 0, 0, 0, 0, 0)
06-14 15:02:19.745  1561  2082 D PowerGaugeStats: store time index excecute sql: insert into stats_sw (time_index, uid,  allpower, bgpower) values (9813,10018,0,0)
06-14 15:02:19.746  1561  2082 D PowerGaugeStats: store all sw detail sql: insert into stats_sw_detail (time_index , uid, cputime, fgtime, mbdata, mbtime, wifidata, wifitime, wakelocktime, alarmcount, fullwakelocktime, gpstime, sensortime, cameratime, flashtime) values (9813,10018,0,0,0,0,0,0,0, 0, 0, 0, 0, 0, 0)
06-14 15:02:19.746  1561  2082 D PowerGaugeStats: store time index excecute sql: insert into stats_sw (time_index, uid,  allpower, bgpower) values (9813,10044,0,0)
06-14 15:02:19.746  1561  2082 D PowerGaugeStats: store all sw detail sql: insert into stats_sw_detail (time_index , uid, cputime, fgtime, mbdata, mbtime, wifidata, wifitime, wakelocktime, alarmcount, fullwakelocktime, gpstime, sensortime, cameratime, flashtime) values (9813,10044,0,0,0,0,0,0,0, 0, 0, 0, 0, 0, 0)
06-14 15:02:19.747  1561  2082 D PowerGaugeStats: store time index excecute sql: insert into stats_sw (time_index, uid,  allpower, bgpower) values (9813,10042,0,0)
06-14 15:02:19.747  1561  2082 D PowerGaugeStats: store all sw detail sql: insert into stats_sw_detail (time_index , uid, cputime, fgtime, mbdata, mbtime, wifidata, wifitime, wakelocktime, alarmcount, fullwakelocktime, gpstime, sensortime, cameratime, flashtime) values (9813,10042,0,0,0,0,0,0,0, 0, 0, 0, 0, 0, 0)
06-14 15:02:19.748  1561  2082 D PowerGaugeStats: store time index excecute sql: insert into stats_sw (time_index, uid,  allpower, bgpower) values (9813,10055,10,0)
06-14 15:02:19.748  1561  2082 D PowerGaugeStats: store all sw detail sql: insert into stats_sw_detail (time_index , uid, cputime, fgtime, mbdata, mbtime, wifidata, wifitime, wakelocktime, alarmcount, fullwakelocktime, gpstime, sensortime, cameratime, flashtime) values (9813,10055,0,0,0,0,0,0,0, 0, 0, 0, 0, 0, 0)
06-14 15:02:19.749  1561  2082 D PowerGaugeStats: store time index excecute sql: insert into stats_sw (time_index, uid,  allpower, bgpower) values (9813,10064,0,0)
06-14 15:02:19.749  1561  2082 D PowerGaugeStats: store all sw detail sql: insert into stats_sw_detail (time_index , uid, cputime, fgtime, mbdata, mbtime, wifidata, wifitime, wakelocktime, alarmcount, fullwakelocktime, gpstime, sensortime, cameratime, flashtime) values (9813,10064,0,0,0,0,0,0,0, 0, 0, 0, 0, 0, 0)
06-14 15:02:19.750  1561  2082 D PowerGaugeStats: store time index excecute sql: insert into stats_sw (time_index, uid,  allpower, bgpower) values (9813,10046,0,0)
06-14 15:02:19.750  1561  2082 D PowerGaugeStats: store all sw detail sql: insert into stats_sw_detail (time_index , uid, cputime, fgtime, mbdata, mbtime, wifidata, wifitime, wakelocktime, alarmcount, fullwakelocktime, gpstime, sensortime, cameratime, flashtime) values (9813,10046,0,0,0,0,0,0,0, 0, 0, 0, 0, 0, 0)
06-14 15:02:19.750  1561  2082 D PowerGaugeStats: store time index excecute sql: insert into stats_sw (time_index, uid,  allpower, bgpower) values (9813,10007,0,0)
06-14 15:02:19.751  1561  2082 D PowerGaugeStats: store all sw detail sql: insert into stats_sw_detail (time_index , uid, cputime, fgtime, mbdata, mbtime, wifidata, wifitime, wakelocktime, alarmcount, fullwakelocktime, gpstime, sensortime, cameratime, flashtime) values (9813,10007,0,0,0,0,0,0,0, 0, 0, 0, 0, 0, 0)
06-14 15:02:19.751  1561  2082 D PowerGaugeStats: store time index excecute sql: insert into stats_sw (time_index, uid,  allpower, bgpower) values (9813,10041,10,5)
06-14 15:02:19.752  1561  2082 D PowerGaugeStats: store all sw detail sql: insert into stats_sw_detail (time_index , uid, cputime, fgtime, mbdata, mbtime, wifidata, wifitime, wakelocktime, alarmcount, fullwakelocktime, gpstime, sensortime, cameratime, flashtime) values (9813,10041,0,0,0,0,0,0,0, 0, 0, 0, 0, 0, 0)
06-14 15:02:19.752  1561  2082 D PowerGaugeStats: store time index excecute sql: insert into stats_sw (time_index, uid,  allpower, bgpower) values (9813,10030,0,0)
06-14 15:02:19.753  1561  2082 D PowerGaugeStats: store all sw detail sql: insert into stats_sw_detail (time_index , uid, cputime, fgtime, mbdata, mbtime, wifidata, wifitime, wakelocktime, alarmcount, fullwakelocktime, gpstime, sensortime, cameratime, flashtime) values (9813,10030,0,0,0,0,0,0,0, 0, 0, 0, 0, 0, 0)
06-14 15:02:19.753  1561  2082 D PowerGaugeStats: store time index excecute sql: insert into stats_sw (time_index, uid,  allpower, bgpower) values (9813,2000,317,0)
06-14 15:02:19.754  1561  2082 D PowerGaugeStats: store all sw detail sql: insert into stats_sw_detail (time_index , uid, cputime, fgtime, mbdata, mbtime, wifidata, wifitime, wakelocktime, alarmcount, fullwakelocktime, gpstime, sensortime, cameratime, flashtime) values (9813,2000,6,0,0,0,0,0,0, 0, 0, 0, 0, 0, 0)
06-14 15:02:19.754  1561  2082 D PowerGaugeStats: store time index excecute sql: insert into stats_sw (time_index, uid,  allpower, bgpower) values (9813,10069,56,21)
06-14 15:02:19.754  1561  2082 D PowerGaugeStats: store all sw detail sql: insert into stats_sw_detail (time_index , uid, cputime, fgtime, mbdata, mbtime, wifidata, wifitime, wakelocktime, alarmcount, fullwakelocktime, gpstime, sensortime, cameratime, flashtime) values (9813,10069,5,15,0,0,0,0,0, 0, 0, 0, 0, 0, 0)
06-14 15:02:19.755  1561  2082 D PowerGaugeStats: store time index excecute sql: insert into stats_sw (time_index, uid,  allpower, bgpower) values (9813,0,-793,-793)
06-14 15:02:19.755  1561  2082 D PowerGaugeStats: store all sw detail sql: insert into stats_sw_detail (time_index , uid, cputime, fgtime, mbdata, mbtime, wifidata, wifitime, wakelocktime, alarmcount, fullwakelocktime, gpstime, sensortime, cameratime, flashtime) values (9813,0,0,0,0,0,0,0,209, 0, 0, 0, 0, 0, 0)
06-14 15:02:19.756  1561  2082 D PowerGaugeStats: store time index excecute sql: insert into stats_sw (time_index, uid,  allpower, bgpower) values (9813,10010,0,0)
06-14 15:02:19.756  1561  2082 D PowerGaugeStats: store all sw detail sql: insert into stats_sw_detail (time_index , uid, cputime, fgtime, mbdata, mbtime, wifidata, wifitime, wakelocktime, alarmcount, fullwakelocktime, gpstime, sensortime, cameratime, flashtime) values (9813,10010,0,0,0,0,0,0,0, 0, 0, 0, 0, 0, 0)
06-14 15:02:19.757  1561  2082 D PowerGaugeStats: store time index excecute sql: insert into stats_sw (time_index, uid,  allpower, bgpower) values (9813,10093,2955,763)
06-14 15:02:19.757  1561  2082 D PowerGaugeStats: store all sw detail sql: insert into stats_sw_detail (time_index , uid, cputime, fgtime, mbdata, mbtime, wifidata, wifitime, wakelocktime, alarmcount, fullwakelocktime, gpstime, sensortime, cameratime, flashtime) values (9813,10093,4,0,0,0,0,0,92, 2, 0, 0, 0, 0, 0)
06-14 15:02:19.757  1561  2082 D PowerGaugeStats: store time index excecute sql: insert into stats_sw (time_index, uid,  allpower, bgpower) values (9813,10012,0,0)
06-14 15:02:19.758  1561  2082 D PowerGaugeStats: store all sw detail sql: insert into stats_sw_detail (time_index , uid, cputime, fgtime, mbdata, mbtime, wifidata, wifitime, wakelocktime, alarmcount, fullwakelocktime, gpstime, sensortime, cameratime, flashtime) values (9813,10012,0,0,0,0,0,0,0, 0, 0, 0, 0, 0, 0)
06-14 15:02:19.758  1561  2082 D PowerGaugeStats: store time index excecute sql: insert into stats_sw (time_index, uid,  allpower, bgpower) values (9813,10037,0,0)
06-14 15:02:19.759  1561  2082 D PowerGaugeStats: store all sw detail sql: insert into stats_sw_detail (time_index , uid, cputime, fgtime, mbdata, mbtime, wifidata, wifitime, wakelocktime, alarmcount, fullwakelocktime, gpstime, sensortime, cameratime, flashtime) values (9813,10037,0,0,0,0,0,0,0, 0, 0, 0, 0, 0, 0)
06-14 15:02:19.759  1561  2082 D PowerGaugeStats: store time index excecute sql: insert into stats_sw (time_index, uid,  allpower, bgpower) values (9813,10051,11,11)
06-14 15:02:19.760  1561  2082 D PowerGaugeStats: store all sw detail sql: insert into stats_sw_detail (time_index , uid, cputime, fgtime, mbdata, mbtime, wifidata, wifitime, wakelocktime, alarmcount, fullwakelocktime, gpstime, sensortime, cameratime, flashtime) values (9813,10051,0,0,0,0,0,0,0, 0, 0, 0, 0, 0, 0)
06-14 15:02:19.760  1561  2082 D PowerGaugeStats: store time index excecute sql: insert into stats_sw (time_index, uid,  allpower, bgpower) values (9813,10000,0,0)
06-14 15:02:19.761  1561  2082 D PowerGaugeStats: store all sw detail sql: insert into stats_sw_detail (time_index , uid, cputime, fgtime, mbdata, mbtime, wifidata, wifitime, wakelocktime, alarmcount, fullwakelocktime, gpstime, sensortime, cameratime, flashtime) values (9813,10000,0,0,0,0,0,0,0, 0, 0, 0, 0, 0, 0)
06-14 15:02:19.761  1561  2082 D PowerGaugeStats: store time index excecute sql: insert into stats_sw (time_index, uid,  allpower, bgpower) values (9813,10006,0,0)
06-14 15:02:19.761  1561  2082 D PowerGaugeStats: store all sw detail sql: insert into stats_sw_detail (time_index , uid, cputime, fgtime, mbdata, mbtime, wifidata, wifitime, wakelocktime, alarmcount, fullwakelocktime, gpstime, sensortime, cameratime, flashtime) values (9813,10006,0,0,0,0,0,0,0, 0, 0, 0, 0, 0, 0)
06-14 15:02:19.762  1561  2082 D PowerGaugeStats: store time index excecute sql: insert into stats_sw (time_index, uid,  allpower, bgpower) values (9813,10062,10,0)
06-14 15:02:19.762  1561  2082 D PowerGaugeStats: store all sw detail sql: insert into stats_sw_detail (time_index , uid, cputime, fgtime, mbdata, mbtime, wifidata, wifitime, wakelocktime, alarmcount, fullwakelocktime, gpstime, sensortime, cameratime, flashtime) values (9813,10062,0,0,0,0,0,0,0, 0, 0, 0, 0, 0, 0)
06-14 15:02:19.763  1561  2082 D PowerGaugeStats: store time index excecute sql: insert into stats_sw (time_index, uid,  allpower, bgpower) values (9813,10026,0,0)
06-14 15:02:19.763  1561  2082 D PowerGaugeStats: store all sw detail sql: insert into stats_sw_detail (time_index , uid, cputime, fgtime, mbdata, mbtime, wifidata, wifitime, wakelocktime, alarmcount, fullwakelocktime, gpstime, sensortime, cameratime, flashtime) values (9813,10026,0,0,0,0,0,0,0, 0, 0, 0, 0, 0, 0)
06-14 15:02:19.764  1561  2082 D PowerGaugeStats: delete record in db: stats_bg_sw_detail < time: 13-15-02-18
06-14 15:02:19.764  1561  2082 D PowerGaugeStats: store bg detail excecute sql: insert into stats_bg_sw_detail (time_index,uid,cputime_bg,bgtime,mbdata_bg,mbtime_bg,wifidata_bg,wifitime_bg,wakelocktime_bg,alarmcount_bg,fullwakelocktime_bg,gpstime_bg,sensortime_bg,cameratime_bg,flashtime_bg) values (9813,10033,2,4023,0,0,0,0,0,0,0,0,0,0,0)
06-14 15:02:19.765  1561  2082 D PowerGaugeStats: store bg detail excecute sql: insert into stats_bg_sw_detail (time_index,uid,cputime_bg,bgtime,mbdata_bg,mbtime_bg,wifidata_bg,wifitime_bg,wakelocktime_bg,alarmcount_bg,fullwakelocktime_bg,gpstime_bg,sensortime_bg,cameratime_bg,flashtime_bg) values (9813,10059,1,4023,0,0,0,0,0,0,0,0,0,0,0)
06-14 15:02:19.765  1561  2082 D PowerGaugeStats: store bg detail excecute sql: insert into stats_bg_sw_detail (time_index,uid,cputime_bg,bgtime,mbdata_bg,mbtime_bg,wifidata_bg,wifitime_bg,wakelocktime_bg,alarmcount_bg,fullwakelocktime_bg,gpstime_bg,sensortime_bg,cameratime_bg,flashtime_bg) values (9813,10027,79,4023,0,0,3900,0,0,0,0,0,0,0,0)
06-14 15:02:19.766  1561  2082 D PowerGaugeStats: store bg detail excecute sql: insert into stats_bg_sw_detail (time_index,uid,cputime_bg,bgtime,mbdata_bg,mbtime_bg,wifidata_bg,wifitime_bg,wakelocktime_bg,alarmcount_bg,fullwakelocktime_bg,gpstime_bg,sensortime_bg,cameratime_bg,flashtime_bg) values (9813,10053,0,4023,0,0,0,0,0,0,0,0,0,0,0)
06-14 15:02:19.766  1561  2082 D PowerGaugeStats: store bg detail excecute sql: insert into stats_bg_sw_detail (time_index,uid,cputime_bg,bgtime,mbdata_bg,mbtime_bg,wifidata_bg,wifitime_bg,wakelocktime_bg,alarmcount_bg,fullwakelocktime_bg,gpstime_bg,sensortime_bg,cameratime_bg,flashtime_bg) values (9813,10040,0,4023,0,0,0,0,0,0,0,0,0,0,0)
06-14 15:02:19.767  1561  2082 D PowerGaugeStats: store bg detail excecute sql: insert into stats_bg_sw_detail (time_index,uid,cputime_bg,bgtime,mbdata_bg,mbtime_bg,wifidata_bg,wifitime_bg,wakelocktime_bg,alarmcount_bg,fullwakelocktime_bg,gpstime_bg,sensortime_bg,cameratime_bg,flashtime_bg) values (9813,10003,0,4023,0,0,0,0,0,0,0,0,0,0,0)
06-14 15:02:19.767  1561  2082 D PowerGaugeStats: store bg detail excecute sql: insert into stats_bg_sw_detail (time_index,uid,cputime_bg,bgtime,mbdata_bg,mbtime_bg,wifidata_bg,wifitime_bg,wakelocktime_bg,alarmcount_bg,fullwakelocktime_bg,gpstime_bg,sensortime_bg,cameratime_bg,flashtime_bg) values (9813,10095,0,4023,0,0,0,0,0,0,0,0,0,0,0)
06-14 15:02:19.768  1561  2082 D PowerGaugeStats: store bg detail excecute sql: insert into stats_bg_sw_detail (time_index,uid,cputime_bg,bgtime,mbdata_bg,mbtime_bg,wifidata_bg,wifitime_bg,wakelocktime_bg,alarmcount_bg,fullwakelocktime_bg,gpstime_bg,sensortime_bg,cameratime_bg,flashtime_bg) values (9813,10052,0,4023,0,0,0,0,0,0,0,0,0,0,0)
06-14 15:02:19.768  1561  2082 D PowerGaugeStats: store bg detail excecute sql: insert into stats_bg_sw_detail (time_index,uid,cputime_bg,bgtime,mbdata_bg,mbtime_bg,wifidata_bg,wifitime_bg,wakelocktime_bg,alarmcount_bg,fullwakelocktime_bg,gpstime_bg,sensortime_bg,cameratime_bg,flashtime_bg) values (9813,10022,0,4023,0,0,0,0,0,0,0,0,0,0,0)
06-14 15:02:19.769  1561  2082 D PowerGaugeStats: store bg detail excecute sql: insert into stats_bg_sw_detail (time_index,uid,cputime_bg,bgtime,mbdata_bg,mbtime_bg,wifidata_bg,wifitime_bg,wakelocktime_bg,alarmcount_bg,fullwakelocktime_bg,gpstime_bg,sensortime_bg,cameratime_bg,flashtime_bg) values (9813,10008,0,4023,0,0,0,0,0,0,0,0,0,0,0)
06-14 15:02:19.769  1561  2082 D PowerGaugeStats: store bg detail excecute sql: insert into stats_bg_sw_detail (time_index,uid,cputime_bg,bgtime,mbdata_bg,mbtime_bg,wifidata_bg,wifitime_bg,wakelocktime_bg,alarmcount_bg,fullwakelocktime_bg,gpstime_bg,sensortime_bg,cameratime_bg,flashtime_bg) values (9813,10013,8,4023,0,0,7066,0,0,0,0,0,0,0,0)
06-14 15:02:19.770  1561  2082 D PowerGaugeStats: store bg detail excecute sql: insert into stats_bg_sw_detail (time_index,uid,cputime_bg,bgtime,mbdata_bg,mbtime_bg,wifidata_bg,wifitime_bg,wakelocktime_bg,alarmcount_bg,fullwakelocktime_bg,gpstime_bg,sensortime_bg,cameratime_bg,flashtime_bg) values (9813,1021,0,0,0,0,0,0,0,0,0,0,0,0,0)
06-14 15:02:19.770  1561  2082 D PowerGaugeStats: store bg detail excecute sql: insert into stats_bg_sw_detail (time_index,uid,cputime_bg,bgtime,mbdata_bg,mbtime_bg,wifidata_bg,wifitime_bg,wakelocktime_bg,alarmcount_bg,fullwakelocktime_bg,gpstime_bg,sensortime_bg,cameratime_bg,flashtime_bg) values (9813,10073,0,4023,0,0,0,0,0,0,0,0,0,0,0)
06-14 15:02:19.771  1561  2082 D PowerGaugeStats: store bg detail excecute sql: insert into stats_bg_sw_detail (time_index,uid,cputime_bg,bgtime,mbdata_bg,mbtime_bg,wifidata_bg,wifitime_bg,wakelocktime_bg,alarmcount_bg,fullwakelocktime_bg,gpstime_bg,sensortime_bg,cameratime_bg,flashtime_bg) values (9813,10076,1,4023,0,0,0,0,0,0,0,0,0,0,0)
06-14 15:02:19.771  1561  2082 D PowerGaugeStats: store bg detail excecute sql: insert into stats_bg_sw_detail (time_index,uid,cputime_bg,bgtime,mbdata_bg,mbtime_bg,wifidata_bg,wifitime_bg,wakelocktime_bg,alarmcount_bg,fullwakelocktime_bg,gpstime_bg,sensortime_bg,cameratime_bg,flashtime_bg) values (9813,10066,0,4023,0,0,0,0,0,0,0,0,0,0,0)
06-14 15:02:19.772  1561  2082 D PowerGaugeStats: store bg detail excecute sql: insert into stats_bg_sw_detail (time_index,uid,cputime_bg,bgtime,mbdata_bg,mbtime_bg,wifidata_bg,wifitime_bg,wakelocktime_bg,alarmcount_bg,fullwakelocktime_bg,gpstime_bg,sensortime_bg,cameratime_bg,flashtime_bg) values (9813,10004,1,4023,0,0,0,0,0,0,0,0,0,0,0)
06-14 15:02:19.772  1561  2082 D PowerGaugeStats: store bg detail excecute sql: insert into stats_bg_sw_detail (time_index,uid,cputime_bg,bgtime,mbdata_bg,mbtime_bg,wifidata_bg,wifitime_bg,wakelocktime_bg,alarmcount_bg,fullwakelocktime_bg,gpstime_bg,sensortime_bg,cameratime_bg,flashtime_bg) values (9813,10054,0,4023,0,0,0,0,0,0,0,0,0,0,0)
06-14 15:02:19.773  1561  2082 D PowerGaugeStats: store bg detail excecute sql: insert into stats_bg_sw_detail (time_index,uid,cputime_bg,bgtime,mbdata_bg,mbtime_bg,wifidata_bg,wifitime_bg,wakelocktime_bg,alarmcount_bg,fullwakelocktime_bg,gpstime_bg,sensortime_bg,cameratime_bg,flashtime_bg) values (9813,10020,0,4023,0,0,0,0,0,0,0,0,0,0,0)
06-14 15:02:19.773  1561  2082 D PowerGaugeStats: store bg detail excecute sql: insert into stats_bg_sw_detail (time_index,uid,cputime_bg,bgtime,mbdata_bg,mbtime_bg,wifidata_bg,wifitime_bg,wakelocktime_bg,alarmcount_bg,fullwakelocktime_bg,gpstime_bg,sensortime_bg,cameratime_bg,flashtime_bg) values (9813,10185,0,4023,0,0,0,0,0,0,0,0,0,0,0)
06-14 15:02:19.774  1561  2082 D PowerGaugeStats: store bg detail excecute sql: insert into stats_bg_sw_detail (time_index,uid,cputime_bg,bgtime,mbdata_bg,mbtime_bg,wifidata_bg,wifitime_bg,wakelocktime_bg,alarmcount_bg,fullwakelocktime_bg,gpstime_bg,sensortime_bg,cameratime_bg,flashtime_bg) values (9813,10089,0,4023,0,0,0,0,0,0,0,0,0,0,0)
06-14 15:02:19.774  1561  2082 D PowerGaugeStats: store bg detail excecute sql: insert into stats_bg_sw_detail (time_index,uid,cputime_bg,bgtime,mbdata_bg,mbtime_bg,wifidata_bg,wifitime_bg,wakelocktime_bg,alarmcount_bg,fullwakelocktime_bg,gpstime_bg,sensortime_bg,cameratime_bg,flashtime_bg) values (9813,10133,4,37951,0,0,0,0,0,0,0,0,0,0,0)
06-14 15:02:19.775  1561  2082 D PowerGaugeStats: store bg detail excecute sql: insert into stats_bg_sw_detail (time_index,uid,cputime_bg,bgtime,mbdata_bg,mbtime_bg,wifidata_bg,wifitime_bg,wakelocktime_bg,alarmcount_bg,fullwakelocktime_bg,gpstime_bg,sensortime_bg,cameratime_bg,flashtime_bg) values (9813,10079,6,4023,0,0,0,0,0,0,0,0,0,0,0)
06-14 15:02:19.775  1561  2082 D PowerGaugeStats: store bg detail excecute sql: insert into stats_bg_sw_detail (time_index,uid,cputime_bg,bgtime,mbdata_bg,mbtime_bg,wifidata_bg,wifitime_bg,wakelocktime_bg,alarmcount_bg,fullwakelocktime_bg,gpstime_bg,sensortime_bg,cameratime_bg,flashtime_bg) values (9813,10034,0,4023,0,0,0,0,0,0,0,0,0,0,0)
06-14 15:02:19.776  1561  2082 D PowerGaugeStats: store bg detail excecute sql: insert into stats_bg_sw_detail (time_index,uid,cputime_bg,bgtime,mbdata_bg,mbtime_bg,wifidata_bg,wifitime_bg,wakelocktime_bg,alarmcount_bg,fullwakelocktime_bg,gpstime_bg,sensortime_bg,cameratime_bg,flashtime_bg) values (9813,10063,0,4023,0,0,0,0,0,0,0,0,0,0,0)
06-14 15:02:19.776  1561  2082 D PowerGaugeStats: store bg detail excecute sql: insert into stats_bg_sw_detail (time_index,uid,cputime_bg,bgtime,mbdata_bg,mbtime_bg,wifidata_bg,wifitime_bg,wakelocktime_bg,alarmcount_bg,fullwakelocktime_bg,gpstime_bg,sensortime_bg,cameratime_bg,flashtime_bg) values (9813,10074,0,4023,0,0,0,0,0,0,0,0,0,0,0)
06-14 15:02:19.777  1561  2082 D PowerGaugeStats: store bg detail excecute sql: insert into stats_bg_sw_detail (time_index,uid,cputime_bg,bgtime,mbdata_bg,mbtime_bg,wifidata_bg,wifitime_bg,wakelocktime_bg,alarmcount_bg,fullwakelocktime_bg,gpstime_bg,sensortime_bg,cameratime_bg,flashtime_bg) values (9813,1010,0,0,0,0,0,0,0,0,0,0,0,0,0)
06-14 15:02:19.777  1561  2082 D PowerGaugeStats: store bg detail excecute sql: insert into stats_bg_sw_detail (time_index,uid,cputime_bg,bgtime,mbdata_bg,mbtime_bg,wifidata_bg,wifitime_bg,wakelocktime_bg,alarmcount_bg,fullwakelocktime_bg,gpstime_bg,sensortime_bg,cameratime_bg,flashtime_bg) values (9813,10057,0,4023,0,0,0,0,0,0,0,0,0,0,0)
06-14 15:02:19.778  1561  2082 D PowerGaugeStats: store bg detail excecute sql: insert into stats_bg_sw_detail (time_index,uid,cputime_bg,bgtime,mbdata_bg,mbtime_bg,wifidata_bg,wifitime_bg,wakelocktime_bg,alarmcount_bg,fullwakelocktime_bg,gpstime_bg,sensortime_bg,cameratime_bg,flashtime_bg) values (9813,10005,0,4023,0,0,0,0,0,0,0,0,0,0,0)
06-14 15:02:19.778  1561  2082 D PowerGaugeStats: store bg detail excecute sql: insert into stats_bg_sw_detail (time_index,uid,cputime_bg,bgtime,mbdata_bg,mbtime_bg,wifidata_bg,wifitime_bg,wakelocktime_bg,alarmcount_bg,fullwakelocktime_bg,gpstime_bg,sensortime_bg,cameratime_bg,flashtime_bg) values (9813,10072,0,4023,0,0,0,0,0,0,0,0,0,0,0)
06-14 15:02:19.779  1561  2082 D PowerGaugeStats: store bg detail excecute sql: insert into stats_bg_sw_detail (time_index,uid,cputime_bg,bgtime,mbdata_bg,mbtime_bg,wifidata_bg,wifitime_bg,wakelocktime_bg,alarmcount_bg,fullwakelocktime_bg,gpstime_bg,sensortime_bg,cameratime_bg,flashtime_bg) values (9813,10048,0,4023,0,0,0,0,0,0,0,0,0,0,0)
06-14 15:02:19.779  1561  2082 D PowerGaugeStats: store bg detail excecute sql: insert into stats_bg_sw_detail (time_index,uid,cputime_bg,bgtime,mbdata_bg,mbtime_bg,wifidata_bg,wifitime_bg,wakelocktime_bg,alarmcount_bg,fullwakelocktime_bg,gpstime_bg,sensortime_bg,cameratime_bg,flashtime_bg) values (9813,10071,0,4023,0,0,0,0,0,0,0,0,0,0,0)
06-14 15:02:19.780  1561  2082 D PowerGaugeStats: store bg detail excecute sql: insert into stats_bg_sw_detail (time_index,uid,cputime_bg,bgtime,mbdata_bg,mbtime_bg,wifidata_bg,wifitime_bg,wakelocktime_bg,alarmcount_bg,fullwakelocktime_bg,gpstime_bg,sensortime_bg,cameratime_bg,flashtime_bg) values (9813,10028,0,4023,0,0,0,0,0,0,0,0,0,0,0)
06-14 15:02:19.780  1561  2082 D PowerGaugeStats: store bg detail excecute sql: insert into stats_bg_sw_detail (time_index,uid,cputime_bg,bgtime,mbdata_bg,mbtime_bg,wifidata_bg,wifitime_bg,wakelocktime_bg,alarmcount_bg,fullwakelocktime_bg,gpstime_bg,sensortime_bg,cameratime_bg,flashtime_bg) values (9813,10016,0,4023,0,0,0,0,0,0,0,0,0,0,0)
06-14 15:02:19.781  1561  2082 D PowerGaugeStats: store bg detail excecute sql: insert into stats_bg_sw_detail (time_index,uid,cputime_bg,bgtime,mbdata_bg,mbtime_bg,wifidata_bg,wifitime_bg,wakelocktime_bg,alarmcount_bg,fullwakelocktime_bg,gpstime_bg,sensortime_bg,cameratime_bg,flashtime_bg) values (9813,1001,7,4023,0,0,0,0,3,0,0,0,0,0,0)
06-14 15:02:19.781  1561  2082 D PowerGaugeStats: store bg detail excecute sql: insert into stats_bg_sw_detail (time_index,uid,cputime_bg,bgtime,mbdata_bg,mbtime_bg,wifidata_bg,wifitime_bg,wakelocktime_bg,alarmcount_bg,fullwakelocktime_bg,gpstime_bg,sensortime_bg,cameratime_bg,flashtime_bg) values (9813,10058,0,4023,0,0,0,0,0,0,0,0,0,0,0)
06-14 15:02:19.782  1561  2082 D PowerGaugeStats: store bg detail excecute sql: insert into stats_bg_sw_detail (time_index,uid,cputime_bg,bgtime,mbdata_bg,mbtime_bg,wifidata_bg,wifitime_bg,wakelocktime_bg,alarmcount_bg,fullwakelocktime_bg,gpstime_bg,sensortime_bg,cameratime_bg,flashtime_bg) values (9813,10070,0,4023,0,0,0,0,0,0,0,0,0,0,0)
06-14 15:02:19.782  1561  2082 D PowerGaugeStats: store bg detail excecute sql: insert into stats_bg_sw_detail (time_index,uid,cputime_bg,bgtime,mbdata_bg,mbtime_bg,wifidata_bg,wifitime_bg,wakelocktime_bg,alarmcount_bg,fullwakelocktime_bg,gpstime_bg,sensortime_bg,cameratime_bg,flashtime_bg) values (9813,1000,0,0,0,0,0,0,1077,0,0,0,0,0,0)
06-14 15:02:19.783  1561  2082 D PowerGaugeStats: store bg detail excecute sql: insert into stats_bg_sw_detail (time_index,uid,cputime_bg,bgtime,mbdata_bg,mbtime_bg,wifidata_bg,wifitime_bg,wakelocktime_bg,alarmcount_bg,fullwakelocktime_bg,gpstime_bg,sensortime_bg,cameratime_bg,flashtime_bg) values (9813,10015,0,4023,0,0,0,0,0,0,0,0,0,0,0)
06-14 15:02:19.783  1561  2082 D PowerGaugeStats: store bg detail excecute sql: insert into stats_bg_sw_detail (time_index,uid,cputime_bg,bgtime,mbdata_bg,mbtime_bg,wifidata_bg,wifitime_bg,wakelocktime_bg,alarmcount_bg,fullwakelocktime_bg,gpstime_bg,sensortime_bg,cameratime_bg,flashtime_bg) values (9813,1019,0,0,0,0,0,0,0,0,0,0,0,0,0)
06-14 15:02:19.784  1561  2082 D PowerGaugeStats: store bg detail excecute sql: insert into stats_bg_sw_detail (time_index,uid,cputime_bg,bgtime,mbdata_bg,mbtime_bg,wifidata_bg,wifitime_bg,wakelocktime_bg,alarmcount_bg,fullwakelocktime_bg,gpstime_bg,sensortime_bg,cameratime_bg,flashtime_bg) values (9813,10056,0,4023,0,0,0,0,0,0,0,0,0,0,0)
06-14 15:02:19.784  1561  2082 D PowerGaugeStats: store bg detail excecute sql: insert into stats_bg_sw_detail (time_index,uid,cputime_bg,bgtime,mbdata_bg,mbtime_bg,wifidata_bg,wifitime_bg,wakelocktime_bg,alarmcount_bg,fullwakelocktime_bg,gpstime_bg,sensortime_bg,cameratime_bg,flashtime_bg) values (9813,1013,0,0,0,0,0,0,0,0,0,0,0,0,0)
06-14 15:02:19.785  1561  2082 D PowerGaugeStats: store bg detail excecute sql: insert into stats_bg_sw_detail (time_index,uid,cputime_bg,bgtime,mbdata_bg,mbtime_bg,wifidata_bg,wifitime_bg,wakelocktime_bg,alarmcount_bg,fullwakelocktime_bg,gpstime_bg,sensortime_bg,cameratime_bg,flashtime_bg) values (9813,10060,0,4023,0,0,0,0,0,0,0,0,0,0,0)
06-14 15:02:19.785  1561  2082 D PowerGaugeStats: store bg detail excecute sql: insert into stats_bg_sw_detail (time_index,uid,cputime_bg,bgtime,mbdata_bg,mbtime_bg,wifidata_bg,wifitime_bg,wakelocktime_bg,alarmcount_bg,fullwakelocktime_bg,gpstime_bg,sensortime_bg,cameratime_bg,flashtime_bg) values (9813,10032,0,4023,0,0,0,0,0,0,0,0,0,0,0)
06-14 15:02:19.786  1561  2082 D PowerGaugeStats: store bg detail excecute sql: insert into stats_bg_sw_detail (time_index,uid,cputime_bg,bgtime,mbdata_bg,mbtime_bg,wifidata_bg,wifitime_bg,wakelocktime_bg,alarmcount_bg,fullwakelocktime_bg,gpstime_bg,sensortime_bg,cameratime_bg,flashtime_bg) values (9813,10035,3,4023,0,0,0,0,1,0,0,0,0,0,0)
06-14 15:02:19.786  1561  2082 D PowerGaugeStats: store bg detail excecute sql: insert into stats_bg_sw_detail (time_index,uid,cputime_bg,bgtime,mbdata_bg,mbtime_bg,wifidata_bg,wifitime_bg,wakelocktime_bg,alarmcount_bg,fullwakelocktime_bg,gpstime_bg,sensortime_bg,cameratime_bg,flashtime_bg) values (9813,10017,1,4023,0,0,0,0,0,0,0,0,0,0,0)
06-14 15:02:19.787  1561  2082 D PowerGaugeStats: store bg detail excecute sql: insert into stats_bg_sw_detail (time_index,uid,cputime_bg,bgtime,mbdata_bg,mbtime_bg,wifidata_bg,wifitime_bg,wakelocktime_bg,alarmcount_bg,fullwakelocktime_bg,gpstime_bg,sensortime_bg,cameratime_bg,flashtime_bg) values (9813,10014,0,4023,0,0,0,0,0,0,0,0,0,0,0)
06-14 15:02:19.787  1561  2082 D PowerGaugeStats: store bg detail excecute sql: insert into stats_bg_sw_detail (time_index,uid,cputime_bg,bgtime,mbdata_bg,mbtime_bg,wifidata_bg,wifitime_bg,wakelocktime_bg,alarmcount_bg,fullwakelocktime_bg,gpstime_bg,sensortime_bg,cameratime_bg,flashtime_bg) values (9813,10043,0,4023,0,0,0,0,0,0,0,0,0,0,0)
06-14 15:02:19.788  1561  2082 D PowerGaugeStats: store bg detail excecute sql: insert into stats_bg_sw_detail (time_index,uid,cputime_bg,bgtime,mbdata_bg,mbtime_bg,wifidata_bg,wifitime_bg,wakelocktime_bg,alarmcount_bg,fullwakelocktime_bg,gpstime_bg,sensortime_bg,cameratime_bg,flashtime_bg) values (9813,10011,1,4023,0,0,0,0,0,0,0,0,0,0,0)
06-14 15:02:19.788  1561  2082 D PowerGaugeStats: store bg detail excecute sql: insert into stats_bg_sw_detail (time_index,uid,cputime_bg,bgtime,mbdata_bg,mbtime_bg,wifidata_bg,wifitime_bg,wakelocktime_bg,alarmcount_bg,fullwakelocktime_bg,gpstime_bg,sensortime_bg,cameratime_bg,flashtime_bg) values (9813,10009,52,4023,0,0,0,0,38,0,0,0,0,0,0)
06-14 15:02:19.789  1561  2082 D PowerGaugeStats: store bg detail excecute sql: insert into stats_bg_sw_detail (time_index,uid,cputime_bg,bgtime,mbdata_bg,mbtime_bg,wifidata_bg,wifitime_bg,wakelocktime_bg,alarmcount_bg,fullwakelocktime_bg,gpstime_bg,sensortime_bg,cameratime_bg,flashtime_bg) values (9813,10061,0,4023,0,0,0,0,0,0,0,0,0,0,0)
06-14 15:02:19.789  1561  2082 D PowerGaugeStats: store bg detail excecute sql: insert into stats_bg_sw_detail (time_index,uid,cputime_bg,bgtime,mbdata_bg,mbtime_bg,wifidata_bg,wifitime_bg,wakelocktime_bg,alarmcount_bg,fullwakelocktime_bg,gpstime_bg,sensortime_bg,cameratime_bg,flashtime_bg) values (9813,10100,4,4023,0,0,0,0,0,0,0,0,0,0,0)
06-14 15:02:19.790  1561  2082 D PowerGaugeStats: store bg detail excecute sql: insert into stats_bg_sw_detail (time_index,uid,cputime_bg,bgtime,mbdata_bg,mbtime_bg,wifidata_bg,wifitime_bg,wakelocktime_bg,alarmcount_bg,fullwakelocktime_bg,gpstime_bg,sensortime_bg,cameratime_bg,flashtime_bg) values (9813,1338,0,4023,0,0,0,0,0,0,0,0,0,0,0)
06-14 15:02:19.790  1561  2082 D PowerGaugeStats: store bg detail excecute sql: insert into stats_bg_sw_detail (time_index,uid,cputime_bg,bgtime,mbdata_bg,mbtime_bg,wifidata_bg,wifitime_bg,wakelocktime_bg,alarmcount_bg,fullwakelocktime_bg,gpstime_bg,sensortime_bg,cameratime_bg,flashtime_bg) values (9813,10249,3,4023,0,0,8465,0,26,0,0,0,0,0,0)
06-14 15:02:19.791  1561  2082 D PowerGaugeStats: store bg detail excecute sql: insert into stats_bg_sw_detail (time_index,uid,cputime_bg,bgtime,mbdata_bg,mbtime_bg,wifidata_bg,wifitime_bg,wakelocktime_bg,alarmcount_bg,fullwakelocktime_bg,gpstime_bg,sensortime_bg,cameratime_bg,flashtime_bg) values (9813,10018,0,4023,0,0,0,0,0,0,0,0,0,0,0)
06-14 15:02:19.791  1561  2082 D PowerGaugeStats: store bg detail excecute sql: insert into stats_bg_sw_detail (time_index,uid,cputime_bg,bgtime,mbdata_bg,mbtime_bg,wifidata_bg,wifitime_bg,wakelocktime_bg,alarmcount_bg,fullwakelocktime_bg,gpstime_bg,sensortime_bg,cameratime_bg,flashtime_bg) values (9813,10044,0,4023,0,0,0,0,0,0,0,0,0,0,0)
06-14 15:02:19.792  1561  2082 D PowerGaugeStats: store bg detail excecute sql: insert into stats_bg_sw_detail (time_index,uid,cputime_bg,bgtime,mbdata_bg,mbtime_bg,wifidata_bg,wifitime_bg,wakelocktime_bg,alarmcount_bg,fullwakelocktime_bg,gpstime_bg,sensortime_bg,cameratime_bg,flashtime_bg) values (9813,10042,0,4023,0,0,0,0,0,0,0,0,0,0,0)
06-14 15:02:19.792  1561  2082 D PowerGaugeStats: store bg detail excecute sql: insert into stats_bg_sw_detail (time_index,uid,cputime_bg,bgtime,mbdata_bg,mbtime_bg,wifidata_bg,wifitime_bg,wakelocktime_bg,alarmcount_bg,fullwakelocktime_bg,gpstime_bg,sensortime_bg,cameratime_bg,flashtime_bg) values (9813,10055,3,4023,0,0,0,0,0,0,0,0,0,0,0)
06-14 15:02:19.793  1561  2082 D PowerGaugeStats: store bg detail excecute sql: insert into stats_bg_sw_detail (time_index,uid,cputime_bg,bgtime,mbdata_bg,mbtime_bg,wifidata_bg,wifitime_bg,wakelocktime_bg,alarmcount_bg,fullwakelocktime_bg,gpstime_bg,sensortime_bg,cameratime_bg,flashtime_bg) values (9813,10064,0,4023,0,0,0,0,0,0,0,0,0,0,0)
06-14 15:02:19.793  1561  2082 D PowerGaugeStats: store bg detail excecute sql: insert into stats_bg_sw_detail (time_index,uid,cputime_bg,bgtime,mbdata_bg,mbtime_bg,wifidata_bg,wifitime_bg,wakelocktime_bg,alarmcount_bg,fullwakelocktime_bg,gpstime_bg,sensortime_bg,cameratime_bg,flashtime_bg) values (9813,10046,0,4023,0,0,0,0,0,0,0,0,0,0,0)
06-14 15:02:19.794  1561  2082 D PowerGaugeStats: store bg detail excecute sql: insert into stats_bg_sw_detail (time_index,uid,cputime_bg,bgtime,mbdata_bg,mbtime_bg,wifidata_bg,wifitime_bg,wakelocktime_bg,alarmcount_bg,fullwakelocktime_bg,gpstime_bg,sensortime_bg,cameratime_bg,flashtime_bg) values (9813,10007,0,4023,0,0,0,0,0,0,0,0,0,0,0)
06-14 15:02:19.794  1561  2082 D PowerGaugeStats: store bg detail excecute sql: insert into stats_bg_sw_detail (time_index,uid,cputime_bg,bgtime,mbdata_bg,mbtime_bg,wifidata_bg,wifitime_bg,wakelocktime_bg,alarmcount_bg,fullwakelocktime_bg,gpstime_bg,sensortime_bg,cameratime_bg,flashtime_bg) values (9813,10041,1,4023,0,0,0,0,0,0,0,0,0,0,0)
06-14 15:02:19.795  1561  2082 D PowerGaugeStats: store bg detail excecute sql: insert into stats_bg_sw_detail (time_index,uid,cputime_bg,bgtime,mbdata_bg,mbtime_bg,wifidata_bg,wifitime_bg,wakelocktime_bg,alarmcount_bg,fullwakelocktime_bg,gpstime_bg,sensortime_bg,cameratime_bg,flashtime_bg) values (9813,10030,0,4023,0,0,0,0,0,0,0,0,0,0,0)
06-14 15:02:19.795  1561  2082 D PowerGaugeStats: store bg detail excecute sql: insert into stats_bg_sw_detail (time_index,uid,cputime_bg,bgtime,mbdata_bg,mbtime_bg,wifidata_bg,wifitime_bg,wakelocktime_bg,alarmcount_bg,fullwakelocktime_bg,gpstime_bg,sensortime_bg,cameratime_bg,flashtime_bg) values (9813,2000,25,0,0,0,0,0,0,0,0,0,0,0,0)
06-14 15:02:19.796  1561  2082 D PowerGaugeStats: store bg detail excecute sql: insert into stats_bg_sw_detail (time_index,uid,cputime_bg,bgtime,mbdata_bg,mbtime_bg,wifidata_bg,wifitime_bg,wakelocktime_bg,alarmcount_bg,fullwakelocktime_bg,gpstime_bg,sensortime_bg,cameratime_bg,flashtime_bg) values (9813,10069,1,4008,0,0,0,0,0,0,0,0,0,0,0)
06-14 15:02:19.796  1561  2082 D PowerGaugeStats: store bg detail excecute sql: insert into stats_bg_sw_detail (time_index,uid,cputime_bg,bgtime,mbdata_bg,mbtime_bg,wifidata_bg,wifitime_bg,wakelocktime_bg,alarmcount_bg,fullwakelocktime_bg,gpstime_bg,sensortime_bg,cameratime_bg,flashtime_bg) values (9813,0,0,0,55732955936260296,43024385,25896333525516503,0,0,0,0,0,0,0,0)
06-14 15:02:19.797  1561  2082 D PowerGaugeStats: store bg detail excecute sql: insert into stats_bg_sw_detail (time_index,uid,cputime_bg,bgtime,mbdata_bg,mbtime_bg,wifidata_bg,wifitime_bg,wakelocktime_bg,alarmcount_bg,fullwakelocktime_bg,gpstime_bg,sensortime_bg,cameratime_bg,flashtime_bg) values (9813,10010,0,4023,0,0,0,0,0,0,0,0,0,0,0)
06-14 15:02:19.797  1561  2082 D PowerGaugeStats: store bg detail excecute sql: insert into stats_bg_sw_detail (time_index,uid,cputime_bg,bgtime,mbdata_bg,mbtime_bg,wifidata_bg,wifitime_bg,wakelocktime_bg,alarmcount_bg,fullwakelocktime_bg,gpstime_bg,sensortime_bg,cameratime_bg,flashtime_bg) values (9813,10093,17,4023,0,0,0,0,351,0,0,0,0,0,0)
06-14 15:02:19.798  1561  2082 D PowerGaugeStats: store bg detail excecute sql: insert into stats_bg_sw_detail (time_index,uid,cputime_bg,bgtime,mbdata_bg,mbtime_bg,wifidata_bg,wifitime_bg,wakelocktime_bg,alarmcount_bg,fullwakelocktime_bg,gpstime_bg,sensortime_bg,cameratime_bg,flashtime_bg) values (9813,10012,0,4023,0,0,0,0,0,0,0,0,0,0,0)
06-14 15:02:19.798  1561  2082 D PowerGaugeStats: store bg detail excecute sql: insert into stats_bg_sw_detail (time_index,uid,cputime_bg,bgtime,mbdata_bg,mbtime_bg,wifidata_bg,wifitime_bg,wakelocktime_bg,alarmcount_bg,fullwakelocktime_bg,gpstime_bg,sensortime_bg,cameratime_bg,flashtime_bg) values (9813,10037,0,4023,0,0,0,0,0,0,0,0,0,0,0)
06-14 15:02:19.799  1561  2082 D PowerGaugeStats: store bg detail excecute sql: insert into stats_bg_sw_detail (time_index,uid,cputime_bg,bgtime,mbdata_bg,mbtime_bg,wifidata_bg,wifitime_bg,wakelocktime_bg,alarmcount_bg,fullwakelocktime_bg,gpstime_bg,sensortime_bg,cameratime_bg,flashtime_bg) values (9813,10051,1,4023,0,0,0,0,0,0,0,0,0,0,0)
06-14 15:02:19.799  1561  2082 D PowerGaugeStats: store bg detail excecute sql: insert into stats_bg_sw_detail (time_index,uid,cputime_bg,bgtime,mbdata_bg,mbtime_bg,wifidata_bg,wifitime_bg,wakelocktime_bg,alarmcount_bg,fullwakelocktime_bg,gpstime_bg,sensortime_bg,cameratime_bg,flashtime_bg) values (9813,10000,1,4023,0,0,0,0,0,0,0,0,0,0,0)
06-14 15:02:19.800  1561  2082 D PowerGaugeStats: store bg detail excecute sql: insert into stats_bg_sw_detail (time_index,uid,cputime_bg,bgtime,mbdata_bg,mbtime_bg,wifidata_bg,wifitime_bg,wakelocktime_bg,alarmcount_bg,fullwakelocktime_bg,gpstime_bg,sensortime_bg,cameratime_bg,flashtime_bg) values (9813,10006,0,4023,0,0,0,0,0,0,0,0,0,0,0)
06-14 15:02:19.801  1561  2082 D PowerGaugeStats: store bg detail excecute sql: insert into stats_bg_sw_detail (time_index,uid,cputime_bg,bgtime,mbdata_bg,mbtime_bg,wifidata_bg,wifitime_bg,wakelocktime_bg,alarmcount_bg,fullwakelocktime_bg,gpstime_bg,sensortime_bg,cameratime_bg,flashtime_bg) values (9813,10062,1,4023,0,0,0,0,0,0,0,0,0,0,0)
06-14 15:02:19.801  1561  2082 D PowerGaugeStats: store bg detail excecute sql: insert into stats_bg_sw_detail (time_index,uid,cputime_bg,bgtime,mbdata_bg,mbtime_bg,wifidata_bg,wifitime_bg,wakelocktime_bg,alarmcount_bg,fullwakelocktime_bg,gpstime_bg,sensortime_bg,cameratime_bg,flashtime_bg) values (9813,10026,0,4023,0,0,0,0,0,0,0,0,0,0,0)
06-14 15:02:19.802  1561  2082 D PowerGaugeStats: delete record in db: stats_hw < time: 13-15-02-18
06-14 15:02:19.802  1561  2082 D PowerGaugeStats: storeHWDetail execute sql phrase: insert into stats_hw (time_index, type, time, time_ext, power) values (9813,1,4023, 0, 2234)
06-14 15:02:19.802  1561  2082 D PowerGaugeStats: storeHWDetail execute sql phrase: insert into stats_hw (time_index, type, time, time_ext, power) values (9813,0,3178, 0, 8826)
06-14 15:02:19.802  1561  2082 D PowerGaugeStats: storeHWDetail execute sql phrase: insert into stats_hw (time_index, type, time, time_ext, power) values (9813,6,29, 0, 1898)
06-14 15:02:19.803  1561  2082 D PowerGaugeStats: storeHWDetail execute sql phrase: insert into stats_hw (time_index, type, time, time_ext, power) values (9813,3,4023, 4023, 3352)
06-14 15:02:19.804  1561  2082 D PowerGaugeStats: delete record in db: stats_time_index < time: 13-15-02-18
06-14 15:02:19.804  1561  2082 D PowerGaugeStats: store battery stats cost time: 140 ms
06-14 15:02:19.804  1561  2082 D SQLiteDatabase: endTransaction()
06-14 15:02:19.823   874  1245 V AlarmManager: APP set(PendingIntent{39158bb6: PendingIntentRecord{9e5f921 com.meizu.battery broadcastIntent}}) : type=3 triggerAtTime=15441485 win=-1 tElapsed=15441485 maxElapsed=17241485 interval=0 standalone=false
06-14 15:02:19.823  1561  2082 D PowerAlarmCenter: setup gauge process alarm detaMills later2400000
06-14 15:02:19.925   874   985 D PerfServiceManager: [PerfService] MESSAGE_TIMER_SCN_USER_BASE:77 
06-14 15:02:19.925   874   985 I libPerfService: 13: set: 4
06-14 15:02:19.926   874   985 I libPerfService: 13: set freq: 1235000
06-14 15:02:19.926   874   985 I libPerfService: 13: set gpu level: 0
06-14 15:02:19.944  1835  1958 V SettingsInterface:  from settings cache , name = mz_game_mode , value = null
06-14 15:02:20.026 32424 32424 D BgTest  : uiCount 91  +3
06-14 15:02:20.394 32424 32489 D BgTest  : bgCount 88
06-14 15:02:20.488  1860  1860 D Telephony: MzGlobalDataRelauncher: handleServiceStateChange()
06-14 15:02:20.728   874   985 D PerfServiceManager: [PerfService] MESSAGE_TIMER_SCN_USER_BASE:76 
06-14 15:02:20.728   874   985 I libPerfService: 12: set: 1
06-14 15:02:20.728   874   985 I libPerfService: 12: set freq: 0
06-14 15:02:20.728   874   985 I libPerfService: 12: set gpu level: 0
06-14 15:02:20.870   319   319 I thermal_repeater: oh, queryMdThermalInfo (0)Bad file number
06-14 15:02:20.878   319   319 I thermal_repeater: [recvMdThermalInfo] ret=25, strLen=127,  1, 32767,,, -1, 32767, 2
06-14 15:02:20.890  1561  2084 D DataBuryManager: end charging 
06-14 15:02:20.890  1561  2084 D DataBuryManager: currentLevel : 100 currentStatus : 5 currentPlugType : 0
06-14 15:02:21.027 32424 32424 D BgTest  : uiCount 92  +3
06-14 15:02:21.126  1835  1974 D RecordState: startCheck recordList = [] currentTime = 13042788
06-14 15:02:21.127  1835  1974 V SettingsInterface:  from settings cache , name = location_providers_allowed , value = default
06-14 15:02:21.127  1835  1974 V SettingsInterface:  from settings cache , name = location_providers_allowed , value = default
06-14 15:02:21.127   874  1882 D CSLegacyTypeTracker: getNetworkForType type 0
06-14 15:02:21.127  1835  1974 D LocationState: startCheck navigatingList = [] currentTime = 13042788
06-14 15:02:21.127   874  1882 D CSLegacyTypeTracker: getNetworkForType type 1
06-14 15:02:21.127   874  1882 D CSLegacyTypeTracker: getNetworkForType type 2
06-14 15:02:21.127   874  1882 D CSLegacyTypeTracker: getNetworkForType type 3
06-14 15:02:21.128   874  1882 D CSLegacyTypeTracker: getNetworkForType type 4
06-14 15:02:21.128   874  1882 D CSLegacyTypeTracker: getNetworkForType type 5
06-14 15:02:21.128   874  1882 D CSLegacyTypeTracker: getNetworkForType type 7
06-14 15:02:21.128   874  1882 D CSLegacyTypeTracker: getNetworkForType type 10
06-14 15:02:21.128   874  1882 D CSLegacyTypeTracker: getNetworkForType type 11
06-14 15:02:21.128   874  1882 D CSLegacyTypeTracker: getNetworkForType type 12
06-14 15:02:21.128   874  1882 D CSLegacyTypeTracker: getNetworkForType type 14
06-14 15:02:21.134  1835  1974 D MultiMediaState: startCheck musicList = [] currentTime = 13042794 isMusicPlaying = true  isPluggedHeadPhone = false isInteractive = true
06-14 15:02:21.128   874  1882 D CSLegacyTypeTracker: getNetworkForType type 15
06-14 15:02:21.135  1835  1974 D MultiMediaState: startCheck  otherList = [com.sodino.postdelay, com.meizu.flyme.launcher, com.meizu.safe, com.meitu.mtsdk, com.meizu.battery, com.meizu.flyme.weather, com.meizu.mstore, com.meizu.net.search, com.meizu.privacy, com.meizu.flyme.service.find, com.tencent.mm, com.mediatek.systemupdate, com.meizu.mzsyncservice, com.mediatek.providers.drm, com.android.email, com.android.providers.media, com.android.providers.downloads, com.flyme.netadmin, com.android.calendar, com.android.providers.calendar, com.android.defcontainer, com.meizu.media.music, com.android.providers.applications, com.android.providers.userdictionary, com.android.providers.contacts, com.meizu.voiceassistant, com.meizu.account, com.flyme.systemuitools, com.meizu.share, com.meizu.cloud, com.android.providers.telephony, com.android.stk, com.android.phone, com.meizu.alphame, com.mediatek.nlpservice, com.android.incallui, com.waves.maxxservice, com.amap.android.location, com.meizu.experiencedatasync, com.tencent.qqpinyin, com.android.systemui, android, com.android.providers.settings, com.android.server.telecom, com.android.location.fused] currentTime = 13042794 isMusicPlaying = false  isPluggedHeadPhone = false isInteractive = true
06-14 15:02:21.128   874  1882 D CSLegacyTypeTracker: getNetworkForType type 17
06-14 15:02:21.135  1835  1974 D ScreenRecordState: isScreenRecord currentTime = 13042797 mScreenRecordTime = 0 isScreenRecord = false
06-14 15:02:21.129   874  1882 D CSLegacyTypeTracker: getNetworkForType type 34
06-14 15:02:21.135  1835  1974 D RecordState: isRecording currentTime = 13042797 mRecordTime = 0 isRecord = false
06-14 15:02:21.129   874  1882 D CSLegacyTypeTracker: getNetworkForType type 35
06-14 15:02:21.135  1835  1974 D LocationState: isNavigation currentTime = 13042797 mNavigationTime = 0 isNavigation = false
06-14 15:02:21.129   874  1882 D CSLegacyTypeTracker: getNetworkForType type 36
06-14 15:02:21.135  1835  1974 D DownloadState: isDownload currentTime = 13042797 mDownloadTime = 10595501 isDownload = false
06-14 15:02:21.129   874  1882 D CSLegacyTypeTracker: getNetworkForType type 37
06-14 15:02:21.135  1835  1974 D MultiMediaState: isPlayMusic currentTime = 13042797 mPlayMusicTime = 0 isMusic = false
06-14 15:02:21.129   874  1882 D CSLegacyTypeTracker: getNetworkForType type 38
06-14 15:02:21.135  1835  1974 D ScreenRecordState: isScreenRecord currentTime = 13042797 mScreenRecordTime = 0 isScreenRecord = false
06-14 15:02:21.129   874  1882 D CSLegacyTypeTracker: getNetworkForType type 40
06-14 15:02:21.136  1835  1974 D RecordState: isRecording currentTime = 13042798 mRecordTime = 0 isRecord = false
06-14 15:02:21.129   874  1882 D CSLegacyTypeTracker: getNetworkForType type 41
06-14 15:02:21.136  1835  1974 D LocationState: isNavigation currentTime = 13042798 mNavigationTime = 0 isNavigation = false
06-14 15:02:21.129   874  1882 D CSLegacyTypeTracker: getNetworkForType type 49
06-14 15:02:21.136  1835  1974 D DownloadState: isDownload currentTime = 13042798 mDownloadTime = 10595501 isDownload = false
06-14 15:02:21.136  1835  1974 D MultiMediaState: isPlayMusic currentTime = 13042798 mPlayMusicTime = 0 isMusic = false
06-14 15:02:21.433 32424 32489 D BgTest  : bgCount 89
06-14 15:02:21.548  1860 13323 D PhoneInterfaceManager: [PhoneIntfMgr] hasIccCardUsingSlotId, slotId = 0 subId[0] = -2
06-14 15:02:21.557  1860  2231 D PhoneInterfaceManager: [PhoneIntfMgr] hasIccCardUsingSlotId, slotId = 1 subId[0] = -3
06-14 15:02:21.558  2611  2611 D SimCardManager: [findAvaiableSimCard] no sim card.
06-14 15:02:21.559  2611  2611 I Utility : imsi=460028802555409,isSend=true
06-14 15:02:21.568   874  1848 I libPerfService: perfSetFavorPid - pid:32424, 7ea8
06-14 15:02:21.778  1860  1860 V SettingsInterface:  from settings cache , name = multi_sim_voice_call , value = null
06-14 15:02:21.784  1860  1860 V SettingsInterface:  from settings cache , name = multi_sim_voice_call , value = null
06-14 15:02:21.791  1860  1860 V SettingsInterface:  from settings cache , name = multi_sim_voice_call , value = null
06-14 15:02:21.794  1860  1860 V SettingsInterface:  from settings cache , name = multi_sim_voice_call , value = null
06-14 15:02:21.798  1860  1860 V SettingsInterface:  from settings cache , name = multi_sim_voice_call , value = null
06-14 15:02:21.801  1860  1860 V SettingsInterface:  from settings cache , name = multi_sim_voice_call , value = null
06-14 15:02:21.803   874  1830 V ActivityManager: Broadcast sticky: Intent { act=android.intent.action.SIG_STR flg=0x20000010 (has extras) } ordered=false userid=-1 callerApp=ProcessRecord{2de77b41 874:system/1000}
06-14 15:02:21.901   874   985 D PerfServiceManager: [PerfService] MESSAGE_TIMER_TOUCH_BOOST_DURATION 
06-14 15:02:21.901   874   985 I libPerfService: 7: set: 1
06-14 15:02:21.902   874   985 I libPerfService: 7: set freq: 0
06-14 15:02:22.028 32424 32424 D BgTest  : uiCount 93  +3
06-14 15:02:22.480 32424 32489 D BgTest  : bgCount 90
06-14 15:02:23.030 32424 32424 D BgTest  : uiCount 94  +3
06-14 15:02:23.241   874   874 V ActivityManager: Broadcast sticky: Intent { act=android.intent.action.BATTERY_CHANGED flg=0x60000010 (has extras) } ordered=false userid=-1 callerApp=null
06-14 15:02:23.245  1040  1040 D KeyguardUpdateMonitor: received broadcast android.intent.action.BATTERY_CHANGED
06-14 15:02:23.246  1040  1040 D FlymeBatteryMeterView: hashCode=122392665,level=100,pluggedIn=true,status=5
06-14 15:02:23.253   874   874 D UsbDeviceManager: onReceive - BATTERY_CHANGED - mPlugType: 2, mSettingUsbCharging: false, mConnected: false, mSettingUsbBicr: false
06-14 15:02:23.247  1040  1040 D FlymeBatteryMeterView: hashCode=296548458,level=100,pluggedIn=true,status=5
06-14 15:02:23.253   874   874 D WifiService: onReceive, action:android.intent.action.BATTERY_CHANGED
06-14 15:02:23.247  1040  1040 D FlymeBatteryMeterView: hashCode=720319172,level=100,pluggedIn=true,status=5
06-14 15:02:23.253   874   970 D WifiController: DeviceActiveState{ when=0 what=155652 arg1=2 target=com.android.internal.util.StateMachine$SmHandler }
06-14 15:02:23.247  1040  1040 I KeyguardUpdateMonitor: handleBatteryUpdate index=0 updateInteresting=true
06-14 15:02:23.253   874   970 D WifiController: StaEnabledState{ when=0 what=155652 arg1=2 target=com.android.internal.util.StateMachine$SmHandler }
06-14 15:02:23.247  1040  1040 D KeyguardIndicationController: onRefreshBatteryInfo  mIsPluggedIn = true
06-14 15:02:23.253   874   970 D WifiController: DefaultState{ when=0 what=155652 arg1=2 target=com.android.internal.util.StateMachine$SmHandler }
06-14 15:02:23.247  1040  1040 D PhoneStatusBar: shouldChargingViewShow hasActiveNotificationsAndShowLockScreenNotification() = false, mNotificationPanel.isExpanding() = false, mNotificationPanel.isNotificationPanelFullyExpandedOnKeyguardShade() = false, mQsExpansionFraction = 0.0, isKeyguardShadeMode() = false, mKeyguardMusicController.isMusicViewShowing() = false, isQsExpanded() = false, mNotificationPanel.isMzKeyguardAffordanceHelperSwiping() = false, mNotificationPanel.shouldCameraIntercept()false, isInLaunchTransition()false
06-14 15:02:23.247  1040  1040 D KeyguardIndicationController: mVisible = false, isScreenOn = true, isKeyguardBouncer = false, isMusicViewShow = false, isChargingViewShow = true, getUnlockTimes = 4, isSmartLock = false
06-14 15:02:23.247  1040  1040 D PhoneStatusBar: shouldChargingViewShow hasActiveNotificationsAndShowLockScreenNotification() = false, mNotificationPanel.isExpanding() = false, mNotificationPanel.isNotificationPanelFullyExpandedOnKeyguardShade() = false, mQsExpansionFraction = 0.0, isKeyguardShadeMode() = false, mKeyguardMusicController.isMusicViewShowing() = false, isQsExpanded() = false, mNotificationPanel.isMzKeyguardAffordanceHelperSwiping() = false, mNotificationPanel.shouldCameraIntercept()false, isInLaunchTransition()false
06-14 15:02:23.247  1040  1040 D KeyguardIndicationController: hideTransientIndication anim = true
06-14 15:02:23.248  1561  1561 D PowerBroadcastCenter: receive intent: android.intent.action.BATTERY_CHANGED
06-14 15:02:23.248  1835  1835 D BroadcastCenter: receive intent: android.intent.action.BATTERY_CHANGED
06-14 15:02:23.251  1561  1750 D PowerGaugeStats: battery level is changed: 100
06-14 15:02:23.251  1561  1718 D IPowerModeImp: getCurrentModeLocked:0
06-14 15:02:23.252  1561  1718 D PowerLevelNotification: level = 100 plugged = 2 show = false mBatteryLastLevel = 100 currentMode = 0 isDialogShowing = false isDeviceProvisioned = true
06-14 15:02:23.252  1561  1717 I BatteryConsumeMonitor: init var lastPlugType : 2 lastBatteryChangedLevel : 100
06-14 15:02:23.252  1561  1717 I BatteryConsumeMonitor: init var lastPlugType : 2 lastBatteryChangedLevel : 100
06-14 15:02:23.253   874   874 D AlarmAlignManager: I got broadcast:android.intent.action.BATTERY_CHANGED
06-14 15:02:23.256   874  1891 D AlarmManager: manual remove option = PendingIntent{238220b7: PendingIntentRecord{9e5f921 com.meizu.battery broadcastIntent}}
06-14 15:02:23.257   874  1891 D AlarmManager:  alarm = Alarm{8e9e024 type 3 when 17:25:30 start 17:25:30 end 17:25:30 android} add to Batch{db7978d num=1 start=21631909 end=21631909}
06-14 15:02:23.256   874  1891 V AlarmManager: remove(operation) changed bounds; rebatching pm.nonwakeup.powergauge.stats
06-14 15:02:23.258   874  1891 D AlarmManager:  alarm = Alarm{b66ad42 type 0 when 23:00:00 start 22:59:59 end 23:00:00 com.android.settings} add to Batch{268e1153 num=1 start=41701662 end=41701662 STANDALONE}
06-14 15:02:23.258   874  1891 D AlarmManager:  alarm = Alarm{2cf6da90 type 1 when 00:00:00 start 00:00:00 end 00:00:00 android} add to Batch{37131f89 num=1 start=45301662 end=45301662 STANDALONE}
06-14 15:02:23.259   874  1891 D AlarmManager:  alarm = Alarm{33b65b8e type 1 when 00:00:00 start 00:00:00 end 00:00:00 com.android.calendar} add to Batch{37131f89 num=2 start=45301662 end=45301662 STANDALONE}
06-14 15:02:23.260   874  1891 D AlarmManager:  alarm = Alarm{325e6faf type 1 when 00:00:00 start 00:00:00 end 00:00:00 com.meizu.flyme.input} add to Batch{37131f89 num=3 start=45301662 end=45301662 STANDALONE}
06-14 15:02:23.261   874  1891 D AlarmManager:  alarm = Alarm{8970fbc type 1 when 00:00:00 start 00:00:00 end 00:00:00 com.meizu.safe} add to Batch{37131f89 num=4 start=45301662 end=45301662 STANDALONE}
06-14 15:02:23.262   874  1891 D AlarmManager:  alarm = Alarm{16852b45 type 0 when 06:59:59 start 07:00:00 end 07:00:00 com.android.settings} add to Batch{2640a29a num=1 start=70501662 end=70501662 STANDALONE}
06-14 15:02:23.268   874  1879 I libPerfService: perfSetFavorPid - pid:0, 0
06-14 15:02:23.271  1561  2082 D PowerAlarmCenter: cancel gauge process alarm detaMills later
06-14 15:02:23.271  1561  2082 D PowerGaugeStats:  MSG_GAUGE_COMPUTE processPowerGaugeStats
06-14 15:02:23.271  1561  2082 D PowerGaugeStats: updateFillGaugeStats
06-14 15:02:23.294   874   874 V ActivityManager: Broadcast: Intent { act=android.intent.action.ACTION_POWER_CONNECTED flg=0x4000010 } ordered=false userid=-1 callerApp=ProcessRecord{2de77b41 874:system/1000}
06-14 15:02:23.297   272   272 I SurfaceFlinger: [Built-in Screen (type:0)] fps:3.093677,dur:3878.88,max:3323.11,min:3.26
06-14 15:02:23.298   874   874 I EntropyMixer: Writing entropy...
06-14 15:02:23.299   874   923 I libPerfService: perfSetFavorPid - pid:32424, 7ea8
06-14 15:02:23.300 32152 32152 D ConditionReceiver: Action: android.intent.action.ACTION_POWER_CONNECTED bAutoDownload: true
06-14 15:02:23.302  1040  1040 V SettingsInterface:  from settings cache , name = low_battery_sound_timeout , value = 0
06-14 15:02:23.302  1040  1040 V SettingsInterface:  from settings cache , name = key_system_tips_sound , value = 1
06-14 15:02:23.302  1231  1231 W ContextImpl: Calling a method in the system process without a qualified user: android.app.ContextImpl.startService:1863 android.content.ContextWrapper.startService:516 android.content.ContextWrapper.startService:516 com.meizu.safe.blockService.receiver.PowerConnectionReceiver.onReceive:26 android.app.ActivityThread.handleReceiver:2993 
06-14 15:02:23.302  1040  1040 V SettingsInterface:  from settings cache , name = plugin_sound , value = /system/media/audio/ui/plugin.ogg
06-14 15:02:23.303   301   981 I MediaPlayerService: [reset] [21] reset
06-14 15:02:23.303   301   981 I AwesomePlayer: stop extractor in reset
06-14 15:02:23.303   301   981 I AwesomePlayer: [reset_l]line:707 reset_l
06-14 15:02:23.303   301   981 I MediaPlayerService: [notify] [21] notify (0xf0c2e380, 8, 0, 0, 0)
06-14 15:02:23.303   874  1824 D LinkWakenInterception: isInterceptAsUsual, the callerPkg(com.meizu.safe) and calleePkg are same, return false.
06-14 15:02:23.303   301   981 I AwesomePlayer: [reset_l]line:762 reset cancelPlayEvents
06-14 15:02:23.303   301   981 I AudioSink: [pause] pause
06-14 15:02:23.303   301   981 D AudioTrack: pause 0xf4553700
06-14 15:02:23.303   874  1824 D Interception: isInterceptByRule realCallingPid: 1231 isInterceptAsUsual: false isMatch: false, runType===retrieve_service|||callerPkg===com.meizu.safe|||calleePkg===com.meizu.safe|||calleeClass===com.meizu.safe.blockService.service.SDKUpdateService|||processName===com.meizu.safe|||action===*|||data===*|||extras===Bundle[mParcelledData.dataSize=40]|||interception===false
06-14 15:02:23.303   874   895 I art     : Background sticky concurrent mark sweep GC freed 13193(875KB) AllocSpace objects, 2(360KB) LOS objects, 2% free, 38MB/39MB, paused 3.808ms total 101.592ms
06-14 15:02:23.305  1231  1231 D MzBlockService: SDKUpdateService: onCreate
06-14 15:02:23.305  1231  1231 D MzBlockService: SDKUpdateService: onStartCommand
06-14 15:02:23.306 32152 32193 W auto_update_AppAutoUpdateManager: reset download size and time
06-14 15:02:23.307  1231   364 D MzBlockService: SDKUpdateService: Check NetConnection...
06-14 15:02:23.309   296   775 D FrameworkListener: dispatchCommand data = (getaddrinfo www.baidu.com ^ 1024 0 1 0 0)
06-14 15:02:23.307  1231   364 I System.out: open:https://www.baidu.com?null
06-14 15:02:23.310   874  1830 D AlarmManager: manual remove option = PendingIntent{3fa36ba8: PendingIntentRecord{31b8c3e8 com.meizu.mstore broadcastIntent}}
06-14 15:02:23.308  1231   364 D libc-netbsd: [getaddrinfo]: hostname=www.baidu.com; servname=(null); cache_mode=(null), netid=0; mark=0
06-14 15:02:23.312   874  1832 D CSLegacyTypeTracker: getNetworkForType type 1
06-14 15:02:23.308  1231   364 D libc-netbsd: [getaddrinfo]: ai_addrlen=0; ai_canonname=(null); ai_flags=4; ai_family=0
06-14 15:02:23.308  1231   364 D libc-netbsd: [getaddrinfo]: hostname=www.baidu.com; servname=(null); cache_mode=(null), netid=0; mark=0
06-14 15:02:23.313   874  1884 D CSLegacyTypeTracker: getNetworkForType type 0
06-14 15:02:23.308  1231   364 D libc-netbsd: [getaddrinfo]: ai_addrlen=0; ai_canonname=(null); ai_flags=1024; ai_family=0
06-14 15:02:23.309 32679 32679 D MLog    : Thread:main  MKeepAliveReceiver#onReceive()--->action=android.intent.action.ACTION_POWER_CONNECTED
06-14 15:02:23.310   296   366 D libc-netbsd: [getaddrinfo]: hostname=www.baidu.com; servname=(null); cache_mode=local, netid=0; mark=917504
06-14 15:02:23.310   296   366 D libc-netbsd: [getaddrinfo]: ai_addrlen=0; ai_canonname=(null); ai_flags=1024; ai_family=0
06-14 15:02:23.310   296   366 D libc-netbsd: default dns: query_ipv6=0, query_ipv4=0
06-14 15:02:23.310  1231   364 D libc-netbsd: getaddrinfo: www.baidu.com NO result from proxy 
06-14 15:02:23.310  1231   364 I System.out: [CDS][DNS]Unable to resolve host "www.baidu.com": No address associated with hostname
06-14 15:02:23.311  1231   364 D MzBlockService: SDKUpdateService: Network connect abnormal!
06-14 15:02:23.311  1231   364 D MzBlockService: SDKUpdateService: mIsNetAvailable:0
06-14 15:02:23.311  1231  1231 D MzBlockService: SDKUpdateService: mIsAlarmOff : false
06-14 15:02:23.312 32679 32679 D MLog    : Thread:main  MKeepAliveService#onStartCommand()--->  onStartCommand  pid 32679 com.meitu.mkit.mkeepalive.MKeepAliveService@35f60051
06-14 15:02:23.313 32152 32193 W auto_update_AppAutoUpdateManager: <<Power change and cancel scheduler download, switch: false----Screen on: true, Power Connected: true, Battery: 100, Competitive Installed: false, d size: 0, d time: 0
06-14 15:02:23.317   874   874 V AlarmManager: APP set(PendingIntent{26246a9e: PendingIntentRecord{2a31b97f android broadcastIntent}}) : type=2 triggerAtTime=13164979 win=-1 tElapsed=13164979 maxElapsed=13254979 interval=0 standalone=false
06-14 15:02:23.314  1231  1231 D MzBlockService: SDKUpdateService: Don't need to upgrade!
06-14 15:02:23.315   874  1712 D BatteryService: mBatteryVoltage=4365, batteryLevel=50
06-14 15:02:23.318   874   874 D AlarmManager: set alarm to RTC 2-13164979-15:04:23
06-14 15:02:23.318   874   874 V ActivityManager: Broadcast sticky: Intent { act=android.intent.action.BATTERY_CHANGED flg=0x60000010 (has extras) } ordered=false userid=-1 callerApp=null
06-14 15:02:23.318   874   874 D UsbDeviceManager: onReceive - BATTERY_CHANGED - mPlugType: 2, mSettingUsbCharging: false, mConnected: false, mSettingUsbBicr: false
06-14 15:02:23.318   874   874 D AlarmAlignManager: I got broadcast:android.intent.action.BATTERY_CHANGED
06-14 15:02:23.319   874   874 D WifiService: onReceive, action:android.intent.action.BATTERY_CHANGED
06-14 15:02:23.319   874   970 D WifiController: DeviceActiveState{ when=0 what=155652 arg1=2 target=com.android.internal.util.StateMachine$SmHandler }
06-14 15:02:23.319   874   970 D WifiController: StaEnabledState{ when=0 what=155652 arg1=2 target=com.android.internal.util.StateMachine$SmHandler }
06-14 15:02:23.319  1561  1561 D PowerBroadcastCenter: receive intent: android.intent.action.BATTERY_CHANGED
06-14 15:02:23.319   874   970 D WifiController: DefaultState{ when=0 what=155652 arg1=2 target=com.android.internal.util.StateMachine$SmHandler }
06-14 15:02:23.319  1835  1835 D BroadcastCenter: receive intent: android.intent.action.BATTERY_CHANGED
06-14 15:02:23.320  1561  1750 D PowerGaugeStats: battery level is changed: 100
06-14 15:02:23.320  1561  1750 D PowerGaugeStats: unknown status
06-14 15:02:23.320  1561  1718 D IPowerModeImp: getCurrentModeLocked:0
06-14 15:02:23.320  1561  1718 D PowerLevelNotification: level = 100 plugged = 2 show = false mBatteryLastLevel = 100 currentMode = 0 isDialogShowing = false isDeviceProvisioned = true
06-14 15:02:23.320  1561  1717 I BatteryConsumeMonitor: init var lastPlugType : 2 lastBatteryChangedLevel : 100
06-14 15:02:23.326   301   981 I AudioSink: [stop] stop
06-14 15:02:23.326   301   981 I AudioSink: [flush] flush
06-14 15:02:23.326   301   981 D AudioTrack: flush
06-14 15:02:23.327   301   981 D AudioFlinger_Threads: ThreadBase::setParameters() FlushShareBuffer=4096
06-14 15:02:23.327   301   944 D AudioFlinger_Threads: thread 0xf455a000 type 0 TID 944 waking up
06-14 15:02:23.327   301   944 D AudioFlinger_Threads: +acquireWakeLock_l() AudioOut_2 status 0
06-14 15:02:23.328   301   944 D AudioFlinger_Threads: -acquireWakeLock_l() AudioOut_2 status 0
06-14 15:02:23.328   301   981 D AudioFlinger_Threads: sendConfigEvent_l() num events 1 event 2
06-14 15:02:23.339   301   944 D AudioFlinger_Threads: processConfigEvents_l() remaining events 1
06-14 15:02:23.339   301   944 I AudioFlinger_Threads: enforc flush
06-14 15:02:23.340   301   981 I AudioSink: [close] close
06-14 15:02:23.340   301   981 I AudioSink: close mTearDownLock
06-14 15:02:23.340   301   981 D AudioTrack: ~audioTrack 0xf4553700
06-14 15:02:23.340   301   981 D AudioTrackCenter: removeTrack, trackPtr:0xf4553700
06-14 15:02:23.340   301   981 D AudioTrackShared: front(0x5000), mIsOut 1, interrupt() FUTEX_WAKE
06-14 15:02:23.340   301   981 D AudioFlinger_Threads: remove track (4096) and delete from mixer
06-14 15:02:23.340   301   981 D AudioMixer: deinitBliSrc
06-14 15:02:23.340   301   981 D MtkAudioLoud: +Close()
06-14 15:02:23.340   301   981 D MtkAudioLoud: -Close()
06-14 15:02:23.340   301   981 D MtkAudioLoud: +~MtkAudioLoud()
06-14 15:02:23.340   301   981 D MtkAudioLoud: -~MtkAudioLoud()
06-14 15:02:23.340   301   981 I AudioFlinger_Threads: reset track timestretch tracn name 4096, ratio 100, mTimeStretchTrackName[name-4096] 0
06-14 15:02:23.340   301   940 I AudioPolicyManager: releaseOutput() 2
06-14 15:02:23.340   301   981 V AudioTrack: ~AudioTrack, releasing session id from 1040 on behalf of 1040
06-14 15:02:23.341   301 13662 W OMXCodec: FILL_BUFFER_DONE(buffer: 4039335552, size: 0, flags: 0x00000000, timestamp: 152380 us (0.15 secs))
06-14 15:02:23.342   301   981 D OMXCodec: !@@!>> destroy tid (981) OMXCodec mOMXLivesLocally=1, mIsVideoDecoder(0), mIsVideoEncoder(0), mime(audio/vorbis)
06-14 15:02:23.342   301   981 D FileSourceProxy: Fd: 30 unregister!
06-14 15:02:23.342   301   981 D FileSourceProxy: Fd: 30, File Cache hit rate: 65.52
06-14 15:02:23.342   301   981 I AwesomePlayer: [reset_l]line:861 reset_l done
06-14 15:02:23.343   301  6737 I MediaPlayerService: [disconnect] disconnect(21) from pid 1040
06-14 15:02:23.343   301  6737 I AwesomePlayer: set flag for stopped
06-14 15:02:23.343   301  6737 I AwesomePlayer: [reset_l]line:707 reset_l
06-14 15:02:23.343   301  6737 I AwesomePlayer: [reset_l]line:762 reset cancelPlayEvents
06-14 15:02:23.343   301  6737 I AwesomePlayer: [reset_l]line:861 reset_l done
06-14 15:02:23.343   301  6737 I AwesomePlayer: set flag for stopped
06-14 15:02:23.343   301  6737 I AwesomePlayer: [reset_l]line:707 reset_l
06-14 15:02:23.343   301  6737 I AwesomePlayer: [reset_l]line:762 reset cancelPlayEvents
06-14 15:02:23.343   301  6737 I AwesomePlayer: [reset_l]line:861 reset_l done
06-14 15:02:23.344   301  6737 I AwesomePlayer: set flag for stopped
06-14 15:02:23.344   301  6737 I AwesomePlayer: [reset_l]line:707 reset_l
06-14 15:02:23.344   301  6737 I AwesomePlayer: [reset_l]line:762 reset cancelPlayEvents
06-14 15:02:23.344   301  6737 I AwesomePlayer: [reset_l]line:861 reset_l done
06-14 15:02:23.344   301  6737 I AudioSink: [close] close
06-14 15:02:23.344   301  6737 I AudioSink: close mTearDownLock
06-14 15:02:23.344   301  6737 I MediaPlayerService: [~Client] [21]~Client
06-14 15:02:23.345   301   981 I MediaPlayerService: [setDataSource] setDataSource fd=27, offset=0, length=576460752303423487
06-14 15:02:23.345   301   981 I MediaPlayerService: [setDataSource_drm_preCheck] fd=27,path=/system/media/audio/ui/plugin.ogg
06-14 15:02:23.345   301   981 D DrmMtkUtil/DrmUtil: checkDcf ----> fd [27]
06-14 15:02:23.347   301   981 V DrmMtkUtil/DrmUtil: checkDcf: first 3 bytes [4f][67][67]
06-14 15:02:23.347   301   981 E DrmMtkUtil/DrmUtil: checkDcf: not dcf type, dcf version value [79]
06-14 15:02:23.347   301   981 E Cta5File: Cta5File::isCta5NormalFile false, bad magic:OggS
06-14 15:02:23.347   301   981 E Cta5File: Cta5File::isCta5MultimediaFile false, bad magic:n(=ml?&?????
06-14 15:02:23.347   301   981 D DrmMtkUtil: isDcf: result [-1], isCta5:result [0]
06-14 15:02:23.347   301   981 D Sonivox : EAS_HWOpenFile ----> use file descriptor [28]
06-14 15:02:23.347   301   981 D DrmMtkUtil/DrmUtil: checkDcf ----> fd [28]
06-14 15:02:23.347   301   981 V DrmMtkUtil/DrmUtil: checkDcf: first 3 bytes [4f][67][67]
06-14 15:02:23.348   301   981 E DrmMtkUtil/DrmUtil: checkDcf: not dcf type, dcf version value [79]
06-14 15:02:23.348   301   981 E Cta5File: Cta5File::isCta5NormalFile false, bad magic:OggS
06-14 15:02:23.348   301   981 E Cta5File: Cta5File::isCta5MultimediaFile false, bad magic:n(=ml?&?????
06-14 15:02:23.348   301   981 D DrmMtkUtil: isDcf: result [-1], isCta5:result [0]
06-14 15:02:23.348   301   981 D Sonivox : EAS_HWOpenFile ----> checked, not a DRM file.
06-14 15:02:23.348   301   981 D MediaPlayerFactory: getPlayerType(): using fd, check for DRM protected midi.
06-14 15:02:23.348   301   981 D DrmMtkUtil/DrmUtil: checkDcf ----> fd [27]
06-14 15:02:23.348   301   981 V DrmMtkUtil/DrmUtil: checkDcf: first 3 bytes [4f][67][67]
06-14 15:02:23.348   301   981 E DrmMtkUtil/DrmUtil: checkDcf: not dcf type, dcf version value [79]
06-14 15:02:23.348   301   981 D FileSourceProxy: Fd: 28 register!
06-14 15:02:23.348   301   981 D MediaPlayerFactory: Before sniff local sdp
06-14 15:02:23.348   301   981 D MediaPlayerFactory: After sniff local sdp
06-14 15:02:23.348   301   981 D FileSourceProxy: Fd: 28 unregister!
06-14 15:02:23.348   301   981 D FileSourceProxy: Fd: 28, File Cache hit rate: 0.00
06-14 15:02:23.348   301   981 D FileSourceProxy: Fd: 28 register!
06-14 15:02:23.348   301   981 D DataSource: fastsniff is .ogg
06-14 15:02:23.348   301   981 D MediaPlayerService: mimeType = application/ogg,default playerType = 4
06-14 15:02:23.348   301   981 I MediaPlayerService: [setDataSource] player type = 3
06-14 15:02:23.348   301   981 D MediaPlayerService: playertype = 3
06-14 15:02:23.349   301   981 I AwesomePlayer: mThrottleVideoBufRel:6000 us
06-14 15:02:23.349   301   981 D AwesomePlayer: @@[SF_PROPERTY]sf.video.jump.key.ms =-1
06-14 15:02:23.349   301   981 D AwesomePlayer: @@[SF_PROPERTY]sf.video.force.display.cnt=0
06-14 15:02:23.349   301   981 D AwesomePlayer: @@[SF_PROPERTY]sf.video.late.margin.ms = 250
06-14 15:02:23.349   301   981 I AwesomePlayer: set flag for stopped
06-14 15:02:23.349   301   981 I AwesomePlayer: [reset_l]line:707 reset_l
06-14 15:02:23.349   301   981 I AwesomePlayer: [reset_l]line:762 reset cancelPlayEvents
06-14 15:02:23.349   301   981 I AwesomePlayer: [reset_l]line:861 reset_l done
06-14 15:02:23.349   301   981 I AudioSink: [AudioOutput] AudioOutput(47)
06-14 15:02:23.349   301   981 I AwesomePlayer: [reset_l]line:707 reset_l
06-14 15:02:23.349   301   981 I MediaPlayerService: [notify] [22] notify (0xf0c2e440, 8, 0, 0, 0)
06-14 15:02:23.349   301   981 I AwesomePlayer: [reset_l]line:762 reset cancelPlayEvents
06-14 15:02:23.349   301   981 I AwesomePlayer: [reset_l]line:861 reset_l done
06-14 15:02:23.349   301   981 D FileSourceProxy: Fd: 30 register!
06-14 15:02:23.349   301   981 D DataSource: fastsniff is .ogg
06-14 15:02:23.349   301   981 D MediaExtractor: JB +MediaExtractor::Create
06-14 15:02:23.352   301   981 D MediaExtractor: JB -MediaExtractor::Create
06-14 15:02:23.352   301   981 D AwesomePlayer: mMetaData->findInt32(kKeyIsDRM, &isDrm) fail, then set is 0
06-14 15:02:23.352   301   981 I MediaPlayerService: [setDataSource] setDataSource fd=27, offset=0, length=5420 done
06-14 15:02:23.352   301   981 D FileSourceProxy: Fd: 28 unregister!
06-14 15:02:23.352   301   981 D FileSourceProxy: Fd: 28, File Cache hit rate: 0.00
06-14 15:02:23.353  1040  1040 D MediaPlayer: Don't notify duration to com.android.systemui!
06-14 15:02:23.353   301   981 I MediaPlayerService: [prepareAsync] [22] prepareAsync
06-14 15:02:23.353   301   367 D AudioPolicyIntefaceImpl: [DEBUG] mAudioPolicyManager 0xf44e5000
06-14 15:02:23.353   301   367 I AudioPolicyManager: isOffloadSupported: SR=44100, CM=0x3, Format=0x7000000, StreamType=3, BitRate=4294967295, duration=224943 us, has_video=0
06-14 15:02:23.353   301   367 I AwesomePlayer: [initAudioDecoder]line:1985 audio OMXCodec::Create begin
06-14 15:02:23.354   301   367 D OMXCodec: !@@!>> create tid (367) OMXCodec mOMXLivesLocally=1, mIsVideoDecoder(0), mIsVideoEncoder(0), mime(audio/vorbis)
06-14 15:02:23.354   301   367 D AwesomePlayer: audio OMXCodec::Create done
06-14 15:02:23.354   301   367 E OMXNodeInstance: setParameter(5e:google.vorbis.decoder, ??(0x7f000022)) ERROR: UnsupportedIndex(0x8000101a)
06-14 15:02:23.355   301   367 I MediaPlayerService: [notify] [22] notify (0xf0c2e440, 5, 0, 0, 0)
06-14 15:02:23.355   301   367 I MediaPlayerService: [notify] [22] notify (0xf0c2e440, 1, 0, 0, 0)
06-14 15:02:23.355   301   367 D AwesomePlayer: @@[SF_PROPERTY]sched_setscheduler ok..., priority:95
06-14 15:02:23.355  1040  1040 E MediaPlayer: Should have subtitle controller already set
06-14 15:02:23.355  1040  1040 D Ringtone: Successfully created local player
06-14 15:02:23.356   301   301 I AudioPolicyManager: s 2 c 0 avaDev 3 ba2dpo 0 ba2dpsp 0 dev 2
06-14 15:02:23.356   301   301 I AudioPolicyManager: s 3 c 0 avaDev 3 ba2dpo 0 ba2dpsp 0 dev 2
06-14 15:02:23.356   874   899 D AudioService: getStreamVolume = 150
06-14 15:02:23.357   301   948 I AudioSink: setVolume mTearDownLock
06-14 15:02:23.357   301   301 I MediaPlayerService: [start] [22] start
06-14 15:02:23.357   301   301 I AwesomePlayer: play 
06-14 15:02:23.357   301   301 I AwesomePlayer: [play_l]line:1195 play_l:mFlags=0x10
06-14 15:02:23.357   301   301 I AwesomePlayer: [play_l]line:1258 play_l:startAudioPlayer_l
06-14 15:02:23.357   301   301 E OMXCodec: [OMX.google.vorbis.decoder] +waitForBufferFilled_l: 0/0
06-14 15:02:23.359   301   369 W OMXCodec: FILL_BUFFER_DONE(buffer: 4039335360, size: 0, flags: 0x00000000, timestamp: 0 us (0.00 secs))
06-14 15:02:23.360   301   369 W OMXCodec: FILL_BUFFER_DONE(buffer: 4039335456, size: 0, flags: 0x00000000, timestamp: 0 us (0.00 secs))
06-14 15:02:23.360   301   369 W OMXCodec: FILL_BUFFER_DONE(buffer: 4039335552, size: 0, flags: 0x00000000, timestamp: 0 us (0.00 secs))
06-14 15:02:23.360   301   369 W OMXCodec: FILL_BUFFER_DONE(buffer: 4039335648, size: 0, flags: 0x00000000, timestamp: 0 us (0.00 secs))
06-14 15:02:23.360   301   369 E OMXNodeInstance: getConfig(5e:google.vorbis.decoder, ??(0x7f00001b)) ERROR: Undefined(0x80001001)
06-14 15:02:23.360   301   301 E OMXCodec: [OMX.google.vorbis.decoder] -waitForBufferFilled_l
06-14 15:02:23.360   301   301 E OMXCodec: [OMX.google.vorbis.decoder] +waitForBufferFilled_l: 0/0
06-14 15:02:23.360   301   369 W OMXCodec: FILL_BUFFER_DONE(buffer: 4039335648, size: 0, flags: 0x00000000, timestamp: 0 us (0.00 secs))
06-14 15:02:23.360   301   301 E OMXCodec: [OMX.google.vorbis.decoder] -waitForBufferFilled_l
06-14 15:02:23.360   301   301 D OMXCodec: INFO_FORMAT_CHANGED
06-14 15:02:23.360   301   301 I AudioPolicyManager: s 0 c 0 avaDev 3 ba2dpo 0 ba2dpsp 0 dev 2
06-14 15:02:23.360   301   301 I AudioPolicyManager: getOutput() device 2, stream 3, samplingRate 0, format 0, channelMask 3, flags 0
06-14 15:02:23.361   301   301 I AudioPolicyManager: getOutput() returns output 2
06-14 15:02:23.361   301   301 I AudioPolicyManager: s 0 c 0 avaDev 3 ba2dpo 0 ba2dpsp 0 dev 2
06-14 15:02:23.361   301   301 I AudioPolicyManager: getOutput() device 2, stream 3, samplingRate 0, format 0, channelMask 3, flags 0
06-14 15:02:23.361   301   301 I AudioPolicyManager: getOutput() returns output 2
06-14 15:02:23.361   301   301 I AudioSink: [open] open(44100, 2, 1, 4, 47)
06-14 15:02:23.361   301   301 V AudioTrack: set(): streamType 3, sampleRate 44100, format 0x1, channelMask 0x3, frameCount 4096, flags #0, notificationFrames 0, sessionId 47, transferType 1
06-14 15:02:23.361   301   301 V AudioTrack: set() streamType 3 frameCount 4096 flags 0000
06-14 15:02:23.361   301   301 D AudioTrack: audiotrack 0xf4553c00 set Type 3, rate 44100, fmt 1, chn 3, fcnt 4096, flags 0000
06-14 15:02:23.361   301   301 V AudioTrack: Building AudioTrack with attributes: usage=5 content=4 flags=0x0 tags=[]
06-14 15:02:23.361   301   369 W OMXCodec: FILL_BUFFER_DONE(buffer: 4039335552, size: 2304, flags: 0x00000000, timestamp: 0 us (0.00 secs))
06-14 15:02:23.361   301   301 D AudioTrack: mChannelMask 0x3
06-14 15:02:23.361   301   369 W OMXCodec: FILL_BUFFER_DONE(buffer: 4039335456, size: 4096, flags: 0x00000000, timestamp: 13061 us (0.01 secs))
06-14 15:02:23.361   301   301 I AudioPolicyManager: s 2 c 0 avaDev 3 ba2dpo 0 ba2dpsp 0 dev 2
06-14 15:02:23.361   301   301 I AudioPolicyManager: s 3 c 0 avaDev 3 ba2dpo 0 ba2dpsp 0 dev 2
06-14 15:02:23.361   301   301 I AudioPolicyManager: getOutput() returns output 2
06-14 15:02:23.361   301   301 V AudioTrack: createTrack_l() output 2 afLatency 92
06-14 15:02:23.361   301   301 V AudioTrack: afFrameCount=1024, minBufCount=4, afSampleRate=44100, afLatency=92
06-14 15:02:23.361   301   301 V AudioTrack: minFrameCount: 4096, afFrameCount=1024, minBufCount=4, sampleRate=44100, afSampleRate=44100, afLatency=92
06-14 15:02:23.361   301   369 W OMXCodec: FILL_BUFFER_DONE(buffer: 4039335360, size: 4096, flags: 0x00000000, timestamp: 36281 us (0.04 secs))
06-14 15:02:23.361   301   301 D AudioMixer: getTrackName, n 0 start init
06-14 15:02:23.362   301   301 I AudioFlinger_Threads: attachAuxEffect_l EffectId 0
06-14 15:02:23.362   301   301 I AudioFlinger_Threads: attachAuxEffect_l status 0
06-14 15:02:23.362   301   301 D AudioTrackCenter: addTrack, trackId:0xee010000, frameCount:4096, sampleRate:44100, trackPtr:0xf4553c00
06-14 15:02:23.362   301   301 D AudioTrackCenter: mAfSampleRate 44100, sampleRate 44100, AfFrameCount 1024 , mAfSampleRate 44100, frameCount 4096
06-14 15:02:23.362   301   301 I AudioFlinger_Threads: attachAuxEffect_l EffectId 0
06-14 15:02:23.362   301   301 I AudioFlinger_Threads: attachAuxEffect_l status 0
06-14 15:02:23.362   301   301 D AudioTrack: [DEBUG] L[1034] return -38
06-14 15:02:23.362   301   301 D AudioTrackCenter: updateTrackMaps, trackPtr:0xf4553c00, sinkPtr:0xf0c350a0
06-14 15:02:23.362   301   301 I AudioSink: [start] start
06-14 15:02:23.362   301   301 I AudioPolicyManager: AddSampleRateArray index = 0 sampleRate = 44100
06-14 15:02:23.362   301   301 I AudioPolicyManager: startOutput() output 2, stream 5, session 47
06-14 15:02:23.362   301   301 I AudioPolicyManager: s 2 c 0 avaDev 3 ba2dpo 0 ba2dpsp 0 dev 2
06-14 15:02:23.362   301   301 I AudioPolicyManager: s 3 c 0 avaDev 3 ba2dpo 0 ba2dpsp 0 dev 2
06-14 15:02:23.362   301   301 I AudioPolicyManager: getNewOutputDevice() selected device 2
06-14 15:02:23.362   301   301 I AudioPolicyManager: setOutputDevice() output 2 device 0002 delayMs 0 force 0
06-14 15:02:23.362   301   301 I AudioPolicyManager: s 0 c 0 avaDev 3 ba2dpo 0 ba2dpsp 0 dev 2
06-14 15:02:23.362   301   939 D AudioSystem: +setParameters(): FM_DIRECT_CONTROL=1 
06-14 15:02:23.362   301   939 I AudioFlinger: setParameters(): io 2, keyvalue FM_DIRECT_CONTROL=1, calling pid 301
06-14 15:02:23.362   301   939 D AudioFlinger_Threads: ThreadBase::setParameters() FM_DIRECT_CONTROL=1
06-14 15:02:23.362   301   939 D AudioFlinger_Threads: sendConfigEvent_l() num events 1 event 2
06-14 15:02:23.363   301   944 D AudioFlinger_Threads: processConfigEvents_l() remaining events 1
06-14 15:02:23.363   301   944 D AudioALSAStreamOut: +setParameters(): FM_DIRECT_CONTROL=1
06-14 15:02:23.363   301   944 D AudioALSAStreamOut: -setParameters(): FM_DIRECT_CONTROL=1 
06-14 15:02:23.363   301   939 D AudioSystem: -setParameters(): FM_DIRECT_CONTROL=1 
06-14 15:02:23.363   301   301 I AudioPolicyManager: setOutputDevice() prevDevice 0002
06-14 15:02:23.363   301   301 I AudioPolicyManager: setOutputDevice() mMutePrevDevice 0000
06-14 15:02:23.363   301   301 I AudioPolicyManager: s 0 c 0 avaDev 3 ba2dpo 0 ba2dpsp 0 dev 2
06-14 15:02:23.363   301   301 I AudioPolicyManager: s 1 c 0 avaDev 3 ba2dpo 0 ba2dpsp 0 dev 1
06-14 15:02:23.363   301   301 I AudioPolicyManager: s 2 c 0 avaDev 3 ba2dpo 0 ba2dpsp 0 dev 2
06-14 15:02:23.363   301   301 I AudioPolicyManager: s 2 c 0 avaDev 3 ba2dpo 0 ba2dpsp 0 dev 2
06-14 15:02:23.363   301   301 I AudioPolicyManager: s 3 c 0 avaDev 3 ba2dpo 0 ba2dpsp 0 dev 2
06-14 15:02:23.364   301   301 I AudioPolicyManager: s 0 c 0 avaDev 3 ba2dpo 0 ba2dpsp 0 dev 2
06-14 15:02:23.364   301   301 I AudioPolicyManager: s 4 c 0 avaDev 3 ba2dpo 0 ba2dpsp 0 dev 2
06-14 15:02:23.364   301   301 I AudioPolicyManager: s 5 c 0 avaDev 3 ba2dpo 0 ba2dpsp 0 dev 2
06-14 15:02:23.364   301   301 I AudioPolicyManager: s 6 c 0 avaDev 3 ba2dpo 0 ba2dpsp 0 dev 2
06-14 15:02:23.364   301   301 I AudioPolicyManager: s 7 c 0 avaDev 3 ba2dpo 0 ba2dpsp 0 dev 2
06-14 15:02:23.364   301   301 I AudioPolicyManager: s 8 c 0 avaDev 3 ba2dpo 0 ba2dpsp 0 dev 2
06-14 15:02:23.364   301   301 I AudioPolicyManager: setOutputDevice() setting same device 0002 or null device for output 2
06-14 15:02:23.364   301   301 I AudioPolicyManager:  checkAndSetVolume stream = 5 index = 15 output = 2 device = 0x2 delayMs = 0 force = 0
06-14 15:02:23.364   301   301 I AudioPolicyManager: PolicyForceReplace stream = 5 sampleRate = 44100 
06-14 15:02:23.364   301   301 D AudioFlinger_Threads: signal playback thread
06-14 15:02:23.364   301   301 D AudioTrackCenter: setTrackActive
06-14 15:02:23.364   301   301 I AwesomePlayer: AudioPlayer mLatencyUs 0
06-14 15:02:23.364   301   301 I MediaPlayerService: [notify] [22] notify (0xf0c2e440, 6, 0, 0, 0)
06-14 15:02:23.364   301   371 D AudioTrackCenter: setTrackActive
06-14 15:02:23.364   301   371 E OMXCodec: [OMX.google.vorbis.decoder] +waitForBufferFilled_l: 0/0
06-14 15:02:23.364   301   369 W OMXCodec: FILL_BUFFER_DONE(buffer: 4039335648, size: 4096, flags: 0x00000000, timestamp: 59501 us (0.06 secs))
06-14 15:02:23.365   301   371 E OMXCodec: [OMX.google.vorbis.decoder] -waitForBufferFilled_l
06-14 15:02:23.365   301   371 E OMXCodec: [OMX.google.vorbis.decoder] +waitForBufferFilled_l: 0/0
06-14 15:02:23.365   301   369 W OMXCodec: FILL_BUFFER_DONE(buffer: 4039335552, size: 4096, flags: 0x00000000, timestamp: 82721 us (0.08 secs))
06-14 15:02:23.365   301   371 E OMXCodec: [OMX.google.vorbis.decoder] -waitForBufferFilled_l
06-14 15:02:23.365   301   371 D AudioTrackCenter: setTrackActive
06-14 15:02:23.365   301   369 W OMXCodec: FILL_BUFFER_DONE(buffer: 4039335456, size: 4096, flags: 0x00000000, timestamp: 105941 us (0.11 secs))
06-14 15:02:23.365   301   369 W OMXCodec: FILL_BUFFER_DONE(buffer: 4039335360, size: 4096, flags: 0x00000000, timestamp: 129160 us (0.13 secs))
06-14 15:02:23.366   301   369 W OMXCodec: FILL_BUFFER_DONE(buffer: 4039335648, size: 4096, flags: 0x00000000, timestamp: 152380 us (0.15 secs))
06-14 15:02:23.368  1040  1040 D KeyguardUpdateMonitor: received broadcast android.intent.action.BATTERY_CHANGED
06-14 15:02:23.369  1040  1040 D FlymeBatteryMeterView: hashCode=122392665,level=100,pluggedIn=true,status=5
06-14 15:02:23.369  1040  1040 D FlymeBatteryMeterView: hashCode=296548458,level=100,pluggedIn=true,status=5
06-14 15:02:23.369  1040  1040 D FlymeBatteryMeterView: hashCode=720319172,level=100,pluggedIn=true,status=5
06-14 15:02:23.369  1040  1040 D MediaPlayer: handleMessage msg:(5, 0, 0)
06-14 15:02:23.369  1040  1040 D MediaPlayer: handleMessage msg:(1, 0, 0)
06-14 15:02:23.369  1040  1040 E MediaPlayer: Should have subtitle controller already set
06-14 15:02:23.369  1040  1040 D MediaPlayer: handleMessage msg:(6, 0, 0)
06-14 15:02:23.369  1040  1040 I KeyguardUpdateMonitor: handleBatteryUpdate index=0 updateInteresting=false
06-14 15:02:23.370   301  6737 I MediaPlayerService: [22] getCurrentPosition = 83
06-14 15:02:23.374  1561  2082 D PowerGaugeStats: cpu stats: uid=1001 totalTime=406508 foregroundTime=0 totalCpuPower=95 fgCpuPower=0
06-14 15:02:23.375   301   944 D AudioMixer: resetDRC
06-14 15:02:23.375   301   944 D AudioMixer: setParameter(TRACK, MIXER_FORMAT, 0x5)
06-14 15:02:23.375   301   944 D AudioMixer: setParameter(TRACK, MAIN_BUFFER, 0xf459f000)
06-14 15:02:23.375   301   944 D MtkAudioLoud: MtkAudioLoud Constructor
06-14 15:02:23.375   301   944 D MtkAudioLoud: +SetParameter(), paramID 0, param 0x5
06-14 15:02:23.375   301   944 D MtkAudioLoud: -SetParameter()
06-14 15:02:23.375   301   944 D MtkAudioLoud: +SetParameter(), paramID 3, param 0xac44
06-14 15:02:23.375   301   944 D MtkAudioLoud: -SetParameter()
06-14 15:02:23.375   301   944 D MtkAudioLoud: +SetParameter(), paramID 2, param 0x2
06-14 15:02:23.375   301   944 D MtkAudioLoud: -SetParameter()
06-14 15:02:23.375   301   944 D MtkAudioLoud: +SetParameter(), paramID 4, param 0x1
06-14 15:02:23.375   301   944 D MtkAudioLoud: -SetParameter()
06-14 15:02:23.375   301   944 D MtkAudioLoud: +SetParameter(), paramID 5, param 0x0
06-14 15:02:23.375   301   944 D MtkAudioLoud: bIsZeroCoeff 1 mFilterType 5
06-14 15:02:23.375   301   944 D MtkAudioLoud: Channel 2
06-14 15:02:23.375   301   944 D MtkAudioLoud: Sampling_Rate 44100
06-14 15:02:23.375   301   944 D MtkAudioLoud: PCM_Format 1
06-14 15:02:23.375   301   944 D MtkAudioLoud: copyParam mIsSepLR_Filter [0]
06-14 15:02:23.375   301   944 D MtkAudioLoud: LHSF_Coeff [0][0]=0x0, addr = 0xf461ef00,
06-14 15:02:23.375   301   944 D MtkAudioLoud: LHSF_Coeff [0][1]=0x0, addr = 0xf461ef04,
06-14 15:02:23.375   301   944 D MtkAudioLoud: LBPF_Coeff [0][0]=0x0, addr = 0xf461ef28,
06-14 15:02:23.375   301   944 D MtkAudioLoud: LBPF_Coeff [0][1]=0x0, addr = 0xf461ef2c,
06-14 15:02:23.375   301   944 D MtkAudioLoud: RHSF_Coeff [0][0]=0x0, addr = 0xf461f400,
06-14 15:02:23.375   301   944 D MtkAudioLoud: RHSF_Coeff [0][1]=0x0, addr = 0xf461f404,
06-14 15:02:23.375   301   944 D MtkAudioLoud: RBPF_Coeff [0][0]=0x0, addr = 0xf461f428,
06-14 15:02:23.375   301   944 D MtkAudioLoud: RBPF_Coeff [0][1]=0x0, addr = 0xf461f42c,
06-14 15:02:23.375   301   944 D MtkAudioLoud: WS_Gain_Max 0
06-14 15:02:23.375   301   944 D MtkAudioLoud: WS_Gain_Min 0
06-14 15:02:23.375   301   944 D MtkAudioLoud: Filter_First 0
06-14 15:02:23.375   301   944 D MtkAudioLoud: Num_Bands 1
06-14 15:02:23.375   301   944 D MtkAudioLoud: Flt_Bank_Order 0
06-14 15:02:23.375   301   944 D MtkAudioLoud: DRC_Delay 0
06-14 15:02:23.375   301   944 D MtkAudioLoud: Lim_Th 32767
06-14 15:02:23.375   301   944 D MtkAudioLoud: Lim_Gn 32767
06-14 15:02:23.375   301   944 D MtkAudioLoud: Lim_Const 4
06-14 15:02:23.375   301   944 D MtkAudioLoud: Lim_Delay 0
06-14 15:02:23.375   301   944 D MtkAudioLoud: Sep_LR_Filter 0
06-14 15:02:23.375   301   944 D MtkAudioLoud: Att_Time[0][0] = 64
06-14 15:02:23.375   301   944 D MtkAudioLoud: Rel_Time[0][0] = 6400
06-14 15:02:23.375   301   944 D MtkAudioLoud: Att_Time[0][1] = 64
06-14 15:02:23.375   301   944 D MtkAudioLoud: Rel_Time[0][1] = 6400
06-14 15:02:23.375   301   944 D MtkAudioLoud: Att_Time[0][2] = 64
06-14 15:02:23.375   301   944 D MtkAudioLoud: Rel_Time[0][2] = 6400
06-14 15:02:23.375   301   944 D MtkAudioLoud: Att_Time[0][3] = 64
06-14 15:02:23.375   301   944 D MtkAudioLoud: Rel_Time[0][3] = 6400
06-14 15:02:23.375   301   944 D MtkAudioLoud: Att_Time[0][4] = 64
06-14 15:02:23.375   301   944 D MtkAudioLoud: Rel_Time[0][4] = 6400
06-14 15:02:23.375   301   944 D MtkAudioLoud: Att_Time[0][5] = 64
06-14 15:02:23.375   301   944 D MtkAudioLoud: Rel_Time[0][5] = 6400
06-14 15:02:23.375   301   944 D MtkAudioLoud: DRC_Th[0][0] = -12288
06-14 15:02:23.375   301   944 D MtkAudioLoud: DRC_Gn[0][0] = 6656
06-14 15:02:23.376   301   944 D MtkAudioLoud: DRC_Th[0][1] = -9728
06-14 15:02:23.376   301   944 D MtkAudioLoud: DRC_Gn[0][1] = 5632
06-14 15:02:23.376   301   944 D MtkAudioLoud: DRC_Th[0][2] = -7168
06-14 15:02:23.376   301   944 D MtkAudioLoud: DRC_Gn[0][2] = 4608
06-14 15:02:23.376   301   944 D MtkAudioLoud: DRC_Th[0][3] = -6144
06-14 15:02:23.376   301   944 D MtkAudioLoud: DRC_Gn[0][3] = 4608
06-14 15:02:23.376   301   944 D MtkAudioLoud: DRC_Th[0][4] = -4608
06-14 15:02:23.376   301   944 D MtkAudioLoud: DRC_Gn[0][4] = 4608
06-14 15:02:23.376   301   944 D MtkAudioLoud: -SetParameter()
06-14 15:02:23.376   301   944 D MtkAudioLoud: +SetParameter(), paramID 1, param 0x3
06-14 15:02:23.376   301   944 D MtkAudioLoud: -SetParameter()
06-14 15:02:23.376   301   944 D MtkAudioLoud: +SetParameter(), paramID 11, param 0x1
06-14 15:02:23.376   301   944 D MtkAudioLoud: +Open()
06-14 15:02:23.376   301   944 D MtkAudioLoud: AudLdSz 8036/0 61440/0 fmt 1
06-14 15:02:23.376   301   944 D MtkAudioLoud: AudLdSz New mpInternalBuf Pass
06-14 15:02:23.376   301   944 D MtkAudioLoud: AudLdSz New mpTempBuf Pass
06-14 15:02:23.376   301   944 D MtkAudioLoud: -Open() result 0
06-14 15:02:23.376   301   944 D AudioALSAStreamOut: open()
06-14 15:02:23.376   301   944 D AudioALSAStreamOut: +open(), mStreamAttributeSource.output_devices = 0x2
06-14 15:02:23.376   301   944 D AudioALSAStreamManager: +createPlaybackHandler(), mAudioMode = 0, output_devices = 0x2
06-14 15:02:23.376   301   944 D AudioYusuParam: QueryFeatureSupportInfo(),feature support 2092057 
06-14 15:02:23.376   301   944 D AudioSpeechEnhanceInfo: IsAPDMNRTuningEnable()+
06-14 15:02:23.376   301   944 D AudioSpeechEnhanceInfo: IsAPDMNRTuningEnable(), 0
06-14 15:02:23.377   301   944 D AudioALSAPlaybackHandlerBase: AudioALSAPlaybackHandlerBase()
06-14 15:02:23.377   301   944 D AudioALSAPlaybackHandlerNormal: AudioALSAPlaybackHandlerNormal()
06-14 15:02:23.377   301   944 D AudioALSAStreamManager: createPlaybackHandler() ApplyFilter [0]/[1] Device [0x2]
06-14 15:02:23.377   301   944 D AudioALSAPlaybackHandlerNormal: +setFilterMng() mAudioFilterManagerHandler [0xf450deb0]
06-14 15:02:23.377   301   944 D AudioALSAPlaybackHandlerNormal: -setFilterMng()
06-14 15:02:23.377   301   944 D AudioALSAStreamManager: -createPlaybackHandler(), mPlaybackHandlerVector.size() = 1
06-14 15:02:23.377   301   944 D AudioALSAPlaybackHandlerNormal: +open(), mDevice = 0x2
06-14 15:02:23.377   301   944 D AudioALSAHardwareResourceManager: EnableAudBufClk(), bEanble = 1
06-14 15:02:23.377  1561  2082 D PowerGaugeStats: cpu stats: uid=1019 totalTime=0 foregroundTime=0 totalCpuPower=5 fgCpuPower=0
06-14 15:02:23.381  1561  2082 D PowerGaugeStats: cpu stats: uid=1338 totalTime=406508 foregroundTime=0 totalCpuPower=0 fgCpuPower=0
06-14 15:02:23.382   301   944 D AudioALSAPlaybackHandlerNormal: +HpImpeDanceDetect outputdevice = 2
06-14 15:02:23.382   301   944 D AudioALSADeviceParser: GetPcmIndexByString() stringpair = I2S0DL1_PLayback 
06-14 15:02:23.382   301   944 D AudioALSADeviceParser: compare success = 8
06-14 15:02:23.382   301   944 D AudioALSADeviceParser: GetCardIndexByString() stringpair = I2S0DL1_PLayback 
06-14 15:02:23.382   301   944 D AudioALSADeviceParser:  compare success Cardindex = 0
06-14 15:02:23.382   301   944 D AudioALSAPlaybackHandlerNormal: AudioALSAPlaybackHandlerNormal::open() pcmindex = 8
06-14 15:02:23.382   301   944 D AudioALSAPlaybackHandlerBase:         Rate:	min=8000Hz	max=192000Hz
06-14 15:02:23.382   301   944 D AudioALSAPlaybackHandlerBase:     Channels:	min=1		max=2
06-14 15:02:23.382   301   944 D AudioALSAPlaybackHandlerBase:  Sample bits:	min=16		max=32
06-14 15:02:23.382   301   944 D AudioALSAPlaybackHandlerBase:  Period size:	min=0		max=16384
06-14 15:02:23.382   301   944 D AudioALSAPlaybackHandlerBase: Period count:	min=1		max=4
06-14 15:02:23.382   301   944 D AudioALSAPlaybackHandlerBase: PCM_PARAM_BUFFER_SIZE :	 max=16384	
06-14 15:02:23.382   301   944 D AudioALSAPlaybackHandlerBase: PCM_PARAM_BUFFER_BYTES :	 max=32768	
06-14 15:02:23.383   301   944 D AudioALSAPlaybackHandlerNormal: ChooseTargetSampleRate SampleRate = 44100 outputdevice = 2
06-14 15:02:23.383   301   944 D AudioALSAPlaybackHandlerBase: transferAudioFormatToPcmFormat(), audio_format(0x4) => pcm_format(0x1)
06-14 15:02:23.383   301   944 D AudioALSAPlaybackHandlerNormal: open(), mConfig: channels = 2, rate = 44100, period_size = 2048, period_count = 2, format = 1
06-14 15:02:23.383   301   944 D AudioALSAPlaybackHandlerBase: initBitConverter(), audio_format: 0x3 => 0x4, bcv_pcm_format = 0x3
06-14 15:02:23.383   301   944 D MtkAudioBitConverter: MtkAudioBitConverter Constructor, SR 44100, CH 2, format 3
06-14 15:02:23.383   301   944 D MtkAudioBitConverter: +Open()
06-14 15:02:23.383   301   944 D MtkAudioBitConverter: -Open()
06-14 15:02:23.383   301   944 D MtkAudioBitConverter: +ResetBuffer()
06-14 15:02:23.383   301   944 D MtkAudioBitConverter: -ResetBuffer()
06-14 15:02:23.383   301   944 D AudioALSAPlaybackHandlerNormal: SetLowJitterMode() bEanble = 1 SampleRate = 44100
06-14 15:02:23.383   301   944 D AudioALSADriverUtility: GetPropertyValue key = af.resouce.extdac_support value = 0
06-14 15:02:23.383   301   944 D AudioALSAPlaybackHandlerNormal: SetLowJitterMode(), bEanble = 1
06-14 15:02:23.383   301   944 D AudioALSAPlaybackHandlerBase: +openPcmDriver(), pcm device = 8
06-14 15:02:23.385   301   944 E AudioALSAPlaybackHandlerBase: openPcmDriver(), pcm_start(0xf4477b40) fail due to cannot start channel: Broken pipe
06-14 15:02:23.385   301   944 D AudioALSAPlaybackHandlerBase: -openPcmDriver(), mPcm = 0xf4477b40
06-14 15:02:23.385   301   944 D AudioALSAHardwareResourceManager: +startOutputDevice(), new_devices = 0x2, mStartOutputDevicesCount = 0 SampleRate = 44100
06-14 15:02:23.385   301   944 D AudioALSADriverUtility: GetPropertyValue key = af.resouce.extdac_support value = 0
06-14 15:02:23.385   301   944 D AudioALSADeviceConfigManager: GetDeviceDescriptorbyname
06-14 15:02:23.385   301   944 D AudioALSADeviceConfigManager: CheckDeviceExist exist devicename = speaker_output
06-14 15:02:23.385   301   944 D AudioALSADeviceConfigManager: ApplyDeviceTurnonSequenceByName() DeviceName = speaker_output descriptor->DeviceStatusCounte = 0
06-14 15:02:23.385   301   944 D AudioALSADeviceConfigManager: cltname = Speaker_Amp_Switch cltvalue = On
06-14 15:02:23.386  1561  2082 D PowerGaugeStats: cpu stats: uid=2000 totalTime=0 foregroundTime=0 totalCpuPower=466 fgCpuPower=0
06-14 15:02:23.390  1561  2082 D PowerGaugeStats: cpu stats: uid=10000 totalTime=406508 foregroundTime=0 totalCpuPower=0 fgCpuPower=0
06-14 15:02:23.395  1561  2082 D PowerGaugeStats: cpu stats: uid=10003 totalTime=406508 foregroundTime=0 totalCpuPower=0 fgCpuPower=0
06-14 15:02:23.396   301   944 D AudioALSAHardwareResourceManager: -startOutputDevice(), mOutputDevices = 0x2, mStartOutputDevicesCount = 1
06-14 15:02:23.397   301   944 D AudioVoiceUIDL: [GetSRCInputParameter] mOutputSampleRate 16000,  mInputSampleRate 44100, mInChannel 2, mOutChannel, 0 format 4
06-14 15:02:23.397   301   944 D AudioVoiceUIDL: [GetSRCInputParameter] create SRC handle fail
06-14 15:02:23.397   301   944 D AudioALSAPlaybackHandlerNormal: -open()
06-14 15:02:23.397   301   944 D AudioALSAVolumeController: AudioALSAVolumeController getMasterVolume
06-14 15:02:23.397   301   944 D AudioALSAStreamManager: setMasterVolume(), volume = 1.000000
06-14 15:02:23.397   301   944 D AudioALSAVolumeController: AudioALSAVolumeController setMasterVolume v = 1.000000 mode = 0 devices = 0x2
06-14 15:02:23.397   301   944 D AudioALSAVolumeController: ApplyAmpGain  Gain = 256 mode= 0 device = 3
06-14 15:02:23.397   301   944 D AudioALSAVolumeController: SetLinoutRGain 
06-14 15:02:23.397   301   944 D AudioALSAVolumeController: SetRealLinoutRGain = 8
06-14 15:02:23.397   301   944 D AudioALSAVolumeController: SetLinoutRGain 
06-14 15:02:23.397   301   944 D AudioALSAVolumeController: SetRealLinoutRGain = 8
06-14 15:02:23.397   301   944 D AudioALSAVolumeController: SetLSpeakerGain,DegradedBGain=5 
06-14 15:02:23.397   301   944 D AudioALSAVolumeController: index=16, SetRealLSpeakerGain = 5
06-14 15:02:23.397   301   944 D AudioALSAStreamOut: +setLowLatencyMode(), mode 1
06-14 15:02:23.397   301   944 D AudioALSAPlaybackHandlerNormal: setLowLatencyMode, rate 1024, mode = 1 , buffer_size = 8192, channel 2, format4
06-14 15:02:23.397   301   944 D AudioMTKFilter: AudioMTKFilter::start() type 0 mode 4 bFirstDataWrite 1
06-14 15:02:23.397   301   944 D MtkAudioLoud: +SetWorkMode()
06-14 15:02:23.397   301   944 D MtkAudioLoud: SetWorkMode(), chNum 2, sampleRate 44100, workMode 4 RampupEnable 0
06-14 15:02:23.397   301   944 D MtkAudioLoud: +SetParameter(), paramID 2, param 0x2
06-14 15:02:23.397   301   944 D MtkAudioLoud: -SetParameter()
06-14 15:02:23.397   301   944 D MtkAudioLoud: +SetParameter(), paramID 3, param 0xac44
06-14 15:02:23.397   301   944 D MtkAudioLoud: -SetParameter()
06-14 15:02:23.397   301   944 D MtkAudioLoud: +SetParameter(), paramID 1, param 0x4
06-14 15:02:23.397   301   944 D MtkAudioLoud: -SetParameter()
06-14 15:02:23.397   301   944 D MtkAudioLoud: +SetParameter(), paramID 12, param 0x0
06-14 15:02:23.397   301   944 D MtkAudioLoud: SetParameter 434 mInitParam.Initial_State 0
06-14 15:02:23.397   301   944 D MtkAudioLoud: -SetParameter()
06-14 15:02:23.397   301   944 D MtkAudioLoud: -SetWorkMode()
06-14 15:02:23.397   301   944 D MtkAudioLoud: +Open()
06-14 15:02:23.397   301   944 D MtkAudioLoud: AudLdSz 8036/8036 61440/61440 fmt 1
06-14 15:02:23.397   301   944 D MtkAudioLoud: -Open() result 0
06-14 15:02:23.398   301   944 E AudioALSAPlaybackHandlerBase: -getHardwareBufferInfo pcm_get_htimestamp fail, ret = -1, pcm_get_error = cannot start channel: Broken pipe
06-14 15:02:23.399   301   371 D AudioTrackCenter: setTrackActive
06-14 15:02:23.399  1561  2082 D PowerGaugeStats: cpu stats: uid=10004 totalTime=406508 foregroundTime=0 totalCpuPower=10 fgCpuPower=0
06-14 15:02:23.399   301   369 W OMXCodec: FILL_BUFFER_DONE(buffer: 4039335552, size: 4096, flags: 0x00000000, timestamp: 175600 us (0.18 secs))
06-14 15:02:23.400   301   369 W OMXCodec: FILL_BUFFER_DONE(buffer: 4039335456, size: 4096, flags: 0x00000000, timestamp: 198820 us (0.20 secs))
06-14 15:02:23.402   301   371 D AudioTrackCenter: setTrackActive
06-14 15:02:23.402   301   369 W OMXCodec: FILL_BUFFER_DONE(buffer: 4039335360, size: 0, flags: 0x00000001, timestamp: 222039 us (0.22 secs))
06-14 15:02:23.402   301   369 D OMXCodec: OMXCodec::on_message EOS received!!!!
06-14 15:02:23.403  1561  2082 D PowerGaugeStats: cpu stats: uid=10005 totalTime=406508 foregroundTime=0 totalCpuPower=0 fgCpuPower=0
06-14 15:02:23.407  1561  2082 D PowerGaugeStats: cpu stats: uid=10006 totalTime=406508 foregroundTime=0 totalCpuPower=0 fgCpuPower=0
06-14 15:02:23.412  1561  2082 D PowerGaugeStats: cpu stats: uid=10007 totalTime=406508 foregroundTime=0 totalCpuPower=0 fgCpuPower=0
06-14 15:02:23.416  1561  2082 D PowerGaugeStats: cpu stats: uid=10008 totalTime=406508 foregroundTime=0 totalCpuPower=0 fgCpuPower=0
06-14 15:02:23.419  1561  2082 D PowerGaugeStats: cpu stats: uid=10009 totalTime=406508 foregroundTime=0 totalCpuPower=8 fgCpuPower=0
06-14 15:02:23.422  1561  2082 D PowerGaugeStats: cpu stats: uid=10010 totalTime=406508 foregroundTime=0 totalCpuPower=0 fgCpuPower=0
06-14 15:02:23.424   301   371 E OMXCodec: [OMX.google.vorbis.decoder] No more output data in fillOutputBuffer, mFilledBuffers size=1
06-14 15:02:23.424   301   371 E OMXCodec: [OMX.google.vorbis.decoder] No more output data in fillOutputBuffer, mFilledBuffers size=0
06-14 15:02:23.424   301   371 E OMXCodec: [OMX.google.vorbis.decoder] read() final return
06-14 15:02:23.424   301   371 I AudioPolicyManager: s 0 c 0 avaDev 3 ba2dpo 0 ba2dpsp 0 dev 2
06-14 15:02:23.424   301   371 I AudioPolicyManager: getOutput() device 2, stream 3, samplingRate 0, format 0, channelMask 3, flags 0
06-14 15:02:23.424   301   371 I AudioPolicyManager: getOutput() returns output 2
06-14 15:02:23.424   301   371 I AudioPolicyManager: s 0 c 0 avaDev 3 ba2dpo 0 ba2dpsp 0 dev 2
06-14 15:02:23.424   301   371 I AudioPolicyManager: getOutput() device 2, stream 3, samplingRate 0, format 0, channelMask 3, flags 0
06-14 15:02:23.424   301   371 I AudioPolicyManager: getOutput() returns output 2
06-14 15:02:23.424   301   371 D AudioPlayer: postEOSDelayUs =266 ms
06-14 15:02:23.425   301   371 D AudioTrackCenter: setTrackActive
06-14 15:02:23.426  1561  2082 D PowerGaugeStats: cpu stats: uid=10011 totalTime=406508 foregroundTime=0 totalCpuPower=5 fgCpuPower=0
06-14 15:02:23.430  1561  2082 D PowerGaugeStats: cpu stats: uid=10012 totalTime=406508 foregroundTime=0 totalCpuPower=0 fgCpuPower=0
06-14 15:02:23.435  1561  2082 D PowerGaugeStats: cpu stats: uid=10013 totalTime=406508 foregroundTime=0 totalCpuPower=142 fgCpuPower=0
06-14 15:02:23.438  1561  2082 D PowerGaugeStats: cpu stats: uid=10014 totalTime=406508 foregroundTime=0 totalCpuPower=0 fgCpuPower=0
06-14 15:02:23.441  1561  2082 D PowerGaugeStats: cpu stats: uid=10015 totalTime=406508 foregroundTime=0 totalCpuPower=0 fgCpuPower=0
06-14 15:02:23.443  1561  2082 D PowerGaugeStats: cpu stats: uid=10016 totalTime=406508 foregroundTime=0 totalCpuPower=0 fgCpuPower=0
06-14 15:02:23.447  1561  2082 D PowerGaugeStats: cpu stats: uid=10017 totalTime=406508 foregroundTime=0 totalCpuPower=10 fgCpuPower=0
06-14 15:02:23.452  1561  2082 D PowerGaugeStats: cpu stats: uid=10018 totalTime=406508 foregroundTime=0 totalCpuPower=0 fgCpuPower=0
06-14 15:02:23.455  1561  2082 D PowerGaugeStats: cpu stats: uid=10020 totalTime=406508 foregroundTime=0 totalCpuPower=0 fgCpuPower=0
06-14 15:02:23.457  1561  2082 D PowerGaugeStats: cpu stats: uid=10022 totalTime=406508 foregroundTime=0 totalCpuPower=0 fgCpuPower=0
06-14 15:02:23.460  1561  2082 D PowerGaugeStats: cpu stats: uid=10026 totalTime=406508 foregroundTime=0 totalCpuPower=0 fgCpuPower=0
06-14 15:02:23.463  1561  2082 D PowerGaugeStats: cpu stats: uid=10027 totalTime=406508 foregroundTime=0 totalCpuPower=1105 fgCpuPower=0
06-14 15:02:23.468  1561  2082 D PowerGaugeStats: cpu stats: uid=10028 totalTime=406508 foregroundTime=0 totalCpuPower=0 fgCpuPower=0
06-14 15:02:23.471  1561  2082 D PowerGaugeStats: cpu stats: uid=10030 totalTime=406508 foregroundTime=0 totalCpuPower=0 fgCpuPower=0
06-14 15:02:23.475  1561  2082 D PowerGaugeStats: cpu stats: uid=10032 totalTime=406508 foregroundTime=0 totalCpuPower=0 fgCpuPower=0
06-14 15:02:23.479  1561  2082 D PowerGaugeStats: cpu stats: uid=10033 totalTime=406508 foregroundTime=0 totalCpuPower=73 fgCpuPower=0
06-14 15:02:23.483  1561  2082 D PowerGaugeStats: cpu stats: uid=10034 totalTime=406508 foregroundTime=0 totalCpuPower=0 fgCpuPower=0
06-14 15:02:23.489  1561  2082 D PowerGaugeStats: cpu stats: uid=10035 totalTime=406508 foregroundTime=0 totalCpuPower=10 fgCpuPower=0
06-14 15:02:23.492  1561  2082 D PowerGaugeStats: cpu stats: uid=10037 totalTime=406508 foregroundTime=0 totalCpuPower=0 fgCpuPower=0
06-14 15:02:23.496  1561  2082 D PowerGaugeStats: cpu stats: uid=10040 totalTime=406508 foregroundTime=0 totalCpuPower=0 fgCpuPower=0
06-14 15:02:23.499  1561  2082 D PowerGaugeStats: cpu stats: uid=10041 totalTime=406508 foregroundTime=0 totalCpuPower=10 fgCpuPower=0
06-14 15:02:23.503  1561  2082 D PowerGaugeStats: cpu stats: uid=10042 totalTime=406508 foregroundTime=0 totalCpuPower=0 fgCpuPower=0
06-14 15:02:23.507  1561  2082 D PowerGaugeStats: cpu stats: uid=10043 totalTime=406508 foregroundTime=0 totalCpuPower=0 fgCpuPower=0
06-14 15:02:23.511  1561  2082 D PowerGaugeStats: cpu stats: uid=10044 totalTime=406508 foregroundTime=0 totalCpuPower=0 fgCpuPower=0
06-14 15:02:23.514  1561  2082 D PowerGaugeStats: cpu stats: uid=10046 totalTime=406508 foregroundTime=0 totalCpuPower=0 fgCpuPower=0
06-14 15:02:23.518  1561  2082 D PowerGaugeStats: cpu stats: uid=10048 totalTime=406508 foregroundTime=0 totalCpuPower=0 fgCpuPower=0
06-14 15:02:23.520 32424 32489 D BgTest  : bgCount 91
06-14 15:02:23.522  1561  2082 D PowerGaugeStats: cpu stats: uid=10051 totalTime=406508 foregroundTime=0 totalCpuPower=11 fgCpuPower=0
06-14 15:02:23.525  1561  2082 D PowerGaugeStats: cpu stats: uid=10052 totalTime=406508 foregroundTime=0 totalCpuPower=0 fgCpuPower=0
06-14 15:02:23.531  1561  2082 D PowerGaugeStats: cpu stats: uid=10053 totalTime=406508 foregroundTime=0 totalCpuPower=0 fgCpuPower=0
06-14 15:02:23.535  1561  2082 D PowerGaugeStats: cpu stats: uid=10054 totalTime=406508 foregroundTime=0 totalCpuPower=5 fgCpuPower=0
06-14 15:02:23.535  1860  2276 D Telephony: MzGlobalDataRelauncher: searchCurrentMcc()...
06-14 15:02:23.539  1561  2082 D PowerGaugeStats: cpu stats: uid=10055 totalTime=406508 foregroundTime=0 totalCpuPower=10 fgCpuPower=0
06-14 15:02:23.540  1860  2276 V SettingsInterface:  from settings cache , name = location_providers_allowed , value = default
06-14 15:02:23.540  1860  2276 V SettingsInterface:  from settings cache , name = location_providers_allowed , value = default
06-14 15:02:23.543  1561  2082 D PowerGaugeStats: cpu stats: uid=10056 totalTime=406508 foregroundTime=0 totalCpuPower=8 fgCpuPower=0
06-14 15:02:23.547   874   984 D UsbDeviceManager: updateState - RNDIS_UPDATE_DELAY  CONNECTED mSettingFunction: mtp,adb
06-14 15:02:23.547  1561  2082 D PowerGaugeStats: cpu stats: uid=10057 totalTime=406508 foregroundTime=0 totalCpuPower=0 fgCpuPower=0
06-14 15:02:23.547   874   925 D UsbDeviceManager: updateUsbNotification - containsFunction:  USB_FUNCTION_MTP
06-14 15:02:23.548   874   925 D RemoteViews: mActions is repeat
06-14 15:02:23.548   874   925 D RemoteViews: mActions is repeat
06-14 15:02:23.551   874   925 D RemoteViews: mActions is repeat
06-14 15:02:23.551   874   925 D RemoteViews: mActions is repeat
06-14 15:02:23.552  1860  2276 V SettingsInterface:  from settings cache , name = location_providers_allowed , value = default
06-14 15:02:23.552  1860  2276 V SettingsInterface:  from settings cache , name = location_providers_allowed , value = default
06-14 15:02:23.552  1860  2276 D Telephony: MzGlobalDataRelauncher: getCurrMccList() 7 cellInfos.
06-14 15:02:23.552  1860  2276 D Telephony: MzGlobalDataRelauncher: getCurrMccList() from CellInfos -> [460]
06-14 15:02:23.552  1860  2276 D Telephony: MzGlobalDataRelauncher: cacheCurrMcc() 460
06-14 15:02:23.553   874  1848 D SettingsProvider: redundant, old Value: 460 new value: 460
06-14 15:02:23.554  1561  2082 D PowerGaugeStats: cpu stats: uid=10058 totalTime=406508 foregroundTime=0 totalCpuPower=0 fgCpuPower=0
06-14 15:02:23.554   874   925 D RemoteViews: mActions is repeat
06-14 15:02:23.554   874   925 D RemoteViews: mActions is repeat
06-14 15:02:23.555   874   874 D NotificationService: pkg android, intercept = false, packageCategoryScore = 100.0, spamScoreUpperLimit =0.0
06-14 15:02:23.555   874   874 D MSpaceControllerImpl: onKeyguard=false
06-14 15:02:23.555   874   874 I ValidateNoPeople: skipping global notification
06-14 15:02:23.555   874   874 V MoMS.NotificationController: notifications are enabled for android
06-14 15:02:23.556   874   925 D RemoteViews: mActions is repeat
06-14 15:02:23.556   874   925 D RemoteViews: mActions is repeat
06-14 15:02:23.557   874   984 D UsbDeviceManager: updateState - RNDIS_UPDATE_DELAY  CONFIGURED mSettingFunction: mtp,adb
06-14 15:02:23.558  1561  2082 D PowerGaugeStats: cpu stats: uid=10059 totalTime=406508 foregroundTime=0 totalCpuPower=0 fgCpuPower=0
06-14 15:02:23.558  1561  1589 D NotificationService: onNotificationPosted: sbn packageName : android id : 17040636 flag : 2
06-14 15:02:23.559  1561  1589 D NotificationState: postNotification: packageName : android id : 17040636 flag : 2 idSet : [PowerNotification{packageName='android', id=17040636, flag=2}]
06-14 15:02:23.559  1040  1040 E SystemUIMobEventUtils: packageName cannot be null and null-string, or packageName is filter pkg
06-14 15:02:23.559   874   874 D NotificationService: pkg android, intercept = false, packageCategoryScore = 100.0, spamScoreUpperLimit =0.0
06-14 15:02:23.559  1040  1040 D PhoneStatusBar: addNotification key=-1|android|17040636|null|1000
06-14 15:02:23.559   874   925 V ActivityManager: Broadcast sticky: Intent { act=android.hardware.usb.action.USB_STATE flg=0x20000010 (has extras) } ordered=false userid=-1 callerApp=ProcessRecord{2de77b41 874:system/1000}
06-14 15:02:23.559   874   874 D MSpaceControllerImpl: onKeyguard=false
06-14 15:02:23.559   874   874 I ValidateNoPeople: skipping global notification
06-14 15:02:23.559   874   874 V MoMS.NotificationController: notifications are enabled for android
06-14 15:02:23.560   874   923 D Interception: isAlwaysAllow the calleePkg: com.mediatek.mtklogger is system application, return true.
06-14 15:02:23.560   874   923 D Interception: isInterceptByRule realCallingPid: -1 isInterceptAsUsual: false isMatch: false, runType===broadcast|||callerPkg===*|||calleePkg===com.mediatek.mtklogger|||calleeClass===com.mediatek.mtklogger.framework.LogReceiver|||processName===com.mediatek.mtklogger|||action===android.hardware.usb.action.USB_STATE|||data===*|||extras===Bundle[{USB_VIA_CDROM_EJECTED=false, connected=true, SettingUsbCharging=false, adb=true, mtp=true, configured=false, USB_HW_DISCONNECTED=false, USB_IS_PC_KNOW_ME=true}]|||interception===false
06-14 15:02:23.561   874   925 W UsbDeviceManager: sys.usb.mtpConnect = mtpConnection
06-14 15:02:23.561   874   985 D PerfServiceManager: [PerfService] MESSAGE_USER_ENABLE_TIMEOUT_MS: 10, 1000 
06-14 15:02:23.561   874   925 D UsbDeviceManager: sys.usb.acm_idx=
06-14 15:02:23.561   874   985 I libPerfService: 10: set freq: 1300000
06-14 15:02:23.561   874   925 D UsbDeviceManager: handleMessage mConnected:true,mConfigured:false, mHwDisconnected:false
06-14 15:02:23.561   874   925 D UsbDeviceManager: updateUsbNotification - containsFunction:  USB_FUNCTION_MTP
06-14 15:02:23.561   874   985 I libPerfService: 10: set: 6
06-14 15:02:23.562  1561  2082 D PowerGaugeStats: cpu stats: uid=10060 totalTime=406508 foregroundTime=0 totalCpuPower=0 fgCpuPower=0
06-14 15:02:23.566  1561  2082 D PowerGaugeStats: cpu stats: uid=10061 totalTime=406508 foregroundTime=0 totalCpuPower=0 fgCpuPower=0
06-14 15:02:23.569  1561  2082 D PowerGaugeStats: cpu stats: uid=10062 totalTime=406508 foregroundTime=0 totalCpuPower=10 fgCpuPower=0
06-14 15:02:23.571  1040  1040 D RemoteViews: mActions is repeat
06-14 15:02:23.572  1561  2082 D PowerGaugeStats: cpu stats: uid=10063 totalTime=406508 foregroundTime=0 totalCpuPower=0 fgCpuPower=0
06-14 15:02:23.575  1561  2082 D PowerGaugeStats: cpu stats: uid=10064 totalTime=406508 foregroundTime=0 totalCpuPower=0 fgCpuPower=0
06-14 15:02:23.578  1561  2082 D PowerGaugeStats: cpu stats: uid=10066 totalTime=406508 foregroundTime=0 totalCpuPower=0 fgCpuPower=0
06-14 15:02:23.581  1561  2082 D PowerGaugeStats: cpu stats: uid=10069 totalTime=406508 foregroundTime=5684 totalCpuPower=58 fgCpuPower=0
06-14 15:02:23.584  1561  2082 D PowerGaugeStats: cpu stats: uid=10070 totalTime=406508 foregroundTime=0 totalCpuPower=0 fgCpuPower=0
06-14 15:02:23.589  1561  2082 D PowerGaugeStats: cpu stats: uid=10071 totalTime=406508 foregroundTime=0 totalCpuPower=0 fgCpuPower=0
06-14 15:02:23.592  1561  2082 D PowerGaugeStats: cpu stats: uid=10072 totalTime=406508 foregroundTime=0 totalCpuPower=0 fgCpuPower=0
06-14 15:02:23.595  1561  2082 D PowerGaugeStats: cpu stats: uid=10073 totalTime=406508 foregroundTime=0 totalCpuPower=0 fgCpuPower=0
06-14 15:02:23.598  1561  2082 D PowerGaugeStats: cpu stats: uid=10074 totalTime=406508 foregroundTime=0 totalCpuPower=39 fgCpuPower=0
06-14 15:02:23.601  1561  2082 D PowerGaugeStats: cpu stats: uid=10076 totalTime=406508 foregroundTime=0 totalCpuPower=9 fgCpuPower=0
06-14 15:02:23.604  1561  2082 D PowerGaugeStats: cpu stats: uid=10079 totalTime=406508 foregroundTime=0 totalCpuPower=40 fgCpuPower=0
06-14 15:02:23.605   874   923 I ActivityManager: Start proc 372:com.mediatek.mtklogger/u0a51 for broadcast com.mediatek.mtklogger/.framework.LogReceiver
06-14 15:02:23.605   874   957 V ActivityManager: Broadcast: Intent { act=android.intent.action.UMS_DISCONNECTED flg=0x10 } ordered=false userid=-1 callerApp=ProcessRecord{2de77b41 874:system/1000}
06-14 15:02:23.605   874   874 I Tethering: StateReceiver onReceive action:android.hardware.usb.action.USB_STATE
06-14 15:02:23.606   874   874 I Tethering: StateReceiver onReceive action synchronized: usbConnected = true usbConfigured = false, mRndisEnabled = false, mUsbTetherRequested = false
06-14 15:02:23.606   874   925 V ActivityManager: Broadcast sticky: Intent { act=android.hardware.usb.action.USB_STATE flg=0x20000010 (has extras) } ordered=false userid=-1 callerApp=ProcessRecord{2de77b41 874:system/1000}
06-14 15:02:23.606   874   874 I Tethering: StateReceiver onReceive action synchronized: mUsbTetherEnabled = false
06-14 15:02:23.607  1561  2082 D PowerGaugeStats: cpu stats: uid=10089 totalTime=406508 foregroundTime=0 totalCpuPower=0 fgCpuPower=0
06-14 15:02:23.607  1561  1588 D NotificationService: onNotificationPosted: sbn packageName : android id : 17040644 flag : 2
06-14 15:02:23.607  1561  1588 D NotificationState: postNotification: packageName : android id : 17040644 flag : 2 idSet : [PowerNotification{packageName='android', id=17040636, flag=2}, PowerNotification{packageName='android', id=17040644, flag=2}]
06-14 15:02:23.608   874   874 I Tethering: StateReceiver onReceive action:android.hardware.usb.action.USB_STATE
06-14 15:02:23.608   874   925 W UsbDeviceManager: sys.usb.mtpConnect = mtpConnection
06-14 15:02:23.608   874   874 I Tethering: StateReceiver onReceive action synchronized: usbConnected = true usbConfigured = true, mRndisEnabled = false, mUsbTetherRequested = false
06-14 15:02:23.608   874   925 D UsbDeviceManager: sys.usb.acm_idx=
06-14 15:02:23.608   874   874 I Tethering: StateReceiver onReceive action synchronized: mUsbTetherEnabled = false
06-14 15:02:23.608   874   925 D UsbDeviceManager: handleMessage mConnected:true,mConfigured:true, mHwDisconnected:false
06-14 15:02:23.608   874   957 V ActivityManager: Broadcast: Intent { act=android.intent.action.UMS_DISCONNECTED flg=0x10 } ordered=false userid=-1 callerApp=ProcessRecord{2de77b41 874:system/1000}
06-14 15:02:23.611   372   372 W Zygote  : mz_is_rooted false
06-14 15:02:23.612  1561  2082 D PowerGaugeStats: cpu stats: uid=10093 totalTime=406508 foregroundTime=0 totalCpuPower=216 fgCpuPower=0
06-14 15:02:23.615  1561  2082 D PowerGaugeStats: cpu stats: uid=10095 totalTime=406508 foregroundTime=0 totalCpuPower=0 fgCpuPower=0
06-14 15:02:23.618  1561  2082 D PowerGaugeStats: cpu stats: uid=10100 totalTime=406508 foregroundTime=0 totalCpuPower=37 fgCpuPower=0
06-14 15:02:23.621  1561  2082 D PowerGaugeStats: cpu stats: uid=10185 totalTime=406508 foregroundTime=0 totalCpuPower=0 fgCpuPower=0
06-14 15:02:23.624  1561  2082 D PowerGaugeStats: cpu stats: uid=10249 totalTime=406508 foregroundTime=0 totalCpuPower=42 fgCpuPower=0
06-14 15:02:23.627  1561  2082 E BackBatteryStats: getCameraTurnedOnTimer exception: java.lang.NoSuchMethodException
06-14 15:02:23.628  1561  2082 E BackBatteryStats: getFlashlightTurnedOnTimer exception: java.lang.NoSuchMethodException
06-14 15:02:23.630   874  1830 W ActivityManager: Skip forceProcessStateUpTo() to newState 8
06-14 15:02:23.631  1561  2082 E BackBatteryStats: getCameraTurnedOnTimer exception: java.lang.NoSuchMethodException
06-14 15:02:23.631  1561  2082 E BackBatteryStats: getFlashlightTurnedOnTimer exception: java.lang.NoSuchMethodException
06-14 15:02:23.636   874  1082 D ActivityManager: getContentProviderImpl: from caller=android.app.ApplicationThreadProxy@f5236c1 (pid=372, userId=0) to get content provider settings cpr=ContentProviderRecord{153e5775 u0 com.android.providers.settings/.SettingsProvider}
06-14 15:02:23.636  1561  2082 E BackBatteryStats: getCameraTurnedOnTimer exception: java.lang.NoSuchMethodException
06-14 15:02:23.636   874  1082 D ActivityManager: getContentProviderImpl: updateLruProcessLocked cpr.proc=ProcessRecord{2de77b41 874:system/1000}
06-14 15:02:23.636  1561  2082 E BackBatteryStats: getFlashlightTurnedOnTimer exception: java.lang.NoSuchMethodException
06-14 15:02:23.637  1040  1040 D ChargeViewUtils: onNotificationCountChaned hasActiveNotifications = true, mHasActiveNotifications = false
06-14 15:02:23.637  1040  1040 I PhoneStatusBar: updateNotificationCountChange,mLastHasNotification:false , hasActiveNotifications:true
06-14 15:02:23.637  1040  1040 V PhoneStatusBar: DEBUG_MEDIA: updateDropViews for notification null metadata=null metaDataChanged=false state=0 notificationChanged = true hasArtwork false wallpaperChanged = false
06-14 15:02:23.638  1040  1040 D BlurUtils: onNotificationCountChaned hasActiveNotifications = true
06-14 15:02:23.638  1040  1040 D BlurUtils: animationBlur mBlurView.getCurrentFrame() = 0
06-14 15:02:23.638  1040  1040 D KeyguardIndicationController: onNotificationCountChaned visible = true
06-14 15:02:23.638  1040  1040 D PhoneStatusBar: shouldChargingViewShow hasActiveNotificationsAndShowLockScreenNotification() = true, mNotificationPanel.isExpanding() = false, mNotificationPanel.isNotificationPanelFullyExpandedOnKeyguardShade() = false, mQsExpansionFraction = 0.0, isKeyguardShadeMode() = false, mKeyguardMusicController.isMusicViewShowing() = false, isQsExpanded() = false, mNotificationPanel.isMzKeyguardAffordanceHelperSwiping() = false, mNotificationPanel.shouldCameraIntercept()false, isInLaunchTransition()false
06-14 15:02:23.638  1040  1040 D KeyguardIndicationController: mVisible = false, isScreenOn = true, isKeyguardBouncer = false, isMusicViewShow = false, isChargingViewShow = false, getUnlockTimes = 4, isSmartLock = false
06-14 15:02:23.638  1040  1040 D KeyguardIndicationController: showTransientIndication
06-14 15:02:23.638  1040  1040 D PhoneStatusBar: shouldChargingViewShow hasActiveNotificationsAndShowLockScreenNotification() = true, mNotificationPanel.isExpanding() = false, mNotificationPanel.isNotificationPanelFullyExpandedOnKeyguardShade() = false, mQsExpansionFraction = 0.0, isKeyguardShadeMode() = false, mKeyguardMusicController.isMusicViewShowing() = false, isQsExpanded() = false, mNotificationPanel.isMzKeyguardAffordanceHelperSwiping() = false, mNotificationPanel.shouldCameraIntercept()false, isInLaunchTransition()false
06-14 15:02:23.638  1040  1040 D KeyguardIndicationController: mVisible = false, isScreenOn = true, isKeyguardBouncer = false, isMusicViewShow = false, isChargingViewShow = false, getUnlockTimes = 4, isSmartLock = false
06-14 15:02:23.640  1561  2082 E BackBatteryStats: getCameraTurnedOnTimer exception: java.lang.NoSuchMethodException
06-14 15:02:23.640  1561  2082 E BackBatteryStats: getFlashlightTurnedOnTimer exception: java.lang.NoSuchMethodException
06-14 15:02:23.640  1561  2082 W PowerGaugeStats: uidback stats is empty!
06-14 15:02:23.641  1040  1040 V PhoneStatusBar: DEBUG_MEDIA: updateDropViews for notification null metadata=null metaDataChanged=false state=0 notificationChanged = false hasArtwork false wallpaperChanged = false
06-14 15:02:23.641  1040  1040 E SystemUIMobEventUtils: packageName cannot be null and null-string, or packageName is filter pkg
06-14 15:02:23.641  1040  1040 D PhoneStatusBar: addNotification key=-1|android|17040644|null|1000
06-14 15:02:23.642  1561  2082 E BackBatteryStats: getCameraTurnedOnTimer exception: java.lang.NoSuchMethodException
06-14 15:02:23.642  1040  1585 D StorageNotification: onUsbMassStorageConnectionChangedAsync - mLastState: mounted, st: removed, mLastConnected: false, connected: false, path: /storage/sdcard1
06-14 15:02:23.642  1561  2082 E BackBatteryStats: getFlashlightTurnedOnTimer exception: java.lang.NoSuchMethodException
06-14 15:02:23.643  1040  1585 D StorageNotification: isAbleToShare - length:2
06-14 15:02:23.643  1040  1585 D StorageNotification: isAbleToShare - allowMassStorage:falseisEmulated:true
06-14 15:02:23.643  1040  1585 D StorageNotification: isAbleToShare - allowMassStorage:trueisEmulated:false
06-14 15:02:23.643   372   372 D Proxy   : setHttpRequestCheckHandler
06-14 15:02:23.643  1040  1585 D StorageNotification: isAbleToShare - /storage/sdcard1 @ removed
06-14 15:02:23.643  1040  1585 D StorageNotification: isAbleToShare - allowedShareNum:0
06-14 15:02:23.643  1040  1585 D StorageNotification: updateUsbMassStorageNotification - isStorageCanShared=false,available=false
06-14 15:02:23.644   874  1082 D VoldConnector: SND -> {109 volume shared /storage/sdcard1 ums}
06-14 15:02:23.644   271   836 D FrameworkListener: dispatchCommand data = (109 volume shared /storage/sdcard1 ums)
06-14 15:02:23.644   271   836 D VoldCmdListener: volume shared /storage/sdcard1 ums
06-14 15:02:23.644   271   836 D SocketClient: SocketClient sendData done: 212 109 Share disabled
06-14 15:02:23.644   874   958 D VoldConnector: RCV <- {212 109 Share disabled}
06-14 15:02:23.645   874  1082 D VoldConnector: RMV <- {212 109 Share disabled}
06-14 15:02:23.645   874  1082 I MountService: isUsbMassStorageEnabled: false
06-14 15:02:23.645  1040  1585 D StorageNotification: updateUsbMassStorageNotification - [false]
06-14 15:02:23.646  1561  2082 E BackBatteryStats: getCameraTurnedOnTimer exception: java.lang.NoSuchMethodException
06-14 15:02:23.645  1040  1585 D StorageNotification: setUsbStorageNotification - visible: {false}
06-14 15:02:23.646  1561  2082 E BackBatteryStats: getFlashlightTurnedOnTimer exception: java.lang.NoSuchMethodException
06-14 15:02:23.645  1040  1585 D StorageNotification: setUsbStorageNotification - mIsLastVisible: false
06-14 15:02:23.645  1040  1585 D StorageNotification: onUsbMassStorageConnectionChangedAsync - Disconnect
06-14 15:02:23.645  1040  1585 D StorageNotification: onUsbMassStorageConnectionChangedAsync - mLastConnected: false
06-14 15:02:23.648  1040  1040 D RemoteViews: mActions is repeat
06-14 15:02:23.649   372   372 E System  : stat file error, path is /system/app/MTKLogger/lib/arm64, exception is android.system.ErrnoException: stat failed: ENOENT (No such file or directory)
06-14 15:02:23.650  1561  2082 E BackBatteryStats: getCameraTurnedOnTimer exception: java.lang.NoSuchMethodException
06-14 15:02:23.650  1561  2082 E BackBatteryStats: getFlashlightTurnedOnTimer exception: java.lang.NoSuchMethodException
06-14 15:02:23.653  1561  2082 E BackBatteryStats: getCameraTurnedOnTimer exception: java.lang.NoSuchMethodException
06-14 15:02:23.654  1561  2082 E BackBatteryStats: getFlashlightTurnedOnTimer exception: java.lang.NoSuchMethodException
06-14 15:02:23.655   372   372 W linker  : /system/lib64/libfilterUtils.so: unused DT entry: type 0x6ffffffe arg 0x808
06-14 15:02:23.655   372   372 W linker  : /system/lib64/libfilterUtils.so: unused DT entry: type 0x6fffffff arg 0x2
06-14 15:02:23.657  1561  2082 E BackBatteryStats: getCameraTurnedOnTimer exception: java.lang.NoSuchMethodException
06-14 15:02:23.658  1561  2082 E BackBatteryStats: getFlashlightTurnedOnTimer exception: java.lang.NoSuchMethodException
06-14 15:02:23.661  1561  2082 E BackBatteryStats: getCameraTurnedOnTimer exception: java.lang.NoSuchMethodException
06-14 15:02:23.662  1561  2082 E BackBatteryStats: getFlashlightTurnedOnTimer exception: java.lang.NoSuchMethodException
06-14 15:02:23.664   372   372 I MTKLogger/Utils: Andriod version string = 5.1
06-14 15:02:23.664   372   372 I MTKLogger/Utils: Android version number=5.1
06-14 15:02:23.665  1561  2082 E BackBatteryStats: getCameraTurnedOnTimer exception: java.lang.NoSuchMethodException
06-14 15:02:23.665   372   372 D MTKLogger/Utils: MODEM_INDEX_SET added index: 1
06-14 15:02:23.665  1561  2082 E BackBatteryStats: getFlashlightTurnedOnTimer exception: java.lang.NoSuchMethodException
06-14 15:02:23.665   372   372 D MTKLogger/Utils: MODEM_INDEX_FOLDER_MAP added index: 1
06-14 15:02:23.666   372   372 D MTKLogger/Utils: MODEM_LOG_NAME_MAP added index: 1
06-14 15:02:23.667   372   372 I MTKLogger/LogReceiver:  -->onReceive(), action=android.hardware.usb.action.USB_STATE, bootupFlag=false
06-14 15:02:23.669  1561  2082 E BackBatteryStats: getCameraTurnedOnTimer exception: java.lang.NoSuchMethodException
06-14 15:02:23.669   372   372 I MTKLogger/LogReceiver:  Native modem log running status=0
06-14 15:02:23.669  1561  2082 E BackBatteryStats: getFlashlightTurnedOnTimer exception: java.lang.NoSuchMethodException
06-14 15:02:23.672   372   372 V MTKLogger/LogReceiver: isModemLogRunning?false, modemLogRunningMode=2
06-14 15:02:23.673   372   372 V MTKLogger/Utils: mtp=true
06-14 15:02:23.673   372   372 V MTKLogger/Utils: accessory=false
06-14 15:02:23.673   372   372 V MTKLogger/Utils: audio_source=false
06-14 15:02:23.673   372   372 V MTKLogger/Utils: acm=false
06-14 15:02:23.673  1561  2082 E BackBatteryStats: getCameraTurnedOnTimer exception: java.lang.NoSuchMethodException
06-14 15:02:23.673   372   372 V MTKLogger/Utils: eem=false
06-14 15:02:23.673   372   372 V MTKLogger/Utils: rndis=false
06-14 15:02:23.673   372   372 V MTKLogger/Utils: bicr=false
06-14 15:02:23.673   372   372 V MTKLogger/Utils: mass_storage=false
06-14 15:02:23.673   372   372 V MTKLogger/Utils: ptp=false
06-14 15:02:23.673   372   372 V MTKLogger/Utils: charging=false
06-14 15:02:23.673   372   372 V MTKLogger/Utils: adb=true
06-14 15:02:23.673  1561  2082 E BackBatteryStats: getFlashlightTurnedOnTimer exception: java.lang.NoSuchMethodException
06-14 15:02:23.674   372   372 I MTKLogger/LogReceiver:  usbConfigured?false, usbConnected?true, nweUsbMode=10, oldUSBModeValue=10, oldUsbConnectedValue=false, needNotifyModemLog=true
06-14 15:02:23.675   372   372 V MTKLogger/LogReceiver: Modem log is not running in USB mode or USB status not change, do not need to send down switch command. newUsbMode=10, usbConnected=true
06-14 15:02:23.675   372   372 D MTKLogger/LogReceiver: -->needStartLogAtBootTime(), needStart=false
06-14 15:02:23.675   372   372 D MTKLogger/LogReceiver: -->checkProcess(), needAutoStart=false, canKillSelf=true
06-14 15:02:23.675   372   372 I MTKLogger/LogReceiver: MTKLogger process should not startup, send a kill message to kill it.
06-14 15:02:23.675   372   372 V MTKLogger/LogReceiver:  OnReceive function exit.
06-14 15:02:23.676  1561  2082 E BackBatteryStats: getCameraTurnedOnTimer exception: java.lang.NoSuchMethodException
06-14 15:02:23.677  1561  2082 E BackBatteryStats: getFlashlightTurnedOnTimer exception: java.lang.NoSuchMethodException
06-14 15:02:23.678  1040  1040 D ChargeViewUtils: onNotificationCountChaned hasActiveNotifications = true, mHasActiveNotifications = true
06-14 15:02:23.678  1040  1040 I PhoneStatusBar: updateNotificationCountChange,mLastHasNotification:true , hasActiveNotifications:true
06-14 15:02:23.680  1561  2082 E BackBatteryStats: getCameraTurnedOnTimer exception: java.lang.NoSuchMethodException
06-14 15:02:23.680  1040  1040 V PhoneStatusBar: DEBUG_MEDIA: updateDropViews for notification null metadata=null metaDataChanged=false state=0 notificationChanged = false hasArtwork false wallpaperChanged = false
06-14 15:02:23.681  1561  2082 E BackBatteryStats: getFlashlightTurnedOnTimer exception: java.lang.NoSuchMethodException
06-14 15:02:23.682  1040  1585 D StorageNotification: onUsbMassStorageConnectionChangedAsync - mLastState: mounted, st: removed, mLastConnected: false, connected: false, path: /storage/sdcard1
06-14 15:02:23.682  1040  1585 D StorageNotification: isAbleToShare - length:2
06-14 15:02:23.682  1040  1585 D StorageNotification: isAbleToShare - allowMassStorage:falseisEmulated:true
06-14 15:02:23.682  1040  1585 D StorageNotification: isAbleToShare - allowMassStorage:trueisEmulated:false
06-14 15:02:23.682  1040  1585 D StorageNotification: isAbleToShare - /storage/sdcard1 @ removed
06-14 15:02:23.682  1040  1585 D StorageNotification: isAbleToShare - allowedShareNum:0
06-14 15:02:23.682  1040  1585 D StorageNotification: updateUsbMassStorageNotification - isStorageCanShared=false,available=false
06-14 15:02:23.683   874  1712 D VoldConnector: SND -> {110 volume shared /storage/sdcard1 ums}
06-14 15:02:23.683   271   836 D FrameworkListener: dispatchCommand data = (110 volume shared /storage/sdcard1 ums)
06-14 15:02:23.683   271   836 D VoldCmdListener: volume shared /storage/sdcard1 ums
06-14 15:02:23.683   271   836 D SocketClient: SocketClient sendData done: 212 110 Share disabled
06-14 15:02:23.683   874   958 D VoldConnector: RCV <- {212 110 Share disabled}
06-14 15:02:23.683   874  1712 D VoldConnector: RMV <- {212 110 Share disabled}
06-14 15:02:23.683   874  1712 I MountService: isUsbMassStorageEnabled: false
06-14 15:02:23.684  1040  1585 D StorageNotification: updateUsbMassStorageNotification - [false]
06-14 15:02:23.684  1040  1585 D StorageNotification: setUsbStorageNotification - visible: {false}
06-14 15:02:23.684  1561  2082 E BackBatteryStats: getCameraTurnedOnTimer exception: java.lang.NoSuchMethodException
06-14 15:02:23.684  1040  1585 D StorageNotification: setUsbStorageNotification - mIsLastVisible: false
06-14 15:02:23.684  1040  1585 D StorageNotification: onUsbMassStorageConnectionChangedAsync - Disconnect
06-14 15:02:23.684  1040  1585 D StorageNotification: onUsbMassStorageConnectionChangedAsync - mLastConnected: false
06-14 15:02:23.685  1561  2082 E BackBatteryStats: getFlashlightTurnedOnTimer exception: java.lang.NoSuchMethodException
06-14 15:02:23.687   874  1882 I libPerfService: perfSetFavorPid - pid:0, 0
06-14 15:02:23.688  1561  2082 E BackBatteryStats: getCameraTurnedOnTimer exception: java.lang.NoSuchMethodException
06-14 15:02:23.689  1561  2082 E BackBatteryStats: getFlashlightTurnedOnTimer exception: java.lang.NoSuchMethodException
06-14 15:02:23.692   301   367 I AwesomePlayer: [onStreamDone]line:1083 onStreamDone:mStreamDoneStatus =-1011,video EOS=0,audio EOS=256
06-14 15:02:23.692   301   367 I MediaPlayerService: [notify] [22] notify (0xf0c2e440, 2, 0, 0, 0)
06-14 15:02:23.692   301   367 I AwesomePlayer: [pause_l]line:1609 pause_l :at_eos=1
06-14 15:02:23.692   301   367 I MediaPlayerService: [notify] [22] notify (0xf0c2e440, 7, 0, 0, 0)
06-14 15:02:23.692   301   367 I AudioSink: [stop] stop
06-14 15:02:23.692   301   367 D AudioTrackShared: front(0x4400), mIsOut 1, interrupt() FUTEX_WAKE
06-14 15:02:23.692   301   367 D AudioTrackCenter: setTrackActive
06-14 15:02:23.692   301   367 D AudioTrack: audiotrack 0xf4553c00 stop done
06-14 15:02:23.692  1561  2082 E BackBatteryStats: getCameraTurnedOnTimer exception: java.lang.NoSuchMethodException
06-14 15:02:23.693  1561  2082 E BackBatteryStats: getFlashlightTurnedOnTimer exception: java.lang.NoSuchMethodException
06-14 15:02:23.696  1561  2082 E BackBatteryStats: getCameraTurnedOnTimer exception: java.lang.NoSuchMethodException
06-14 15:02:23.696  1561  2082 E BackBatteryStats: getFlashlightTurnedOnTimer exception: java.lang.NoSuchMethodException
06-14 15:02:23.696   874  1832 I libPerfService: perfSetFavorPid - pid:32424, 7ea8
06-14 15:02:23.699  3944  3944 D MtpReceiver: onRecevier action:android.hardware.usb.action.USB_STATE
06-14 15:02:23.699  3944  3944 D MtpReceiver: bootTime = 1497410750640
06-14 15:02:23.699  3944  3944 D MtpReceiver: handleUsbState connected = false, mtpEnabled = true, ptpEnabled = false
06-14 15:02:23.699   874  1884 D Interception: isAlwaysAllow the calleePkg: com.android.providers.media is system application, return true.
06-14 15:02:23.700   874  1884 D Interception: isInterceptByRule realCallingPid: 3944 isInterceptAsUsual: false isMatch: false, runType===retrieve_service|||callerPkg===com.android.providers.downloads|||calleePkg===com.android.providers.media|||calleeClass===com.android.providers.media.MtpService|||processName===android.process.media|||action===*|||data===*|||extras===*|||interception===false
06-14 15:02:23.700  1561  2082 E BackBatteryStats: getCameraTurnedOnTimer exception: java.lang.NoSuchMethodException
06-14 15:02:23.700  3944  3944 V MediaProvider: delete: match = 705, MTP_CONNECTED= 705
06-14 15:02:23.700  3944  3944 V MediaProvider: there is no MtpService, recount!! 
06-14 15:02:23.700  1561  2082 E BackBatteryStats: getFlashlightTurnedOnTimer exception: java.lang.NoSuchMethodException
06-14 15:02:23.701  1040  1040 V PhoneStatusBar: DEBUG_STATUSBAR_COLOR:  mHasArtwork = false,  mHasNotification = true, currentColor = -419430401, isShade = false, isQsFullyExpanded = false, isFullyExpandedfalse
06-14 15:02:23.702  1040  1040 D ColorMasking: showCover
06-14 15:02:23.703   372   372 I MTKLogger/LogReceiver:  -->onReceive(), action=android.hardware.usb.action.USB_STATE, bootupFlag=false
06-14 15:02:23.703   372   372 I MTKLogger/LogReceiver:  Native modem log running status=0
06-14 15:02:23.703   372   372 V MTKLogger/LogReceiver: isModemLogRunning?false, modemLogRunningMode=2
06-14 15:02:23.703   372   372 V MTKLogger/Utils: mtp=true
06-14 15:02:23.703   372   372 V MTKLogger/Utils: accessory=false
06-14 15:02:23.703   372   372 V MTKLogger/Utils: audio_source=false
06-14 15:02:23.703   372   372 V MTKLogger/Utils: acm=false
06-14 15:02:23.704   372   372 V MTKLogger/Utils: eem=false
06-14 15:02:23.704   372   372 V MTKLogger/Utils: rndis=false
06-14 15:02:23.704   372   372 V MTKLogger/Utils: bicr=false
06-14 15:02:23.704  1561  2082 E BackBatteryStats: getCameraTurnedOnTimer exception: java.lang.NoSuchMethodException
06-14 15:02:23.704   372   372 V MTKLogger/Utils: mass_storage=false
06-14 15:02:23.704   372   372 V MTKLogger/Utils: ptp=false
06-14 15:02:23.704   372   372 V MTKLogger/Utils: charging=false
06-14 15:02:23.704   372   372 V MTKLogger/Utils: adb=true
06-14 15:02:23.704   372   372 I MTKLogger/LogReceiver:  usbConfigured?true, usbConnected?true, nweUsbMode=10, oldUSBModeValue=10, oldUsbConnectedValue=true, needNotifyModemLog=false
06-14 15:02:23.704   372   372 V MTKLogger/LogReceiver: Modem log is not running in USB mode or USB status not change, do not need to send down switch command. newUsbMode=10, usbConnected=true
06-14 15:02:23.704   372   372 D MTKLogger/LogReceiver: -->needStartLogAtBootTime(), needStart=false
06-14 15:02:23.704   372   372 D MTKLogger/LogReceiver: -->checkProcess(), needAutoStart=false, canKillSelf=true
06-14 15:02:23.704   372   372 I MTKLogger/LogReceiver: MTKLogger process should not startup, send a kill message to kill it.
06-14 15:02:23.704   372   372 V MTKLogger/LogReceiver:  OnReceive function exit.
06-14 15:02:23.704  1561  2082 E BackBatteryStats: getFlashlightTurnedOnTimer exception: java.lang.NoSuchMethodException
06-14 15:02:23.706  1040  1040 D MediaPlayer: handleMessage msg:(2, 0, 0)
06-14 15:02:23.706  1040  1040 D MediaPlayer: handleMessage msg:(7, 0, 0)
06-14 15:02:23.707  3944  3944 D MtpReceiver: onRecevier action:android.hardware.usb.action.USB_STATE
06-14 15:02:23.707  3944  3944 D MtpReceiver: bootTime = 1497410750640
06-14 15:02:23.707  3944  3944 D MtpReceiver: handleUsbState connected = true, mtpEnabled = true, ptpEnabled = false
06-14 15:02:23.707  1561  2082 E BackBatteryStats: getCameraTurnedOnTimer exception: java.lang.NoSuchMethodException
06-14 15:02:23.707   874  1830 D Interception: isAlwaysAllow the calleePkg: com.android.providers.media is system application, return true.
06-14 15:02:23.708   874  1830 D Interception: isInterceptByRule realCallingPid: 3944 isInterceptAsUsual: false isMatch: false, runType===retrieve_service|||callerPkg===com.android.providers.downloads|||calleePkg===com.android.providers.media|||calleeClass===com.android.providers.media.MtpService|||processName===android.process.media|||action===*|||data===*|||extras===Bundle[mParcelledData.dataSize=40]|||interception===false
06-14 15:02:23.708  1561  2082 E BackBatteryStats: getFlashlightTurnedOnTimer exception: java.lang.NoSuchMethodException
06-14 15:02:23.709  3944  3944 V MediaProvider: insertInternal: match = 705, MTP_CONNECTED= 705
06-14 15:02:23.709  3944  3944 V MediaProvider: MtpService is null, new the service and bind the connection
06-14 15:02:23.710   874  1245 D ActivityManager: bindServiceLocked : uid = 10009, flags = 1, restartDirectly = false, s : ServiceRecord{2cf64e66 u0 com.android.providers.media/.MtpService}
06-14 15:02:23.711  3944  3944 D MtpReceiver: mtp connected bootTime = 1497410750640, delta = 12993071 ms
06-14 15:02:23.711  3944  3944 D MtpReceiver: mtp connected to send broadcast to scan external
06-14 15:02:23.711  1561  2082 E BackBatteryStats: getCameraTurnedOnTimer exception: java.lang.NoSuchMethodException
06-14 15:02:23.712   874  1712 V ActivityManager: Broadcast: Intent { act=android.intent.action.MEDIA_SCANNER_SCAN_FILE dat=file:///storage/emulated/0 flg=0x10 } ordered=false userid=0 callerApp=ProcessRecord{3ff4efa 3944:android.process.media/u0a9}
06-14 15:02:23.712  1561  2082 E BackBatteryStats: getFlashlightTurnedOnTimer exception: java.lang.NoSuchMethodException
06-14 15:02:23.712  3944  3944 D _@_@_   : scan path:/storage/emulated/0
06-14 15:02:23.713   874  1882 V ActivityManager: Broadcast: Intent { act=android.intent.action.MEDIA_SCANNER_SCAN_FILE dat=file:///storage/sdcard1 flg=0x10 } ordered=false userid=0 callerApp=ProcessRecord{3ff4efa 3944:android.process.media/u0a9}
06-14 15:02:23.713  3944  3944 D _@_@_   : scan path:/storage/sdcard1
06-14 15:02:23.715  1561  2082 E BackBatteryStats: getCameraTurnedOnTimer exception: java.lang.NoSuchMethodException
06-14 15:02:23.715  1561  2082 E BackBatteryStats: getFlashlightTurnedOnTimer exception: java.lang.NoSuchMethodException
06-14 15:02:23.718  3944  3944 W MtpService: updating state; keyguardManager.isKeyguardLocked()=false, keyguardManager.isKeyguardSecure()=false
06-14 15:02:23.719  1561  2082 E BackBatteryStats: getCameraTurnedOnTimer exception: java.lang.NoSuchMethodException
06-14 15:02:23.719   874  1162 D DeviceStateService: doCheckState handle=3
06-14 15:02:23.719  1561  2082 E BackBatteryStats: getFlashlightTurnedOnTimer exception: java.lang.NoSuchMethodException
06-14 15:02:23.719   874  1162 D DeviceStateService: Native: nativeDoCheckLockState check=0, lock_rtx->enable=0,lock_rtx->lock_state=0,result:0.
06-14 15:02:23.720   874  1848 D DeviceStateService: doCheckState handle=4
06-14 15:02:23.720   874  1848 D DeviceStateService: Native: nativeDoCheckLockState check=0, lock_rtx->enable=0,lock_rtx->lock_state=0,result:0.
06-14 15:02:23.721  3944  3944 W MtpService: updating state; isCurrentUser=true, mMtpDisabled=false
06-14 15:02:23.722   301   981 I MediaPlayerService: [22] getCurrentPosition = 199
06-14 15:02:23.722  1561  2082 E BackBatteryStats: getCameraTurnedOnTimer exception: java.lang.NoSuchMethodException
06-14 15:02:23.722  3944  3944 W MtpService: onCreate: volumes.length=2
06-14 15:02:23.723  3944  3944 W MtpService: onCreate: path of volumes[0]=/storage/emulated/0
06-14 15:02:23.723  3944  3944 W MtpService: onCreate: state of volumes[0]=mounted
06-14 15:02:23.723  1561  2082 E BackBatteryStats: getFlashlightTurnedOnTimer exception: java.lang.NoSuchMethodException
06-14 15:02:23.723  3944  3944 D MtpService: addStorageLocked 65537 /storage/emulated/0
06-14 15:02:23.723  3944  3944 D StorageManagerEx: getSdSwapState = 0
06-14 15:02:23.724  3944  3944 W MtpService: onCreate: path of volumes[1]=/storage/sdcard1
06-14 15:02:23.724  3944  3944 W MtpService: onCreate: state of volumes[1]=removed
06-14 15:02:23.725  3944  3944 W MtpService: updating state; keyguardManager.isKeyguardLocked()=false, keyguardManager.isKeyguardSecure()=false
06-14 15:02:23.725   874  1832 D DeviceStateService: doCheckState handle=3
06-14 15:02:23.726  1561  2082 E BackBatteryStats: getCameraTurnedOnTimer exception: java.lang.NoSuchMethodException
06-14 15:02:23.727  1561  2082 E BackBatteryStats: getFlashlightTurnedOnTimer exception: java.lang.NoSuchMethodException
06-14 15:02:23.727   874  1832 D DeviceStateService: Native: nativeDoCheckLockState check=0, lock_rtx->enable=0,lock_rtx->lock_state=0,result:0.
06-14 15:02:23.727   874   899 D DeviceStateService: doCheckState handle=4
06-14 15:02:23.728   874   899 D DeviceStateService: Native: nativeDoCheckLockState check=0, lock_rtx->enable=0,lock_rtx->lock_state=0,result:0.
06-14 15:02:23.728  3944  3944 W MtpService: updating state; isCurrentUser=true, mMtpDisabled=false
06-14 15:02:23.728  3944  3944 V MediaScanner: setDefaultRingtoneFileNames: ringtone=03_Flyme.ogg,notification=02_Reminder.ogg,alarm=19_Waltz.ogg,mms=01_Triumph.ogg,mail=02_Reminder.ogg,Canlendar=03_Doorbell.ogg
06-14 15:02:23.730  1561  2082 E BackBatteryStats: getCameraTurnedOnTimer exception: java.lang.NoSuchMethodException
06-14 15:02:23.730  1561  2082 E BackBatteryStats: getFlashlightTurnedOnTimer exception: java.lang.NoSuchMethodException
06-14 15:02:23.730  3944  3944 W MtpService: manageServiceLocked: starting MTP server in isCurrentUser: true
06-14 15:02:23.730  3944  3944 W MtpService: starting MTP server in MTP mode
06-14 15:02:23.730  3944  3944 W MtpService: starting MTP server in mMtpDisabled = false
06-14 15:02:23.730  3944  3944 V MtpServer: MtpServer constructor: native_setup!!
06-14 15:02:23.731  3944  3944 I MtpServerJNI: Finish to setup MtpServer
06-14 15:02:23.733  3944  3944 D MtpService: addStorageLocked 65537 /storage/emulated/0
06-14 15:02:23.733  3944  3944 D StorageManagerEx: getSdSwapState = 0
06-14 15:02:23.733  3944  3944 I MtpStorage: MtpStorage id: 0x00010001 path: /storage/emulated/0
06-14 15:02:23.733  3944  3944 D MtpService: addStorageLocked: add storage /storage/emulated/0 into MtpDatabase
06-14 15:02:23.733  3944  3944 D MtpServer: void android::MtpServer::addStorage(android::MtpStorage*), storage->getStorageID() = 0x10001 
06-14 15:02:23.733  3944  3944 D MtpService: addStorageLocked: add storage /storage/emulated/0 into MtpServer
06-14 15:02:23.733  3944  3944 E MtpServer: void android::MtpServer::sendEvent(android::MtpEventCode, uint32_t): Without OpenSession to send event code = 0x4004, 
06-14 15:02:23.733  3944  3944 E MtpServerJNI: void android_mtp_MtpServer_add_storage(JNIEnv*, jobject, jobject), line 176: descriptionStr = 手机存储
06-14 15:02:23.733  3944  3944 D MtpServer: void android::MtpServer::addStorage(android::MtpStorage*), mStorages.size = 1 
06-14 15:02:23.733  3944  3944 I MtpServer: sendStoreAdded 00010001
06-14 15:02:23.734  3944   432 E MtpServer: MtpServer::run mFD: 38
06-14 15:02:23.733  3944  3944 V MtpServer: MtpServer start!!
06-14 15:02:23.733  1561  2082 E BackBatteryStats: getCameraTurnedOnTimer exception: java.lang.NoSuchMethodException
06-14 15:02:23.734  1561  2082 E BackBatteryStats: getFlashlightTurnedOnTimer exception: java.lang.NoSuchMethodException
06-14 15:02:23.734  3944   432 V MtpServer: MtpServer run!!
06-14 15:02:23.734  3944   432 I MtpServerJNI: android_mtp_MtpServer_run
06-14 15:02:23.734  3944   432 I MtpServerJNI: Ready to run MtpServer
06-14 15:02:23.734  3944   432 I MtpServer: MtpServer::run fd: 38
06-14 15:02:23.735  3944  3944 D MediaScannerReceiver: onReceive: action = android.intent.action.MEDIA_SCANNER_SCAN_FILE, path = /storage/emulated/0
06-14 15:02:23.736   874  1882 D Interception: isAlwaysAllow the calleePkg: com.android.providers.media is system application, return true.
06-14 15:02:23.736   874  1882 D Interception: isInterceptByRule realCallingPid: 3944 isInterceptAsUsual: false isMatch: false, runType===retrieve_service|||callerPkg===com.android.providers.downloads|||calleePkg===com.android.providers.media|||calleeClass===com.android.providers.media.MediaScannerService|||processName===android.process.media|||action===*|||data===*|||extras===Bundle[mParcelledData.dataSize=76]|||interception===false
06-14 15:02:23.738  1561  2082 E BackBatteryStats: getCameraTurnedOnTimer exception: java.lang.NoSuchMethodException
06-14 15:02:23.738  1561  2082 E BackBatteryStats: getFlashlightTurnedOnTimer exception: java.lang.NoSuchMethodException
06-14 15:02:23.740  3944  3944 E MtpServer: void android::MtpServer::sendEvent(android::MtpEventCode, uint32_t): Without OpenSession to send event code = 0x4006, 
06-14 15:02:23.740  3944  3944 V MediaProvider: MtpService: ServiceConnection!!
06-14 15:02:23.741  3944  3944 D MediaScannerService: onCreate: CpuCoreNum = 8, isLowRamDevice = false
06-14 15:02:23.741  1561  2082 E BackBatteryStats: getCameraTurnedOnTimer exception: java.lang.NoSuchMethodException
06-14 15:02:23.742  1561  2082 E BackBatteryStats: getFlashlightTurnedOnTimer exception: java.lang.NoSuchMethodException
06-14 15:02:23.744  3944  3944 D MediaScannerService: onCreate : mIsThreadPoolEnable = true
06-14 15:02:23.744  3944  3944 D MediaScannerService: mDirectoryList.add filePath:/storage/emulated/0
06-14 15:02:23.745  3944  3944 D MediaScannerReceiver: onReceive: action = android.intent.action.MEDIA_SCANNER_SCAN_FILE, path = /storage/sdcard1
06-14 15:02:23.745  3944   433 V MediaScannerService: handleMessage: what = 11, startId = 1, arguments = Bundle[{filepath=/storage/emulated/0}]
06-14 15:02:23.745  3944   433 D MediaScannerService: scan external storage with thread pool
06-14 15:02:23.745  3944   433 V MediaScannerService: scanWithThreadPool>>> [/storage/emulated/0]
06-14 15:02:23.745  1561  2082 E BackBatteryStats: getCameraTurnedOnTimer exception: java.lang.NoSuchMethodException
06-14 15:02:23.746  1561  2082 E BackBatteryStats: getFlashlightTurnedOnTimer exception: java.lang.NoSuchMethodException
06-14 15:02:23.746  3944   433 V MediaScannerService: acquire wakelock to avoid sleeping while scanning with threadpool
06-14 15:02:23.748   874  1848 V ActivityManager: Broadcast: Intent { act=android.intent.action.MEDIA_SCANNER_STARTED dat=file:///storage/emulated/0 flg=0x10 } ordered=false userid=0 callerApp=ProcessRecord{3ff4efa 3944:android.process.media/u0a9}
06-14 15:02:23.748  3944  3944 D MediaScannerService: mDirectoryList.add filePath:/storage/sdcard1
06-14 15:02:23.749  1561  2082 E BackBatteryStats: getCameraTurnedOnTimer exception: java.lang.NoSuchMethodException
06-14 15:02:23.750  1561  2082 E BackBatteryStats: getFlashlightTurnedOnTimer exception: java.lang.NoSuchMethodException
06-14 15:02:23.754  1561  2082 E BackBatteryStats: getCameraTurnedOnTimer exception: java.lang.NoSuchMethodException
06-14 15:02:23.754  1561  2082 E BackBatteryStats: getFlashlightTurnedOnTimer exception: java.lang.NoSuchMethodException
06-14 15:02:23.756  3944   433 V MediaProvider: attachVolume>>> volume=external
06-14 15:02:23.756  3944   433 V MediaProvider: attachVolume<<< Already attached external.db
06-14 15:02:23.758  3944   433 V MediaScannerService: initializeThreadPool with creating new one
06-14 15:02:23.758  1561  2082 E BackBatteryStats: getCameraTurnedOnTimer exception: java.lang.NoSuchMethodException
06-14 15:02:23.758  3944   433 V MediaScanner: setDefaultRingtoneFileNames: ringtone=03_Flyme.ogg,notification=02_Reminder.ogg,alarm=19_Waltz.ogg,mms=01_Triumph.ogg,mail=02_Reminder.ogg,Canlendar=03_Doorbell.ogg
06-14 15:02:23.758  1561  2082 E BackBatteryStats: getFlashlightTurnedOnTimer exception: java.lang.NoSuchMethodException
06-14 15:02:23.762  1561  2082 E BackBatteryStats: getCameraTurnedOnTimer exception: java.lang.NoSuchMethodException
06-14 15:02:23.763  1561  2082 E BackBatteryStats: getFlashlightTurnedOnTimer exception: java.lang.NoSuchMethodException
06-14 15:02:23.764  3944   433 V MediaScanner: prescan>>> filePath=null,prescanFiles=true
06-14 15:02:23.768  1561  2082 E BackBatteryStats: getCameraTurnedOnTimer exception: java.lang.NoSuchMethodException
06-14 15:02:23.768  1561  2082 E BackBatteryStats: getFlashlightTurnedOnTimer exception: java.lang.NoSuchMethodException
06-14 15:02:23.772   301   944 I AudioFlinger_Threads: pause signal - [NOT READY] on thread
06-14 15:02:23.772   301   944 D AudioALSAStreamOut: latency(), return 92
06-14 15:02:23.772  1561  2082 E BackBatteryStats: getCameraTurnedOnTimer exception: java.lang.NoSuchMethodException
06-14 15:02:23.773  1561  2082 E BackBatteryStats: getFlashlightTurnedOnTimer exception: java.lang.NoSuchMethodException
06-14 15:02:23.778  1561  2082 E BackBatteryStats: getCameraTurnedOnTimer exception: java.lang.NoSuchMethodException
06-14 15:02:23.778  1561  2082 E BackBatteryStats: getFlashlightTurnedOnTimer exception: java.lang.NoSuchMethodException
06-14 15:02:23.782  1561  2082 E BackBatteryStats: getCameraTurnedOnTimer exception: java.lang.NoSuchMethodException
06-14 15:02:23.782  1561  2082 E BackBatteryStats: getFlashlightTurnedOnTimer exception: java.lang.NoSuchMethodException
06-14 15:02:23.784   301   944 D AudioALSAStreamOut: latency(), return 92
06-14 15:02:23.786  1561  2082 E BackBatteryStats: getCameraTurnedOnTimer exception: java.lang.NoSuchMethodException
06-14 15:02:23.787  1561  2082 E BackBatteryStats: getFlashlightTurnedOnTimer exception: java.lang.NoSuchMethodException
06-14 15:02:23.791  1561  2082 E BackBatteryStats: getCameraTurnedOnTimer exception: java.lang.NoSuchMethodException
06-14 15:02:23.791  1561  2082 E BackBatteryStats: getFlashlightTurnedOnTimer exception: java.lang.NoSuchMethodException
06-14 15:02:23.795   301   944 D AudioALSAStreamOut: latency(), return 92
06-14 15:02:23.795  1561  2082 E BackBatteryStats: getCameraTurnedOnTimer exception: java.lang.NoSuchMethodException
06-14 15:02:23.796  1561  2082 E BackBatteryStats: getFlashlightTurnedOnTimer exception: java.lang.NoSuchMethodException
06-14 15:02:23.799  1561  2082 E BackBatteryStats: getCameraTurnedOnTimer exception: java.lang.NoSuchMethodException
06-14 15:02:23.800  1561  2082 E BackBatteryStats: getFlashlightTurnedOnTimer exception: java.lang.NoSuchMethodException
06-14 15:02:23.803  1561  2082 E BackBatteryStats: getCameraTurnedOnTimer exception: java.lang.NoSuchMethodException
06-14 15:02:23.804  1561  2082 E BackBatteryStats: getFlashlightTurnedOnTimer exception: java.lang.NoSuchMethodException
06-14 15:02:23.807   301   944 D AudioALSAStreamOut: latency(), return 92
06-14 15:02:23.807   301   944 D AudioFlinger_Threads: removeTracks_l removing track on session 47
06-14 15:02:23.808  1561  2082 E BackBatteryStats: getCameraTurnedOnTimer exception: java.lang.NoSuchMethodException
06-14 15:02:23.808  1561  2082 E BackBatteryStats: getFlashlightTurnedOnTimer exception: java.lang.NoSuchMethodException
06-14 15:02:23.812  1561  2082 E BackBatteryStats: getCameraTurnedOnTimer exception: java.lang.NoSuchMethodException
06-14 15:02:23.813  1561  2082 E BackBatteryStats: getFlashlightTurnedOnTimer exception: java.lang.NoSuchMethodException
06-14 15:02:23.817  1561  2082 E BackBatteryStats: getCameraTurnedOnTimer exception: java.lang.NoSuchMethodException
06-14 15:02:23.817  1561  2082 E BackBatteryStats: getFlashlightTurnedOnTimer exception: java.lang.NoSuchMethodException
06-14 15:02:23.818   301   944 D AudioPolicyService: AudioCommandThread() adding stopOutputSamplerateCommand 2
06-14 15:02:23.819   301   940 I AudioPolicyManager: ReleaseFMIndirectMode 
06-14 15:02:23.819   301   940 I AudioPolicyManager: PolicyRestore
06-14 15:02:23.819   301   940 I AudioPolicyManager: stopOutput() output 2, stream 5, session 47
06-14 15:02:23.819   301   940 I AudioPolicyManager: getNewOutputDevice() selected device 0
06-14 15:02:23.819   301   940 I AudioPolicyManager: setOutputDevice() output 2 device 0000 delayMs 184 force 0
06-14 15:02:23.819   301   940 I AudioPolicyManager: setOutputDevice() prevDevice 0002
06-14 15:02:23.819   301   940 I AudioPolicyManager: setOutputDevice() mMutePrevDevice 0002
06-14 15:02:23.819   301   940 I AudioPolicyManager: s 0 c 0 avaDev 3 ba2dpo 0 ba2dpsp 0 dev 2
06-14 15:02:23.819   301   940 I AudioPolicyManager: s 1 c 0 avaDev 3 ba2dpo 0 ba2dpsp 0 dev 1
06-14 15:02:23.819   301   940 I AudioPolicyManager: s 2 c 0 avaDev 3 ba2dpo 0 ba2dpsp 0 dev 2
06-14 15:02:23.819   301   940 I AudioPolicyManager: s 2 c 0 avaDev 3 ba2dpo 0 ba2dpsp 0 dev 2
06-14 15:02:23.819   301   940 I AudioPolicyManager: s 3 c 0 avaDev 3 ba2dpo 0 ba2dpsp 0 dev 2
06-14 15:02:23.819   301   940 I AudioPolicyManager: s 0 c 0 avaDev 3 ba2dpo 0 ba2dpsp 0 dev 2
06-14 15:02:23.819   301   940 I AudioPolicyManager: s 4 c 0 avaDev 3 ba2dpo 0 ba2dpsp 0 dev 2
06-14 15:02:23.819   301   940 I AudioPolicyManager: s 5 c 0 avaDev 3 ba2dpo 0 ba2dpsp 0 dev 2
06-14 15:02:23.819   301   940 I AudioPolicyManager: s 6 c 0 avaDev 3 ba2dpo 0 ba2dpsp 0 dev 2
06-14 15:02:23.819   301   940 I AudioPolicyManager: s 7 c 0 avaDev 3 ba2dpo 0 ba2dpsp 0 dev 2
06-14 15:02:23.819   301   940 I AudioPolicyManager: s 8 c 0 avaDev 3 ba2dpo 0 ba2dpsp 0 dev 2
06-14 15:02:23.819   301   940 I AudioPolicyManager: setOutputDevice() setting same device 0000 or null device for output 2
06-14 15:02:23.821  1561  2082 E BackBatteryStats: getCameraTurnedOnTimer exception: java.lang.NoSuchMethodException
06-14 15:02:23.822  1561  2082 E BackBatteryStats: getFlashlightTurnedOnTimer exception: java.lang.NoSuchMethodException
06-14 15:02:23.825  1561  2082 E BackBatteryStats: getCameraTurnedOnTimer exception: java.lang.NoSuchMethodException
06-14 15:02:23.826  1561  2082 E BackBatteryStats: getFlashlightTurnedOnTimer exception: java.lang.NoSuchMethodException
06-14 15:02:23.829  1561  2082 E BackBatteryStats: getCameraTurnedOnTimer exception: java.lang.NoSuchMethodException
06-14 15:02:23.829  1561  2082 E BackBatteryStats: getFlashlightTurnedOnTimer exception: java.lang.NoSuchMethodException
06-14 15:02:23.833  1561  2082 E BackBatteryStats: getCameraTurnedOnTimer exception: java.lang.NoSuchMethodException
06-14 15:02:23.833  1561  2082 E BackBatteryStats: getFlashlightTurnedOnTimer exception: java.lang.NoSuchMethodException
06-14 15:02:23.836  1561  2082 E BackBatteryStats: getCameraTurnedOnTimer exception: java.lang.NoSuchMethodException
06-14 15:02:23.837  1561  2082 E BackBatteryStats: getFlashlightTurnedOnTimer exception: java.lang.NoSuchMethodException
06-14 15:02:23.840  1561  2082 E BackBatteryStats: getCameraTurnedOnTimer exception: java.lang.NoSuchMethodException
06-14 15:02:23.841  1561  2082 E BackBatteryStats: getFlashlightTurnedOnTimer exception: java.lang.NoSuchMethodException
06-14 15:02:23.845  1561  2082 E BackBatteryStats: getCameraTurnedOnTimer exception: java.lang.NoSuchMethodException
06-14 15:02:23.846  1561  2082 E BackBatteryStats: getFlashlightTurnedOnTimer exception: java.lang.NoSuchMethodException
06-14 15:02:23.850  1561  2082 E BackBatteryStats: getCameraTurnedOnTimer exception: java.lang.NoSuchMethodException
06-14 15:02:23.851  1561  2082 E BackBatteryStats: getFlashlightTurnedOnTimer exception: java.lang.NoSuchMethodException
06-14 15:02:23.855  1561  2082 E BackBatteryStats: getCameraTurnedOnTimer exception: java.lang.NoSuchMethodException
06-14 15:02:23.855  1561  2082 E BackBatteryStats: getFlashlightTurnedOnTimer exception: java.lang.NoSuchMethodException
06-14 15:02:23.859  1561  2082 E BackBatteryStats: getCameraTurnedOnTimer exception: java.lang.NoSuchMethodException
06-14 15:02:23.860  1561  2082 E BackBatteryStats: getFlashlightTurnedOnTimer exception: java.lang.NoSuchMethodException
06-14 15:02:23.864  1561  2082 E BackBatteryStats: getCameraTurnedOnTimer exception: java.lang.NoSuchMethodException
06-14 15:02:23.864  1561  2082 E BackBatteryStats: getFlashlightTurnedOnTimer exception: java.lang.NoSuchMethodException
06-14 15:02:23.868   874   895 I art     : Background partial concurrent mark sweep GC freed 22136(1223KB) AllocSpace objects, 22(1692KB) LOS objects, 9% free, 36MB/40MB, paused 2.230ms total 130.986ms
06-14 15:02:23.868  1561  2082 E BackBatteryStats: getCameraTurnedOnTimer exception: java.lang.NoSuchMethodException
06-14 15:02:23.870  1561  2082 E BackBatteryStats: getFlashlightTurnedOnTimer exception: java.lang.NoSuchMethodException
06-14 15:02:23.875  1561  2082 E BackBatteryStats: getCameraTurnedOnTimer exception: java.lang.NoSuchMethodException
06-14 15:02:23.876  1561  2082 E BackBatteryStats: getFlashlightTurnedOnTimer exception: java.lang.NoSuchMethodException
06-14 15:02:23.880  1561  2082 E BackBatteryStats: getCameraTurnedOnTimer exception: java.lang.NoSuchMethodException
06-14 15:02:23.881  1561  2082 E BackBatteryStats: getFlashlightTurnedOnTimer exception: java.lang.NoSuchMethodException
06-14 15:02:23.884  1561  2082 E BackBatteryStats: getCameraTurnedOnTimer exception: java.lang.NoSuchMethodException
06-14 15:02:23.884  1561  2082 E BackBatteryStats: getFlashlightTurnedOnTimer exception: java.lang.NoSuchMethodException
06-14 15:02:23.887  1561  2082 E BackBatteryStats: getCameraTurnedOnTimer exception: java.lang.NoSuchMethodException
06-14 15:02:23.888  1561  2082 E BackBatteryStats: getFlashlightTurnedOnTimer exception: java.lang.NoSuchMethodException
06-14 15:02:23.891  1561  2082 E BackBatteryStats: getCameraTurnedOnTimer exception: java.lang.NoSuchMethodException
06-14 15:02:23.891  1561  2082 E BackBatteryStats: getFlashlightTurnedOnTimer exception: java.lang.NoSuchMethodException
06-14 15:02:23.895  1561  2082 E BackBatteryStats: getCameraTurnedOnTimer exception: java.lang.NoSuchMethodException
06-14 15:02:23.895  1561  2082 E BackBatteryStats: getFlashlightTurnedOnTimer exception: java.lang.NoSuchMethodException
06-14 15:02:23.899  1561  2082 E BackBatteryStats: getCameraTurnedOnTimer exception: java.lang.NoSuchMethodException
06-14 15:02:23.899  1561  2082 E BackBatteryStats: getFlashlightTurnedOnTimer exception: java.lang.NoSuchMethodException
06-14 15:02:23.902  1561  2082 E BackBatteryStats: getCameraTurnedOnTimer exception: java.lang.NoSuchMethodException
06-14 15:02:23.903  1561  2082 E BackBatteryStats: getFlashlightTurnedOnTimer exception: java.lang.NoSuchMethodException
06-14 15:02:23.907  1561  2082 E BackBatteryStats: getCameraTurnedOnTimer exception: java.lang.NoSuchMethodException
06-14 15:02:23.907  1561  2082 E BackBatteryStats: getFlashlightTurnedOnTimer exception: java.lang.NoSuchMethodException
06-14 15:02:23.910  1561  2082 E BackBatteryStats: getCameraTurnedOnTimer exception: java.lang.NoSuchMethodException
06-14 15:02:23.911  1561  2082 E BackBatteryStats: getFlashlightTurnedOnTimer exception: java.lang.NoSuchMethodException
06-14 15:02:23.914  1561  2082 E BackBatteryStats: getCameraTurnedOnTimer exception: java.lang.NoSuchMethodException
06-14 15:02:23.915  1561  2082 E BackBatteryStats: getFlashlightTurnedOnTimer exception: java.lang.NoSuchMethodException
06-14 15:02:23.919  1561  2082 E BackBatteryStats: getCameraTurnedOnTimer exception: java.lang.NoSuchMethodException
06-14 15:02:23.919  1561  2082 E BackBatteryStats: getFlashlightTurnedOnTimer exception: java.lang.NoSuchMethodException
06-14 15:02:23.923  1561  2082 E BackBatteryStats: getCameraTurnedOnTimer exception: java.lang.NoSuchMethodException
06-14 15:02:23.923  1561  2082 E BackBatteryStats: getFlashlightTurnedOnTimer exception: java.lang.NoSuchMethodException
06-14 15:02:23.926  1561  2082 E BackBatteryStats: getCameraTurnedOnTimer exception: java.lang.NoSuchMethodException
06-14 15:02:23.927  1561  2082 E BackBatteryStats: getFlashlightTurnedOnTimer exception: java.lang.NoSuchMethodException
06-14 15:02:23.927  1561  2082 D PowerGaugeStats: parseStats2HWMap
06-14 15:02:23.928  1561  2082 E BatteryStats: getBluetoothControllerActivity exception: java.lang.NoSuchMethodException
06-14 15:02:23.929  1561  2082 E BatteryStats: getBluetoothControllerActivity exception: java.lang.NoSuchMethodException
06-14 15:02:23.930  1561  2082 E BatteryStats: getBluetoothControllerActivity exception: java.lang.NoSuchMethodException
06-14 15:02:23.931  1561  2082 E BatteryStats: getBluetoothControllerActivity exception: java.lang.NoSuchMethodException
06-14 15:02:23.932  1561  2082 D PowerGaugeStats: calculate battery stats cost time: 565 ms
06-14 15:02:23.932  1561  2082 D SQLiteDatabase: beginTransaction()
06-14 15:02:23.933  1561  2082 D PowerGaugeStats: store time index excecute sql: insert into stats_time_index (time_index, time,  reabattime, upbattime) values (9814,1497423743251,42,42)
06-14 15:02:23.933  1231  8560 D UsageStats_UsageStatsUploader: DB_CHANGED, current count is 0, stop time alarm.
06-14 15:02:23.935   874  1592 D AlarmManager: manual remove option = PendingIntent{30e31669: PendingIntentRecord{3fbab8ee com.meizu.safe broadcastIntent}}
06-14 15:02:23.968 32103 32134 D UsageStats_UsageStatsUploader: DB_CHANGED, current count is 0, stop time alarm.
06-14 15:02:23.969   874  1832 D AlarmManager: manual remove option = PendingIntent{3ced718f: PendingIntentRecord{20593382 com.meizu.net.search broadcastIntent}}
06-14 15:02:23.971  3445  3477 D UsageStats_UsageStatsUploader: DB_CHANGED, current count is 0, stop time alarm.
06-14 15:02:23.971 32152 32326 D UsageStats_UsageStatsUploader: DB_CHANGED, current count is 0, stop time alarm.
06-14 15:02:23.971 13331 13354 D UsageStats_UsageStatsUploader: DB_CHANGED, current count is 0, stop time alarm.
06-14 15:02:23.971   874  1162 D AlarmManager: manual remove option = PendingIntent{2d4d1c1c: PendingIntentRecord{1ca25b41 com.meizu.mzsyncservice broadcastIntent}}
06-14 15:02:23.972   874  1848 D AlarmManager: manual remove option = PendingIntent{220db025: PendingIntentRecord{d1d75fa com.meizu.mstore broadcastIntent}}
06-14 15:02:23.972   874  1830 D AlarmManager: manual remove option = PendingIntent{8d997ab: PendingIntentRecord{2efbccac com.flyme.netadmin broadcastIntent}}
06-14 15:02:23.985  1561  2082 D PowerGaugeStats: delete record in db: stats_sw < time: 13-15-02-23
06-14 15:02:23.986  1561  2082 D PowerGaugeStats: store time index excecute sql: insert into stats_sw (time_index, uid,  allpower, bgpower) values (9814,10033,3,3)
06-14 15:02:23.986  1561  2082 D PowerGaugeStats: store all sw detail sql: insert into stats_sw_detail (time_index , uid, cputime, fgtime, mbdata, mbtime, wifidata, wifitime, wakelocktime, alarmcount, fullwakelocktime, gpstime, sensortime, cameratime, flashtime) values (9814,10033,0,0,0,0,0,0,0, 0, 0, 0, 0, 0, 0)
06-14 15:02:23.986  1561  2082 D PowerGaugeStats: store time index excecute sql: insert into stats_sw (time_index, uid,  allpower, bgpower) values (9814,10059,0,0)
06-14 15:02:23.986  1561  2082 D PowerGaugeStats: store all sw detail sql: insert into stats_sw_detail (time_index , uid, cputime, fgtime, mbdata, mbtime, wifidata, wifitime, wakelocktime, alarmcount, fullwakelocktime, gpstime, sensortime, cameratime, flashtime) values (9814,10059,0,0,0,0,0,0,0, 0, 0, 0, 0, 0, 0)
06-14 15:02:23.987   874  1245 D BatteryService: mBatteryVoltage=4362, batteryLevel=50
06-14 15:02:23.987   874   874 V ActivityManager: Broadcast sticky: Intent { act=android.intent.action.BATTERY_CHANGED flg=0x60000010 (has extras) } ordered=false userid=-1 callerApp=null
06-14 15:02:23.987  1561  2082 D PowerGaugeStats: store time index excecute sql: insert into stats_sw (time_index, uid,  allpower, bgpower) values (9814,10027,329,329)
06-14 15:02:23.988   874   874 D UsbDeviceManager: onReceive - BATTERY_CHANGED - mPlugType: 2, mSettingUsbCharging: false, mConnected: true, mSettingUsbBicr: false
06-14 15:02:23.987  1561  2082 D PowerGaugeStats: store all sw detail sql: insert into stats_sw_detail (time_index , uid, cputime, fgtime, mbdata, mbtime, wifidata, wifitime, wakelocktime, alarmcount, fullwakelocktime, gpstime, sensortime, cameratime, flashtime) values (9814,10027,7,0,0,0,0,0,0, 0, 0, 0, 0, 0, 0)
06-14 15:02:23.988   874   874 D WifiService: onReceive, action:android.intent.action.BATTERY_CHANGED
06-14 15:02:23.987  1561  2082 D PowerGaugeStats: store time index excecute sql: insert into stats_sw (time_index, uid,  allpower, bgpower) values (9814,10053,0,0)
06-14 15:02:23.988   874   970 D WifiController: DeviceActiveState{ when=0 what=155652 arg1=2 target=com.android.internal.util.StateMachine$SmHandler }
06-14 15:02:23.988  1561  2082 D PowerGaugeStats: store all sw detail sql: insert into stats_sw_detail (time_index , uid, cputime, fgtime, mbdata, mbtime, wifidata, wifitime, wakelocktime, alarmcount, fullwakelocktime, gpstime, sensortime, cameratime, flashtime) values (9814,10053,0,0,0,0,0,0,0, 0, 0, 0, 0, 0, 0)
06-14 15:02:23.988   874   970 D WifiController: StaEnabledState{ when=0 what=155652 arg1=2 target=com.android.internal.util.StateMachine$SmHandler }
06-14 15:02:23.988   874   874 D AlarmAlignManager: I got broadcast:android.intent.action.BATTERY_CHANGED
06-14 15:02:23.988   874   970 D WifiController: DefaultState{ when=0 what=155652 arg1=2 target=com.android.internal.util.StateMachine$SmHandler }
06-14 15:02:23.988  1561  2082 D PowerGaugeStats: store time index excecute sql: insert into stats_sw (time_index, uid,  allpower, bgpower) values (9814,10040,0,0)
06-14 15:02:23.988  1561  2082 D PowerGaugeStats: store all sw detail sql: insert into stats_sw_detail (time_index , uid, cputime, fgtime, mbdata, mbtime, wifidata, wifitime, wakelocktime, alarmcount, fullwakelocktime, gpstime, sensortime, cameratime, flashtime) values (9814,10040,0,0,0,0,0,0,0, 0, 0, 0, 0, 0, 0)
06-14 15:02:23.989  1561  2082 D PowerGaugeStats: store time index excecute sql: insert into stats_sw (time_index, uid,  allpower, bgpower) values (9814,10003,0,0)
06-14 15:02:23.989  1561  1561 D PowerBroadcastCenter: receive intent: android.intent.action.BATTERY_CHANGED
06-14 15:02:23.989  1835  1835 D BroadcastCenter: receive intent: android.intent.action.BATTERY_CHANGED
06-14 15:02:23.989  1561  2082 D PowerGaugeStats: store all sw detail sql: insert into stats_sw_detail (time_index , uid, cputime, fgtime, mbdata, mbtime, wifidata, wifitime, wakelocktime, alarmcount, fullwakelocktime, gpstime, sensortime, cameratime, flashtime) values (9814,10003,0,0,0,0,0,0,0, 0, 0, 0, 0, 0, 0)
06-14 15:02:23.990  1561  1750 D PowerGaugeStats: battery level is changed: 100
06-14 15:02:23.990  1561  1750 D PowerGaugeStats: unknown status
06-14 15:02:23.990  1561  2082 D PowerGaugeStats: store time index excecute sql: insert into stats_sw (time_index, uid,  allpower, bgpower) values (9814,10095,0,0)
06-14 15:02:23.990  1561  2082 D PowerGaugeStats: store all sw detail sql: insert into stats_sw_detail (time_index , uid, cputime, fgtime, mbdata, mbtime, wifidata, wifitime, wakelocktime, alarmcount, fullwakelocktime, gpstime, sensortime, cameratime, flashtime) values (9814,10095,0,0,0,0,0,0,0, 0, 0, 0, 0, 0, 0)
06-14 15:02:23.991  1561  2082 D PowerGaugeStats: store time index excecute sql: insert into stats_sw (time_index, uid,  allpower, bgpower) values (9814,10052,0,0)
06-14 15:02:23.991  1561  2082 D PowerGaugeStats: store all sw detail sql: insert into stats_sw_detail (time_index , uid, cputime, fgtime, mbdata, mbtime, wifidata, wifitime, wakelocktime, alarmcount, fullwakelocktime, gpstime, sensortime, cameratime, flashtime) values (9814,10052,0,0,0,0,0,0,0, 0, 0, 0, 0, 0, 0)
06-14 15:02:23.991  1561  1718 D IPowerModeImp: getCurrentModeLocked:0
06-14 15:02:23.991  1561  1718 D PowerLevelNotification: level = 100 plugged = 2 show = false mBatteryLastLevel = 100 currentMode = 0 isDialogShowing = false isDeviceProvisioned = true
06-14 15:02:23.991  1561  2082 D PowerGaugeStats: store time index excecute sql: insert into stats_sw (time_index, uid,  allpower, bgpower) values (9814,10022,0,0)
06-14 15:02:23.991  1561  1717 I BatteryConsumeMonitor: init var lastPlugType : 2 lastBatteryChangedLevel : 100
06-14 15:02:23.991  1561  2082 D PowerGaugeStats: store all sw detail sql: insert into stats_sw_detail (time_index , uid, cputime, fgtime, mbdata, mbtime, wifidata, wifitime, wakelocktime, alarmcount, fullwakelocktime, gpstime, sensortime, cameratime, flashtime) values (9814,10022,0,0,0,0,0,0,0, 0, 0, 0, 0, 0, 0)
06-14 15:02:23.992  1561  2082 D PowerGaugeStats: store time index excecute sql: insert into stats_sw (time_index, uid,  allpower, bgpower) values (9814,10008,0,0)
06-14 15:02:23.992  1561  2082 D PowerGaugeStats: store all sw detail sql: insert into stats_sw_detail (time_index , uid, cputime, fgtime, mbdata, mbtime, wifidata, wifitime, wakelocktime, alarmcount, fullwakelocktime, gpstime, sensortime, cameratime, flashtime) values (9814,10008,0,0,0,0,0,0,0, 0, 0, 0, 0, 0, 0)
06-14 15:02:23.992  1561  2082 D PowerGaugeStats: store time index excecute sql: insert into stats_sw (time_index, uid,  allpower, bgpower) values (9814,10013,7,7)
06-14 15:02:23.993  1561  2082 D PowerGaugeStats: store all sw detail sql: insert into stats_sw_detail (time_index , uid, cputime, fgtime, mbdata, mbtime, wifidata, wifitime, wakelocktime, alarmcount, fullwakelocktime, gpstime, sensortime, cameratime, flashtime) values (9814,10013,0,0,0,0,0,0,0, 0, 0, 0, 0, 0, 0)
06-14 15:02:23.993  1561  2082 D PowerGaugeStats: store time index excecute sql: insert into stats_sw (time_index, uid,  allpower, bgpower) values (9814,10073,0,0)
06-14 15:02:23.993  1561  2082 D PowerGaugeStats: store all sw detail sql: insert into stats_sw_detail (time_index , uid, cputime, fgtime, mbdata, mbtime, wifidata, wifitime, wakelocktime, alarmcount, fullwakelocktime, gpstime, sensortime, cameratime, flashtime) values (9814,10073,0,0,0,0,0,0,0, 0, 0, 0, 0, 0, 0)
06-14 15:02:23.993  1561  2082 D PowerGaugeStats: store time index excecute sql: insert into stats_sw (time_index, uid,  allpower, bgpower) values (9814,10076,9,9)
06-14 15:02:23.994  1561  2082 D PowerGaugeStats: store all sw detail sql: insert into stats_sw_detail (time_index , uid, cputime, fgtime, mbdata, mbtime, wifidata, wifitime, wakelocktime, alarmcount, fullwakelocktime, gpstime, sensortime, cameratime, flashtime) values (9814,10076,0,0,0,0,0,0,0, 0, 0, 0, 0, 0, 0)
06-14 15:02:23.994  1561  2082 D PowerGaugeStats: store time index excecute sql: insert into stats_sw (time_index, uid,  allpower, bgpower) values (9814,10066,0,0)
06-14 15:02:23.994  1561  2082 D PowerGaugeStats: store all sw detail sql: insert into stats_sw_detail (time_index , uid, cputime, fgtime, mbdata, mbtime, wifidata, wifitime, wakelocktime, alarmcount, fullwakelocktime, gpstime, sensortime, cameratime, flashtime) values (9814,10066,0,0,0,0,0,0,0, 0, 0, 0, 0, 0, 0)
06-14 15:02:23.994  1561  2082 D PowerGaugeStats: store time index excecute sql: insert into stats_sw (time_index, uid,  allpower, bgpower) values (9814,10004,0,0)
06-14 15:02:23.995  1561  2082 D PowerGaugeStats: store all sw detail sql: insert into stats_sw_detail (time_index , uid, cputime, fgtime, mbdata, mbtime, wifidata, wifitime, wakelocktime, alarmcount, fullwakelocktime, gpstime, sensortime, cameratime, flashtime) values (9814,10004,0,0,0,0,0,0,0, 0, 0, 0, 0, 0, 0)
06-14 15:02:23.995  1561  2082 D PowerGaugeStats: store time index excecute sql: insert into stats_sw (time_index, uid,  allpower, bgpower) values (9814,10054,0,0)
06-14 15:02:23.995  1561  2082 D PowerGaugeStats: store all sw detail sql: insert into stats_sw_detail (time_index , uid, cputime, fgtime, mbdata, mbtime, wifidata, wifitime, wakelocktime, alarmcount, fullwakelocktime, gpstime, sensortime, cameratime, flashtime) values (9814,10054,0,0,0,0,0,0,0, 0, 0, 0, 0, 0, 0)
06-14 15:02:23.995  1561  2082 D PowerGaugeStats: store time index excecute sql: insert into stats_sw (time_index, uid,  allpower, bgpower) values (9814,10020,0,0)
06-14 15:02:23.996  1561  2082 D PowerGaugeStats: store all sw detail sql: insert into stats_sw_detail (time_index , uid, cputime, fgtime, mbdata, mbtime, wifidata, wifitime, wakelocktime, alarmcount, fullwakelocktime, gpstime, sensortime, cameratime, flashtime) values (9814,10020,0,0,0,0,0,0,0, 0, 0, 0, 0, 0, 0)
06-14 15:02:23.996  1561  2082 D PowerGaugeStats: store time index excecute sql: insert into stats_sw (time_index, uid,  allpower, bgpower) values (9814,10185,0,0)
06-14 15:02:23.996  1561  2082 D PowerGaugeStats: store all sw detail sql: insert into stats_sw_detail (time_index , uid, cputime, fgtime, mbdata, mbtime, wifidata, wifitime, wakelocktime, alarmcount, fullwakelocktime, gpstime, sensortime, cameratime, flashtime) values (9814,10185,0,0,0,0,0,0,0, 0, 0, 0, 0, 0, 0)
06-14 15:02:23.996  1561  2082 D PowerGaugeStats: store time index excecute sql: insert into stats_sw (time_index, uid,  allpower, bgpower) values (9814,10089,0,0)
06-14 15:02:23.997  1561  2082 D PowerGaugeStats: store all sw detail sql: insert into stats_sw_detail (time_index , uid, cputime, fgtime, mbdata, mbtime, wifidata, wifitime, wakelocktime, alarmcount, fullwakelocktime, gpstime, sensortime, cameratime, flashtime) values (9814,10089,0,0,0,0,0,0,0, 0, 0, 0, 0, 0, 0)
06-14 15:02:23.997  1561  2082 D PowerGaugeStats: store time index excecute sql: insert into stats_sw (time_index, uid,  allpower, bgpower) values (9814,10079,40,40)
06-14 15:02:23.997  1561  2082 D PowerGaugeStats: store all sw detail sql: insert into stats_sw_detail (time_index , uid, cputime, fgtime, mbdata, mbtime, wifidata, wifitime, wakelocktime, alarmcount, fullwakelocktime, gpstime, sensortime, cameratime, flashtime) values (9814,10079,1,0,0,0,0,0,0, 0, 0, 0, 0, 0, 0)
06-14 15:02:23.997  1561  2082 D PowerGaugeStats: store time index excecute sql: insert into stats_sw (time_index, uid,  allpower, bgpower) values (9814,10034,0,0)
06-14 15:02:23.998  1561  2082 D PowerGaugeStats: store all sw detail sql: insert into stats_sw_detail (time_index , uid, cputime, fgtime, mbdata, mbtime, wifidata, wifitime, wakelocktime, alarmcount, fullwakelocktime, gpstime, sensortime, cameratime, flashtime) values (9814,10034,0,0,0,0,0,0,0, 0, 0, 0, 0, 0, 0)
06-14 15:02:23.998  1561  2082 D PowerGaugeStats: store time index excecute sql: insert into stats_sw (time_index, uid,  allpower, bgpower) values (9814,10063,0,0)
06-14 15:02:23.998  1040  1040 D KeyguardUpdateMonitor: received broadcast android.intent.action.BATTERY_CHANGED
06-14 15:02:23.999  1561  2082 D PowerGaugeStats: store all sw detail sql: insert into stats_sw_detail (time_index , uid, cputime, fgtime, mbdata, mbtime, wifidata, wifitime, wakelocktime, alarmcount, fullwakelocktime, gpstime, sensortime, cameratime, flashtime) values (9814,10063,0,0,0,0,0,0,0, 0, 0, 0, 0, 0, 0)
06-14 15:02:23.999  1561  2082 D PowerGaugeStats: store time index excecute sql: insert into stats_sw (time_index, uid,  allpower, bgpower) values (9814,10074,34,34)
06-14 15:02:23.999  1040  1040 D FlymeBatteryMeterView: hashCode=122392665,level=100,pluggedIn=true,status=5
06-14 15:02:23.999  1040  1040 D FlymeBatteryMeterView: hashCode=296548458,level=100,pluggedIn=true,status=5
06-14 15:02:23.999  1040  1040 D FlymeBatteryMeterView: hashCode=720319172,level=100,pluggedIn=true,status=5
06-14 15:02:23.999  1561  2082 D PowerGaugeStats: store all sw detail sql: insert into stats_sw_detail (time_index , uid, cputime, fgtime, mbdata, mbtime, wifidata, wifitime, wakelocktime, alarmcount, fullwakelocktime, gpstime, sensortime, cameratime, flashtime) values (9814,10074,1,0,0,0,0,0,0, 0, 0, 0, 0, 0, 0)
06-14 15:02:24.000  1561  2082 D PowerGaugeStats: store time index excecute sql: insert into stats_sw (time_index, uid,  allpower, bgpower) values (9814,10057,0,0)
06-14 15:02:24.000  1561  2082 D PowerGaugeStats: store all sw detail sql: insert into stats_sw_detail (time_index , uid, cputime, fgtime, mbdata, mbtime, wifidata, wifitime, wakelocktime, alarmcount, fullwakelocktime, gpstime, sensortime, cameratime, flashtime) values (9814,10057,0,0,0,0,0,0,0, 0, 0, 0, 0, 0, 0)
06-14 15:02:24.000  1561  2082 D PowerGaugeStats: store time index excecute sql: insert into stats_sw (time_index, uid,  allpower, bgpower) values (9814,10005,0,0)
06-14 15:02:24.001  1561  2082 D PowerGaugeStats: store all sw detail sql: insert into stats_sw_detail (time_index , uid, cputime, fgtime, mbdata, mbtime, wifidata, wifitime, wakelocktime, alarmcount, fullwakelocktime, gpstime, sensortime, cameratime, flashtime) values (9814,10005,0,0,0,0,0,0,0, 0, 0, 0, 0, 0, 0)
06-14 15:02:24.001  1561  2082 D PowerGaugeStats: store time index excecute sql: insert into stats_sw (time_index, uid,  allpower, bgpower) values (9814,10072,0,0)
06-14 15:02:24.001  1561  2082 D PowerGaugeStats: store all sw detail sql: insert into stats_sw_detail (time_index , uid, cputime, fgtime, mbdata, mbtime, wifidata, wifitime, wakelocktime, alarmcount, fullwakelocktime, gpstime, sensortime, cameratime, flashtime) values (9814,10072,0,0,0,0,0,0,0, 0, 0, 0, 0, 0, 0)
06-14 15:02:24.001  1561  2082 D PowerGaugeStats: store time index excecute sql: insert into stats_sw (time_index, uid,  allpower, bgpower) values (9814,10048,0,0)
06-14 15:02:24.002  1561  2082 D PowerGaugeStats: store all sw detail sql: insert into stats_sw_detail (time_index , uid, cputime, fgtime, mbdata, mbtime, wifidata, wifitime, wakelocktime, alarmcount, fullwakelocktime, gpstime, sensortime, cameratime, flashtime) values (9814,10048,0,0,0,0,0,0,0, 0, 0, 0, 0, 0, 0)
06-14 15:02:24.002   301   939 D AudioSystem: +setParameters(): FM_DIRECT_CONTROL=0 
06-14 15:02:24.002  1561  2082 D PowerGaugeStats: store time index excecute sql: insert into stats_sw (time_index, uid,  allpower, bgpower) values (9814,10071,0,0)
06-14 15:02:24.002   301   939 I AudioFlinger: setParameters(): io 2, keyvalue FM_DIRECT_CONTROL=0, calling pid 301
06-14 15:02:24.002   301   939 D AudioFlinger_Threads: ThreadBase::setParameters() FM_DIRECT_CONTROL=0
06-14 15:02:24.002   301   939 D AudioFlinger_Threads: sendConfigEvent_l() num events 1 event 2
06-14 15:02:24.002  1561  2082 D PowerGaugeStats: store all sw detail sql: insert into stats_sw_detail (time_index , uid, cputime, fgtime, mbdata, mbtime, wifidata, wifitime, wakelocktime, alarmcount, fullwakelocktime, gpstime, sensortime, cameratime, flashtime) values (9814,10071,0,0,0,0,0,0,0, 0, 0, 0, 0, 0, 0)
06-14 15:02:24.002  1561  2082 D PowerGaugeStats: store time index excecute sql: insert into stats_sw (time_index, uid,  allpower, bgpower) values (9814,10028,0,0)
06-14 15:02:24.003  1561  2082 D PowerGaugeStats: store all sw detail sql: insert into stats_sw_detail (time_index , uid, cputime, fgtime, mbdata, mbtime, wifidata, wifitime, wakelocktime, alarmcount, fullwakelocktime, gpstime, sensortime, cameratime, flashtime) values (9814,10028,0,0,0,0,0,0,0, 0, 0, 0, 0, 0, 0)
06-14 15:02:24.003  1561  2082 D PowerGaugeStats: store time index excecute sql: insert into stats_sw (time_index, uid,  allpower, bgpower) values (9814,10016,0,0)
06-14 15:02:24.003  1561  2082 D PowerGaugeStats: store all sw detail sql: insert into stats_sw_detail (time_index , uid, cputime, fgtime, mbdata, mbtime, wifidata, wifitime, wakelocktime, alarmcount, fullwakelocktime, gpstime, sensortime, cameratime, flashtime) values (9814,10016,0,0,0,0,0,0,0, 0, 0, 0, 0, 0, 0)
06-14 15:02:24.003  1561  2082 D PowerGaugeStats: store time index excecute sql: insert into stats_sw (time_index, uid,  allpower, bgpower) values (9814,1001,20,20)
06-14 15:02:24.003  1561  2082 D PowerGaugeStats: store all sw detail sql: insert into stats_sw_detail (time_index , uid, cputime, fgtime, mbdata, mbtime, wifidata, wifitime, wakelocktime, alarmcount, fullwakelocktime, gpstime, sensortime, cameratime, flashtime) values (9814,1001,1,0,0,0,0,0,0, 0, 0, 0, 0, 0, 0)
06-14 15:02:24.004  1561  2082 D PowerGaugeStats: store time index excecute sql: insert into stats_sw (time_index, uid,  allpower, bgpower) values (9814,10058,0,0)
06-14 15:02:24.004  1561  2082 D PowerGaugeStats: store all sw detail sql: insert into stats_sw_detail (time_index , uid, cputime, fgtime, mbdata, mbtime, wifidata, wifitime, wakelocktime, alarmcount, fullwakelocktime, gpstime, sensortime, cameratime, flashtime) values (9814,10058,0,0,0,0,0,0,0, 0, 0, 0, 0, 0, 0)
06-14 15:02:24.004  1561  2082 D PowerGaugeStats: store time index excecute sql: insert into stats_sw (time_index, uid,  allpower, bgpower) values (9814,10070,0,0)
06-14 15:02:24.004   301   944 D AudioFlinger_Threads: processConfigEvents_l() remaining events 1
06-14 15:02:24.004   301   944 D AudioALSAStreamOut: +setParameters(): FM_DIRECT_CONTROL=0
06-14 15:02:24.004   301   944 D AudioALSAStreamOut: -setParameters(): FM_DIRECT_CONTROL=0 
06-14 15:02:24.004   301   939 D AudioSystem: -setParameters(): FM_DIRECT_CONTROL=0 
06-14 15:02:24.005  1561  2082 D PowerGaugeStats: store all sw detail sql: insert into stats_sw_detail (time_index , uid, cputime, fgtime, mbdata, mbtime, wifidata, wifitime, wakelocktime, alarmcount, fullwakelocktime, gpstime, sensortime, cameratime, flashtime) values (9814,10070,0,0,0,0,0,0,0, 0, 0, 0, 0, 0, 0)
06-14 15:02:24.005  1561  2082 D PowerGaugeStats: store time index excecute sql: insert into stats_sw (time_index, uid,  allpower, bgpower) values (9814,1000,1,0)
06-14 15:02:24.005  1561  2082 D PowerGaugeStats: store all sw detail sql: insert into stats_sw_detail (time_index , uid, cputime, fgtime, mbdata, mbtime, wifidata, wifitime, wakelocktime, alarmcount, fullwakelocktime, gpstime, sensortime, cameratime, flashtime) values (9814,1000,0,0,0,0,0,0,0, 0, 0, 0, 85, 0, 0)
06-14 15:02:24.005  1561  2082 D PowerGaugeStats: store time index excecute sql: insert into stats_sw (time_index, uid,  allpower, bgpower) values (9814,10015,0,0)
06-14 15:02:24.006  1561  2082 D PowerGaugeStats: store all sw detail sql: insert into stats_sw_detail (time_index , uid, cputime, fgtime, mbdata, mbtime, wifidata, wifitime, wakelocktime, alarmcount, fullwakelocktime, gpstime, sensortime, cameratime, flashtime) values (9814,10015,0,0,0,0,0,0,0, 0, 0, 0, 0, 0, 0)
06-14 15:02:24.006  1561  2082 D PowerGaugeStats: store time index excecute sql: insert into stats_sw (time_index, uid,  allpower, bgpower) values (9814,1019,0,0)
06-14 15:02:24.006  1561  2082 D PowerGaugeStats: store all sw detail sql: insert into stats_sw_detail (time_index , uid, cputime, fgtime, mbdata, mbtime, wifidata, wifitime, wakelocktime, alarmcount, fullwakelocktime, gpstime, sensortime, cameratime, flashtime) values (9814,1019,0,0,0,0,0,0,0, 0, 0, 0, 0, 0, 0)
06-14 15:02:24.006  1561  2082 D PowerGaugeStats: store time index excecute sql: insert into stats_sw (time_index, uid,  allpower, bgpower) values (9814,10056,0,0)
06-14 15:02:24.006  1561  2082 D PowerGaugeStats: store all sw detail sql: insert into stats_sw_detail (time_index , uid, cputime, fgtime, mbdata, mbtime, wifidata, wifitime, wakelocktime, alarmcount, fullwakelocktime, gpstime, sensortime, cameratime, flashtime) values (9814,10056,0,0,0,0,0,0,0, 0, 0, 0, 0, 0, 0)
06-14 15:02:24.007  1561  2082 D PowerGaugeStats: store time index excecute sql: insert into stats_sw (time_index, uid,  allpower, bgpower) values (9814,10060,0,0)
06-14 15:02:24.007  1561  2082 D PowerGaugeStats: store all sw detail sql: insert into stats_sw_detail (time_index , uid, cputime, fgtime, mbdata, mbtime, wifidata, wifitime, wakelocktime, alarmcount, fullwakelocktime, gpstime, sensortime, cameratime, flashtime) values (9814,10060,0,0,0,0,0,0,0, 0, 0, 0, 0, 0, 0)
06-14 15:02:24.007  1561  2082 D PowerGaugeStats: store time index excecute sql: insert into stats_sw (time_index, uid,  allpower, bgpower) values (9814,10032,0,0)
06-14 15:02:24.007  1561  2082 D PowerGaugeStats: store all sw detail sql: insert into stats_sw_detail (time_index , uid, cputime, fgtime, mbdata, mbtime, wifidata, wifitime, wakelocktime, alarmcount, fullwakelocktime, gpstime, sensortime, cameratime, flashtime) values (9814,10032,0,0,0,0,0,0,0, 0, 0, 0, 0, 0, 0)
06-14 15:02:24.008  1561  2082 D PowerGaugeStats: store time index excecute sql: insert into stats_sw (time_index, uid,  allpower, bgpower) values (9814,10035,0,0)
06-14 15:02:24.008  1561  2082 D PowerGaugeStats: store all sw detail sql: insert into stats_sw_detail (time_index , uid, cputime, fgtime, mbdata, mbtime, wifidata, wifitime, wakelocktime, alarmcount, fullwakelocktime, gpstime, sensortime, cameratime, flashtime) values (9814,10035,0,0,0,0,0,0,0, 0, 0, 0, 0, 0, 0)
06-14 15:02:24.008  1561  2082 D PowerGaugeStats: store time index excecute sql: insert into stats_sw (time_index, uid,  allpower, bgpower) values (9814,10017,0,0)
06-14 15:02:24.008  1561  2082 D PowerGaugeStats: store all sw detail sql: insert into stats_sw_detail (time_index , uid, cputime, fgtime, mbdata, mbtime, wifidata, wifitime, wakelocktime, alarmcount, fullwakelocktime, gpstime, sensortime, cameratime, flashtime) values (9814,10017,0,0,0,0,0,0,0, 0, 0, 0, 0, 0, 0)
06-14 15:02:24.009  1561  2082 D PowerGaugeStats: store time index excecute sql: insert into stats_sw (time_index, uid,  allpower, bgpower) values (9814,10014,0,0)
06-14 15:02:24.009  1561  2082 D PowerGaugeStats: store all sw detail sql: insert into stats_sw_detail (time_index , uid, cputime, fgtime, mbdata, mbtime, wifidata, wifitime, wakelocktime, alarmcount, fullwakelocktime, gpstime, sensortime, cameratime, flashtime) values (9814,10014,0,0,0,0,0,0,0, 0, 0, 0, 0, 0, 0)
06-14 15:02:24.009  1561  2082 D PowerGaugeStats: store time index excecute sql: insert into stats_sw (time_index, uid,  allpower, bgpower) values (9814,10043,0,0)
06-14 15:02:24.009  1561  2082 D PowerGaugeStats: store all sw detail sql: insert into stats_sw_detail (time_index , uid, cputime, fgtime, mbdata, mbtime, wifidata, wifitime, wakelocktime, alarmcount, fullwakelocktime, gpstime, sensortime, cameratime, flashtime) values (9814,10043,0,0,0,0,0,0,0, 0, 0, 0, 0, 0, 0)
06-14 15:02:24.009  1561  2082 D PowerGaugeStats: store time index excecute sql: insert into stats_sw (time_index, uid,  allpower, bgpower) values (9814,10011,0,0)
06-14 15:02:24.010  1561  2082 D PowerGaugeStats: store all sw detail sql: insert into stats_sw_detail (time_index , uid, cputime, fgtime, mbdata, mbtime, wifidata, wifitime, wakelocktime, alarmcount, fullwakelocktime, gpstime, sensortime, cameratime, flashtime) values (9814,10011,0,0,0,0,0,0,0, 0, 0, 0, 0, 0, 0)
06-14 15:02:24.010  1561  2082 D PowerGaugeStats: store time index excecute sql: insert into stats_sw (time_index, uid,  allpower, bgpower) values (9814,10009,0,0)
06-14 15:02:24.010  1561  2082 D PowerGaugeStats: store all sw detail sql: insert into stats_sw_detail (time_index , uid, cputime, fgtime, mbdata, mbtime, wifidata, wifitime, wakelocktime, alarmcount, fullwakelocktime, gpstime, sensortime, cameratime, flashtime) values (9814,10009,0,0,0,0,0,0,0, 0, 0, 0, 0, 0, 0)
06-14 15:02:24.010  1561  2082 D PowerGaugeStats: store time index excecute sql: insert into stats_sw (time_index, uid,  allpower, bgpower) values (9814,10061,0,0)
06-14 15:02:24.011  1561  2082 D PowerGaugeStats: store all sw detail sql: insert into stats_sw_detail (time_index , uid, cputime, fgtime, mbdata, mbtime, wifidata, wifitime, wakelocktime, alarmcount, fullwakelocktime, gpstime, sensortime, cameratime, flashtime) values (9814,10061,0,0,0,0,0,0,0, 0, 0, 0, 0, 0, 0)
06-14 15:02:24.011  1561  2082 D PowerGaugeStats: store time index excecute sql: insert into stats_sw (time_index, uid,  allpower, bgpower) values (9814,10100,0,0)
06-14 15:02:24.011  1561  2082 D PowerGaugeStats: store all sw detail sql: insert into stats_sw_detail (time_index , uid, cputime, fgtime, mbdata, mbtime, wifidata, wifitime, wakelocktime, alarmcount, fullwakelocktime, gpstime, sensortime, cameratime, flashtime) values (9814,10100,0,0,0,0,0,0,0, 0, 0, 0, 0, 0, 0)
06-14 15:02:24.011  1561  2082 D PowerGaugeStats: store time index excecute sql: insert into stats_sw (time_index, uid,  allpower, bgpower) values (9814,1338,0,0)
06-14 15:02:24.012  1561  2082 D PowerGaugeStats: store all sw detail sql: insert into stats_sw_detail (time_index , uid, cputime, fgtime, mbdata, mbtime, wifidata, wifitime, wakelocktime, alarmcount, fullwakelocktime, gpstime, sensortime, cameratime, flashtime) values (9814,1338,0,0,0,0,0,0,0, 0, 0, 0, 0, 0, 0)
06-14 15:02:24.012  1561  2082 D PowerGaugeStats: store time index excecute sql: insert into stats_sw (time_index, uid,  allpower, bgpower) values (9814,10249,9,9)
06-14 15:02:24.012  1561  2082 D PowerGaugeStats: store all sw detail sql: insert into stats_sw_detail (time_index , uid, cputime, fgtime, mbdata, mbtime, wifidata, wifitime, wakelocktime, alarmcount, fullwakelocktime, gpstime, sensortime, cameratime, flashtime) values (9814,10249,0,0,0,0,0,0,0, 0, 0, 0, 0, 0, 0)
06-14 15:02:24.012  1561  2082 D PowerGaugeStats: store time index excecute sql: insert into stats_sw (time_index, uid,  allpower, bgpower) values (9814,10018,0,0)
06-14 15:02:24.013  1561  2082 D PowerGaugeStats: store all sw detail sql: insert into stats_sw_detail (time_index , uid, cputime, fgtime, mbdata, mbtime, wifidata, wifitime, wakelocktime, alarmcount, fullwakelocktime, gpstime, sensortime, cameratime, flashtime) values (9814,10018,0,0,0,0,0,0,0, 0, 0, 0, 0, 0, 0)
06-14 15:02:24.013  1561  2082 D PowerGaugeStats: store time index excecute sql: insert into stats_sw (time_index, uid,  allpower, bgpower) values (9814,10044,0,0)
06-14 15:02:24.013  1561  2082 D PowerGaugeStats: store all sw detail sql: insert into stats_sw_detail (time_index , uid, cputime, fgtime, mbdata, mbtime, wifidata, wifitime, wakelocktime, alarmcount, fullwakelocktime, gpstime, sensortime, cameratime, flashtime) values (9814,10044,0,0,0,0,0,0,0, 0, 0, 0, 0, 0, 0)
06-14 15:02:24.013  1561  2082 D PowerGaugeStats: store time index excecute sql: insert into stats_sw (time_index, uid,  allpower, bgpower) values (9814,10042,0,0)
06-14 15:02:24.014  1561  2082 D PowerGaugeStats: store all sw detail sql: insert into stats_sw_detail (time_index , uid, cputime, fgtime, mbdata, mbtime, wifidata, wifitime, wakelocktime, alarmcount, fullwakelocktime, gpstime, sensortime, cameratime, flashtime) values (9814,10042,0,0,0,0,0,0,0, 0, 0, 0, 0, 0, 0)
06-14 15:02:24.014  1561  2082 D PowerGaugeStats: store time index excecute sql: insert into stats_sw (time_index, uid,  allpower, bgpower) values (9814,10055,0,0)
06-14 15:02:24.014  1561  2082 D PowerGaugeStats: store all sw detail sql: insert into stats_sw_detail (time_index , uid, cputime, fgtime, mbdata, mbtime, wifidata, wifitime, wakelocktime, alarmcount, fullwakelocktime, gpstime, sensortime, cameratime, flashtime) values (9814,10055,0,0,0,0,0,0,0, 0, 0, 0, 0, 0, 0)
06-14 15:02:24.014  1561  2082 D PowerGaugeStats: store time index excecute sql: insert into stats_sw (time_index, uid,  allpower, bgpower) values (9814,10064,0,0)
06-14 15:02:24.014  1561  2082 D PowerGaugeStats: store all sw detail sql: insert into stats_sw_detail (time_index , uid, cputime, fgtime, mbdata, mbtime, wifidata, wifitime, wakelocktime, alarmcount, fullwakelocktime, gpstime, sensortime, cameratime, flashtime) values (9814,10064,0,0,0,0,0,0,0, 0, 0, 0, 0, 0, 0)
06-14 15:02:24.015  1561  2082 D PowerGaugeStats: store time index excecute sql: insert into stats_sw (time_index, uid,  allpower, bgpower) values (9814,10046,0,0)
06-14 15:02:24.015  1561  2082 D PowerGaugeStats: store all sw detail sql: insert into stats_sw_detail (time_index , uid, cputime, fgtime, mbdata, mbtime, wifidata, wifitime, wakelocktime, alarmcount, fullwakelocktime, gpstime, sensortime, cameratime, flashtime) values (9814,10046,0,0,0,0,0,0,0, 0, 0, 0, 0, 0, 0)
06-14 15:02:24.016  1040  1040 I KeyguardUpdateMonitor: handleBatteryUpdate index=0 updateInteresting=false
06-14 15:02:24.016  1561  2082 D PowerGaugeStats: store time index excecute sql: insert into stats_sw (time_index, uid,  allpower, bgpower) values (9814,10007,0,0)
06-14 15:02:24.016  1561  2082 D PowerGaugeStats: store all sw detail sql: insert into stats_sw_detail (time_index , uid, cputime, fgtime, mbdata, mbtime, wifidata, wifitime, wakelocktime, alarmcount, fullwakelocktime, gpstime, sensortime, cameratime, flashtime) values (9814,10007,0,0,0,0,0,0,0, 0, 0, 0, 0, 0, 0)
06-14 15:02:24.016  1561  2082 D PowerGaugeStats: store time index excecute sql: insert into stats_sw (time_index, uid,  allpower, bgpower) values (9814,10041,0,0)
06-14 15:02:24.017  1561  2082 D PowerGaugeStats: store all sw detail sql: insert into stats_sw_detail (time_index , uid, cputime, fgtime, mbdata, mbtime, wifidata, wifitime, wakelocktime, alarmcount, fullwakelocktime, gpstime, sensortime, cameratime, flashtime) values (9814,10041,0,0,0,0,0,0,0, 0, 0, 0, 0, 0, 0)
06-14 15:02:24.017  1561  2082 D PowerGaugeStats: store time index excecute sql: insert into stats_sw (time_index, uid,  allpower, bgpower) values (9814,10030,0,0)
06-14 15:02:24.017  1561  2082 D PowerGaugeStats: store all sw detail sql: insert into stats_sw_detail (time_index , uid, cputime, fgtime, mbdata, mbtime, wifidata, wifitime, wakelocktime, alarmcount, fullwakelocktime, gpstime, sensortime, cameratime, flashtime) values (9814,10030,0,0,0,0,0,0,0, 0, 0, 0, 0, 0, 0)
06-14 15:02:24.018  1561  2082 D PowerGaugeStats: store time index excecute sql: insert into stats_sw (time_index, uid,  allpower, bgpower) values (9814,2000,149,149)
06-14 15:02:24.018  1561  2082 D PowerGaugeStats: store all sw detail sql: insert into stats_sw_detail (time_index , uid, cputime, fgtime, mbdata, mbtime, wifidata, wifitime, wakelocktime, alarmcount, fullwakelocktime, gpstime, sensortime, cameratime, flashtime) values (9814,2000,3,0,0,0,0,0,0, 0, 0, 0, 0, 0, 0)
06-14 15:02:24.018  1561  2082 D PowerGaugeStats: store time index excecute sql: insert into stats_sw (time_index, uid,  allpower, bgpower) values (9814,10069,15,15)
06-14 15:02:24.019  1561  2082 D PowerGaugeStats: store all sw detail sql: insert into stats_sw_detail (time_index , uid, cputime, fgtime, mbdata, mbtime, wifidata, wifitime, wakelocktime, alarmcount, fullwakelocktime, gpstime, sensortime, cameratime, flashtime) values (9814,10069,0,42,0,0,0,0,0, 0, 0, 0, 0, 0, 0)
06-14 15:02:24.019  1561  2082 D PowerGaugeStats: store time index excecute sql: insert into stats_sw (time_index, uid,  allpower, bgpower) values (9814,0,0,0)
06-14 15:02:24.019  1561  2082 D PowerGaugeStats: store all sw detail sql: insert into stats_sw_detail (time_index , uid, cputime, fgtime, mbdata, mbtime, wifidata, wifitime, wakelocktime, alarmcount, fullwakelocktime, gpstime, sensortime, cameratime, flashtime) values (9814,0,0,0,0,0,0,0,0, 0, 0, 0, 0, 0, 0)
06-14 15:02:24.019  1561  2082 D PowerGaugeStats: store time index excecute sql: insert into stats_sw (time_index, uid,  allpower, bgpower) values (9814,10010,0,0)
06-14 15:02:24.020  1561  2082 D PowerGaugeStats: store all sw detail sql: insert into stats_sw_detail (time_index , uid, cputime, fgtime, mbdata, mbtime, wifidata, wifitime, wakelocktime, alarmcount, fullwakelocktime, gpstime, sensortime, cameratime, flashtime) values (9814,10010,0,0,0,0,0,0,0, 0, 0, 0, 0, 0, 0)
06-14 15:02:24.020  1561  2082 D PowerGaugeStats: store time index excecute sql: insert into stats_sw (time_index, uid,  allpower, bgpower) values (9814,10093,23,23)
06-14 15:02:24.020  1561  2082 D PowerGaugeStats: store all sw detail sql: insert into stats_sw_detail (time_index , uid, cputime, fgtime, mbdata, mbtime, wifidata, wifitime, wakelocktime, alarmcount, fullwakelocktime, gpstime, sensortime, cameratime, flashtime) values (9814,10093,0,0,0,0,0,0,0, 0, 0, 0, 0, 0, 0)
06-14 15:02:24.020  1561  2082 D PowerGaugeStats: store time index excecute sql: insert into stats_sw (time_index, uid,  allpower, bgpower) values (9814,10012,0,0)
06-14 15:02:24.021  1561  2082 D PowerGaugeStats: store all sw detail sql: insert into stats_sw_detail (time_index , uid, cputime, fgtime, mbdata, mbtime, wifidata, wifitime, wakelocktime, alarmcount, fullwakelocktime, gpstime, sensortime, cameratime, flashtime) values (9814,10012,0,0,0,0,0,0,0, 0, 0, 0, 0, 0, 0)
06-14 15:02:24.021  1561  2082 D PowerGaugeStats: store time index excecute sql: insert into stats_sw (time_index, uid,  allpower, bgpower) values (9814,10037,0,0)
06-14 15:02:24.021  1561  2082 D PowerGaugeStats: store all sw detail sql: insert into stats_sw_detail (time_index , uid, cputime, fgtime, mbdata, mbtime, wifidata, wifitime, wakelocktime, alarmcount, fullwakelocktime, gpstime, sensortime, cameratime, flashtime) values (9814,10037,0,0,0,0,0,0,0, 0, 0, 0, 0, 0, 0)
06-14 15:02:24.021  1561  2082 D PowerGaugeStats: store time index excecute sql: insert into stats_sw (time_index, uid,  allpower, bgpower) values (9814,10051,0,0)
06-14 15:02:24.021  1561  2082 D PowerGaugeStats: store all sw detail sql: insert into stats_sw_detail (time_index , uid, cputime, fgtime, mbdata, mbtime, wifidata, wifitime, wakelocktime, alarmcount, fullwakelocktime, gpstime, sensortime, cameratime, flashtime) values (9814,10051,0,0,0,0,0,0,0, 0, 0, 0, 0, 0, 0)
06-14 15:02:24.022  1561  2082 D PowerGaugeStats: store time index excecute sql: insert into stats_sw (time_index, uid,  allpower, bgpower) values (9814,10000,0,0)
06-14 15:02:24.022  1561  2082 D PowerGaugeStats: store all sw detail sql: insert into stats_sw_detail (time_index , uid, cputime, fgtime, mbdata, mbtime, wifidata, wifitime, wakelocktime, alarmcount, fullwakelocktime, gpstime, sensortime, cameratime, flashtime) values (9814,10000,0,0,0,0,0,0,0, 0, 0, 0, 0, 0, 0)
06-14 15:02:24.022  1561  2082 D PowerGaugeStats: store time index excecute sql: insert into stats_sw (time_index, uid,  allpower, bgpower) values (9814,10006,0,0)
06-14 15:02:24.023  1561  2082 D PowerGaugeStats: store all sw detail sql: insert into stats_sw_detail (time_index , uid, cputime, fgtime, mbdata, mbtime, wifidata, wifitime, wakelocktime, alarmcount, fullwakelocktime, gpstime, sensortime, cameratime, flashtime) values (9814,10006,0,0,0,0,0,0,0, 0, 0, 0, 0, 0, 0)
06-14 15:02:24.023  1561  2082 D PowerGaugeStats: store time index excecute sql: insert into stats_sw (time_index, uid,  allpower, bgpower) values (9814,10062,0,0)
06-14 15:02:24.023  1561  2082 D PowerGaugeStats: store all sw detail sql: insert into stats_sw_detail (time_index , uid, cputime, fgtime, mbdata, mbtime, wifidata, wifitime, wakelocktime, alarmcount, fullwakelocktime, gpstime, sensortime, cameratime, flashtime) values (9814,10062,0,0,0,0,0,0,0, 0, 0, 0, 0, 0, 0)
06-14 15:02:24.023  1561  2082 D PowerGaugeStats: store time index excecute sql: insert into stats_sw (time_index, uid,  allpower, bgpower) values (9814,10026,0,0)
06-14 15:02:24.023  1561  2082 D PowerGaugeStats: store all sw detail sql: insert into stats_sw_detail (time_index , uid, cputime, fgtime, mbdata, mbtime, wifidata, wifitime, wakelocktime, alarmcount, fullwakelocktime, gpstime, sensortime, cameratime, flashtime) values (9814,10026,0,0,0,0,0,0,0, 0, 0, 0, 0, 0, 0)
06-14 15:02:24.024  1561  2082 D PowerGaugeStats: delete record in db: stats_bg_sw_detail < time: 13-15-02-23
06-14 15:02:24.024  1561  2082 D PowerGaugeStats: store bg detail excecute sql: insert into stats_bg_sw_detail (time_index,uid,cputime_bg,bgtime,mbdata_bg,mbtime_bg,wifidata_bg,wifitime_bg,wakelocktime_bg,alarmcount_bg,fullwakelocktime_bg,gpstime_bg,sensortime_bg,cameratime_bg,flashtime_bg) values (9814,10033,0,42,0,0,0,0,0,0,0,0,0,0,0)
06-14 15:02:24.025  1561  2082 D PowerGaugeStats: store bg detail excecute sql: insert into stats_bg_sw_detail (time_index,uid,cputime_bg,bgtime,mbdata_bg,mbtime_bg,wifidata_bg,wifitime_bg,wakelocktime_bg,alarmcount_bg,fullwakelocktime_bg,gpstime_bg,sensortime_bg,cameratime_bg,flashtime_bg) values (9814,10059,0,42,0,0,0,0,0,0,0,0,0,0,0)
06-14 15:02:24.025  1561  2082 D PowerGaugeStats: store bg detail excecute sql: insert into stats_bg_sw_detail (time_index,uid,cputime_bg,bgtime,mbdata_bg,mbtime_bg,wifidata_bg,wifitime_bg,wakelocktime_bg,alarmcount_bg,fullwakelocktime_bg,gpstime_bg,sensortime_bg,cameratime_bg,flashtime_bg) values (9814,10027,7,42,0,0,0,0,0,0,0,0,0,0,0)
06-14 15:02:24.025  1561  2082 D PowerGaugeStats: store bg detail excecute sql: insert into stats_bg_sw_detail (time_index,uid,cputime_bg,bgtime,mbdata_bg,mbtime_bg,wifidata_bg,wifitime_bg,wakelocktime_bg,alarmcount_bg,fullwakelocktime_bg,gpstime_bg,sensortime_bg,cameratime_bg,flashtime_bg) values (9814,10053,0,42,0,0,0,0,0,0,0,0,0,0,0)
06-14 15:02:24.025  1561  2082 D PowerGaugeStats: store bg detail excecute sql: insert into stats_bg_sw_detail (time_index,uid,cputime_bg,bgtime,mbdata_bg,mbtime_bg,wifidata_bg,wifitime_bg,wakelocktime_bg,alarmcount_bg,fullwakelocktime_bg,gpstime_bg,sensortime_bg,cameratime_bg,flashtime_bg) values (9814,10040,0,42,0,0,0,0,0,0,0,0,0,0,0)
06-14 15:02:24.026  1561  2082 D PowerGaugeStats: store bg detail excecute sql: insert into stats_bg_sw_detail (time_index,uid,cputime_bg,bgtime,mbdata_bg,mbtime_bg,wifidata_bg,wifitime_bg,wakelocktime_bg,alarmcount_bg,fullwakelocktime_bg,gpstime_bg,sensortime_bg,cameratime_bg,flashtime_bg) values (9814,10003,0,42,0,0,0,0,0,0,0,0,0,0,0)
06-14 15:02:24.026  1561  2082 D PowerGaugeStats: store bg detail excecute sql: insert into stats_bg_sw_detail (time_index,uid,cputime_bg,bgtime,mbdata_bg,mbtime_bg,wifidata_bg,wifitime_bg,wakelocktime_bg,alarmcount_bg,fullwakelocktime_bg,gpstime_bg,sensortime_bg,cameratime_bg,flashtime_bg) values (9814,10095,0,42,0,0,0,0,0,0,0,0,0,0,0)
06-14 15:02:24.026  1561  2082 D PowerGaugeStats: store bg detail excecute sql: insert into stats_bg_sw_detail (time_index,uid,cputime_bg,bgtime,mbdata_bg,mbtime_bg,wifidata_bg,wifitime_bg,wakelocktime_bg,alarmcount_bg,fullwakelocktime_bg,gpstime_bg,sensortime_bg,cameratime_bg,flashtime_bg) values (9814,10052,0,42,0,0,0,0,0,0,0,0,0,0,0)
06-14 15:02:24.027  1561  2082 D PowerGaugeStats: store bg detail excecute sql: insert into stats_bg_sw_detail (time_index,uid,cputime_bg,bgtime,mbdata_bg,mbtime_bg,wifidata_bg,wifitime_bg,wakelocktime_bg,alarmcount_bg,fullwakelocktime_bg,gpstime_bg,sensortime_bg,cameratime_bg,flashtime_bg) values (9814,10022,0,42,0,0,0,0,0,0,0,0,0,0,0)
06-14 15:02:24.027  1561  2082 D PowerGaugeStats: store bg detail excecute sql: insert into stats_bg_sw_detail (time_index,uid,cputime_bg,bgtime,mbdata_bg,mbtime_bg,wifidata_bg,wifitime_bg,wakelocktime_bg,alarmcount_bg,fullwakelocktime_bg,gpstime_bg,sensortime_bg,cameratime_bg,flashtime_bg) values (9814,10008,0,42,0,0,0,0,0,0,0,0,0,0,0)
06-14 15:02:24.027  1561  2082 D PowerGaugeStats: store bg detail excecute sql: insert into stats_bg_sw_detail (time_index,uid,cputime_bg,bgtime,mbdata_bg,mbtime_bg,wifidata_bg,wifitime_bg,wakelocktime_bg,alarmcount_bg,fullwakelocktime_bg,gpstime_bg,sensortime_bg,cameratime_bg,flashtime_bg) values (9814,10013,0,42,0,0,0,0,0,0,0,0,0,0,0)
06-14 15:02:24.027  1561  2082 D PowerGaugeStats: store bg detail excecute sql: insert into stats_bg_sw_detail (time_index,uid,cputime_bg,bgtime,mbdata_bg,mbtime_bg,wifidata_bg,wifitime_bg,wakelocktime_bg,alarmcount_bg,fullwakelocktime_bg,gpstime_bg,sensortime_bg,cameratime_bg,flashtime_bg) values (9814,1021,0,0,0,0,0,0,0,0,0,0,0,0,0)
06-14 15:02:24.028  1561  2082 D PowerGaugeStats: store bg detail excecute sql: insert into stats_bg_sw_detail (time_index,uid,cputime_bg,bgtime,mbdata_bg,mbtime_bg,wifidata_bg,wifitime_bg,wakelocktime_bg,alarmcount_bg,fullwakelocktime_bg,gpstime_bg,sensortime_bg,cameratime_bg,flashtime_bg) values (9814,10073,0,42,0,0,0,0,0,0,0,0,0,0,0)
06-14 15:02:24.028  1561  2082 D PowerGaugeStats: store bg detail excecute sql: insert into stats_bg_sw_detail (time_index,uid,cputime_bg,bgtime,mbdata_bg,mbtime_bg,wifidata_bg,wifitime_bg,wakelocktime_bg,alarmcount_bg,fullwakelocktime_bg,gpstime_bg,sensortime_bg,cameratime_bg,flashtime_bg) values (9814,10076,0,42,0,0,0,0,0,0,0,0,0,0,0)
06-14 15:02:24.028  1561  2082 D PowerGaugeStats: store bg detail excecute sql: insert into stats_bg_sw_detail (time_index,uid,cputime_bg,bgtime,mbdata_bg,mbtime_bg,wifidata_bg,wifitime_bg,wakelocktime_bg,alarmcount_bg,fullwakelocktime_bg,gpstime_bg,sensortime_bg,cameratime_bg,flashtime_bg) values (9814,10066,0,42,0,0,0,0,0,0,0,0,0,0,0)
06-14 15:02:24.029  1561  2082 D PowerGaugeStats: store bg detail excecute sql: insert into stats_bg_sw_detail (time_index,uid,cputime_bg,bgtime,mbdata_bg,mbtime_bg,wifidata_bg,wifitime_bg,wakelocktime_bg,alarmcount_bg,fullwakelocktime_bg,gpstime_bg,sensortime_bg,cameratime_bg,flashtime_bg) values (9814,10004,0,42,0,0,0,0,0,0,0,0,0,0,0)
06-14 15:02:24.029  1561  2082 D PowerGaugeStats: store bg detail excecute sql: insert into stats_bg_sw_detail (time_index,uid,cputime_bg,bgtime,mbdata_bg,mbtime_bg,wifidata_bg,wifitime_bg,wakelocktime_bg,alarmcount_bg,fullwakelocktime_bg,gpstime_bg,sensortime_bg,cameratime_bg,flashtime_bg) values (9814,10054,0,42,0,0,0,0,0,0,0,0,0,0,0)
06-14 15:02:24.029  1561  2082 D PowerGaugeStats: store bg detail excecute sql: insert into stats_bg_sw_detail (time_index,uid,cputime_bg,bgtime,mbdata_bg,mbtime_bg,wifidata_bg,wifitime_bg,wakelocktime_bg,alarmcount_bg,fullwakelocktime_bg,gpstime_bg,sensortime_bg,cameratime_bg,flashtime_bg) values (9814,10020,0,42,0,0,0,0,0,0,0,0,0,0,0)
06-14 15:02:24.029  1561  2082 D PowerGaugeStats: store bg detail excecute sql: insert into stats_bg_sw_detail (time_index,uid,cputime_bg,bgtime,mbdata_bg,mbtime_bg,wifidata_bg,wifitime_bg,wakelocktime_bg,alarmcount_bg,fullwakelocktime_bg,gpstime_bg,sensortime_bg,cameratime_bg,flashtime_bg) values (9814,10185,0,42,0,0,0,0,0,0,0,0,0,0,0)
06-14 15:02:24.030  1561  2082 D PowerGaugeStats: store bg detail excecute sql: insert into stats_bg_sw_detail (time_index,uid,cputime_bg,bgtime,mbdata_bg,mbtime_bg,wifidata_bg,wifitime_bg,wakelocktime_bg,alarmcount_bg,fullwakelocktime_bg,gpstime_bg,sensortime_bg,cameratime_bg,flashtime_bg) values (9814,10089,0,42,0,0,0,0,0,0,0,0,0,0,0)
06-14 15:02:24.030  1561  2082 D PowerGaugeStats: store bg detail excecute sql: insert into stats_bg_sw_detail (time_index,uid,cputime_bg,bgtime,mbdata_bg,mbtime_bg,wifidata_bg,wifitime_bg,wakelocktime_bg,alarmcount_bg,fullwakelocktime_bg,gpstime_bg,sensortime_bg,cameratime_bg,flashtime_bg) values (9814,10133,0,0,0,0,0,0,0,0,0,0,0,0,0)
06-14 15:02:24.030  1561  2082 D PowerGaugeStats: store bg detail excecute sql: insert into stats_bg_sw_detail (time_index,uid,cputime_bg,bgtime,mbdata_bg,mbtime_bg,wifidata_bg,wifitime_bg,wakelocktime_bg,alarmcount_bg,fullwakelocktime_bg,gpstime_bg,sensortime_bg,cameratime_bg,flashtime_bg) values (9814,10079,1,42,0,0,0,0,0,0,0,0,0,0,0)
06-14 15:02:24.031  1561  2082 D PowerGaugeStats: store bg detail excecute sql: insert into stats_bg_sw_detail (time_index,uid,cputime_bg,bgtime,mbdata_bg,mbtime_bg,wifidata_bg,wifitime_bg,wakelocktime_bg,alarmcount_bg,fullwakelocktime_bg,gpstime_bg,sensortime_bg,cameratime_bg,flashtime_bg) values (9814,10034,0,42,0,0,0,0,0,0,0,0,0,0,0)
06-14 15:02:24.031  1561  2082 D PowerGaugeStats: store bg detail excecute sql: insert into stats_bg_sw_detail (time_index,uid,cputime_bg,bgtime,mbdata_bg,mbtime_bg,wifidata_bg,wifitime_bg,wakelocktime_bg,alarmcount_bg,fullwakelocktime_bg,gpstime_bg,sensortime_bg,cameratime_bg,flashtime_bg) values (9814,10063,0,42,0,0,0,0,0,0,0,0,0,0,0)
06-14 15:02:24.031 32424 32424 D BgTest  : uiCount 95  +3
06-14 15:02:24.031  1561  2082 D PowerGaugeStats: store bg detail excecute sql: insert into stats_bg_sw_detail (time_index,uid,cputime_bg,bgtime,mbdata_bg,mbtime_bg,wifidata_bg,wifitime_bg,wakelocktime_bg,alarmcount_bg,fullwakelocktime_bg,gpstime_bg,sensortime_bg,cameratime_bg,flashtime_bg) values (9814,10074,1,42,0,0,0,0,0,0,0,0,0,0,0)
06-14 15:02:24.031  1561  2082 D PowerGaugeStats: store bg detail excecute sql: insert into stats_bg_sw_detail (time_index,uid,cputime_bg,bgtime,mbdata_bg,mbtime_bg,wifidata_bg,wifitime_bg,wakelocktime_bg,alarmcount_bg,fullwakelocktime_bg,gpstime_bg,sensortime_bg,cameratime_bg,flashtime_bg) values (9814,1010,0,0,0,0,0,0,0,0,0,0,0,0,0)
06-14 15:02:24.032  1561  2082 D PowerGaugeStats: store bg detail excecute sql: insert into stats_bg_sw_detail (time_index,uid,cputime_bg,bgtime,mbdata_bg,mbtime_bg,wifidata_bg,wifitime_bg,wakelocktime_bg,alarmcount_bg,fullwakelocktime_bg,gpstime_bg,sensortime_bg,cameratime_bg,flashtime_bg) values (9814,10057,0,42,0,0,0,0,0,0,0,0,0,0,0)
06-14 15:02:24.032  1561  2082 D PowerGaugeStats: store bg detail excecute sql: insert into stats_bg_sw_detail (time_index,uid,cputime_bg,bgtime,mbdata_bg,mbtime_bg,wifidata_bg,wifitime_bg,wakelocktime_bg,alarmcount_bg,fullwakelocktime_bg,gpstime_bg,sensortime_bg,cameratime_bg,flashtime_bg) values (9814,10005,0,42,0,0,0,0,0,0,0,0,0,0,0)
06-14 15:02:24.032  1561  2082 D PowerGaugeStats: store bg detail excecute sql: insert into stats_bg_sw_detail (time_index,uid,cputime_bg,bgtime,mbdata_bg,mbtime_bg,wifidata_bg,wifitime_bg,wakelocktime_bg,alarmcount_bg,fullwakelocktime_bg,gpstime_bg,sensortime_bg,cameratime_bg,flashtime_bg) values (9814,10072,0,42,0,0,0,0,0,0,0,0,0,0,0)
06-14 15:02:24.033  1561  2082 D PowerGaugeStats: store bg detail excecute sql: insert into stats_bg_sw_detail (time_index,uid,cputime_bg,bgtime,mbdata_bg,mbtime_bg,wifidata_bg,wifitime_bg,wakelocktime_bg,alarmcount_bg,fullwakelocktime_bg,gpstime_bg,sensortime_bg,cameratime_bg,flashtime_bg) values (9814,10048,0,42,0,0,0,0,0,0,0,0,0,0,0)
06-14 15:02:24.034  1561  2082 D PowerGaugeStats: store bg detail excecute sql: insert into stats_bg_sw_detail (time_index,uid,cputime_bg,bgtime,mbdata_bg,mbtime_bg,wifidata_bg,wifitime_bg,wakelocktime_bg,alarmcount_bg,fullwakelocktime_bg,gpstime_bg,sensortime_bg,cameratime_bg,flashtime_bg) values (9814,10071,0,42,0,0,0,0,0,0,0,0,0,0,0)
06-14 15:02:24.034  1561  2082 D PowerGaugeStats: store bg detail excecute sql: insert into stats_bg_sw_detail (time_index,uid,cputime_bg,bgtime,mbdata_bg,mbtime_bg,wifidata_bg,wifitime_bg,wakelocktime_bg,alarmcount_bg,fullwakelocktime_bg,gpstime_bg,sensortime_bg,cameratime_bg,flashtime_bg) values (9814,10028,0,42,0,0,0,0,0,0,0,0,0,0,0)
06-14 15:02:24.035  1561  2082 D PowerGaugeStats: store bg detail excecute sql: insert into stats_bg_sw_detail (time_index,uid,cputime_bg,bgtime,mbdata_bg,mbtime_bg,wifidata_bg,wifitime_bg,wakelocktime_bg,alarmcount_bg,fullwakelocktime_bg,gpstime_bg,sensortime_bg,cameratime_bg,flashtime_bg) values (9814,10016,0,42,0,0,0,0,0,0,0,0,0,0,0)
06-14 15:02:24.035  1561  2082 D PowerGaugeStats: store bg detail excecute sql: insert into stats_bg_sw_detail (time_index,uid,cputime_bg,bgtime,mbdata_bg,mbtime_bg,wifidata_bg,wifitime_bg,wakelocktime_bg,alarmcount_bg,fullwakelocktime_bg,gpstime_bg,sensortime_bg,cameratime_bg,flashtime_bg) values (9814,1001,0,42,0,0,0,0,0,0,0,0,0,0,0)
06-14 15:02:24.035  1561  2082 D PowerGaugeStats: store bg detail excecute sql: insert into stats_bg_sw_detail (time_index,uid,cputime_bg,bgtime,mbdata_bg,mbtime_bg,wifidata_bg,wifitime_bg,wakelocktime_bg,alarmcount_bg,fullwakelocktime_bg,gpstime_bg,sensortime_bg,cameratime_bg,flashtime_bg) values (9814,10058,0,42,0,0,0,0,0,0,0,0,0,0,0)
06-14 15:02:24.036  1561  2082 D PowerGaugeStats: store bg detail excecute sql: insert into stats_bg_sw_detail (time_index,uid,cputime_bg,bgtime,mbdata_bg,mbtime_bg,wifidata_bg,wifitime_bg,wakelocktime_bg,alarmcount_bg,fullwakelocktime_bg,gpstime_bg,sensortime_bg,cameratime_bg,flashtime_bg) values (9814,10070,0,42,0,0,0,0,0,0,0,0,0,0,0)
06-14 15:02:24.036  1561  2082 D PowerGaugeStats: store bg detail excecute sql: insert into stats_bg_sw_detail (time_index,uid,cputime_bg,bgtime,mbdata_bg,mbtime_bg,wifidata_bg,wifitime_bg,wakelocktime_bg,alarmcount_bg,fullwakelocktime_bg,gpstime_bg,sensortime_bg,cameratime_bg,flashtime_bg) values (9814,1000,0,0,0,0,0,0,0,0,0,0,0,0,0)
06-14 15:02:24.036  1561  2082 D PowerGaugeStats: store bg detail excecute sql: insert into stats_bg_sw_detail (time_index,uid,cputime_bg,bgtime,mbdata_bg,mbtime_bg,wifidata_bg,wifitime_bg,wakelocktime_bg,alarmcount_bg,fullwakelocktime_bg,gpstime_bg,sensortime_bg,cameratime_bg,flashtime_bg) values (9814,10015,0,42,0,0,0,0,0,0,0,0,0,0,0)
06-14 15:02:24.036  1561  2082 D PowerGaugeStats: store bg detail excecute sql: insert into stats_bg_sw_detail (time_index,uid,cputime_bg,bgtime,mbdata_bg,mbtime_bg,wifidata_bg,wifitime_bg,wakelocktime_bg,alarmcount_bg,fullwakelocktime_bg,gpstime_bg,sensortime_bg,cameratime_bg,flashtime_bg) values (9814,1019,0,0,0,0,0,0,0,0,0,0,0,0,0)
06-14 15:02:24.037  1561  2082 D PowerGaugeStats: store bg detail excecute sql: insert into stats_bg_sw_detail (time_index,uid,cputime_bg,bgtime,mbdata_bg,mbtime_bg,wifidata_bg,wifitime_bg,wakelocktime_bg,alarmcount_bg,fullwakelocktime_bg,gpstime_bg,sensortime_bg,cameratime_bg,flashtime_bg) values (9814,10056,0,42,0,0,0,0,0,0,0,0,0,0,0)
06-14 15:02:24.037  1561  2082 D PowerGaugeStats: store bg detail excecute sql: insert into stats_bg_sw_detail (time_index,uid,cputime_bg,bgtime,mbdata_bg,mbtime_bg,wifidata_bg,wifitime_bg,wakelocktime_bg,alarmcount_bg,fullwakelocktime_bg,gpstime_bg,sensortime_bg,cameratime_bg,flashtime_bg) values (9814,1013,0,0,0,0,0,0,0,0,0,0,0,0,0)
06-14 15:02:24.037  1561  2082 D PowerGaugeStats: store bg detail excecute sql: insert into stats_bg_sw_detail (time_index,uid,cputime_bg,bgtime,mbdata_bg,mbtime_bg,wifidata_bg,wifitime_bg,wakelocktime_bg,alarmcount_bg,fullwakelocktime_bg,gpstime_bg,sensortime_bg,cameratime_bg,flashtime_bg) values (9814,10060,0,42,0,0,0,0,0,0,0,0,0,0,0)
06-14 15:02:24.037  1561  2082 D PowerGaugeStats: store bg detail excecute sql: insert into stats_bg_sw_detail (time_index,uid,cputime_bg,bgtime,mbdata_bg,mbtime_bg,wifidata_bg,wifitime_bg,wakelocktime_bg,alarmcount_bg,fullwakelocktime_bg,gpstime_bg,sensortime_bg,cameratime_bg,flashtime_bg) values (9814,10032,0,42,0,0,0,0,0,0,0,0,0,0,0)
06-14 15:02:24.038  1561  2082 D PowerGaugeStats: store bg detail excecute sql: insert into stats_bg_sw_detail (time_index,uid,cputime_bg,bgtime,mbdata_bg,mbtime_bg,wifidata_bg,wifitime_bg,wakelocktime_bg,alarmcount_bg,fullwakelocktime_bg,gpstime_bg,sensortime_bg,cameratime_bg,flashtime_bg) values (9814,10035,0,42,0,0,0,0,0,0,0,0,0,0,0)
06-14 15:02:24.038  1561  2082 D PowerGaugeStats: store bg detail excecute sql: insert into stats_bg_sw_detail (time_index,uid,cputime_bg,bgtime,mbdata_bg,mbtime_bg,wifidata_bg,wifitime_bg,wakelocktime_bg,alarmcount_bg,fullwakelocktime_bg,gpstime_bg,sensortime_bg,cameratime_bg,flashtime_bg) values (9814,10017,0,42,0,0,0,0,0,0,0,0,0,0,0)
06-14 15:02:24.040  1561  2082 D PowerGaugeStats: store bg detail excecute sql: insert into stats_bg_sw_detail (time_index,uid,cputime_bg,bgtime,mbdata_bg,mbtime_bg,wifidata_bg,wifitime_bg,wakelocktime_bg,alarmcount_bg,fullwakelocktime_bg,gpstime_bg,sensortime_bg,cameratime_bg,flashtime_bg) values (9814,10014,0,42,0,0,0,0,0,0,0,0,0,0,0)
06-14 15:02:24.041  1561  2082 D PowerGaugeStats: store bg detail excecute sql: insert into stats_bg_sw_detail (time_index,uid,cputime_bg,bgtime,mbdata_bg,mbtime_bg,wifidata_bg,wifitime_bg,wakelocktime_bg,alarmcount_bg,fullwakelocktime_bg,gpstime_bg,sensortime_bg,cameratime_bg,flashtime_bg) values (9814,10043,0,42,0,0,0,0,0,0,0,0,0,0,0)
06-14 15:02:24.041  1561  2082 D PowerGaugeStats: store bg detail excecute sql: insert into stats_bg_sw_detail (time_index,uid,cputime_bg,bgtime,mbdata_bg,mbtime_bg,wifidata_bg,wifitime_bg,wakelocktime_bg,alarmcount_bg,fullwakelocktime_bg,gpstime_bg,sensortime_bg,cameratime_bg,flashtime_bg) values (9814,10011,0,42,0,0,0,0,0,0,0,0,0,0,0)
06-14 15:02:24.041  1561  2082 D PowerGaugeStats: store bg detail excecute sql: insert into stats_bg_sw_detail (time_index,uid,cputime_bg,bgtime,mbdata_bg,mbtime_bg,wifidata_bg,wifitime_bg,wakelocktime_bg,alarmcount_bg,fullwakelocktime_bg,gpstime_bg,sensortime_bg,cameratime_bg,flashtime_bg) values (9814,10009,0,42,0,0,0,0,0,0,0,0,0,0,0)
06-14 15:02:24.042  1561  2082 D PowerGaugeStats: store bg detail excecute sql: insert into stats_bg_sw_detail (time_index,uid,cputime_bg,bgtime,mbdata_bg,mbtime_bg,wifidata_bg,wifitime_bg,wakelocktime_bg,alarmcount_bg,fullwakelocktime_bg,gpstime_bg,sensortime_bg,cameratime_bg,flashtime_bg) values (9814,10061,0,42,0,0,0,0,0,0,0,0,0,0,0)
06-14 15:02:24.042  1561  2082 D PowerGaugeStats: store bg detail excecute sql: insert into stats_bg_sw_detail (time_index,uid,cputime_bg,bgtime,mbdata_bg,mbtime_bg,wifidata_bg,wifitime_bg,wakelocktime_bg,alarmcount_bg,fullwakelocktime_bg,gpstime_bg,sensortime_bg,cameratime_bg,flashtime_bg) values (9814,10100,0,42,0,0,0,0,0,0,0,0,0,0,0)
06-14 15:02:24.042  1561  2082 D PowerGaugeStats: store bg detail excecute sql: insert into stats_bg_sw_detail (time_index,uid,cputime_bg,bgtime,mbdata_bg,mbtime_bg,wifidata_bg,wifitime_bg,wakelocktime_bg,alarmcount_bg,fullwakelocktime_bg,gpstime_bg,sensortime_bg,cameratime_bg,flashtime_bg) values (9814,1338,0,42,0,0,0,0,0,0,0,0,0,0,0)
06-14 15:02:24.043  1561  2082 D PowerGaugeStats: store bg detail excecute sql: insert into stats_bg_sw_detail (time_index,uid,cputime_bg,bgtime,mbdata_bg,mbtime_bg,wifidata_bg,wifitime_bg,wakelocktime_bg,alarmcount_bg,fullwakelocktime_bg,gpstime_bg,sensortime_bg,cameratime_bg,flashtime_bg) values (9814,10249,0,42,0,0,0,0,0,0,0,0,0,0,0)
06-14 15:02:24.043  1561  2082 D PowerGaugeStats: store bg detail excecute sql: insert into stats_bg_sw_detail (time_index,uid,cputime_bg,bgtime,mbdata_bg,mbtime_bg,wifidata_bg,wifitime_bg,wakelocktime_bg,alarmcount_bg,fullwakelocktime_bg,gpstime_bg,sensortime_bg,cameratime_bg,flashtime_bg) values (9814,10018,0,42,0,0,0,0,0,0,0,0,0,0,0)
06-14 15:02:24.044  1561  2082 D PowerGaugeStats: store bg detail excecute sql: insert into stats_bg_sw_detail (time_index,uid,cputime_bg,bgtime,mbdata_bg,mbtime_bg,wifidata_bg,wifitime_bg,wakelocktime_bg,alarmcount_bg,fullwakelocktime_bg,gpstime_bg,sensortime_bg,cameratime_bg,flashtime_bg) values (9814,10044,0,42,0,0,0,0,0,0,0,0,0,0,0)
06-14 15:02:24.044  1561  2082 D PowerGaugeStats: store bg detail excecute sql: insert into stats_bg_sw_detail (time_index,uid,cputime_bg,bgtime,mbdata_bg,mbtime_bg,wifidata_bg,wifitime_bg,wakelocktime_bg,alarmcount_bg,fullwakelocktime_bg,gpstime_bg,sensortime_bg,cameratime_bg,flashtime_bg) values (9814,10042,0,42,0,0,0,0,0,0,0,0,0,0,0)
06-14 15:02:24.044  1561  2082 D PowerGaugeStats: store bg detail excecute sql: insert into stats_bg_sw_detail (time_index,uid,cputime_bg,bgtime,mbdata_bg,mbtime_bg,wifidata_bg,wifitime_bg,wakelocktime_bg,alarmcount_bg,fullwakelocktime_bg,gpstime_bg,sensortime_bg,cameratime_bg,flashtime_bg) values (9814,10055,0,42,0,0,0,0,0,0,0,0,0,0,0)
06-14 15:02:24.045  1561  2082 D PowerGaugeStats: store bg detail excecute sql: insert into stats_bg_sw_detail (time_index,uid,cputime_bg,bgtime,mbdata_bg,mbtime_bg,wifidata_bg,wifitime_bg,wakelocktime_bg,alarmcount_bg,fullwakelocktime_bg,gpstime_bg,sensortime_bg,cameratime_bg,flashtime_bg) values (9814,10064,0,42,0,0,0,0,0,0,0,0,0,0,0)
06-14 15:02:24.045  1561  1578 I art     : WaitForGcToComplete blocked for 7.269ms for cause HeapTrim
06-14 15:02:24.045  1561  2082 D PowerGaugeStats: store bg detail excecute sql: insert into stats_bg_sw_detail (time_index,uid,cputime_bg,bgtime,mbdata_bg,mbtime_bg,wifidata_bg,wifitime_bg,wakelocktime_bg,alarmcount_bg,fullwakelocktime_bg,gpstime_bg,sensortime_bg,cameratime_bg,flashtime_bg) values (9814,10046,0,42,0,0,0,0,0,0,0,0,0,0,0)
06-14 15:02:24.046  1561  2082 D PowerGaugeStats: store bg detail excecute sql: insert into stats_bg_sw_detail (time_index,uid,cputime_bg,bgtime,mbdata_bg,mbtime_bg,wifidata_bg,wifitime_bg,wakelocktime_bg,alarmcount_bg,fullwakelocktime_bg,gpstime_bg,sensortime_bg,cameratime_bg,flashtime_bg) values (9814,10007,0,42,0,0,0,0,0,0,0,0,0,0,0)
06-14 15:02:24.046  1561  2082 D PowerGaugeStats: store bg detail excecute sql: insert into stats_bg_sw_detail (time_index,uid,cputime_bg,bgtime,mbdata_bg,mbtime_bg,wifidata_bg,wifitime_bg,wakelocktime_bg,alarmcount_bg,fullwakelocktime_bg,gpstime_bg,sensortime_bg,cameratime_bg,flashtime_bg) values (9814,10041,0,42,0,0,0,0,0,0,0,0,0,0,0)
06-14 15:02:24.046  1561  2082 D PowerGaugeStats: store bg detail excecute sql: insert into stats_bg_sw_detail (time_index,uid,cputime_bg,bgtime,mbdata_bg,mbtime_bg,wifidata_bg,wifitime_bg,wakelocktime_bg,alarmcount_bg,fullwakelocktime_bg,gpstime_bg,sensortime_bg,cameratime_bg,flashtime_bg) values (9814,10030,0,42,0,0,0,0,0,0,0,0,0,0,0)
06-14 15:02:24.047  1561  2082 D PowerGaugeStats: store bg detail excecute sql: insert into stats_bg_sw_detail (time_index,uid,cputime_bg,bgtime,mbdata_bg,mbtime_bg,wifidata_bg,wifitime_bg,wakelocktime_bg,alarmcount_bg,fullwakelocktime_bg,gpstime_bg,sensortime_bg,cameratime_bg,flashtime_bg) values (9814,2000,3,0,0,0,0,0,0,0,0,0,0,0,0)
06-14 15:02:24.047  1561  2082 D PowerGaugeStats: store bg detail excecute sql: insert into stats_bg_sw_detail (time_index,uid,cputime_bg,bgtime,mbdata_bg,mbtime_bg,wifidata_bg,wifitime_bg,wakelocktime_bg,alarmcount_bg,fullwakelocktime_bg,gpstime_bg,sensortime_bg,cameratime_bg,flashtime_bg) values (9814,10069,1,0,0,0,0,0,0,0,0,0,0,0,0)
06-14 15:02:24.047  1561  2082 D PowerGaugeStats: store bg detail excecute sql: insert into stats_bg_sw_detail (time_index,uid,cputime_bg,bgtime,mbdata_bg,mbtime_bg,wifidata_bg,wifitime_bg,wakelocktime_bg,alarmcount_bg,fullwakelocktime_bg,gpstime_bg,sensortime_bg,cameratime_bg,flashtime_bg) values (9814,0,0,0,0,0,0,0,0,0,0,0,0,0,0)
06-14 15:02:24.047  1561  2082 D PowerGaugeStats: store bg detail excecute sql: insert into stats_bg_sw_detail (time_index,uid,cputime_bg,bgtime,mbdata_bg,mbtime_bg,wifidata_bg,wifitime_bg,wakelocktime_bg,alarmcount_bg,fullwakelocktime_bg,gpstime_bg,sensortime_bg,cameratime_bg,flashtime_bg) values (9814,10010,0,42,0,0,0,0,0,0,0,0,0,0,0)
06-14 15:02:24.048  1561  2082 D PowerGaugeStats: store bg detail excecute sql: insert into stats_bg_sw_detail (time_index,uid,cputime_bg,bgtime,mbdata_bg,mbtime_bg,wifidata_bg,wifitime_bg,wakelocktime_bg,alarmcount_bg,fullwakelocktime_bg,gpstime_bg,sensortime_bg,cameratime_bg,flashtime_bg) values (9814,10093,1,42,0,0,0,0,0,0,0,0,0,0,0)
06-14 15:02:24.048  1561  2082 D PowerGaugeStats: store bg detail excecute sql: insert into stats_bg_sw_detail (time_index,uid,cputime_bg,bgtime,mbdata_bg,mbtime_bg,wifidata_bg,wifitime_bg,wakelocktime_bg,alarmcount_bg,fullwakelocktime_bg,gpstime_bg,sensortime_bg,cameratime_bg,flashtime_bg) values (9814,10012,0,42,0,0,0,0,0,0,0,0,0,0,0)
06-14 15:02:24.048  1561  2082 D PowerGaugeStats: store bg detail excecute sql: insert into stats_bg_sw_detail (time_index,uid,cputime_bg,bgtime,mbdata_bg,mbtime_bg,wifidata_bg,wifitime_bg,wakelocktime_bg,alarmcount_bg,fullwakelocktime_bg,gpstime_bg,sensortime_bg,cameratime_bg,flashtime_bg) values (9814,10037,0,42,0,0,0,0,0,0,0,0,0,0,0)
06-14 15:02:24.048  1561  2082 D PowerGaugeStats: store bg detail excecute sql: insert into stats_bg_sw_detail (time_index,uid,cputime_bg,bgtime,mbdata_bg,mbtime_bg,wifidata_bg,wifitime_bg,wakelocktime_bg,alarmcount_bg,fullwakelocktime_bg,gpstime_bg,sensortime_bg,cameratime_bg,flashtime_bg) values (9814,10051,0,42,0,0,0,0,0,0,0,0,0,0,0)
06-14 15:02:24.049  1561  2082 D PowerGaugeStats: store bg detail excecute sql: insert into stats_bg_sw_detail (time_index,uid,cputime_bg,bgtime,mbdata_bg,mbtime_bg,wifidata_bg,wifitime_bg,wakelocktime_bg,alarmcount_bg,fullwakelocktime_bg,gpstime_bg,sensortime_bg,cameratime_bg,flashtime_bg) values (9814,10000,0,42,0,0,0,0,0,0,0,0,0,0,0)
06-14 15:02:24.049  1561  2082 D PowerGaugeStats: store bg detail excecute sql: insert into stats_bg_sw_detail (time_index,uid,cputime_bg,bgtime,mbdata_bg,mbtime_bg,wifidata_bg,wifitime_bg,wakelocktime_bg,alarmcount_bg,fullwakelocktime_bg,gpstime_bg,sensortime_bg,cameratime_bg,flashtime_bg) values (9814,10006,0,42,0,0,0,0,0,0,0,0,0,0,0)
06-14 15:02:24.049  1561  2082 D PowerGaugeStats: store bg detail excecute sql: insert into stats_bg_sw_detail (time_index,uid,cputime_bg,bgtime,mbdata_bg,mbtime_bg,wifidata_bg,wifitime_bg,wakelocktime_bg,alarmcount_bg,fullwakelocktime_bg,gpstime_bg,sensortime_bg,cameratime_bg,flashtime_bg) values (9814,10062,0,42,0,0,0,0,0,0,0,0,0,0,0)
06-14 15:02:24.050  1561  2082 D PowerGaugeStats: store bg detail excecute sql: insert into stats_bg_sw_detail (time_index,uid,cputime_bg,bgtime,mbdata_bg,mbtime_bg,wifidata_bg,wifitime_bg,wakelocktime_bg,alarmcount_bg,fullwakelocktime_bg,gpstime_bg,sensortime_bg,cameratime_bg,flashtime_bg) values (9814,10026,0,42,0,0,0,0,0,0,0,0,0,0,0)
06-14 15:02:24.050  1561  2082 D PowerGaugeStats: delete record in db: stats_hw < time: 13-15-02-23
06-14 15:02:24.050  1561  2082 D PowerGaugeStats: storeHWDetail execute sql phrase: insert into stats_hw (time_index, type, time, time_ext, power) values (9814,1,42, 0, 24)
06-14 15:02:24.051  1561  2082 D PowerGaugeStats: storeHWDetail execute sql phrase: insert into stats_hw (time_index, type, time, time_ext, power) values (9814,6,42, 0, 2753)
06-14 15:02:24.051  1561  2082 D PowerGaugeStats: storeHWDetail execute sql phrase: insert into stats_hw (time_index, type, time, time_ext, power) values (9814,3,42, 42, 35)
06-14 15:02:24.052  1561  2082 D PowerGaugeStats: delete record in db: stats_time_index < time: 13-15-02-23
06-14 15:02:24.052  1561  2082 D PowerGaugeStats: store battery stats cost time: 120 ms
06-14 15:02:24.052  1561  2082 D SQLiteDatabase: endTransaction()
06-14 15:02:24.057   874   899 V AlarmManager: APP set(PendingIntent{a1dde08: PendingIntentRecord{2a8e29a1 com.meizu.battery broadcastIntent}}) : type=3 triggerAtTime=15445719 win=-1 tElapsed=15445719 maxElapsed=17245719 interval=0 standalone=false
06-14 15:02:24.057  1561  2082 D PowerAlarmCenter: setup gauge process alarm detaMills later2400000
06-14 15:02:24.057  1561  2082 D PowerGaugeStats:  MSG_LEVEL_COMPUTE processLevelStats
06-14 15:02:24.058  1561  2082 D SQLiteDatabase: beginTransaction()
06-14 15:02:24.059  1561  2082 D PowerGaugeStats: delete record in db: battery_level < time: 13-15-02-23
06-14 15:02:24.059  1561  2082 D PowerGaugeStats: execute battery level sql phrase: insert into battery_level (time, level, plugged, status) values (1497423743251, 100, 0, 1) current utc time: 14-15-02-23
06-14 15:02:24.059  1561  2082 D SQLiteDatabase: endTransaction()
06-14 15:02:24.082  1561  2082 D SQLiteDatabase: beginTransaction()
06-14 15:02:24.083  1561  2082 D PowerGaugeStats: delete record in db: battery_screen < time: 13-15-02-24
06-14 15:02:24.084  1561  2082 D PowerGaugeStats: execute battery screen sql phrase: insert into battery_screen (time, screen) values (1497423744082, 2) current utc time: 14-15-02-24
06-14 15:02:24.084  1561  2082 D SQLiteDatabase: endTransaction()
06-14 15:02:24.207   336   336 D ADB_SERVICES: recv: CNXN 01000000 00040000 0023 host::features=cmd,stat_v2,shell_v2
06-14 15:02:24.218   336   336 D ADB_SERVICES: adb: online
06-14 15:02:24.218   336   336 D ADB_SERVICES: Calling send_connect 
06-14 15:02:24.226   336   336 W ADB_SERVICES: create_local_service_socket() name=shell:getprop
06-14 15:02:24.226   336   336 W ADB_SERVICES: service_to_fd() name=shell:getprop
06-14 15:02:24.227   336   336 W ADB_SERVICES: read_meminfo() mem_free=355396
06-14 15:02:24.227   336   336 W ADB_SERVICES: create_subproc ret_fd=14 pid=436
06-14 15:02:24.227   336   336 W ADB_SERVICES: LS(30262): bound to 'shell:getprop' via 14
06-14 15:02:24.228   436   436 W ADB_SERVICES: adb: unable to update oom_score_adj
06-14 15:02:24.277   336   336 D ADB_SERVICES:  closing because is_eof=1 r=1 s->fde.force_eof=0
06-14 15:02:24.277   336   336 W ADB_SERVICES: entered. LS(30262) fd=14
06-14 15:02:24.297   336   336 W ADB_SERVICES: create_local_service_socket() name=track-jdwp
06-14 15:02:24.303   336   336 W ADB_SERVICES: create_local_service_socket() name=shell:logcat -v long
06-14 15:02:24.303   336   336 W ADB_SERVICES: service_to_fd() name=shell:logcat -v long
06-14 15:02:24.304   336   336 W ADB_SERVICES: read_meminfo() mem_free=352528
06-14 15:02:24.304   336   336 W ADB_SERVICES: create_subproc ret_fd=14 pid=437
06-14 15:02:24.304   336   336 W ADB_SERVICES: LS(30264): bound to 'shell:logcat -v long' via 14
06-14 15:02:24.304   437   437 W ADB_SERVICES: adb: unable to update oom_score_adj
06-14 15:02:24.304   336   336 W ADB_SERVICES: create_local_service_socket() name=jdwp:32679
06-14 15:02:24.304   336   336 W ADB_SERVICES: service_to_fd() name=jdwp:32679
06-14 15:02:24.305   336   336 W ADB_SERVICES: looking for pid 32679 in JDWP process list return fds0(19) fds1(21)
06-14 15:02:24.305   336   336 W ADB_SERVICES: LS(30265): bound to 'jdwp:32679' via 19
06-14 15:02:24.305   336   336 W ADB_SERVICES: trying to write to JDWP socket=13 pid=32679 count=1 out_fds=21
06-14 15:02:24.320   336   336 W ADB_SERVICES: create_local_service_socket() name=jdwp:32424
06-14 15:02:24.320   336   336 W ADB_SERVICES: service_to_fd() name=jdwp:32424
06-14 15:02:24.320   336   336 W ADB_SERVICES: looking for pid 32424 in JDWP process list return fds0(21) fds1(22)
06-14 15:02:24.320   336   336 W ADB_SERVICES: LS(30266): bound to 'jdwp:32424' via 21
06-14 15:02:24.320   336   336 W ADB_SERVICES: trying to write to JDWP socket=24 pid=32424 count=1 out_fds=22
06-14 15:02:24.424   874  1082 D BatteryService: mBatteryVoltage=4360, batteryLevel=50
06-14 15:02:24.425   874   874 V ActivityManager: Broadcast sticky: Intent { act=android.intent.action.BATTERY_CHANGED flg=0x60000010 (has extras) } ordered=false userid=-1 callerApp=null
06-14 15:02:24.425   874   874 D UsbDeviceManager: onReceive - BATTERY_CHANGED - mPlugType: 2, mSettingUsbCharging: false, mConnected: true, mSettingUsbBicr: false
06-14 15:02:24.426   874   874 D AlarmAlignManager: I got broadcast:android.intent.action.BATTERY_CHANGED
06-14 15:02:24.426   874   874 D WifiService: onReceive, action:android.intent.action.BATTERY_CHANGED
06-14 15:02:24.426  1561  1561 D PowerBroadcastCenter: receive intent: android.intent.action.BATTERY_CHANGED
06-14 15:02:24.427  1835  1835 D BroadcastCenter: receive intent: android.intent.action.BATTERY_CHANGED
06-14 15:02:24.427   874   970 D WifiController: DeviceActiveState{ when=-1ms what=155652 arg1=2 target=com.android.internal.util.StateMachine$SmHandler }
06-14 15:02:24.427   874   970 D WifiController: StaEnabledState{ when=-1ms what=155652 arg1=2 target=com.android.internal.util.StateMachine$SmHandler }
06-14 15:02:24.427  1561  1750 D PowerGaugeStats: battery level is changed: 100
06-14 15:02:24.427   874   970 D WifiController: DefaultState{ when=-1ms what=155652 arg1=2 target=com.android.internal.util.StateMachine$SmHandler }
06-14 15:02:24.427  1561  1750 D PowerGaugeStats: unknown status
06-14 15:02:24.427  1040  1040 D KeyguardUpdateMonitor: received broadcast android.intent.action.BATTERY_CHANGED
06-14 15:02:24.428  1040  1040 D FlymeBatteryMeterView: hashCode=122392665,level=100,pluggedIn=true,status=5
06-14 15:02:24.428  1040  1040 D FlymeBatteryMeterView: hashCode=296548458,level=100,pluggedIn=true,status=5
06-14 15:02:24.428  1040  1040 D FlymeBatteryMeterView: hashCode=720319172,level=100,pluggedIn=true,status=5
06-14 15:02:24.428  1040  1040 I KeyguardUpdateMonitor: handleBatteryUpdate index=0 updateInteresting=false
06-14 15:02:24.428  1561  1718 D IPowerModeImp: getCurrentModeLocked:0
06-14 15:02:24.428  1561  1718 D PowerLevelNotification: level = 100 plugged = 2 show = false mBatteryLastLevel = 100 currentMode = 0 isDialogShowing = false isDeviceProvisioned = true
06-14 15:02:24.429  1561  1717 I BatteryConsumeMonitor: init var lastPlugType : 2 lastBatteryChangedLevel : 100
06-14 15:02:24.447   874  1824 I libPerfService: perfSetFavorPid - pid:0, 0
06-14 15:02:24.464   272   272 I SurfaceFlinger: [Built-in Screen (type:0)] fps:29.991507,dur:1167.00,max:396.92,min:13.59
06-14 15:02:24.464   336   336 W ADB_SERVICES: create_local_service_socket() name=shell:cat /proc/32424/stat
06-14 15:02:24.464   336   336 W ADB_SERVICES: service_to_fd() name=shell:cat /proc/32424/stat
06-14 15:02:24.464   336   336 W ADB_SERVICES: read_meminfo() mem_free=350032
06-14 15:02:24.465   336   336 W ADB_SERVICES: create_subproc ret_fd=22 pid=438
06-14 15:02:24.465   336   336 W ADB_SERVICES: LS(30267): bound to 'shell:cat /proc/32424/stat' via 22
06-14 15:02:24.465   438   438 W ADB_SERVICES: adb: unable to update oom_score_adj
06-14 15:02:24.465   336   336 W ADB_SERVICES: create_local_service_socket() name=shell:cat /proc/32424/status
06-14 15:02:24.465   336   336 W ADB_SERVICES: service_to_fd() name=shell:cat /proc/32424/status
06-14 15:02:24.465   336   336 W ADB_SERVICES: read_meminfo() mem_free=349908
06-14 15:02:24.466   336   336 W ADB_SERVICES: create_subproc ret_fd=23 pid=439
06-14 15:02:24.466   336   336 W ADB_SERVICES: LS(30268): bound to 'shell:cat /proc/32424/status' via 23
06-14 15:02:24.466   439   439 W ADB_SERVICES: adb: unable to update oom_score_adj
06-14 15:02:24.467   336   336 W ADB_SERVICES: create_local_service_socket() name=shell:ls /proc/net/xt_qtaguid/stats
06-14 15:02:24.467   336   336 W ADB_SERVICES: service_to_fd() name=shell:ls /proc/net/xt_qtaguid/stats
06-14 15:02:24.467   336   336 W ADB_SERVICES: read_meminfo() mem_free=349908
06-14 15:02:24.467   336   336 W ADB_SERVICES: create_subproc ret_fd=25 pid=440
06-14 15:02:24.467   336   336 W ADB_SERVICES: LS(30269): bound to 'shell:ls /proc/net/xt_qtaguid/stats' via 25
06-14 15:02:24.468   440   440 W ADB_SERVICES: adb: unable to update oom_score_adj
06-14 15:02:24.471   336   336 D ADB_SERVICES:  closing because is_eof=1 r=1 s->fde.force_eof=0
06-14 15:02:24.471   336   336 W ADB_SERVICES: entered. LS(30267) fd=22
06-14 15:02:24.477   336   336 D ADB_SERVICES:  closing because is_eof=1 r=1 s->fde.force_eof=0
06-14 15:02:24.477   336   336 W ADB_SERVICES: entered. LS(30268) fd=23
06-14 15:02:24.481   336   336 D ADB_SERVICES:  closing because is_eof=1 r=1 s->fde.force_eof=0
06-14 15:02:24.481   336   336 W ADB_SERVICES: entered. LS(30269) fd=25
06-14 15:02:24.481   336   336 W ADB_SERVICES: create_local_service_socket() name=shell:cat /proc/32424/stat
06-14 15:02:24.481   336   336 W ADB_SERVICES: service_to_fd() name=shell:cat /proc/32424/stat
06-14 15:02:24.481   336   336 W ADB_SERVICES: read_meminfo() mem_free=349396
06-14 15:02:24.482   336   336 W ADB_SERVICES: create_subproc ret_fd=22 pid=441
06-14 15:02:24.482   336   336 W ADB_SERVICES: LS(30270): bound to 'shell:cat /proc/32424/stat' via 22
06-14 15:02:24.482   441   441 W ADB_SERVICES: adb: unable to update oom_score_adj
06-14 15:02:24.482   336   336 W ADB_SERVICES: create_local_service_socket() name=shell:cat /proc/32424/status
06-14 15:02:24.482   336   336 W ADB_SERVICES: service_to_fd() name=shell:cat /proc/32424/status
06-14 15:02:24.482   336   336 W ADB_SERVICES: read_meminfo() mem_free=349396
06-14 15:02:24.483   336   336 W ADB_SERVICES: create_subproc ret_fd=23 pid=442
06-14 15:02:24.483   336   336 W ADB_SERVICES: LS(30271): bound to 'shell:cat /proc/32424/status' via 23
06-14 15:02:24.483   442   442 W ADB_SERVICES: adb: unable to update oom_score_adj
06-14 15:02:24.483   336   336 W ADB_SERVICES: create_local_service_socket() name=shell:ls /proc/net/xt_qtaguid/stats
06-14 15:02:24.483   336   336 W ADB_SERVICES: service_to_fd() name=shell:ls /proc/net/xt_qtaguid/stats
06-14 15:02:24.483   336   336 W ADB_SERVICES: read_meminfo() mem_free=349396
06-14 15:02:24.484   336   336 W ADB_SERVICES: create_subproc ret_fd=25 pid=443
06-14 15:02:24.484   336   336 W ADB_SERVICES: LS(30272): bound to 'shell:ls /proc/net/xt_qtaguid/stats' via 25
06-14 15:02:24.484   443   443 W ADB_SERVICES: adb: unable to update oom_score_adj
06-14 15:02:24.488   336   336 D ADB_SERVICES:  closing because is_eof=1 r=1 s->fde.force_eof=0
06-14 15:02:24.488   336   336 W ADB_SERVICES: entered. LS(30270) fd=22
06-14 15:02:24.490   336   336 D ADB_SERVICES:  closing because is_eof=1 r=1 s->fde.force_eof=0
06-14 15:02:24.490   336   336 W ADB_SERVICES: entered. LS(30271) fd=23
06-14 15:02:24.498   336   336 D ADB_SERVICES:  closing because is_eof=1 r=1 s->fde.force_eof=0
06-14 15:02:24.498   336   336 W ADB_SERVICES: entered. LS(30272) fd=25
06-14 15:02:24.506   336   336 W ADB_SERVICES: create_local_service_socket() name=shell:cat /proc/stat
06-14 15:02:24.506   336   336 W ADB_SERVICES: service_to_fd() name=shell:cat /proc/stat
06-14 15:02:24.507   336   336 W ADB_SERVICES: read_meminfo() mem_free=349100
06-14 15:02:24.507   336   336 W ADB_SERVICES: create_subproc ret_fd=22 pid=444
06-14 15:02:24.507   336   336 W ADB_SERVICES: LS(30273): bound to 'shell:cat /proc/stat' via 22
06-14 15:02:24.507   444   444 W ADB_SERVICES: adb: unable to update oom_score_adj
06-14 15:02:24.508   336   336 W ADB_SERVICES: create_local_service_socket() name=shell:cat /proc/net/xt_qtaguid/stats | grep 10069
06-14 15:02:24.508   336   336 W ADB_SERVICES: service_to_fd() name=shell:cat /proc/net/xt_qtaguid/stats | grep 10069
06-14 15:02:24.508   336   336 W ADB_SERVICES: read_meminfo() mem_free=348960
06-14 15:02:24.508   336   336 W ADB_SERVICES: create_subproc ret_fd=23 pid=445
06-14 15:02:24.508   336   336 W ADB_SERVICES: LS(30274): bound to 'shell:cat /proc/net/xt_qtaguid/stats | grep 10069' via 23
06-14 15:02:24.509   445   445 W ADB_SERVICES: adb: unable to update oom_score_adj
06-14 15:02:24.513   336   336 D ADB_SERVICES:  closing because is_eof=1 r=1 s->fde.force_eof=0
06-14 15:02:24.513   336   336 W ADB_SERVICES: entered. LS(30273) fd=22
06-14 15:02:24.518   336   336 W ADB_SERVICES: create_local_service_socket() name=shell:cat /proc/stat
06-14 15:02:24.518   336   336 W ADB_SERVICES: service_to_fd() name=shell:cat /proc/stat
06-14 15:02:24.519   336   336 W ADB_SERVICES: read_meminfo() mem_free=348664
06-14 15:02:24.519   336   336 W ADB_SERVICES: create_subproc ret_fd=22 pid=448
06-14 15:02:24.519   336   336 W ADB_SERVICES: LS(30275): bound to 'shell:cat /proc/stat' via 22
06-14 15:02:24.519   336   336 W ADB_SERVICES: create_local_service_socket() name=shell:cat /proc/net/xt_qtaguid/stats | grep 10069
06-14 15:02:24.519   336   336 W ADB_SERVICES: service_to_fd() name=shell:cat /proc/net/xt_qtaguid/stats | grep 10069
06-14 15:02:24.519   448   448 W ADB_SERVICES: adb: unable to update oom_score_adj
06-14 15:02:24.520   336   336 W ADB_SERVICES: read_meminfo() mem_free=348524
06-14 15:02:24.520   336   336 W ADB_SERVICES: create_subproc ret_fd=25 pid=449
06-14 15:02:24.520   336   336 W ADB_SERVICES: LS(30276): bound to 'shell:cat /proc/net/xt_qtaguid/stats | grep 10069' via 25
06-14 15:02:24.521   449   449 W ADB_SERVICES: adb: unable to update oom_score_adj
06-14 15:02:24.525   336   336 D ADB_SERVICES:  closing because is_eof=1 r=1 s->fde.force_eof=0
06-14 15:02:24.525   336   336 W ADB_SERVICES: entered. LS(30275) fd=22
06-14 15:02:24.527   336   336 D ADB_SERVICES:  closing because is_eof=1 r=-1 s->fde.force_eof=0
06-14 15:02:24.527   336   336 W ADB_SERVICES: entered. LS(30274) fd=23
06-14 15:02:24.537   336   336 D ADB_SERVICES:  closing because is_eof=1 r=-1 s->fde.force_eof=0
06-14 15:02:24.537   336   336 W ADB_SERVICES: entered. LS(30276) fd=25
06-14 15:02:24.560 32424 32489 D BgTest  : bgCount 92
06-14 15:02:24.563   874   985 D PerfServiceManager: [PerfService] MESSAGE_TIMER_SCN_USER_BASE:74 
06-14 15:02:24.563   874   985 I libPerfService: 10: set: 1
06-14 15:02:24.563   874   985 I libPerfService: 10: set freq: 0
06-14 15:02:24.563   874   985 I libPerfService: 10: set gpu level: 0
06-14 15:02:24.693   336   336 W ADB_SERVICES: create_local_service_socket() name=shell:ls /system/bin/screenrecord
06-14 15:02:24.693   336   336 W ADB_SERVICES: service_to_fd() name=shell:ls /system/bin/screenrecord
06-14 15:02:24.694   336   336 W ADB_SERVICES: read_meminfo() mem_free=350676
06-14 15:02:24.695   336   336 W ADB_SERVICES: create_subproc ret_fd=22 pid=452
06-14 15:02:24.695   336   336 W ADB_SERVICES: LS(30277): bound to 'shell:ls /system/bin/screenrecord' via 22
06-14 15:02:24.695   452   452 W ADB_SERVICES: adb: unable to update oom_score_adj
06-14 15:02:24.713   336   336 D ADB_SERVICES:  closing because is_eof=1 r=1 s->fde.force_eof=0
06-14 15:02:24.713   336   336 W ADB_SERVICES: entered. LS(30277) fd=22
06-14 15:02:24.963   336   336 W ADB_SERVICES: create_local_service_socket() name=shell:cat /proc/32424/stat
06-14 15:02:24.963   336   336 W ADB_SERVICES: service_to_fd() name=shell:cat /proc/32424/stat
06-14 15:02:24.963   336   336 W ADB_SERVICES: read_meminfo() mem_free=349948
06-14 15:02:24.965   336   336 W ADB_SERVICES: create_subproc ret_fd=22 pid=453
06-14 15:02:24.965   336   336 W ADB_SERVICES: LS(30278): bound to 'shell:cat /proc/32424/stat' via 22
06-14 15:02:24.966   453   453 W ADB_SERVICES: adb: unable to update oom_score_adj
06-14 15:02:24.966   336   336 W ADB_SERVICES: create_local_service_socket() name=shell:cat /proc/net/xt_qtaguid/stats | grep 10069
06-14 15:02:24.966   336   336 W ADB_SERVICES: service_to_fd() name=shell:cat /proc/net/xt_qtaguid/stats | grep 10069
06-14 15:02:24.967   336   336 W ADB_SERVICES: read_meminfo() mem_free=349948
06-14 15:02:24.968   336   336 W ADB_SERVICES: create_subproc ret_fd=23 pid=454
06-14 15:02:24.968   336   336 W ADB_SERVICES: LS(30279): bound to 'shell:cat /proc/net/xt_qtaguid/stats | grep 10069' via 23
06-14 15:02:24.968   454   454 W ADB_SERVICES: adb: unable to update oom_score_adj
06-14 15:02:24.979   336   336 W ADB_SERVICES: create_local_service_socket() name=shell:cat /proc/32424/stat
06-14 15:02:24.979   336   336 W ADB_SERVICES: service_to_fd() name=shell:cat /proc/32424/stat
06-14 15:02:24.980   336   336 W ADB_SERVICES: read_meminfo() mem_free=349560
06-14 15:02:24.981   336   336 W ADB_SERVICES: create_subproc ret_fd=25 pid=455
06-14 15:02:24.981   336   336 W ADB_SERVICES: LS(30280): bound to 'shell:cat /proc/32424/stat' via 25
06-14 15:02:24.983   455   455 W ADB_SERVICES: adb: unable to update oom_score_adj
06-14 15:02:24.985   336   336 D ADB_SERVICES:  closing because is_eof=1 r=1 s->fde.force_eof=0
06-14 15:02:24.985   336   336 W ADB_SERVICES: entered. LS(30278) fd=22
06-14 15:02:24.985   336   336 W ADB_SERVICES: create_local_service_socket() name=shell:cat /proc/net/xt_qtaguid/stats | grep 10069
06-14 15:02:24.985   336   336 W ADB_SERVICES: service_to_fd() name=shell:cat /proc/net/xt_qtaguid/stats | grep 10069
06-14 15:02:24.986   336   336 W ADB_SERVICES: read_meminfo() mem_free=349280
06-14 15:02:24.987   336   336 W ADB_SERVICES: create_subproc ret_fd=22 pid=458
06-14 15:02:24.987   336   336 W ADB_SERVICES: LS(30281): bound to 'shell:cat /proc/net/xt_qtaguid/stats | grep 10069' via 22
06-14 15:02:24.991   458   458 W ADB_SERVICES: adb: unable to update oom_score_adj
06-14 15:02:24.994   336   336 D ADB_SERVICES:  closing because is_eof=1 r=-1 s->fde.force_eof=0
06-14 15:02:24.994   336   336 W ADB_SERVICES: entered. LS(30280) fd=25
06-14 15:02:25.001   336   336 D ADB_SERVICES:  closing because is_eof=1 r=-1 s->fde.force_eof=0
06-14 15:02:25.001   336   336 W ADB_SERVICES: entered. LS(30279) fd=23
06-14 15:02:25.002   336   336 W ADB_SERVICES: create_local_service_socket() name=shell:cat /proc/stat
06-14 15:02:25.002   336   336 W ADB_SERVICES: service_to_fd() name=shell:cat /proc/stat
06-14 15:02:25.002   336   336 W ADB_SERVICES: read_meminfo() mem_free=348808
06-14 15:02:25.003   336   336 W ADB_SERVICES: create_subproc ret_fd=23 pid=461
06-14 15:02:25.003   336   336 W ADB_SERVICES: LS(30282): bound to 'shell:cat /proc/stat' via 23
06-14 15:02:25.004   461   461 W ADB_SERVICES: adb: unable to update oom_score_adj
06-14 15:02:25.008   336   336 D ADB_SERVICES:  closing because is_eof=1 r=-1 s->fde.force_eof=0
06-14 15:02:25.008   336   336 W ADB_SERVICES: entered. LS(30281) fd=22
06-14 15:02:25.009   336   336 D ADB_SERVICES:  closing because is_eof=1 r=1 s->fde.force_eof=0
06-14 15:02:25.009   336   336 W ADB_SERVICES: entered. LS(30282) fd=23
06-14 15:02:25.017   336   336 W ADB_SERVICES: create_local_service_socket() name=shell:cat /proc/stat
06-14 15:02:25.017   336   336 W ADB_SERVICES: service_to_fd() name=shell:cat /proc/stat
06-14 15:02:25.017   336   336 W ADB_SERVICES: read_meminfo() mem_free=349004
06-14 15:02:25.018   336   336 W ADB_SERVICES: create_subproc ret_fd=22 pid=462
06-14 15:02:25.018   336   336 W ADB_SERVICES: LS(30283): bound to 'shell:cat /proc/stat' via 22
06-14 15:02:25.018   462   462 W ADB_SERVICES: adb: unable to update oom_score_adj
06-14 15:02:25.023   336   336 D ADB_SERVICES:  closing because is_eof=1 r=1 s->fde.force_eof=0
06-14 15:02:25.023   336   336 W ADB_SERVICES: entered. LS(30283) fd=22
06-14 15:02:25.032 32424 32424 D BgTest  : uiCount 96  +3
06-14 15:02:25.522   336   336 W ADB_SERVICES: create_local_service_socket() name=shell:cat /proc/net/xt_qtaguid/stats | grep 10069
06-14 15:02:25.522   336   336 W ADB_SERVICES: service_to_fd() name=shell:cat /proc/net/xt_qtaguid/stats | grep 10069
06-14 15:02:25.523   336   336 W ADB_SERVICES: read_meminfo() mem_free=348780
06-14 15:02:25.523   336   336 W ADB_SERVICES: create_subproc ret_fd=22 pid=463
06-14 15:02:25.523   336   336 W ADB_SERVICES: LS(30284): bound to 'shell:cat /proc/net/xt_qtaguid/stats | grep 10069' via 22
06-14 15:02:25.524   463   463 W ADB_SERVICES: adb: unable to update oom_score_adj
06-14 15:02:25.531   336   336 W ADB_SERVICES: create_local_service_socket() name=shell:cat /proc/net/xt_qtaguid/stats | grep 10069
06-14 15:02:25.532   336   336 W ADB_SERVICES: service_to_fd() name=shell:cat /proc/net/xt_qtaguid/stats | grep 10069
06-14 15:02:25.532   336   336 W ADB_SERVICES: read_meminfo() mem_free=348484
06-14 15:02:25.532   336   336 W ADB_SERVICES: create_subproc ret_fd=23 pid=466
06-14 15:02:25.532   336   336 W ADB_SERVICES: LS(30285): bound to 'shell:cat /proc/net/xt_qtaguid/stats | grep 10069' via 23
06-14 15:02:25.534   466   466 W ADB_SERVICES: adb: unable to update oom_score_adj
06-14 15:02:25.543   336   336 D ADB_SERVICES:  closing because is_eof=1 r=-1 s->fde.force_eof=0
06-14 15:02:25.543   336   336 W ADB_SERVICES: entered. LS(30284) fd=22
06-14 15:02:25.544   336   336 W ADB_SERVICES: create_local_service_socket() name=shell:cat /proc/32424/stat
06-14 15:02:25.544   336   336 W ADB_SERVICES: service_to_fd() name=shell:cat /proc/32424/stat
06-14 15:02:25.545   336   336 W ADB_SERVICES: read_meminfo() mem_free=347816
06-14 15:02:25.545   336   336 W ADB_SERVICES: create_subproc ret_fd=22 pid=469
06-14 15:02:25.545   336   336 W ADB_SERVICES: LS(30286): bound to 'shell:cat /proc/32424/stat' via 22
06-14 15:02:25.547   469   469 W ADB_SERVICES: adb: unable to update oom_score_adj
06-14 15:02:25.554   336   336 D ADB_SERVICES:  closing because is_eof=1 r=1 s->fde.force_eof=0
06-14 15:02:25.554   336   336 W ADB_SERVICES: entered. LS(30286) fd=22
06-14 15:02:25.555  1860  1860 I Telephony: MzGlobalDataRelauncher: getConnectedNetworkInfo() unavailable activeInfo: null
06-14 15:02:25.555  1860  1860 V SettingsInterface:  from settings cache , name = rp_not_support_mcc_list , value = null
06-14 15:02:25.555  1860  1860 D Telephony: MzGlobalDataRelauncher: isBlackListMcc() true, blackMccList: [460], currMccList: [460]
06-14 15:02:25.557   336   336 D ADB_SERVICES:  closing because is_eof=1 r=-1 s->fde.force_eof=0
06-14 15:02:25.557   336   336 W ADB_SERVICES: entered. LS(30285) fd=23
06-14 15:02:25.561   336   336 W ADB_SERVICES: create_local_service_socket() name=shell:cat /proc/32424/stat
06-14 15:02:25.561   336   336 W ADB_SERVICES: service_to_fd() name=shell:cat /proc/32424/stat
06-14 15:02:25.562   336   336 W ADB_SERVICES: read_meminfo() mem_free=348280
06-14 15:02:25.562   336   336 W ADB_SERVICES: create_subproc ret_fd=22 pid=470
06-14 15:02:25.562   336   336 W ADB_SERVICES: LS(30287): bound to 'shell:cat /proc/32424/stat' via 22
06-14 15:02:25.563   470   470 W ADB_SERVICES: adb: unable to update oom_score_adj
06-14 15:02:25.569   336   336 D ADB_SERVICES:  closing because is_eof=1 r=1 s->fde.force_eof=0
06-14 15:02:25.569   336   336 W ADB_SERVICES: entered. LS(30287) fd=22
06-14 15:02:25.581   336   336 W ADB_SERVICES: create_local_service_socket() name=shell:cat /proc/stat
06-14 15:02:25.581   336   336 W ADB_SERVICES: service_to_fd() name=shell:cat /proc/stat
06-14 15:02:25.582   336   336 W ADB_SERVICES: read_meminfo() mem_free=348016
06-14 15:02:25.582   336   336 W ADB_SERVICES: create_subproc ret_fd=22 pid=471
06-14 15:02:25.582   336   336 W ADB_SERVICES: LS(30288): bound to 'shell:cat /proc/stat' via 22
06-14 15:02:25.584   471   471 W ADB_SERVICES: adb: unable to update oom_score_adj
06-14 15:02:25.589   336   336 D ADB_SERVICES:  closing because is_eof=1 r=1 s->fde.force_eof=0
06-14 15:02:25.589   336   336 W ADB_SERVICES: entered. LS(30288) fd=22
06-14 15:02:25.599   336   336 W ADB_SERVICES: create_local_service_socket() name=shell:cat /proc/stat
06-14 15:02:25.599   336   336 W ADB_SERVICES: service_to_fd() name=shell:cat /proc/stat
06-14 15:02:25.599   336   336 W ADB_SERVICES: read_meminfo() mem_free=347644
06-14 15:02:25.599   336   336 W ADB_SERVICES: create_subproc ret_fd=22 pid=472
06-14 15:02:25.599   336   336 W ADB_SERVICES: LS(30289): bound to 'shell:cat /proc/stat' via 22
06-14 15:02:25.600 32424 32489 D BgTest  : bgCount 93
06-14 15:02:25.601   472   472 W ADB_SERVICES: adb: unable to update oom_score_adj
06-14 15:02:25.606   336   336 D ADB_SERVICES:  closing because is_eof=1 r=1 s->fde.force_eof=0
06-14 15:02:25.606   336   336 W ADB_SERVICES: entered. LS(30289) fd=22
06-14 15:02:25.880   319   319 I thermal_repeater: oh, queryMdThermalInfo (0)Bad file number
06-14 15:02:25.888   319   319 I thermal_repeater: [recvMdThermalInfo] ret=25, strLen=127,  1, 32767,,, -1, 32767, 2
06-14 15:02:25.976   336   336 D ADB_SERVICES: adb socket write list (21) (23) (25) (19) 
06-14 15:02:25.976   336   336 D ADB_SERVICES: write_data=19638
06-14 15:02:26.034 32424 32424 D BgTest  : uiCount 97  +3
06-14 15:02:26.063   336   336 W ADB_SERVICES: create_local_service_socket() name=shell:cat /proc/net/xt_qtaguid/stats | grep 10069
06-14 15:02:26.063   336   336 W ADB_SERVICES: service_to_fd() name=shell:cat /proc/net/xt_qtaguid/stats | grep 10069
06-14 15:02:26.064   336   336 W ADB_SERVICES: read_meminfo() mem_free=345680
06-14 15:02:26.064   336   336 W ADB_SERVICES: create_subproc ret_fd=22 pid=473
06-14 15:02:26.064   336   336 W ADB_SERVICES: LS(30290): bound to 'shell:cat /proc/net/xt_qtaguid/stats | grep 10069' via 22
06-14 15:02:26.065   473   473 W ADB_SERVICES: adb: unable to update oom_score_adj
06-14 15:02:26.077   336   336 W ADB_SERVICES: create_local_service_socket() name=shell:cat /proc/net/xt_qtaguid/stats | grep 10069
06-14 15:02:26.077   336   336 W ADB_SERVICES: service_to_fd() name=shell:cat /proc/net/xt_qtaguid/stats | grep 10069
06-14 15:02:26.077   336   336 W ADB_SERVICES: read_meminfo() mem_free=344640
06-14 15:02:26.078   336   336 W ADB_SERVICES: create_subproc ret_fd=23 pid=476
06-14 15:02:26.078   336   336 W ADB_SERVICES: LS(30291): bound to 'shell:cat /proc/net/xt_qtaguid/stats | grep 10069' via 23
06-14 15:02:26.078   476   476 W ADB_SERVICES: adb: unable to update oom_score_adj
06-14 15:02:26.081   336   336 D ADB_SERVICES:  closing because is_eof=1 r=-1 s->fde.force_eof=0
06-14 15:02:26.081   336   336 W ADB_SERVICES: entered. LS(30290) fd=22
06-14 15:02:26.095   336   336 D ADB_SERVICES:  closing because is_eof=1 r=-1 s->fde.force_eof=0
06-14 15:02:26.095   336   336 W ADB_SERVICES: entered. LS(30291) fd=23
06-14 15:02:26.118   336   336 W ADB_SERVICES: create_local_service_socket() name=shell:cat /proc/32424/stat
06-14 15:02:26.118   336   336 W ADB_SERVICES: service_to_fd() name=shell:cat /proc/32424/stat
06-14 15:02:26.118   336   336 W ADB_SERVICES: read_meminfo() mem_free=344348
06-14 15:02:26.119   336   336 W ADB_SERVICES: create_subproc ret_fd=22 pid=479
06-14 15:02:26.119   336   336 W ADB_SERVICES: LS(30292): bound to 'shell:cat /proc/32424/stat' via 22
06-14 15:02:26.119   479   479 W ADB_SERVICES: adb: unable to update oom_score_adj
06-14 15:02:26.124   336   336 D ADB_SERVICES:  closing because is_eof=1 r=-1 s->fde.force_eof=0
06-14 15:02:26.124   336   336 W ADB_SERVICES: entered. LS(30292) fd=22
06-14 15:02:26.138   336   336 W ADB_SERVICES: create_local_service_socket() name=shell:cat /proc/32424/stat
06-14 15:02:26.138   336   336 W ADB_SERVICES: service_to_fd() name=shell:cat /proc/32424/stat
06-14 15:02:26.138   336   336 W ADB_SERVICES: read_meminfo() mem_free=344616
06-14 15:02:26.138   336   336 W ADB_SERVICES: create_subproc ret_fd=22 pid=480
06-14 15:02:26.138   336   336 W ADB_SERVICES: LS(30293): bound to 'shell:cat /proc/32424/stat' via 22
06-14 15:02:26.139   480   480 W ADB_SERVICES: adb: unable to update oom_score_adj
06-14 15:02:26.144   336   336 D ADB_SERVICES:  closing because is_eof=1 r=1 s->fde.force_eof=0
06-14 15:02:26.144   336   336 W ADB_SERVICES: entered. LS(30293) fd=22
06-14 15:02:26.157   336   336 W ADB_SERVICES: create_local_service_socket() name=shell:cat /proc/stat
06-14 15:02:26.157   336   336 W ADB_SERVICES: service_to_fd() name=shell:cat /proc/stat
06-14 15:02:26.157   336   336 W ADB_SERVICES: read_meminfo() mem_free=344784
06-14 15:02:26.157   336   336 W ADB_SERVICES: create_subproc ret_fd=22 pid=481
06-14 15:02:26.157   336   336 W ADB_SERVICES: LS(30294): bound to 'shell:cat /proc/stat' via 22
06-14 15:02:26.158   481   481 W ADB_SERVICES: adb: unable to update oom_score_adj
06-14 15:02:26.164   336   336 D ADB_SERVICES:  closing because is_eof=1 r=-1 s->fde.force_eof=0
06-14 15:02:26.164   336   336 W ADB_SERVICES: entered. LS(30294) fd=22
06-14 15:02:26.176   336   336 W ADB_SERVICES: create_local_service_socket() name=shell:cat /proc/stat
06-14 15:02:26.176   336   336 W ADB_SERVICES: service_to_fd() name=shell:cat /proc/stat
06-14 15:02:26.176   336   336 W ADB_SERVICES: read_meminfo() mem_free=344780
06-14 15:02:26.177   336   336 W ADB_SERVICES: create_subproc ret_fd=22 pid=482
06-14 15:02:26.177   336   336 W ADB_SERVICES: LS(30295): bound to 'shell:cat /proc/stat' via 22
06-14 15:02:26.177   482   482 W ADB_SERVICES: adb: unable to update oom_score_adj
06-14 15:02:26.184   336   336 D ADB_SERVICES:  closing because is_eof=1 r=-1 s->fde.force_eof=0
06-14 15:02:26.184   336   336 W ADB_SERVICES: entered. LS(30295) fd=22
06-14 15:02:26.530   874   982 D AudioService: MzCreateMediaserverWatchdogThread: monitor mediaserver end !!!
06-14 15:02:26.530   874   982 D AudioService: MzCreateMediaserverWatchdogThread: monitor mediaserver start !!!
06-14 15:02:26.532   874   483 D AudioSystem: +setParameters(): mediaserver_monitor=1 
06-14 15:02:26.533   301   948 I AudioFlinger: setParameters(): io 0, keyvalue mediaserver_monitor=1, calling pid 874
06-14 15:02:26.534   301   948 D AudioALSAHardware: +setParameters(): mediaserver_monitor=1
06-14 15:02:26.534   301   948 W AudioALSAHardware: setParameters(), still have param.size() = 1, remain param = "mediaserver_monitor=1"
06-14 15:02:26.534   301   948 D AudioALSAHardware: -setParameters(): mediaserver_monitor=1 
06-14 15:02:26.534   301   948 D bt_audio_a2dp_hw: [A2DP_HW] [adev_set_parameters@1540] out is null , check in stream
06-14 15:02:26.534   301   948 I str_params: key: 'mediaserver_monitor' value: '1'
06-14 15:02:26.534   301   948 D usb_audio_hw: adev_set_parameters: kvpairs = mediaserver_monitor=1
06-14 15:02:26.535   874   483 D AudioSystem: -setParameters(): mediaserver_monitor=1 
06-14 15:02:26.536   301  6737 I AudioPolicyManager: setStreamVolumeIndex stream = 7 index = 15 device = 0x400
06-14 15:02:26.602   336   336 W ADB_SERVICES: create_local_service_socket() name=shell:cat /proc/net/xt_qtaguid/stats | grep 10069
06-14 15:02:26.602   336   336 W ADB_SERVICES: service_to_fd() name=shell:cat /proc/net/xt_qtaguid/stats | grep 10069
06-14 15:02:26.602   336   336 W ADB_SERVICES: read_meminfo() mem_free=343516
06-14 15:02:26.603   336   336 W ADB_SERVICES: create_subproc ret_fd=22 pid=484
06-14 15:02:26.603   336   336 W ADB_SERVICES: LS(30296): bound to 'shell:cat /proc/net/xt_qtaguid/stats | grep 10069' via 22
06-14 15:02:26.604   484   484 W ADB_SERVICES: adb: unable to update oom_score_adj
06-14 15:02:26.615   336   336 W ADB_SERVICES: create_local_service_socket() name=shell:cat /proc/net/xt_qtaguid/stats | grep 10069
06-14 15:02:26.615   336   336 W ADB_SERVICES: service_to_fd() name=shell:cat /proc/net/xt_qtaguid/stats | grep 10069
06-14 15:02:26.615   336   336 W ADB_SERVICES: read_meminfo() mem_free=343044
06-14 15:02:26.616   336   336 W ADB_SERVICES: create_subproc ret_fd=23 pid=487
06-14 15:02:26.616   336   336 W ADB_SERVICES: LS(30297): bound to 'shell:cat /proc/net/xt_qtaguid/stats | grep 10069' via 23
06-14 15:02:26.618   487   487 W ADB_SERVICES: adb: unable to update oom_score_adj
06-14 15:02:26.627   336   336 D ADB_SERVICES:  closing because is_eof=1 r=-1 s->fde.force_eof=0
06-14 15:02:26.627   336   336 W ADB_SERVICES: entered. LS(30296) fd=22
06-14 15:02:26.636   336   336 D ADB_SERVICES:  closing because is_eof=1 r=-1 s->fde.force_eof=0
06-14 15:02:26.636   336   336 W ADB_SERVICES: entered. LS(30297) fd=23
06-14 15:02:26.640 32424 32489 D BgTest  : bgCount 94
06-14 15:02:26.700   336   336 W ADB_SERVICES: create_local_service_socket() name=shell:cat /proc/32424/stat
06-14 15:02:26.700   336   336 W ADB_SERVICES: service_to_fd() name=shell:cat /proc/32424/stat
06-14 15:02:26.700   336   336 W ADB_SERVICES: read_meminfo() mem_free=342708
06-14 15:02:26.701   336   336 W ADB_SERVICES: create_subproc ret_fd=22 pid=490
06-14 15:02:26.701   336   336 W ADB_SERVICES: LS(30298): bound to 'shell:cat /proc/32424/stat' via 22
06-14 15:02:26.701   490   490 W ADB_SERVICES: adb: unable to update oom_score_adj
06-14 15:02:26.706   336   336 D ADB_SERVICES:  closing because is_eof=1 r=1 s->fde.force_eof=0
06-14 15:02:26.706   336   336 W ADB_SERVICES: entered. LS(30298) fd=22
06-14 15:02:26.714   336   336 W ADB_SERVICES: create_local_service_socket() name=shell:cat /proc/32424/stat
06-14 15:02:26.714   336   336 W ADB_SERVICES: service_to_fd() name=shell:cat /proc/32424/stat
06-14 15:02:26.714   336   336 W ADB_SERVICES: read_meminfo() mem_free=342708
06-14 15:02:26.715   336   336 W ADB_SERVICES: create_subproc ret_fd=22 pid=491
06-14 15:02:26.715   336   336 W ADB_SERVICES: LS(30299): bound to 'shell:cat /proc/32424/stat' via 22
06-14 15:02:26.715   491   491 W ADB_SERVICES: adb: unable to update oom_score_adj
06-14 15:02:26.716   272   272 I SurfaceFlinger: [Built-in Screen (type:0)] fps:0.444040,dur:2252.05,max:2252.05,min:2252.05
06-14 15:02:26.720   336   336 W ADB_SERVICES: create_local_service_socket() name=shell:cat /proc/stat
06-14 15:02:26.720   336   336 W ADB_SERVICES: service_to_fd() name=shell:cat /proc/stat
06-14 15:02:26.720   336   336 W ADB_SERVICES: read_meminfo() mem_free=342708
06-14 15:02:26.721   336   336 W ADB_SERVICES: create_subproc ret_fd=23 pid=492
06-14 15:02:26.721   336   336 W ADB_SERVICES: LS(30300): bound to 'shell:cat /proc/stat' via 23
06-14 15:02:26.721   336   336 D ADB_SERVICES:  closing because is_eof=1 r=1 s->fde.force_eof=0
06-14 15:02:26.721   336   336 W ADB_SERVICES: entered. LS(30299) fd=22
06-14 15:02:26.722   492   492 W ADB_SERVICES: adb: unable to update oom_score_adj
06-14 15:02:26.729   336   336 D ADB_SERVICES:  closing because is_eof=1 r=1 s->fde.force_eof=0
06-14 15:02:26.729   336   336 W ADB_SERVICES: entered. LS(30300) fd=23
06-14 15:02:26.731   336   336 W ADB_SERVICES: create_local_service_socket() name=shell:cat /proc/stat
06-14 15:02:26.731   336   336 W ADB_SERVICES: service_to_fd() name=shell:cat /proc/stat
06-14 15:02:26.731   336   336 W ADB_SERVICES: read_meminfo() mem_free=342708
06-14 15:02:26.731   336   336 W ADB_SERVICES: create_subproc ret_fd=22 pid=493
06-14 15:02:26.732   336   336 W ADB_SERVICES: LS(30301): bound to 'shell:cat /proc/stat' via 22
06-14 15:02:26.732   493   493 W ADB_SERVICES: adb: unable to update oom_score_adj
06-14 15:02:26.741   336   336 D ADB_SERVICES:  closing because is_eof=1 r=1 s->fde.force_eof=0
06-14 15:02:26.741   336   336 W ADB_SERVICES: entered. LS(30301) fd=22
06-14 15:02:26.756   301   944 D AudioFlinger_Threads: Audio hardware entering standby, mixer 0xf455a000, suspend count 0
06-14 15:02:26.756   301   944 D AudioALSAStreamOut: close()
06-14 15:02:26.756   301   944 D AudioALSAPlaybackHandlerNormal: +close()
06-14 15:02:26.756   301   944 D AudioVoiceUIDL: [SetInputStandBy] val 1
06-14 15:02:26.756   301   944 D AudioVoiceUIDL: [SetInputStandBy] ReadRefFromRing to exit? (0) 
06-14 15:02:26.756   301   944 D AudioALSAHardwareResourceManager: +stopOutputDevice(), mOutputDevices = 0x2, mStartOutputDevicesCount = 1
06-14 15:02:26.756   301   944 D AudioALSAHardwareResourceManager: CloseSpeakerPath(), AUDIO_DEVICE_OUT_SPEAKER
06-14 15:02:26.756   301   944 D AudioALSADeviceConfigManager: GetDeviceDescriptorbyname
06-14 15:02:26.756   301   944 D AudioALSADeviceConfigManager: CheckDeviceExist exist devicename = speaker_output
06-14 15:02:26.756   301   944 D AudioALSADeviceConfigManager: ApplyDeviceTurnoffSequenceByName() DeviceName = speaker_output descriptor->DeviceStatusCounte = 1
06-14 15:02:26.756   301   944 D AudioALSADeviceConfigManager: cltname = Speaker_Amp_Switch cltvalue = Off
06-14 15:02:26.757   301   944 D AudioALSADriverUtility: GetPropertyValue key = af.resouce.extdac_support value = 0
06-14 15:02:26.757   301   944 D AudioALSAHardwareResourceManager: -stopOutputDevice(), mOutputDevices = 0x0, mStartOutputDevicesCount = 0
06-14 15:02:26.757   301   944 D AudioALSAPlaybackHandlerBase: +closePcmDriver(), mPcm = 0xf4477b40
06-14 15:02:26.760   301   944 D AudioALSAPlaybackHandlerBase: -closePcmDriver(), mPcm = 0x0
06-14 15:02:26.760   301   944 D AudioALSAPlaybackHandlerNormal: SetLowJitterMode() bEanble = 0 SampleRate = 44100
06-14 15:02:26.760   301   944 D AudioALSADriverUtility: GetPropertyValue key = af.resouce.extdac_support value = 0
06-14 15:02:26.760   301   944 D AudioALSAPlaybackHandlerNormal: SetLowJitterMode(), bEanble = 0
06-14 15:02:26.760   301   944 D AudioALSAPlaybackHandlerBase: DeinitDataPending
06-14 15:02:26.760   301   944 D AudioALSAPlaybackHandlerBase: delete mdataPendingTempBuffer
06-14 15:02:26.760   301   944 D MtkAudioBitConverter: +Close()
06-14 15:02:26.760   301   944 D MtkAudioBitConverter: -Close()
06-14 15:02:26.760   301   944 D MtkAudioBitConverter: +~MtkAudioBitConverter()
06-14 15:02:26.760   301   944 D MtkAudioBitConverter: -~MtkAudioBitConverter()
06-14 15:02:26.760   301   944 D AudioMTKFilter: AudioMTKFilter::stop() type 0 mode 4
06-14 15:02:26.760   301   944 D MtkAudioLoud: +ResetBuffer()
06-14 15:02:26.760   301   944 D MtkAudioLoud: -ResetBuffer()
06-14 15:02:26.760   301   944 D MtkAudioLoud: +Close()
06-14 15:02:26.760   301   944 D MtkAudioLoud: -Close()
06-14 15:02:26.760   301   944 D AudioALSAHardwareResourceManager: EnableAudBufClk(), bEanble = 0
06-14 15:02:26.765   301   944 D AudioALSAPlaybackHandlerNormal: -close()
06-14 15:02:26.765   301   944 D AudioALSAStreamManager: +destroyPlaybackHandler(), mode = 0, pPlaybackHandler = 0xf4484600
06-14 15:02:26.765   301   944 D AudioALSAPlaybackHandlerNormal: ~AudioALSAPlaybackHandlerNormal()
06-14 15:02:26.765   301   944 D AudioALSAPlaybackHandlerBase: ~AudioALSAPlaybackHandlerBase()
06-14 15:02:26.765   301   944 D AudioALSAStreamManager: -destroyPlaybackHandler(), mPlaybackHandlerVector.size() = 0
06-14 15:02:26.765   301   944 D AudioALSASampleRateController: AudioALSASampleRateController mPlaybackScenarioMask = 0
06-14 15:02:26.765   301   944 D AudioFlinger_Threads: releaseWakeLock_l() AudioOut_2
06-14 15:02:26.767   301   944 D AudioFlinger_Threads: thread 0xf455a000 type 0 TID 944 going to sleep
06-14 15:02:27.035 32424 32424 D BgTest  : uiCount 98  +3
06-14 15:02:27.148   336   336 W ADB_SERVICES: create_local_service_socket() name=shell:cat /proc/net/xt_qtaguid/stats | grep 10069
06-14 15:02:27.148   336   336 W ADB_SERVICES: service_to_fd() name=shell:cat /proc/net/xt_qtaguid/stats | grep 10069
06-14 15:02:27.149   336   336 W ADB_SERVICES: read_meminfo() mem_free=342224
06-14 15:02:27.150   336   336 W ADB_SERVICES: create_subproc ret_fd=22 pid=494
06-14 15:02:27.150   336   336 W ADB_SERVICES: LS(30302): bound to 'shell:cat /proc/net/xt_qtaguid/stats | grep 10069' via 22
06-14 15:02:27.152   494   494 W ADB_SERVICES: adb: unable to update oom_score_adj
06-14 15:02:27.153   336   336 W ADB_SERVICES: create_local_service_socket() name=shell:cat /proc/net/xt_qtaguid/stats | grep 10069
06-14 15:02:27.153   336   336 W ADB_SERVICES: service_to_fd() name=shell:cat /proc/net/xt_qtaguid/stats | grep 10069
06-14 15:02:27.154   336   336 W ADB_SERVICES: read_meminfo() mem_free=342084
06-14 15:02:27.155   336   336 W ADB_SERVICES: create_subproc ret_fd=23 pid=495
06-14 15:02:27.155   336   336 W ADB_SERVICES: LS(30303): bound to 'shell:cat /proc/net/xt_qtaguid/stats | grep 10069' via 23
06-14 15:02:27.157   495   495 W ADB_SERVICES: adb: unable to update oom_score_adj
06-14 15:02:27.179   336   336 D ADB_SERVICES:  closing because is_eof=1 r=-1 s->fde.force_eof=0
06-14 15:02:27.179   336   336 W ADB_SERVICES: entered. LS(30302) fd=22
06-14 15:02:27.180   336   336 D ADB_SERVICES:  closing because is_eof=1 r=-1 s->fde.force_eof=0
06-14 15:02:27.181   336   336 W ADB_SERVICES: entered. LS(30303) fd=23
06-14 15:02:27.263   336   336 W ADB_SERVICES: create_local_service_socket() name=shell:cat /proc/32424/stat
06-14 15:02:27.263   336   336 W ADB_SERVICES: service_to_fd() name=shell:cat /proc/32424/stat
06-14 15:02:27.263   336   336 W ADB_SERVICES: read_meminfo() mem_free=341400
06-14 15:02:27.263   336   336 W ADB_SERVICES: create_subproc ret_fd=22 pid=500
06-14 15:02:27.264   336   336 W ADB_SERVICES: LS(30304): bound to 'shell:cat /proc/32424/stat' via 22
06-14 15:02:27.265   500   500 W ADB_SERVICES: adb: unable to update oom_score_adj
06-14 15:02:27.270   336   336 D ADB_SERVICES:  closing because is_eof=1 r=-1 s->fde.force_eof=0
06-14 15:02:27.270   336   336 W ADB_SERVICES: entered. LS(30304) fd=22
06-14 15:02:27.271   336   336 W ADB_SERVICES: create_local_service_socket() name=shell:cat /proc/32424/stat
06-14 15:02:27.271   336   336 W ADB_SERVICES: service_to_fd() name=shell:cat /proc/32424/stat
06-14 15:02:27.272   336   336 W ADB_SERVICES: read_meminfo() mem_free=341400
06-14 15:02:27.272   336   336 W ADB_SERVICES: create_subproc ret_fd=22 pid=501
06-14 15:02:27.272   336   336 W ADB_SERVICES: LS(30305): bound to 'shell:cat /proc/32424/stat' via 22
06-14 15:02:27.273   501   501 W ADB_SERVICES: adb: unable to update oom_score_adj
06-14 15:02:27.278   336   336 D ADB_SERVICES:  closing because is_eof=1 r=-1 s->fde.force_eof=0
06-14 15:02:27.278   336   336 W ADB_SERVICES: entered. LS(30305) fd=22
06-14 15:02:27.304   336   336 W ADB_SERVICES: create_local_service_socket() name=shell:cat /proc/stat
06-14 15:02:27.304   336   336 W ADB_SERVICES: service_to_fd() name=shell:cat /proc/stat
06-14 15:02:27.304   336   336 W ADB_SERVICES: read_meminfo() mem_free=341400
06-14 15:02:27.304   336   336 W ADB_SERVICES: create_subproc ret_fd=22 pid=502
06-14 15:02:27.304   336   336 W ADB_SERVICES: LS(30306): bound to 'shell:cat /proc/stat' via 22
06-14 15:02:27.305   502   502 W ADB_SERVICES: adb: unable to update oom_score_adj
06-14 15:02:27.310   336   336 D ADB_SERVICES:  closing because is_eof=1 r=1 s->fde.force_eof=0
06-14 15:02:27.310   336   336 W ADB_SERVICES: entered. LS(30306) fd=22
06-14 15:02:27.310   336   336 W ADB_SERVICES: create_local_service_socket() name=shell:cat /proc/stat
06-14 15:02:27.311   336   336 W ADB_SERVICES: service_to_fd() name=shell:cat /proc/stat
06-14 15:02:27.311   336   336 W ADB_SERVICES: read_meminfo() mem_free=341400
06-14 15:02:27.311   336   336 W ADB_SERVICES: create_subproc ret_fd=22 pid=503
06-14 15:02:27.311   336   336 W ADB_SERVICES: LS(30307): bound to 'shell:cat /proc/stat' via 22
06-14 15:02:27.312   503   503 W ADB_SERVICES: adb: unable to update oom_score_adj
06-14 15:02:27.318   336   336 D ADB_SERVICES:  closing because is_eof=1 r=1 s->fde.force_eof=0
06-14 15:02:27.318   336   336 W ADB_SERVICES: entered. LS(30307) fd=22
06-14 15:02:27.680 32424 32489 D BgTest  : bgCount 95
06-14 15:02:27.699   336   336 W ADB_SERVICES: create_local_service_socket() name=shell:cat /proc/net/xt_qtaguid/stats | grep 10069
06-14 15:02:27.699   336   336 W ADB_SERVICES: service_to_fd() name=shell:cat /proc/net/xt_qtaguid/stats | grep 10069
06-14 15:02:27.699   336   336 W ADB_SERVICES: read_meminfo() mem_free=339952
06-14 15:02:27.700   336   336 W ADB_SERVICES: create_subproc ret_fd=22 pid=504
06-14 15:02:27.700   336   336 W ADB_SERVICES: LS(30308): bound to 'shell:cat /proc/net/xt_qtaguid/stats | grep 10069' via 22
06-14 15:02:27.701   504   504 W ADB_SERVICES: adb: unable to update oom_score_adj
06-14 15:02:27.714   336   336 W ADB_SERVICES: create_local_service_socket() name=shell:cat /proc/net/xt_qtaguid/stats | grep 10069
06-14 15:02:27.714   336   336 W ADB_SERVICES: service_to_fd() name=shell:cat /proc/net/xt_qtaguid/stats | grep 10069
06-14 15:02:27.714   336   336 W ADB_SERVICES: read_meminfo() mem_free=339448
06-14 15:02:27.715   336   336 W ADB_SERVICES: create_subproc ret_fd=23 pid=507
06-14 15:02:27.715   336   336 W ADB_SERVICES: LS(30309): bound to 'shell:cat /proc/net/xt_qtaguid/stats | grep 10069' via 23
06-14 15:02:27.717   507   507 W ADB_SERVICES: adb: unable to update oom_score_adj
06-14 15:02:27.718   336   336 D ADB_SERVICES:  closing because is_eof=1 r=-1 s->fde.force_eof=0
06-14 15:02:27.718   336   336 W ADB_SERVICES: entered. LS(30308) fd=22
06-14 15:02:27.733   336   336 D ADB_SERVICES:  closing because is_eof=1 r=-1 s->fde.force_eof=0
06-14 15:02:27.733   336   336 W ADB_SERVICES: entered. LS(30309) fd=23
06-14 15:02:27.847   336   336 W ADB_SERVICES: create_local_service_socket() name=shell:cat /proc/32424/stat
06-14 15:02:27.847   336   336 W ADB_SERVICES: service_to_fd() name=shell:cat /proc/32424/stat
06-14 15:02:27.847   336   336 W ADB_SERVICES: read_meminfo() mem_free=339204
06-14 15:02:27.848   336   336 W ADB_SERVICES: create_subproc ret_fd=22 pid=510
06-14 15:02:27.848   336   336 W ADB_SERVICES: LS(30310): bound to 'shell:cat /proc/32424/stat' via 22
06-14 15:02:27.849   510   510 W ADB_SERVICES: adb: unable to update oom_score_adj
06-14 15:02:27.858   336   336 D ADB_SERVICES:  closing because is_eof=1 r=1 s->fde.force_eof=0
06-14 15:02:27.858   336   336 W ADB_SERVICES: entered. LS(30310) fd=22
06-14 15:02:27.858   336   336 W ADB_SERVICES: create_local_service_socket() name=shell:cat /proc/32424/stat
06-14 15:02:27.858   336   336 W ADB_SERVICES: service_to_fd() name=shell:cat /proc/32424/stat
06-14 15:02:27.858   336   336 W ADB_SERVICES: read_meminfo() mem_free=339204
06-14 15:02:27.859   336   336 W ADB_SERVICES: create_subproc ret_fd=22 pid=511
06-14 15:02:27.859   336   336 W ADB_SERVICES: LS(30311): bound to 'shell:cat /proc/32424/stat' via 22
06-14 15:02:27.861   511   511 W ADB_SERVICES: adb: unable to update oom_score_adj
06-14 15:02:27.868   336   336 D ADB_SERVICES:  closing because is_eof=1 r=1 s->fde.force_eof=0
06-14 15:02:27.869   336   336 W ADB_SERVICES: entered. LS(30311) fd=22
06-14 15:02:27.884   336   336 W ADB_SERVICES: create_local_service_socket() name=shell:cat /proc/stat
06-14 15:02:27.884   336   336 W ADB_SERVICES: service_to_fd() name=shell:cat /proc/stat
06-14 15:02:27.885   336   336 W ADB_SERVICES: read_meminfo() mem_free=339204
06-14 15:02:27.885   336   336 W ADB_SERVICES: create_subproc ret_fd=22 pid=512
06-14 15:02:27.885   336   336 W ADB_SERVICES: LS(30312): bound to 'shell:cat /proc/stat' via 22
06-14 15:02:27.886   512   512 W ADB_SERVICES: adb: unable to update oom_score_adj
06-14 15:02:27.892   336   336 D ADB_SERVICES:  closing because is_eof=1 r=1 s->fde.force_eof=0
06-14 15:02:27.892   336   336 W ADB_SERVICES: entered. LS(30312) fd=22
06-14 15:02:27.896   336   336 W ADB_SERVICES: create_local_service_socket() name=shell:cat /proc/stat
06-14 15:02:27.896   336   336 W ADB_SERVICES: service_to_fd() name=shell:cat /proc/stat
06-14 15:02:27.896   336   336 W ADB_SERVICES: read_meminfo() mem_free=339204
06-14 15:02:27.897   336   336 W ADB_SERVICES: create_subproc ret_fd=22 pid=513
06-14 15:02:27.897   336   336 W ADB_SERVICES: LS(30313): bound to 'shell:cat /proc/stat' via 22
06-14 15:02:27.898   513   513 W ADB_SERVICES: adb: unable to update oom_score_adj
06-14 15:02:27.904   336   336 D ADB_SERVICES:  closing because is_eof=1 r=1 s->fde.force_eof=0
06-14 15:02:27.904   336   336 W ADB_SERVICES: entered. LS(30313) fd=22
06-14 15:02:28.036 32424 32424 D BgTest  : uiCount 99  +3
06-14 15:02:28.242   336   336 W ADB_SERVICES: create_local_service_socket() name=shell:cat /proc/net/xt_qtaguid/stats | grep 10069
06-14 15:02:28.242   336   336 W ADB_SERVICES: service_to_fd() name=shell:cat /proc/net/xt_qtaguid/stats | grep 10069
06-14 15:02:28.243   336   336 W ADB_SERVICES: read_meminfo() mem_free=338488
06-14 15:02:28.244   336   336 W ADB_SERVICES: create_subproc ret_fd=22 pid=514
06-14 15:02:28.244   336   336 W ADB_SERVICES: LS(30314): bound to 'shell:cat /proc/net/xt_qtaguid/stats | grep 10069' via 22
06-14 15:02:28.244   514   514 W ADB_SERVICES: adb: unable to update oom_score_adj
06-14 15:02:28.254  1561  2084 D DataBuryManager: currentLevel : 100 currentStatus : 5 currentPlugType : 2
06-14 15:02:28.255   336   336 W ADB_SERVICES: create_local_service_socket() name=shell:cat /proc/net/xt_qtaguid/stats | grep 10069
06-14 15:02:28.255   336   336 W ADB_SERVICES: service_to_fd() name=shell:cat /proc/net/xt_qtaguid/stats | grep 10069
06-14 15:02:28.255   336   336 W ADB_SERVICES: read_meminfo() mem_free=338028
06-14 15:02:28.256   336   336 W ADB_SERVICES: create_subproc ret_fd=23 pid=517
06-14 15:02:28.256   336   336 W ADB_SERVICES: LS(30315): bound to 'shell:cat /proc/net/xt_qtaguid/stats | grep 10069' via 23
06-14 15:02:28.257   517   517 W ADB_SERVICES: adb: unable to update oom_score_adj
06-14 15:02:28.264   336   336 D ADB_SERVICES:  closing because is_eof=1 r=-1 s->fde.force_eof=0
06-14 15:02:28.264   336   336 W ADB_SERVICES: entered. LS(30314) fd=22
06-14 15:02:28.275   336   336 D ADB_SERVICES:  closing because is_eof=1 r=-1 s->fde.force_eof=0
06-14 15:02:28.275   336   336 W ADB_SERVICES: entered. LS(30315) fd=23
06-14 15:02:28.320  1561  2084 D DataBuryManager: currentLevel : 100 currentStatus : 5 currentPlugType : 2
06-14 15:02:28.424   336   336 W ADB_SERVICES: create_local_service_socket() name=shell:cat /proc/32424/stat
06-14 15:02:28.424   336   336 W ADB_SERVICES: service_to_fd() name=shell:cat /proc/32424/stat
06-14 15:02:28.425   336   336 W ADB_SERVICES: read_meminfo() mem_free=337672
06-14 15:02:28.425   336   336 W ADB_SERVICES: create_subproc ret_fd=22 pid=520
06-14 15:02:28.426   336   336 W ADB_SERVICES: LS(30316): bound to 'shell:cat /proc/32424/stat' via 22
06-14 15:02:28.427   520   520 W ADB_SERVICES: adb: unable to update oom_score_adj
06-14 15:02:28.433   336   336 D ADB_SERVICES:  closing because is_eof=1 r=-1 s->fde.force_eof=0
06-14 15:02:28.433   336   336 W ADB_SERVICES: entered. LS(30316) fd=22
06-14 15:02:28.434   336   336 W ADB_SERVICES: create_local_service_socket() name=shell:cat /proc/32424/stat
06-14 15:02:28.434   336   336 W ADB_SERVICES: service_to_fd() name=shell:cat /proc/32424/stat
06-14 15:02:28.434   336   336 W ADB_SERVICES: read_meminfo() mem_free=337548
06-14 15:02:28.435   336   336 W ADB_SERVICES: create_subproc ret_fd=22 pid=521
06-14 15:02:28.435   521   521 W ADB_SERVICES: adb: unable to update oom_score_adj
06-14 15:02:28.435   336   336 W ADB_SERVICES: LS(30317): bound to 'shell:cat /proc/32424/stat' via 22
06-14 15:02:28.442   336   336 D ADB_SERVICES:  closing because is_eof=1 r=1 s->fde.force_eof=0
06-14 15:02:28.442   336   336 W ADB_SERVICES: entered. LS(30317) fd=22
06-14 15:02:28.467   336   336 W ADB_SERVICES: create_local_service_socket() name=shell:cat /proc/stat
06-14 15:02:28.467   336   336 W ADB_SERVICES: service_to_fd() name=shell:cat /proc/stat
06-14 15:02:28.468   336   336 W ADB_SERVICES: read_meminfo() mem_free=337716
06-14 15:02:28.468   336   336 W ADB_SERVICES: create_subproc ret_fd=22 pid=522
06-14 15:02:28.468   336   336 W ADB_SERVICES: LS(30318): bound to 'shell:cat /proc/stat' via 22
06-14 15:02:28.468   522   522 W ADB_SERVICES: adb: unable to update oom_score_adj
06-14 15:02:28.473   336   336 D ADB_SERVICES:  closing because is_eof=1 r=1 s->fde.force_eof=0
06-14 15:02:28.473   336   336 W ADB_SERVICES: entered. LS(30318) fd=22
06-14 15:02:28.475   336   336 W ADB_SERVICES: create_local_service_socket() name=shell:cat /proc/stat
06-14 15:02:28.475   336   336 W ADB_SERVICES: service_to_fd() name=shell:cat /proc/stat
06-14 15:02:28.475   336   336 W ADB_SERVICES: read_meminfo() mem_free=337716
06-14 15:02:28.476   336   336 W ADB_SERVICES: create_subproc ret_fd=22 pid=523
06-14 15:02:28.476   336   336 W ADB_SERVICES: LS(30319): bound to 'shell:cat /proc/stat' via 22
06-14 15:02:28.476   523   523 W ADB_SERVICES: adb: unable to update oom_score_adj
06-14 15:02:28.482   336   336 D ADB_SERVICES:  closing because is_eof=1 r=1 s->fde.force_eof=0
06-14 15:02:28.482   336   336 W ADB_SERVICES: entered. LS(30319) fd=22
06-14 15:02:28.500   874   968 D WifiHW  : enter -->wifi_send_command cmd=IFNAME=wlan0 SCAN TYPE=ONLY
06-14 15:02:28.501  1428  1428 D wpa_supplicant: wlan0: Control interface command 'SCAN TYPE=ONLY'
06-14 15:02:28.502  1428  1428 D wpa_supplicant: wlan0: Setting scan request: 0.000000 sec
06-14 15:02:28.502   874   968 D WifiHW  : leave --> reply=OK
06-14 15:02:28.502   874   968 D WifiHW  : 
06-14 15:02:28.502  1428  1428 D wpa_supplicant: wlan0: State: DISCONNECTED -> SCANNING
06-14 15:02:28.502  1428  1428 D wpa_supplicant: CTRL_IFACE monitor sent successfully to /data/misc/wifi/sockets/wpa_ctrl_874-2\x00
06-14 15:02:28.502  1428  1428 D wpa_supplicant: Scan SSID - hexdump(len=10): 73 6f 64 69 6e 6f 2d 6d 62 70
06-14 15:02:28.502  1428  1428 D wpa_supplicant: wlan0: Starting AP scan for specific SSID: sodino-mbp
06-14 15:02:28.502  1428  1428 D wpa_supplicant: WPS: Building WPS IE for Probe Request
06-14 15:02:28.502  1428  1428 D wpa_supplicant: WPS:  * Version (hardcoded 0x10)
06-14 15:02:28.502  1428  1428 D wpa_supplicant: WPS:  * Request Type
06-14 15:02:28.505   874   968 V ActivityManager: Broadcast sticky: Intent { act=android.net.wifi.STATE_CHANGE flg=0x4000010 (has extras) } ordered=false userid=-1 callerApp=ProcessRecord{2de77b41 874:system/1000}
06-14 15:02:28.502  1428  1428 D wpa_supplicant: WPS:  * Config Methods (4288)
06-14 15:02:28.508   874   874 D WifiService: onReceive, action:android.net.wifi.STATE_CHANGE
06-14 15:02:28.502  1428  1428 D wpa_supplicant: WPS:  * UUID-E
06-14 15:02:28.509   874   968 V ActivityManager: Broadcast sticky: Intent { act=android.net.wifi.supplicant.STATE_CHANGE flg=0x24000010 (has extras) } ordered=false userid=-1 callerApp=ProcessRecord{2de77b41 874:system/1000}
06-14 15:02:28.502  1428  1428 D wpa_supplicant: WPS:  * Primary Device Type
06-14 15:02:28.502  1428  1428 D wpa_supplicant: WPS:  * RF Bands (3)
06-14 15:02:28.502  1428  1428 D wpa_supplicant: WPS:  * Association State
06-14 15:02:28.502  1428  1428 D wpa_supplicant: WPS:  * Configuration Error (0)
06-14 15:02:28.502  1428  1428 D wpa_supplicant: WPS:  * Device Password ID (0)
06-14 15:02:28.502  1428  1428 D wpa_supplicant: WPS:  * Manufacturer
06-14 15:02:28.502  1428  1428 D wpa_supplicant: WPS:  * Model Name
06-14 15:02:28.502  1428  1428 D wpa_supplicant: WPS:  * Model Number
06-14 15:02:28.502  1428  1428 D wpa_supplicant: WPS:  * Device Name
06-14 15:02:28.502  1428  1428 D wpa_supplicant: WPS:  * Version2 (0x20)
06-14 15:02:28.502  1428  1428 D wpa_supplicant: P2P: * P2P IE header
06-14 15:02:28.502  1428  1428 D wpa_supplicant: P2P: * Capability dev=25 group=00
06-14 15:02:28.502  1428  1428 D wpa_supplicant: P2P: * Listen Channel: Regulatory Class 81 Channel 11
06-14 15:02:28.502  1428  1428 D wpa_supplicant: wlan0: Add radio work 'scan'@0x7f8e01c3d0
06-14 15:02:28.502  1428  1428 D wpa_supplicant: wlan0: First radio work item in the queue - schedule start immediately
06-14 15:02:28.502  1428  1428 D wpa_supplicant: wlan0: Starting radio work 'scan'@0x7f8e01c3d0 after 0.000050 second wait
06-14 15:02:28.502  1428  1428 D wpa_supplicant: wlan0: nl80211: scan request
06-14 15:02:28.502  1428  1428 D wpa_supplicant: nl80211: Scan SSID - hexdump(len=10): 73 6f 64 69 6e 6f 2d 6d 62 70
06-14 15:02:28.502  1428  1428 D wpa_supplicant: nl80211: Scan extra IEs - hexdump(len=147): dd 7e 00 50 f2 04 10 4a 00 01 10 10 3a 00 01 00 10 08 00 02 42 88 10 47 00 10 cf b4 8b c6 93 4e 53 18 8b 9d 93 6f 14 84 63 c0 10 54 00 08 00 0a 00 50 f2 04 00 05 10 3c 00 01 03 10 02 00 02 00 00 10 09 00 02 00 00 10 12 00 02 00 00 10 21 00 05 4d 65 69 7a 75 10 23 00 07 6d 32 20 6e 6f 74 65 10 24 00 07 6d 32 20 6e 6f 74 65 10 11 00 06 6d 32 6e 6f 74 65 10 49 00 06 00 37 2a 00 01 20 dd 11 50 6f 9a 09 02 02 00 25 00 06 05 00 43 4e 04 51 0b
06-14 15:02:28.503   874  1961 D WifiHW  : [1] get event: IFNAME=wlan0 <3>CTRL-EVENT-STATE-CHANGE id=-1 state=3 BSSID=00:00:00:00:00:00 SSID=
06-14 15:02:28.503   874  1961 D WifiHW  : [2] get event: IFNAME=wlan0 CTRL-EVENT-STATE-CHANGE id=-1 state=3 BSSID=00:00:00:00:00:00 SSID=
06-14 15:02:28.503   874  1961 D WifiHW  : enter -->wifi_wait_on_socket buflen=2048
06-14 15:02:28.503   874  1961 D WifiHW  : enter -->wifi_ctrl_recv
06-14 15:02:28.504  1428  1428 D wpa_supplicant: Scan requested (ret=0) - scan timeout 30 seconds
06-14 15:02:28.504  1428  1428 D wpa_supplicant: nl80211: Event message available
06-14 15:02:28.504  1428  1428 D wpa_supplicant: nl80211: Drv Event 33 (NL80211_CMD_TRIGGER_SCAN) received for wlan0
06-14 15:02:28.504  1428  1428 D wpa_supplicant: wlan0: nl80211: Scan trigger
06-14 15:02:28.504  1428  1428 D wpa_supplicant: wlan0: Event SCAN_STARTED (49) received
06-14 15:02:28.504  1428  1428 D wpa_supplicant: wlan0: Own scan request started a scan in 0.000119 seconds
06-14 15:02:28.504  1428  1428 D wpa_supplicant: CTRL_IFACE monitor sent successfully to /data/misc/wifi/sockets/wpa_ctrl_874-2\x00
06-14 15:02:28.507   331   331 D [BT3.0+HS]PAL: == chip_reset_fd is set ==
06-14 15:02:28.507   331   331 D [BT3.0+HS]PAL: 
06-14 15:02:28.507   331   331 D [BT3.0+HS]PAL: invalid reply message
06-14 15:02:28.507   331   331 D [BT3.0+HS]PAL: 
06-14 15:02:28.507  1040  1040 D NetworkController: onReceive: intent=Intent { act=android.net.wifi.STATE_CHANGE flg=0x4000010 (has extras) }
06-14 15:02:28.507  1040  1040 D NetworkController.WifiSignalController: isDirty : false
06-14 15:02:28.509   874   989 D WifiWatchdogStateMachine: Network state change SCANNING
06-14 15:02:28.509   874   989 D WifiWatchdogStateMachine: Update current BSSID to null
06-14 15:02:28.509   874   989 D WifiWatchdogStateMachine: NotConnectedState
06-14 15:02:28.509   874  1961 D WifiHW  : [1] get event: IFNAME=wlan0 <3>CTRL-EVENT-SCAN-STARTED 
06-14 15:02:28.509   874  1961 D WifiHW  : [2] get event: IFNAME=wlan0 CTRL-EVENT-SCAN-STARTED 
06-14 15:02:28.509   874  1961 D WifiHW  : enter -->wifi_wait_on_socket buflen=2048
06-14 15:02:28.509   874  1961 D WifiHW  : enter -->wifi_ctrl_recv
06-14 15:02:28.720 32424 32489 D BgTest  : bgCount 96
06-14 15:02:28.784   336   336 W ADB_SERVICES: create_local_service_socket() name=shell:cat /proc/net/xt_qtaguid/stats | grep 10069
06-14 15:02:28.784   336   336 W ADB_SERVICES: service_to_fd() name=shell:cat /proc/net/xt_qtaguid/stats | grep 10069
06-14 15:02:28.785   336   336 W ADB_SERVICES: read_meminfo() mem_free=336256
06-14 15:02:28.785   336   336 W ADB_SERVICES: create_subproc ret_fd=22 pid=524
06-14 15:02:28.785   336   336 W ADB_SERVICES: LS(30320): bound to 'shell:cat /proc/net/xt_qtaguid/stats | grep 10069' via 22
06-14 15:02:28.787   524   524 W ADB_SERVICES: adb: unable to update oom_score_adj
06-14 15:02:28.800   336   336 W ADB_SERVICES: create_local_service_socket() name=shell:cat /proc/net/xt_qtaguid/stats | grep 10069
06-14 15:02:28.800   336   336 W ADB_SERVICES: service_to_fd() name=shell:cat /proc/net/xt_qtaguid/stats | grep 10069
06-14 15:02:28.800   336   336 W ADB_SERVICES: read_meminfo() mem_free=335588
06-14 15:02:28.801   336   336 W ADB_SERVICES: create_subproc ret_fd=23 pid=527
06-14 15:02:28.801   336   336 W ADB_SERVICES: LS(30321): bound to 'shell:cat /proc/net/xt_qtaguid/stats | grep 10069' via 23
06-14 15:02:28.802   527   527 W ADB_SERVICES: adb: unable to update oom_score_adj
06-14 15:02:28.804   336   336 D ADB_SERVICES:  closing because is_eof=1 r=-1 s->fde.force_eof=0
06-14 15:02:28.804   336   336 W ADB_SERVICES: entered. LS(30320) fd=22
06-14 15:02:28.817   336   336 D ADB_SERVICES:  closing because is_eof=1 r=-1 s->fde.force_eof=0
06-14 15:02:28.817   336   336 W ADB_SERVICES: entered. LS(30321) fd=23
06-14 15:02:28.990  1561  2084 D DataBuryManager: currentLevel : 100 currentStatus : 5 currentPlugType : 2
06-14 15:02:29.012   336   336 W ADB_SERVICES: create_local_service_socket() name=shell:cat /proc/32424/stat
06-14 15:02:29.012   336   336 W ADB_SERVICES: service_to_fd() name=shell:cat /proc/32424/stat
06-14 15:02:29.012   336   336 W ADB_SERVICES: read_meminfo() mem_free=335324
06-14 15:02:29.013   336   336 W ADB_SERVICES: create_subproc ret_fd=22 pid=530
06-14 15:02:29.013   336   336 W ADB_SERVICES: LS(30322): bound to 'shell:cat /proc/32424/stat' via 22
06-14 15:02:29.015   530   530 W ADB_SERVICES: adb: unable to update oom_score_adj
06-14 15:02:29.026   336   336 D ADB_SERVICES:  closing because is_eof=1 r=1 s->fde.force_eof=0
06-14 15:02:29.026   336   336 W ADB_SERVICES: entered. LS(30322) fd=22
06-14 15:02:29.026   336   336 W ADB_SERVICES: create_local_service_socket() name=shell:cat /proc/32424/stat
06-14 15:02:29.026   336   336 W ADB_SERVICES: service_to_fd() name=shell:cat /proc/32424/stat
06-14 15:02:29.027   336   336 W ADB_SERVICES: read_meminfo() mem_free=335060
06-14 15:02:29.028   336   336 W ADB_SERVICES: create_subproc ret_fd=22 pid=557
06-14 15:02:29.028   336   336 W ADB_SERVICES: LS(30323): bound to 'shell:cat /proc/32424/stat' via 22
06-14 15:02:29.028   557   557 W ADB_SERVICES: adb: unable to update oom_score_adj
06-14 15:02:29.037   336   336 D ADB_SERVICES:  closing because is_eof=1 r=1 s->fde.force_eof=0
06-14 15:02:29.037   336   336 W ADB_SERVICES: entered. LS(30323) fd=22
06-14 15:02:29.038 32424 32424 D BgTest  : uiCount 100  +3
06-14 15:02:29.055   336   336 W ADB_SERVICES: create_local_service_socket() name=shell:cat /proc/stat
06-14 15:02:29.055   336   336 W ADB_SERVICES: service_to_fd() name=shell:cat /proc/stat
06-14 15:02:29.055   336   336 W ADB_SERVICES: read_meminfo() mem_free=335060
06-14 15:02:29.055   336   336 W ADB_SERVICES: create_subproc ret_fd=22 pid=558
06-14 15:02:29.056   336   336 W ADB_SERVICES: LS(30324): bound to 'shell:cat /proc/stat' via 22
06-14 15:02:29.056   558   558 W ADB_SERVICES: adb: unable to update oom_score_adj
06-14 15:02:29.062   336   336 D ADB_SERVICES:  closing because is_eof=1 r=1 s->fde.force_eof=0
06-14 15:02:29.062   336   336 W ADB_SERVICES: entered. LS(30324) fd=22
06-14 15:02:29.070   336   336 W ADB_SERVICES: create_local_service_socket() name=shell:cat /proc/stat
06-14 15:02:29.070   336   336 W ADB_SERVICES: service_to_fd() name=shell:cat /proc/stat
06-14 15:02:29.070   336   336 W ADB_SERVICES: read_meminfo() mem_free=335060
06-14 15:02:29.071   336   336 W ADB_SERVICES: create_subproc ret_fd=22 pid=560
06-14 15:02:29.071   336   336 W ADB_SERVICES: LS(30325): bound to 'shell:cat /proc/stat' via 22
06-14 15:02:29.071   560   560 W ADB_SERVICES: adb: unable to update oom_score_adj
06-14 15:02:29.076   336   336 D ADB_SERVICES:  closing because is_eof=1 r=1 s->fde.force_eof=0
06-14 15:02:29.076   336   336 W ADB_SERVICES: entered. LS(30325) fd=22
06-14 15:02:29.182  3944  3962 I art     : WaitForGcToComplete blocked for 42.491ms for cause HomogeneousSpaceCompact
06-14 15:02:29.324   336   336 W ADB_SERVICES: create_local_service_socket() name=shell:cat /proc/net/xt_qtaguid/stats | grep 10069
06-14 15:02:29.324   336   336 W ADB_SERVICES: service_to_fd() name=shell:cat /proc/net/xt_qtaguid/stats | grep 10069
06-14 15:02:29.325   336   336 W ADB_SERVICES: read_meminfo() mem_free=317408
06-14 15:02:29.325   336   336 W ADB_SERVICES: create_subproc ret_fd=22 pid=561
06-14 15:02:29.325   336   336 W ADB_SERVICES: LS(30326): bound to 'shell:cat /proc/net/xt_qtaguid/stats | grep 10069' via 22
06-14 15:02:29.326   561   561 W ADB_SERVICES: adb: unable to update oom_score_adj
06-14 15:02:29.334   336   336 W ADB_SERVICES: create_local_service_socket() name=shell:cat /proc/net/xt_qtaguid/stats | grep 10069
06-14 15:02:29.334   336   336 W ADB_SERVICES: service_to_fd() name=shell:cat /proc/net/xt_qtaguid/stats | grep 10069
06-14 15:02:29.335   336   336 W ADB_SERVICES: read_meminfo() mem_free=324008
06-14 15:02:29.335   336   336 W ADB_SERVICES: create_subproc ret_fd=23 pid=564
06-14 15:02:29.335   336   336 W ADB_SERVICES: LS(30327): bound to 'shell:cat /proc/net/xt_qtaguid/stats | grep 10069' via 23
06-14 15:02:29.336   564   564 W ADB_SERVICES: adb: unable to update oom_score_adj
06-14 15:02:29.341   336   336 D ADB_SERVICES:  closing because is_eof=1 r=-1 s->fde.force_eof=0
06-14 15:02:29.342   336   336 W ADB_SERVICES: entered. LS(30326) fd=22
06-14 15:02:29.351   336   336 D ADB_SERVICES:  closing because is_eof=1 r=-1 s->fde.force_eof=0
06-14 15:02:29.351   336   336 W ADB_SERVICES: entered. LS(30327) fd=23
06-14 15:02:29.427  1561  2084 D DataBuryManager: currentLevel : 100 currentStatus : 5 currentPlugType : 2
06-14 15:02:29.602   336   336 W ADB_SERVICES: create_local_service_socket() name=shell:cat /proc/32424/stat
06-14 15:02:29.603   336   336 W ADB_SERVICES: service_to_fd() name=shell:cat /proc/32424/stat
06-14 15:02:29.603   336   336 W ADB_SERVICES: read_meminfo() mem_free=354780
06-14 15:02:29.604   336   336 W ADB_SERVICES: create_subproc ret_fd=22 pid=567
06-14 15:02:29.605   336   336 W ADB_SERVICES: LS(30328): bound to 'shell:cat /proc/32424/stat' via 22
06-14 15:02:29.607   567   567 W ADB_SERVICES: adb: unable to update oom_score_adj
06-14 15:02:29.616   336   336 W ADB_SERVICES: create_local_service_socket() name=shell:cat /proc/32424/stat
06-14 15:02:29.616   336   336 W ADB_SERVICES: service_to_fd() name=shell:cat /proc/32424/stat
06-14 15:02:29.618   336   336 W ADB_SERVICES: read_meminfo() mem_free=354640
06-14 15:02:29.619   336   336 W ADB_SERVICES: create_subproc ret_fd=23 pid=568
06-14 15:02:29.619   336   336 W ADB_SERVICES: LS(30329): bound to 'shell:cat /proc/32424/stat' via 23
06-14 15:02:29.622   568   568 W ADB_SERVICES: adb: unable to update oom_score_adj
06-14 15:02:29.624   336   336 D ADB_SERVICES:  closing because is_eof=1 r=1 s->fde.force_eof=0
06-14 15:02:29.625   336   336 W ADB_SERVICES: entered. LS(30328) fd=22
06-14 15:02:29.633   336   336 D ADB_SERVICES:  closing because is_eof=1 r=1 s->fde.force_eof=0
06-14 15:02:29.633   336   336 W ADB_SERVICES: entered. LS(30329) fd=23
06-14 15:02:29.642   336   336 W ADB_SERVICES: create_local_service_socket() name=shell:cat /proc/stat
06-14 15:02:29.642   336   336 W ADB_SERVICES: service_to_fd() name=shell:cat /proc/stat
06-14 15:02:29.643   336   336 W ADB_SERVICES: read_meminfo() mem_free=354516
06-14 15:02:29.643   336   336 W ADB_SERVICES: create_subproc ret_fd=22 pid=569
06-14 15:02:29.643   336   336 W ADB_SERVICES: LS(30330): bound to 'shell:cat /proc/stat' via 22
06-14 15:02:29.644   569   569 W ADB_SERVICES: adb: unable to update oom_score_adj
06-14 15:02:29.650   336   336 D ADB_SERVICES:  closing because is_eof=1 r=1 s->fde.force_eof=0
06-14 15:02:29.650   336   336 W ADB_SERVICES: entered. LS(30330) fd=22
06-14 15:02:29.654   336   336 W ADB_SERVICES: create_local_service_socket() name=shell:cat /proc/stat
06-14 15:02:29.654   336   336 W ADB_SERVICES: service_to_fd() name=shell:cat /proc/stat
06-14 15:02:29.654   336   336 W ADB_SERVICES: read_meminfo() mem_free=354516
06-14 15:02:29.655   336   336 W ADB_SERVICES: create_subproc ret_fd=22 pid=570
06-14 15:02:29.655   336   336 W ADB_SERVICES: LS(30331): bound to 'shell:cat /proc/stat' via 22
06-14 15:02:29.655   570   570 W ADB_SERVICES: adb: unable to update oom_score_adj
06-14 15:02:29.661   336   336 D ADB_SERVICES:  closing because is_eof=1 r=1 s->fde.force_eof=0
06-14 15:02:29.661   336   336 W ADB_SERVICES: entered. LS(30331) fd=22
06-14 15:02:29.738   272   272 I SurfaceFlinger: [Built-in Screen (type:0)] fps:6.949042,dur:3022.00,max:2683.62,min:11.46
06-14 15:02:29.760 32424 32489 D BgTest  : bgCount 97
06-14 15:02:29.867   336   336 W ADB_SERVICES: create_local_service_socket() name=shell:cat /proc/net/xt_qtaguid/stats | grep 10069
06-14 15:02:29.867   336   336 W ADB_SERVICES: service_to_fd() name=shell:cat /proc/net/xt_qtaguid/stats | grep 10069
06-14 15:02:29.867   336   336 W ADB_SERVICES: read_meminfo() mem_free=353556
06-14 15:02:29.870   336   336 W ADB_SERVICES: create_subproc ret_fd=22 pid=571
06-14 15:02:29.870   336   336 W ADB_SERVICES: LS(30332): bound to 'shell:cat /proc/net/xt_qtaguid/stats | grep 10069' via 22
06-14 15:02:29.871   571   571 W ADB_SERVICES: adb: unable to update oom_score_adj
06-14 15:02:29.879   336   336 W ADB_SERVICES: create_local_service_socket() name=shell:cat /proc/net/xt_qtaguid/stats | grep 10069
06-14 15:02:29.879   336   336 W ADB_SERVICES: service_to_fd() name=shell:cat /proc/net/xt_qtaguid/stats | grep 10069
06-14 15:02:29.879   336   336 W ADB_SERVICES: read_meminfo() mem_free=352980
06-14 15:02:29.879   336   336 W ADB_SERVICES: create_subproc ret_fd=23 pid=572
06-14 15:02:29.879   336   336 W ADB_SERVICES: LS(30333): bound to 'shell:cat /proc/net/xt_qtaguid/stats | grep 10069' via 23
06-14 15:02:29.880   572   572 W ADB_SERVICES: adb: unable to update oom_score_adj
06-14 15:02:29.899   336   336 D ADB_SERVICES:  closing because is_eof=1 r=-1 s->fde.force_eof=0
06-14 15:02:29.899   336   336 W ADB_SERVICES: entered. LS(30332) fd=22
06-14 15:02:29.899   336   336 D ADB_SERVICES:  closing because is_eof=1 r=-1 s->fde.force_eof=0
06-14 15:02:29.899   336   336 W ADB_SERVICES: entered. LS(30333) fd=23
06-14 15:02:29.918   331   331 D [BT3.0+HS]PAL: == chip_reset_fd is set ==
06-14 15:02:29.918   296   773 D NetlinkEvent: clear RA flag done
06-14 15:02:29.918   331   331 D [BT3.0+HS]PAL: 
06-14 15:02:29.918   296   773 D SocketClient: SocketClient sendData done: 600 Iface linkstate wlan0 down
06-14 15:02:29.918   331   331 D [BT3.0+HS]PAL: invalid reply message
06-14 15:02:29.918   296   773 D NetlinkEvent: clear RA flag done
06-14 15:02:29.918   331   331 D [BT3.0+HS]PAL: 
06-14 15:02:29.918   296   773 D SocketClient: SocketClient sendData done: 600 Iface linkstate wlan0 down
06-14 15:02:29.918   331   331 D [BT3.0+HS]PAL: == chip_reset_fd is set ==
06-14 15:02:29.919   874   960 D NetdConnector: RCV <- {600 Iface linkstate wlan0 down}
06-14 15:02:29.918   331   331 D [BT3.0+HS]PAL: 
06-14 15:02:29.919   874   960 D NetdConnector: RCV <- {600 Iface linkstate wlan0 down}
06-14 15:02:29.918   331   331 D [BT3.0+HS]PAL: invalid reply message
06-14 15:02:29.919   874   925 D NetworkManagementService: onEvent:600 Iface linkstate wlan0 down:5
06-14 15:02:29.918   331   331 D [BT3.0+HS]PAL: 
06-14 15:02:29.922   874   925 D NetworkManagementService: onEvent:600 Iface linkstate wlan0 down:5
06-14 15:02:29.918  1428  1428 D wpa_supplicant: RTM_NEWLINK: ifi_index=10 ifname=wlan0 wext ifi_family=0 ifi_flags=0x1003 ([UP])
06-14 15:02:29.918   312   312 D wifi2agps: scan result, found 32 APs
06-14 15:02:29.918   312   312 D agps    : [WIFI2AGPS] wifi2agps_scanned
06-14 15:02:29.918  1428  1428 D wpa_supplicant: RTM_NEWLINK: ifi_index=10 ifname=wlan0 wext ifi_family=0 ifi_flags=0x1003 ([UP])
06-14 15:02:29.918  1428  1428 D wpa_supplicant: nl80211: Event message available
06-14 15:02:29.918  1428  1428 D wpa_supplicant: nl80211: Drv Event 34 (NL80211_CMD_NEW_SCAN_RESULTS) received for wlan0
06-14 15:02:29.918  1428  1428 D wpa_supplicant: wlan0: nl80211: New scan results available
06-14 15:02:29.918  1428  1428 D wpa_supplicant: nl80211: Scan probed for SSID 'sodino-mbp'
06-14 15:02:29.918  1428  1428 D wpa_supplicant: nl80211: Scan included frequencies: 2412 2417 2422 2427 2432 2437 2442 2447 2452 2457 2462 2467 2472 5180 5200 5220 5240 5260 5280 5300 5320 5745 5765 5785 5805 5825
06-14 15:02:29.918  1428  1428 D wpa_supplicant: wlan0: Event SCAN_RESULTS (3) received
06-14 15:02:29.918  1428  1428 D wpa_supplicant: wlan0: Scan completed in 1.414067 seconds
06-14 15:02:29.918   296   773 I Netd    : Get netlink event, ifname: wlan0 action: 5
06-14 15:02:29.918   296   773 I Netd    : Get netlink event, ifname: wlan0 action: 5
06-14 15:02:29.918   311   378 D agps    : [agps][n][WIFI] wifi_scanned  count=21 timestamp=8231768 num=32
06-14 15:02:29.919  1428  1428 D wpa_supplicant: nl80211: Received scan results (60 BSSes)
06-14 15:02:29.919  1428  1428 D wpa_supplicant: wlan0: BSS: Start scan result update 16
06-14 15:02:29.919  1428  1428 D wpa_supplicant: wlan0: BSS: Add new id 405 BSSID 98:01:a7:9e:dd:75 SSID 'sodino'
06-14 15:02:29.919  1428  1428 D wpa_supplicant: wlan0: BSS: Add new id 406 BSSID 84:d9:31:14:4f:31 SSID 'Meitu.guest'
06-14 15:02:29.919  1428  1428 D wpa_supplicant: wlan0: BSS: Add new id 407 BSSID 84:d9:31:14:4f:32 SSID 'Meitu.cp'
06-14 15:02:29.919  1428  1428 D wpa_supplicant: wlan0: BSS: Add new id 408 BSSID 84:d9:31:14:4f:33 SSID 'Meitu.8H.hw'
06-14 15:02:29.919  1428  1428 D wpa_supplicant: wlan0: BSS: Add new id 409 BSSID 84:d9:31:14:4f:30 SSID 'Meitu.com'
06-14 15:02:29.919  1428  1428 D wpa_supplicant: wlan0: BSS: Add new id 410 BSSID 84:d9:31:14:4f:21 SSID 'Meitu.guest'
06-14 15:02:29.919  1428  1428 D wpa_supplicant: wlan0: BSS: Add new id 411 BSSID 84:d9:31:14:4f:23 SSID 'Meitu.8H.hw'
06-14 15:02:29.919  1428  1428 D wpa_supplicant: wlan0: BSS: Add new id 412 BSSID 84:d9:31:14:4f:22 SSID 'Meitu.cp'
06-14 15:02:29.919  1428  1428 D wpa_supplicant: wlan0: BSS: Add new id 413 BSSID 84:d9:31:14:4f:20 SSID 'Meitu.com'
06-14 15:02:29.919  1428  1428 D wpa_supplicant: wlan0: BSS: Add new id 414 BSSID 84:d9:31:14:4f:12 SSID 'Meitu.cp'
06-14 15:02:29.919  1428  1428 D wpa_supplicant: wlan0: BSS: Add new id 415 BSSID 84:d9:31:14:4f:11 SSID 'Meitu.guest'
06-14 15:02:29.919  1428  1428 D wpa_supplicant: wlan0: BSS: Add new id 416 BSSID 84:d9:31:14:4f:13 SSID 'Meitu.CJtest'
06-14 15:02:29.919   874   925 D Tethering: interfaceLinkStateChanged wlan0, false
06-14 15:02:29.919  1428  1428 D wpa_supplicant: wlan0: BSS: Add new id 417 BSSID 84:d9:31:14:4f:10 SSID 'Meitu.com'
06-14 15:02:29.919   874   925 D Tethering: interfaceStatusChanged wlan0, false
06-14 15:02:29.919  1428  1428 D wpa_supplicant: wlan0: BSS: Add new id 418 BSSID 84:d9:31:14:48:51 SSID 'Meitu.guest'
06-14 15:02:29.919  1428  1428 D wpa_supplicant: wlan0: BSS: Add new id 419 BSSID 84:d9:31:14:48:52 SSID 'Meitu.cp'
06-14 15:02:29.919  1428  1428 D wpa_supplicant: wlan0: BSS: Add new id 420 BSSID 84:d9:31:14:48:50 SSID 'Meitu.com'
06-14 15:02:29.919  1428  1428 D wpa_supplicant: wlan0: BSS: Add new id 421 BSSID 84:d9:31:14:47:33 SSID 'Meitu.8H.hw'
06-14 15:02:29.919  1428  1428 D wpa_supplicant: wlan0: BSS: Add new id 422 BSSID 84:d9:31:14:47:32 SSID 'Meitu.ruanjian'
06-14 15:02:29.919  1428  1428 D wpa_supplicant: wlan0: BSS: Add new id 423 BSSID 84:d9:31:14:4a:e3 SSID 'Meitu.8H.hw'
06-14 15:02:29.919  1428  1428 D wpa_supplicant: wlan0: BSS: Add new id 424 BSSID 84:d9:31:14:4a:e2 SSID 'Meitu.cp'
06-14 15:02:29.919  1428  1428 D wpa_supplicant: wlan0: BSS: Add new id 425 BSSID 98:13:33:61:dc:7e SSID 'ChinaNet-wHpT'
06-14 15:02:29.919  1428  1428 D wpa_supplicant: wlan0: BSS: Add new id 426 BSSID 84:d9:31:14:47:30 SSID 'Meitu.com'
06-14 15:02:29.919  1428  1428 D wpa_supplicant: wlan0: BSS: Add new id 427 BSSID 84:d9:31:14:47:31 SSID 'Meitu.guest'
06-14 15:02:29.919  1428  1428 D wpa_supplicant: wlan0: BSS: Add new id 428 BSSID 84:d9:31:14:4b:60 SSID 'Meitu.com'
06-14 15:02:29.922   874   925 D Tethering: interfaceLinkStateChanged wlan0, false
06-14 15:02:29.922   874   925 D Tethering: interfaceStatusChanged wlan0, false
06-14 15:02:29.927  1428  1428 D wpa_supplicant: wlan0: BSS: Add new id 429 BSSID 84:d9:31:14:4b:61 SSID 'Meitu.guest'
06-14 15:02:29.927  1428  1428 D wpa_supplicant: wlan0: BSS: Add new id 430 BSSID 84:d9:31:14:4b:62 SSID 'Meitu.cp'
06-14 15:02:29.927  1428  1428 D wpa_supplicant: wlan0: BSS: Add new id 431 BSSID 64:eb:8c:ce:67:36 SSID 'EBCE6736-PE8EkCpcSs09O2L'
06-14 15:02:29.927  1428  1428 D wpa_supplicant: wlan0: BSS: Add new id 432 BSSID 84:d9:31:14:48:41 SSID 'Meitu.guest'
06-14 15:02:29.927  1428  1428 D wpa_supplicant: wlan0: BSS: Add new id 433 BSSID 84:d9:31:14:48:42 SSID 'Meitu.cp'
06-14 15:02:29.927  1428  1428 D wpa_supplicant: wlan0: BSS: Add new id 434 BSSID 84:d9:31:14:46:11 SSID 'Meitu.guest'
06-14 15:02:29.927  1428  1428 D wpa_supplicant: wlan0: BSS: Add new id 435 BSSID 84:d9:31:14:4e:84 SSID 'Meitu.cp'
06-14 15:02:29.927  1428  1428 D wpa_supplicant: wlan0: BSS: Add new id 436 BSSID 84:d9:31:14:4e:82 SSID 'Meitu.Mpzb'
06-14 15:02:29.927  1428  1428 D wpa_supplicant: wlan0: BSS: Add new id 437 BSSID 84:d9:31:14:4e:83 SSID 'Meitu.test'
06-14 15:02:29.927  1428  1428 D wpa_supplicant: wlan0: BSS: Add new id 438 BSSID 84:d9:31:14:48:40 SSID 'Meitu.com'
06-14 15:02:29.928  1428  1428 D wpa_supplicant: wlan0: BSS: Add new id 439 BSSID 84:d9:31:14:46:01 SSID 'Meitu.guest'
06-14 15:02:29.928  1428  1428 D wpa_supplicant: wlan0: BSS: Add new id 440 BSSID 84:d9:31:14:46:02 SSID 'Meitu.cp'
06-14 15:02:29.928  1428  1428 D wpa_supplicant: wlan0: BSS: Add new id 441 BSSID 84:d9:31:14:46:00 SSID 'Meitu.com'
06-14 15:02:29.928  1428  1428 D wpa_supplicant: wlan0: BSS: Add new id 442 BSSID 84:d9:31:14:4e:81 SSID 'Meitu.test2'
06-14 15:02:29.928  1428  1428 D wpa_supplicant: wlan0: BSS: Add new id 443 BSSID a4:5e:60:e3:99:cd SSID 'Vong'
06-14 15:02:29.928  1428  1428 D wpa_supplicant: wlan0: BSS: Add new id 444 BSSID 84:d9:31:14:61:b0 SSID 'Meitu.com'
06-14 15:02:29.928  1428  1428 D wpa_supplicant: wlan0: BSS: Add new id 445 BSSID 98:01:a7:9b:a9:d1 SSID '😚💩'
06-14 15:02:29.928  1428  1428 D wpa_supplicant: wlan0: BSS: Add new id 446 BSSID 84:d9:31:14:4e:80 SSID 'Meitu.com'
06-14 15:02:29.928  1428  1428 D wpa_supplicant: wlan0: BSS: Add new id 447 BSSID 84:d9:31:14:49:85 SSID 'Meitu.cp'
06-14 15:02:29.928  1428  1428 D wpa_supplicant: wlan0: BSS: Add new id 448 BSSID 84:d9:31:14:49:86 SSID 'Meitu.8H.hw'
06-14 15:02:29.928  1428  1428 D wpa_supplicant: wlan0: BSS: Add new id 449 BSSID 84:d9:31:14:49:84 SSID 'Meitu.test'
06-14 15:02:29.928  1428  1428 D wpa_supplicant: wlan0: BSS: Add new id 450 BSSID 84:d9:31:14:49:83 SSID 'Meitu.Mpzb'
06-14 15:02:29.928  1428  1428 D wpa_supplicant: wlan0: BSS: Add new id 451 BSSID 84:d9:31:14:49:81 SSID 'Meitu.test2'
06-14 15:02:29.928  1428  1428 D wpa_supplicant: wlan0: BSS: Add new id 452 BSSID 84:d9:31:14:49:80 SSID 'Meitu.com'
06-14 15:02:29.928  1428  1428 D wpa_supplicant: wlan0: BSS: Add new id 453 BSSID 84:d9:31:14:51:b1 SSID 'Meitu.guest'
06-14 15:02:29.928  1428  1428 D wpa_supplicant: wlan0: BSS: Add new id 454 BSSID 84:d9:31:14:58:61 SSID 'Meitu.guest'
06-14 15:02:29.928  1428  1428 D wpa_supplicant: wlan0: BSS: Add new id 455 BSSID 84:d9:31:14:58:60 SSID 'Meitu.com'
06-14 15:02:29.928  1428  1428 D wpa_supplicant: wlan0: BSS: Add new id 456 BSSID 84:d9:31:14:4e:e0 SSID 'Meitu.com'
06-14 15:02:29.928  1428  1428 D wpa_supplicant: wlan0: BSS: Add new id 457 BSSID 84:d9:31:14:4c:22 SSID 'Meitu.Mpzb'
06-14 15:02:29.928  1428  1428 D wpa_supplicant: wlan0: BSS: Add new id 458 BSSID 84:d9:31:14:4c:23 SSID 'Meitu.test'
06-14 15:02:29.928  1428  1428 D wpa_supplicant: wlan0: BSS: Add new id 459 BSSID 84:d9:31:14:4c:24 SSID 'Meitu.cp'
06-14 15:02:29.928  1428  1428 D wpa_supplicant: wlan0: BSS: Add new id 460 BSSID 84:d9:31:14:4c:21 SSID 'Meitu.test2'
06-14 15:02:29.928  1428  1428 D wpa_supplicant: wlan0: BSS: Add new id 461 BSSID 84:d9:31:14:4e:e1 SSID 'Meitu.guest'
06-14 15:02:29.928  1428  1428 D wpa_supplicant: wlan0: BSS: Add new id 462 BSSID 84:d9:31:14:4e:e2 SSID 'Meitu.cp'
06-14 15:02:29.928  1428  1428 D wpa_supplicant: wlan0: BSS: Add new id 463 BSSID 84:d9:31:14:4c:20 SSID 'Meitu.com'
06-14 15:02:29.928  1428  1428 D wpa_supplicant: wlan0: BSS: Add new id 464 BSSID 84:d9:31:14:61:d1 SSID 'Meitu.8H.hw'
06-14 15:02:29.929  1428  1428 D wpa_supplicant: BSS: last_scan_res_used=60/128
06-14 15:02:29.929  1428  1428 D wpa_supplicant: wlan0: Scan-only results received
06-14 15:02:29.929  1428  1428 D wpa_supplicant: CTRL_IFACE monitor sent successfully to /data/misc/wifi/sockets/wpa_ctrl_874-2\x00
06-14 15:02:29.929  1428  1428 D wpa_supplicant: wlan0: Radio work 'scan'@0x7f8e01c3d0 done in 1.426593 seconds
06-14 15:02:29.929   874  1961 D WifiHW  : [1] get event: IFNAME=wlan0 <3>CTRL-EVENT-SCAN-RESULTS 
06-14 15:02:29.929   874  1961 D WifiHW  : [2] get event: IFNAME=wlan0 CTRL-EVENT-SCAN-RESULTS 
06-14 15:02:29.929   874  1961 D WifiHW  : enter -->wifi_wait_on_socket buflen=2048
06-14 15:02:29.929   874  1961 D WifiHW  : enter -->wifi_ctrl_recv
06-14 15:02:29.931   874   968 D WifiNative-wlan0: clearGBKMapping
06-14 15:02:29.931   874   968 D WifiHW  : enter -->wifi_send_command cmd=IFNAME=wlan0 BSS RANGE=0- MASK=0x21987
06-14 15:02:29.931  1428  1428 D wpa_supplicant: wlan0: Control interface command 'BSS RANGE=0- MASK=0x21987'
06-14 15:02:29.934   874   968 D WifiHW  : leave --> reply=id=405
06-14 15:02:29.934   874   968 D WifiHW  : bssid=98:01:a7:9e:dd:75
06-14 15:02:29.934   874   968 D WifiHW  : freq=2462
06-14 15:02:29.934   874   968 D WifiHW  : level=-37
06-14 15:02:29.934   874   968 D WifiHW  : tsf=0000013051579644
06-14 15:02:29.934   874   968 D WifiHW  : flags=[WPA2-PSK-CCMP][ESS]
06-14 15:02:29.934   874   968 D WifiHW  : ssid=sodino
06-14 15:02:29.934   874   968 D WifiHW  : ====
06-14 15:02:29.934   874   968 D WifiHW  : id=406
06-14 15:02:29.934   874   968 D WifiHW  : bssid=84:d9:31:14:4f:31
06-14 15:02:29.934   874   968 D WifiHW  : freq=2437
06-14 15:02:29.934   874   968 D WifiHW  : level=-39
06-14 15:02:29.934   874   968 D WifiHW  : tsf=0000013051579601
06-14 15:02:29.934   874   968 D WifiHW  : flags=[WPA2-PSK-CCMP][ESS]
06-14 15:02:29.934   874   968 D WifiHW  : ssid=Meitu.guest
06-14 15:02:29.934   874   968 D WifiHW  : ====
06-14 15:02:29.934   874   968 D WifiHW  : id=407
06-14 15:02:29.934   874   968 D WifiHW  : bssid=84:d9:31:14:4f:32
06-14 15:02:29.934   874   968 D WifiHW  : freq=2437
06-14 15:02:29.934   874   968 D WifiHW  : level=-39
06-14 15:02:29.934   874   968 D WifiHW  : tsf=0000013051579608
06-14 15:02:29.934   874   968 D WifiHW  : flags=[WPA2-PSK-CCMP][ESS]
06-14 15:02:29.934   874   968 D WifiHW  : ssid=Meitu.cp
06-14 15:02:29.934   874   968 D WifiHW  : ====
06-14 15:02:29.934   874   968 D WifiHW  : id=408
06-14 15:02:29.934   874   968 D WifiHW  : bssid=84:d9:31:14:4f:33
06-14 15:02:29.934   874   968 D WifiHW  : freq=2437
06-14 15:02:29.934   874   968 D WifiHW  : level=-39
06-14 15:02:29.934   874   968 D WifiHW  : tsf=0000013051579613
06-14 15:02:29.934   874   968 D WifiHW  : flags=[WPA2-PSK-CCMP][ESS]
06-14 15:02:29.934   874   968 D WifiHW  : ssid=Meitu.8H.hw
06-14 15:02:29.934   874   968 D WifiHW  : ====
06-14 15:02:29.934   874   968 D WifiHW  : id=409
06-14 15:02:29.934   874   968 D WifiHW  : bssid=84:d9:31:14:4f:30
06-14 15:02:29.934   874   968 D WifiHW  : freq=2437
06-14 15:02:29.934   874   968 D WifiHW  : level=-40
06-14 15:02:29.934   874   968 D WifiHW  : tsf=0000013051579596
06-14 15:02:29.934   874   968 D WifiHW  : flags=[WPA2-PSK-CCMP][ESS]
06-14 15:02:29.934   874   968 D WifiHW  : ssid=Meitu.com
06-14 15:02:29.934   874   968 D WifiHW  : ====
06-14 15:02:29.934   874   968 D WifiHW  : id=410
06-14 15:02:29.934   874   968 D WifiHW  : bssid=84:d9:31:14:4f:21
06-14 15:02:29.934   874   968 D WifiHW  : freq=5320
06-14 15:02:29.934   874   968 D WifiHW  : level=-58
06-14 15:02:29.934   874   968 D WifiHW  : tsf=0000013051579821
06-14 15:02:29.934   874   968 D WifiHW  : flags=[WPA2-PSK-CCMP][ESS]
06-14 15:02:29.934   874   968 D WifiHW  : ssid=Meitu.guest
06-14 15:02:29.934   874   968 D WifiHW  : ====
06-14 15:02:29.934   874   968 D WifiHW  : id=411
06-14 15:02:29.934   874   968 D WifiHW  : bssid=84:d9:31:14:4f:23
06-14 15:02:29.934   874   968 D WifiHW  : freq=5320
06-14 15:02:29.934   874   968 D WifiHW  : level=-58
06-14 15:02:29.934   874   968 D WifiHW  : tsf=0000013051579833
06-14 15:02:29.934   874   968 D WifiHW  : flags=[WPA2-PSK-CCMP][ESS]
06-14 15:02:29.934   874   968 D WifiHW  : ssid=Meitu.8H.hw
06-14 15:02:29.934   874   968 D WifiHW  : ====
06-14 15:02:29.934   874   968 D WifiHW  : id=412
06-14 15:02:29.934   874   968 D WifiHW  : bssid=84:d9:31:14:4f:22
06-14 15:02:29.934   874   968 D WifiHW  : freq=5320
06-14 15:02:29.934   874   968 D WifiHW  : level=-58
06-14 15:02:29.934   874   968 D WifiHW  : tsf=0000013051579827
06-14 15:02:29.934   874   968 D WifiHW  : flags=[WPA2-PSK-CCMP][ESS]
06-14 15:02:29.934   874   968 D WifiHW  : ssid=Meitu.cp
06-14 15:02:29.934   874   968 D WifiHW  : ====
06-14 15:02:29.934   874   968 D WifiHW  : id=413
06-14 15:02:29.934   874   968 D WifiHW  : bssid=84:d9:31:14:4f:20
06-14 15:02:29.934   874   968 D WifiHW  : freq=5320
06-14 15:02:29.934   874   968 D WifiHW  : level=-59
06-14 15:02:29.934   874   968 D WifiHW  : t
06-14 15:02:29.934   874   968 D WifiNative-wlan0: scan result len: 4096
06-14 15:02:29.948   874   968 D WifiHW  : enter -->wifi_send_command cmd=IFNAME=wlan0 BSS RANGE=438- MASK=0x21987
06-14 15:02:29.948  1428  1428 D wpa_supplicant: wlan0: Control interface command 'BSS RANGE=438- MASK=0x21987'
06-14 15:02:29.949   874   968 D WifiHW  : leave --> reply=id=438
06-14 15:02:29.949   874   968 D WifiHW  : bssid=84:d9:31:14:48:40
06-14 15:02:29.949   874   968 D WifiHW  : freq=5280
06-14 15:02:29.949   874   968 D WifiHW  : level=-82
06-14 15:02:29.949   874   968 D WifiHW  : tsf=0000013051579750
06-14 15:02:29.949   874   968 D WifiHW  : flags=[WPA2-PSK-CCMP][ESS]
06-14 15:02:29.949   874   968 D WifiHW  : ssid=Meitu.com
06-14 15:02:29.949   874   968 D WifiHW  : ====
06-14 15:02:29.949   874   968 D WifiHW  : id=439
06-14 15:02:29.949   874   968 D WifiHW  : bssid=84:d9:31:14:46:01
06-14 15:02:29.949   874   968 D WifiHW  : freq=5240
06-14 15:02:29.949   874   968 D WifiHW  : level=-83
06-14 15:02:29.949   874   968 D WifiHW  : tsf=0000013051579736
06-14 15:02:29.949   874   968 D WifiHW  : flags=[WPA2-PSK-CCMP][ESS]
06-14 15:02:29.949   874   968 D WifiHW  : ssid=Meitu.guest
06-14 15:02:29.949   874   968 D WifiHW  : ====
06-14 15:02:29.949   874   968 D WifiHW  : id=440
06-14 15:02:29.949   874   968 D WifiHW  : bssid=84:d9:31:14:46:02
06-14 15:02:29.949   874   968 D WifiHW  : freq=5240
06-14 15:02:29.949   874   968 D WifiHW  : level=-83
06-14 15:02:29.949   874   968 D WifiHW  : tsf=0000013051579743
06-14 15:02:29.949   874   968 D WifiHW  : flags=[WPA2-PSK-CCMP][ESS]
06-14 15:02:29.949   874   968 D WifiHW  : ssid=Meitu.cp
06-14 15:02:29.949   874   968 D WifiHW  : ====
06-14 15:02:29.949   874   968 D WifiHW  : id=441
06-14 15:02:29.949   874   968 D WifiHW  : bssid=84:d9:31:14:46:00
06-14 15:02:29.949   874   968 D WifiHW  : freq=5240
06-14 15:02:29.949   874   968 D WifiHW  : level=-83
06-14 15:02:29.949   874   968 D WifiHW  : tsf=0000013051579730
06-14 15:02:29.949   874   968 D WifiHW  : flags=[WPA2-PSK-CCMP][ESS]
06-14 15:02:29.949   874   968 D WifiHW  : ssid=Meitu.com
06-14 15:02:29.949   874   968 D WifiHW  : ====
06-14 15:02:29.949   874   968 D WifiHW  : id=442
06-14 15:02:29.949   874   968 D WifiHW  : bssid=84:d9:31:14:4e:81
06-14 15:02:29.949   874   968 D WifiHW  : freq=5765
06-14 15:02:29.949   874   968 D WifiHW  : level=-83
06-14 15:02:29.949   874   968 D WifiHW  : tsf=0000013051471264
06-14 15:02:29.949   874   968 D WifiHW  : flags=[WPA2-PSK-CCMP][ESS]
06-14 15:02:29.949   874   968 D WifiHW  : ssid=Meitu.test2
06-14 15:02:29.949   874   968 D WifiHW  : ====
06-14 15:02:29.949   874   968 D WifiHW  : id=443
06-14 15:02:29.949   874   968 D WifiHW  : bssid=a4:5e:60:e3:99:cd
06-14 15:02:29.949   874   968 D WifiHW  : freq=2462
06-14 15:02:29.949   874   968 D WifiHW  : level=-79
06-14 15:02:29.949   874   968 D WifiHW  : tsf=0000013051579687
06-14 15:02:29.949   874   968 D WifiHW  : flags=[WPA2-PSK-CCMP][ESS]
06-14 15:02:29.949   874   968 D WifiHW  : ssid=Vong
06-14 15:02:29.949   874   968 D WifiHW  : ====
06-14 15:02:29.949   874   968 D WifiHW  : id=444
06-14 15:02:29.949   874   968 D WifiHW  : bssid=84:d9:31:14:61:b0
06-14 15:02:29.949   874   968 D WifiHW  : freq=2447
06-14 15:02:29.949   874   968 D WifiHW  : level=-79
06-14 15:02:29.949   874   968 D WifiHW  : tsf=0000013051579625
06-14 15:02:29.949   874   968 D WifiHW  : flags=[WPA2-PSK-CCMP][ESS]
06-14 15:02:29.949   874   968 D WifiHW  : ssid=Meitu.com
06-14 15:02:29.949   874   968 D WifiHW  : ====
06-14 15:02:29.949   874   968 D WifiHW  : id=445
06-14 15:02:29.949   874   968 D WifiHW  : bssid=98:01:a7:9b:a9:d1
06-14 15:02:29.949   874   968 D WifiHW  : freq=2462
06-14 15:02:29.949   874   968 D WifiHW  : level=-79
06-14 15:02:29.949   874   968 D WifiHW  : tsf=0000012686009020
06-14 15:02:29.949   874   968 D WifiHW  : flags=[WPA2-PSK-CCMP][ESS]
06-14 15:02:29.949   874   968 D WifiHW  : ssid=😚💩
06-14 15:02:29.949   874   968 D WifiHW  : ====
06-14 15:02:29.949   874   968 D WifiHW  : id=446
06-14 15:02:29.949   874   968 D WifiHW  : bssid=84:d9:31:14:4e:80
06-14 15:02:29.949   874   968 D WifiHW  : freq=5765
06-14 15:02:29.949   874   968 D WifiHW  : level=-84
06-14 15:02:29.949   874   968 D WifiHW  : tsf=000
06-14 15:02:29.949   874   968 D WifiNative-wlan0: scan result len: 4096
06-14 15:02:30.028   874   968 V SettingsInterface:  from settings cache , name = network_scorer_app , value = null
06-14 15:02:30.029   874   968 D WifiHW  : enter -->wifi_send_command cmd=IFNAME=wlan0 STATUS-NO_EVENTS
06-14 15:02:30.029  1428  1428 D wpa_supplicant: wlan0: Control interface command 'STATUS-NO_EVENTS'
06-14 15:02:30.029   874   895 I art     : Background sticky concurrent mark sweep GC freed 17363(3MB) AllocSpace objects, 0(0B) LOS objects, 5% free, 36MB/38MB, paused 5.878ms total 49.109ms
06-14 15:02:30.029   874   968 D WifiHW  : leave --> reply=wpa_state=SCANNING
06-14 15:02:30.029   874   968 D WifiHW  : p2p_device_address=6a:3e:34:ba:be:0a
06-14 15:02:30.029   874   968 D WifiHW  : address=68:3e:34:ba:be:0a
06-14 15:02:30.029   874   968 D WifiHW  : uuid=cfb48bc6-934e-5318-8b9d-936f148463c0
06-14 15:02:30.029   874   968 D WifiHW  : 
06-14 15:02:30.030   874   968 E WifiAutoJoinController : attemptAutoJoin() num recent config 3 ---> suppNetId=-1
06-14 15:02:30.033   874   968 V ActivityManager: Broadcast: Intent { act=android.net.wifi.SCAN_RESULTS flg=0x4000010 (has extras) } ordered=false userid=-1 callerApp=ProcessRecord{2de77b41 874:system/1000}
06-14 15:02:30.039 32424 32424 D BgTest  : uiCount 101  +3
06-14 15:02:30.188   336   336 W ADB_SERVICES: create_local_service_socket() name=shell:cat /proc/32424/stat
06-14 15:02:30.188   336   336 W ADB_SERVICES: service_to_fd() name=shell:cat /proc/32424/stat
06-14 15:02:30.188   336   336 W ADB_SERVICES: read_meminfo() mem_free=349044
06-14 15:02:30.189   336   336 W ADB_SERVICES: create_subproc ret_fd=22 pid=577
06-14 15:02:30.189   336   336 W ADB_SERVICES: LS(30334): bound to 'shell:cat /proc/32424/stat' via 22
06-14 15:02:30.191   577   577 W ADB_SERVICES: adb: unable to update oom_score_adj
06-14 15:02:30.202   336   336 D ADB_SERVICES:  closing because is_eof=1 r=1 s->fde.force_eof=0
06-14 15:02:30.203   336   336 W ADB_SERVICES: entered. LS(30334) fd=22
06-14 15:02:30.203   336   336 W ADB_SERVICES: create_local_service_socket() name=shell:cat /proc/32424/stat
06-14 15:02:30.203   336   336 W ADB_SERVICES: service_to_fd() name=shell:cat /proc/32424/stat
06-14 15:02:30.203   336   336 W ADB_SERVICES: read_meminfo() mem_free=348532
06-14 15:02:30.206   336   336 W ADB_SERVICES: create_subproc ret_fd=22 pid=578
06-14 15:02:30.206   336   336 W ADB_SERVICES: LS(30335): bound to 'shell:cat /proc/32424/stat' via 22
06-14 15:02:30.207   578   578 W ADB_SERVICES: adb: unable to update oom_score_adj
06-14 15:02:30.215   336   336 D ADB_SERVICES:  closing because is_eof=1 r=-1 s->fde.force_eof=0
06-14 15:02:30.215   336   336 W ADB_SERVICES: entered. LS(30335) fd=22
06-14 15:02:30.229   336   336 W ADB_SERVICES: create_local_service_socket() name=shell:cat /proc/stat
06-14 15:02:30.229   336   336 W ADB_SERVICES: service_to_fd() name=shell:cat /proc/stat
06-14 15:02:30.230   336   336 W ADB_SERVICES: read_meminfo() mem_free=348160
06-14 15:02:30.230   336   336 W ADB_SERVICES: create_subproc ret_fd=22 pid=579
06-14 15:02:30.230   336   336 W ADB_SERVICES: LS(30336): bound to 'shell:cat /proc/stat' via 22
06-14 15:02:30.230   579   579 W ADB_SERVICES: adb: unable to update oom_score_adj
06-14 15:02:30.237   336   336 D ADB_SERVICES:  closing because is_eof=1 r=-1 s->fde.force_eof=0
06-14 15:02:30.237   336   336 W ADB_SERVICES: entered. LS(30336) fd=22
06-14 15:02:30.249   336   336 W ADB_SERVICES: create_local_service_socket() name=shell:cat /proc/stat
06-14 15:02:30.249   336   336 W ADB_SERVICES: service_to_fd() name=shell:cat /proc/stat
06-14 15:02:30.249   336   336 W ADB_SERVICES: read_meminfo() mem_free=348020
06-14 15:02:30.250   336   336 W ADB_SERVICES: create_subproc ret_fd=22 pid=580
06-14 15:02:30.250   336   336 W ADB_SERVICES: LS(30337): bound to 'shell:cat /proc/stat' via 22
06-14 15:02:30.251   580   580 W ADB_SERVICES: adb: unable to update oom_score_adj
06-14 15:02:30.256   336   336 D ADB_SERVICES:  closing because is_eof=1 r=1 s->fde.force_eof=0
06-14 15:02:30.256   336   336 W ADB_SERVICES: entered. LS(30337) fd=22
06-14 15:02:30.408   336   336 W ADB_SERVICES: create_local_service_socket() name=shell:cat /proc/net/xt_qtaguid/stats | grep 10069
06-14 15:02:30.408   336   336 W ADB_SERVICES: service_to_fd() name=shell:cat /proc/net/xt_qtaguid/stats | grep 10069
06-14 15:02:30.409   336   336 W ADB_SERVICES: read_meminfo() mem_free=347504
06-14 15:02:30.409   336   336 W ADB_SERVICES: create_subproc ret_fd=22 pid=581
06-14 15:02:30.409   336   336 W ADB_SERVICES: LS(30338): bound to 'shell:cat /proc/net/xt_qtaguid/stats | grep 10069' via 22
06-14 15:02:30.409   581   581 W ADB_SERVICES: adb: unable to update oom_score_adj
06-14 15:02:30.424   336   336 D ADB_SERVICES:  closing because is_eof=1 r=-1 s->fde.force_eof=0
06-14 15:02:30.424   336   336 W ADB_SERVICES: entered. LS(30338) fd=22
06-14 15:02:30.427   336   336 W ADB_SERVICES: create_local_service_socket() name=shell:cat /proc/net/xt_qtaguid/stats | grep 10069
06-14 15:02:30.427   336   336 W ADB_SERVICES: service_to_fd() name=shell:cat /proc/net/xt_qtaguid/stats | grep 10069
06-14 15:02:30.427   336   336 W ADB_SERVICES: read_meminfo() mem_free=346640
06-14 15:02:30.428   336   336 W ADB_SERVICES: create_subproc ret_fd=22 pid=585
06-14 15:02:30.428   336   336 W ADB_SERVICES: LS(30339): bound to 'shell:cat /proc/net/xt_qtaguid/stats | grep 10069' via 22
06-14 15:02:30.429   585   585 W ADB_SERVICES: adb: unable to update oom_score_adj
06-14 15:02:30.443   336   336 D ADB_SERVICES:  closing because is_eof=1 r=-1 s->fde.force_eof=0
06-14 15:02:30.443   336   336 W ADB_SERVICES: entered. LS(30339) fd=22
06-14 15:02:30.773   336   336 W ADB_SERVICES: create_local_service_socket() name=shell:cat /proc/32424/stat
06-14 15:02:30.773   336   336 W ADB_SERVICES: service_to_fd() name=shell:cat /proc/32424/stat
06-14 15:02:30.774   336   336 W ADB_SERVICES: read_meminfo() mem_free=345136
06-14 15:02:30.776   336   336 W ADB_SERVICES: create_subproc ret_fd=22 pid=588
06-14 15:02:30.776   336   336 W ADB_SERVICES: LS(30340): bound to 'shell:cat /proc/32424/stat' via 22
06-14 15:02:30.776   588   588 W ADB_SERVICES: adb: unable to update oom_score_adj
06-14 15:02:30.783   336   336 D ADB_SERVICES:  closing because is_eof=1 r=1 s->fde.force_eof=0
06-14 15:02:30.783   336   336 W ADB_SERVICES: entered. LS(30340) fd=22
06-14 15:02:30.794   336   336 W ADB_SERVICES: create_local_service_socket() name=shell:cat /proc/32424/stat
06-14 15:02:30.794   336   336 W ADB_SERVICES: service_to_fd() name=shell:cat /proc/32424/stat
06-14 15:02:30.794   336   336 W ADB_SERVICES: read_meminfo() mem_free=344748
06-14 15:02:30.795   336   336 W ADB_SERVICES: create_subproc ret_fd=22 pid=589
06-14 15:02:30.795   336   336 W ADB_SERVICES: LS(30341): bound to 'shell:cat /proc/32424/stat' via 22
06-14 15:02:30.796   589   589 W ADB_SERVICES: adb: unable to update oom_score_adj
06-14 15:02:30.800 32424 32489 D BgTest  : bgCount 98
06-14 15:02:30.801   336   336 D ADB_SERVICES:  closing because is_eof=1 r=1 s->fde.force_eof=0
06-14 15:02:30.801   336   336 W ADB_SERVICES: entered. LS(30341) fd=22
06-14 15:02:30.818   336   336 W ADB_SERVICES: create_local_service_socket() name=shell:cat /proc/stat
06-14 15:02:30.819   336   336 W ADB_SERVICES: service_to_fd() name=shell:cat /proc/stat
06-14 15:02:30.819   336   336 W ADB_SERVICES: read_meminfo() mem_free=344748
06-14 15:02:30.819   336   336 W ADB_SERVICES: create_subproc ret_fd=22 pid=590
06-14 15:02:30.819   336   336 W ADB_SERVICES: LS(30342): bound to 'shell:cat /proc/stat' via 22
06-14 15:02:30.820   590   590 W ADB_SERVICES: adb: unable to update oom_score_adj
06-14 15:02:30.826   336   336 D ADB_SERVICES:  closing because is_eof=1 r=1 s->fde.force_eof=0
06-14 15:02:30.826   336   336 W ADB_SERVICES: entered. LS(30342) fd=22
06-14 15:02:30.834   336   336 W ADB_SERVICES: create_local_service_socket() name=shell:cat /proc/stat
06-14 15:02:30.834   336   336 W ADB_SERVICES: service_to_fd() name=shell:cat /proc/stat
06-14 15:02:30.835   336   336 W ADB_SERVICES: read_meminfo() mem_free=344748
06-14 15:02:30.835   336   336 W ADB_SERVICES: create_subproc ret_fd=22 pid=591
06-14 15:02:30.835   336   336 W ADB_SERVICES: LS(30343): bound to 'shell:cat /proc/stat' via 22
06-14 15:02:30.836   591   591 W ADB_SERVICES: adb: unable to update oom_score_adj
06-14 15:02:30.842   336   336 D ADB_SERVICES:  closing because is_eof=1 r=1 s->fde.force_eof=0
06-14 15:02:30.842   336   336 W ADB_SERVICES: entered. LS(30343) fd=22
06-14 15:02:30.890   319   319 I thermal_repeater: oh, queryMdThermalInfo (0)Bad file number
06-14 15:02:30.898   319   319 I thermal_repeater: [recvMdThermalInfo] ret=25, strLen=127,  1, 32767,,, -1, 32767, 2
06-14 15:02:30.948   336   336 W ADB_SERVICES: create_local_service_socket() name=shell:cat /proc/net/xt_qtaguid/stats | grep 10069
06-14 15:02:30.948   336   336 W ADB_SERVICES: service_to_fd() name=shell:cat /proc/net/xt_qtaguid/stats | grep 10069
06-14 15:02:30.949   336   336 W ADB_SERVICES: read_meminfo() mem_free=344268
06-14 15:02:30.949   336   336 W ADB_SERVICES: create_subproc ret_fd=22 pid=592
06-14 15:02:30.949   336   336 W ADB_SERVICES: LS(30344): bound to 'shell:cat /proc/net/xt_qtaguid/stats | grep 10069' via 22
06-14 15:02:30.949   592   592 W ADB_SERVICES: adb: unable to update oom_score_adj
06-14 15:02:30.964   336   336 D ADB_SERVICES:  closing because is_eof=1 r=-1 s->fde.force_eof=0
06-14 15:02:30.964   336   336 W ADB_SERVICES: entered. LS(30344) fd=22
06-14 15:02:30.972   336   336 W ADB_SERVICES: create_local_service_socket() name=shell:cat /proc/net/xt_qtaguid/stats | grep 10069
06-14 15:02:30.972   336   336 W ADB_SERVICES: service_to_fd() name=shell:cat /proc/net/xt_qtaguid/stats | grep 10069
06-14 15:02:30.972   336   336 W ADB_SERVICES: read_meminfo() mem_free=343772
06-14 15:02:30.973   336   336 W ADB_SERVICES: create_subproc ret_fd=22 pid=596
06-14 15:02:30.973   336   336 W ADB_SERVICES: LS(30345): bound to 'shell:cat /proc/net/xt_qtaguid/stats | grep 10069' via 22
06-14 15:02:30.974   596   596 W ADB_SERVICES: adb: unable to update oom_score_adj
06-14 15:02:30.988   336   336 D ADB_SERVICES:  closing because is_eof=1 r=-1 s->fde.force_eof=0
06-14 15:02:30.988   336   336 W ADB_SERVICES: entered. LS(30345) fd=22
06-14 15:02:31.040 32424 32424 D BgTest  : uiCount 102  +3
06-14 15:02:31.363   336   336 W ADB_SERVICES: create_local_service_socket() name=shell:cat /proc/32424/stat
06-14 15:02:31.363   336   336 W ADB_SERVICES: service_to_fd() name=shell:cat /proc/32424/stat
06-14 15:02:31.364   336   336 W ADB_SERVICES: read_meminfo() mem_free=341216
06-14 15:02:31.364   336   336 W ADB_SERVICES: create_subproc ret_fd=22 pid=604
06-14 15:02:31.364   336   336 W ADB_SERVICES: LS(30346): bound to 'shell:cat /proc/32424/stat' via 22
06-14 15:02:31.365   604   604 W ADB_SERVICES: adb: unable to update oom_score_adj
06-14 15:02:31.370   336   336 D ADB_SERVICES:  closing because is_eof=1 r=1 s->fde.force_eof=0
06-14 15:02:31.370   336   336 W ADB_SERVICES: entered. LS(30346) fd=22
06-14 15:02:31.377   336   336 W ADB_SERVICES: create_local_service_socket() name=shell:cat /proc/32424/stat
06-14 15:02:31.377   336   336 W ADB_SERVICES: service_to_fd() name=shell:cat /proc/32424/stat
06-14 15:02:31.377   336   336 W ADB_SERVICES: read_meminfo() mem_free=340968
06-14 15:02:31.378   336   336 W ADB_SERVICES: create_subproc ret_fd=22 pid=605
06-14 15:02:31.378   336   336 W ADB_SERVICES: LS(30347): bound to 'shell:cat /proc/32424/stat' via 22
06-14 15:02:31.378   605   605 W ADB_SERVICES: adb: unable to update oom_score_adj
06-14 15:02:31.383   336   336 D ADB_SERVICES:  closing because is_eof=1 r=1 s->fde.force_eof=0
06-14 15:02:31.383   336   336 W ADB_SERVICES: entered. LS(30347) fd=22
06-14 15:02:31.404   336   336 W ADB_SERVICES: create_local_service_socket() name=shell:cat /proc/stat
06-14 15:02:31.404   336   336 W ADB_SERVICES: service_to_fd() name=shell:cat /proc/stat
06-14 15:02:31.404   336   336 W ADB_SERVICES: read_meminfo() mem_free=340968
06-14 15:02:31.405   336   336 W ADB_SERVICES: create_subproc ret_fd=22 pid=607
06-14 15:02:31.405   336   336 W ADB_SERVICES: LS(30348): bound to 'shell:cat /proc/stat' via 22
06-14 15:02:31.406   607   607 W ADB_SERVICES: adb: unable to update oom_score_adj
06-14 15:02:31.411   336   336 D ADB_SERVICES:  closing because is_eof=1 r=1 s->fde.force_eof=0
06-14 15:02:31.411   336   336 W ADB_SERVICES: entered. LS(30348) fd=22
06-14 15:02:31.418   336   336 W ADB_SERVICES: create_local_service_socket() name=shell:cat /proc/stat
06-14 15:02:31.418   336   336 W ADB_SERVICES: service_to_fd() name=shell:cat /proc/stat
06-14 15:02:31.418   336   336 W ADB_SERVICES: read_meminfo() mem_free=340968
06-14 15:02:31.419   336   336 W ADB_SERVICES: create_subproc ret_fd=22 pid=608
06-14 15:02:31.419   336   336 W ADB_SERVICES: LS(30349): bound to 'shell:cat /proc/stat' via 22
06-14 15:02:31.419   608   608 W ADB_SERVICES: adb: unable to update oom_score_adj
06-14 15:02:31.425   336   336 D ADB_SERVICES:  closing because is_eof=1 r=1 s->fde.force_eof=0
06-14 15:02:31.425   336   336 W ADB_SERVICES: entered. LS(30349) fd=22
06-14 15:02:31.492   336   336 W ADB_SERVICES: create_local_service_socket() name=shell:cat /proc/net/xt_qtaguid/stats | grep 10069
06-14 15:02:31.492   336   336 W ADB_SERVICES: service_to_fd() name=shell:cat /proc/net/xt_qtaguid/stats | grep 10069
06-14 15:02:31.492   336   336 W ADB_SERVICES: read_meminfo() mem_free=340844
06-14 15:02:31.493   336   336 W ADB_SERVICES: create_subproc ret_fd=22 pid=615
06-14 15:02:31.493   336   336 W ADB_SERVICES: LS(30350): bound to 'shell:cat /proc/net/xt_qtaguid/stats | grep 10069' via 22
06-14 15:02:31.494   615   615 W ADB_SERVICES: adb: unable to update oom_score_adj
06-14 15:02:31.510   336   336 D ADB_SERVICES:  closing because is_eof=1 r=-1 s->fde.force_eof=0
06-14 15:02:31.510   336   336 W ADB_SERVICES: entered. LS(30350) fd=22
06-14 15:02:31.517   336   336 W ADB_SERVICES: create_local_service_socket() name=shell:cat /proc/net/xt_qtaguid/stats | grep 10069
06-14 15:02:31.517   336   336 W ADB_SERVICES: service_to_fd() name=shell:cat /proc/net/xt_qtaguid/stats | grep 10069
06-14 15:02:31.518   336   336 W ADB_SERVICES: read_meminfo() mem_free=340052
06-14 15:02:31.518   336   336 W ADB_SERVICES: create_subproc ret_fd=22 pid=618
06-14 15:02:31.518   336   336 W ADB_SERVICES: LS(30351): bound to 'shell:cat /proc/net/xt_qtaguid/stats | grep 10069' via 22
06-14 15:02:31.519   618   618 W ADB_SERVICES: adb: unable to update oom_score_adj
06-14 15:02:31.534   336   336 D ADB_SERVICES:  closing because is_eof=1 r=-1 s->fde.force_eof=0
06-14 15:02:31.534   336   336 W ADB_SERVICES: entered. LS(30351) fd=22
06-14 15:02:31.840 32424 32489 D BgTest  : bgCount 99
06-14 15:02:31.947   336   336 W ADB_SERVICES: create_local_service_socket() name=shell:cat /proc/32424/stat
06-14 15:02:31.947   336   336 W ADB_SERVICES: service_to_fd() name=shell:cat /proc/32424/stat
06-14 15:02:31.948   336   336 W ADB_SERVICES: read_meminfo() mem_free=338488
06-14 15:02:31.948   336   336 W ADB_SERVICES: create_subproc ret_fd=22 pid=621
06-14 15:02:31.948   336   336 W ADB_SERVICES: LS(30352): bound to 'shell:cat /proc/32424/stat' via 22
06-14 15:02:31.949   621   621 W ADB_SERVICES: adb: unable to update oom_score_adj
06-14 15:02:31.954   336   336 D ADB_SERVICES:  closing because is_eof=1 r=1 s->fde.force_eof=0
06-14 15:02:31.954   336   336 W ADB_SERVICES: entered. LS(30352) fd=22
06-14 15:02:31.960   336   336 W ADB_SERVICES: create_local_service_socket() name=shell:cat /proc/32424/stat
06-14 15:02:31.960   336   336 W ADB_SERVICES: service_to_fd() name=shell:cat /proc/32424/stat
06-14 15:02:31.960   336   336 W ADB_SERVICES: read_meminfo() mem_free=338100
06-14 15:02:31.961   336   336 W ADB_SERVICES: create_subproc ret_fd=22 pid=622
06-14 15:02:31.961   336   336 W ADB_SERVICES: LS(30353): bound to 'shell:cat /proc/32424/stat' via 22
06-14 15:02:31.961   622   622 W ADB_SERVICES: adb: unable to update oom_score_adj
06-14 15:02:31.966   336   336 D ADB_SERVICES:  closing because is_eof=1 r=1 s->fde.force_eof=0
06-14 15:02:31.966   336   336 W ADB_SERVICES: entered. LS(30353) fd=22
06-14 15:02:31.988   336   336 W ADB_SERVICES: create_local_service_socket() name=shell:cat /proc/stat
06-14 15:02:31.988   336   336 W ADB_SERVICES: service_to_fd() name=shell:cat /proc/stat
06-14 15:02:31.988   336   336 W ADB_SERVICES: read_meminfo() mem_free=337728
06-14 15:02:31.989   336   336 W ADB_SERVICES: create_subproc ret_fd=22 pid=623
06-14 15:02:31.989   336   336 W ADB_SERVICES: LS(30354): bound to 'shell:cat /proc/stat' via 22
06-14 15:02:31.990   623   623 W ADB_SERVICES: adb: unable to update oom_score_adj
06-14 15:02:31.996   336   336 D ADB_SERVICES:  closing because is_eof=1 r=-1 s->fde.force_eof=0
06-14 15:02:31.996   336   336 W ADB_SERVICES: entered. LS(30354) fd=22
06-14 15:02:32.002   336   336 W ADB_SERVICES: create_local_service_socket() name=shell:cat /proc/stat
06-14 15:02:32.002   336   336 W ADB_SERVICES: service_to_fd() name=shell:cat /proc/stat
06-14 15:02:32.002   336   336 W ADB_SERVICES: read_meminfo() mem_free=337340
06-14 15:02:32.003   336   336 W ADB_SERVICES: create_subproc ret_fd=22 pid=624
06-14 15:02:32.003   336   336 W ADB_SERVICES: LS(30355): bound to 'shell:cat /proc/stat' via 22
06-14 15:02:32.003   624   624 W ADB_SERVICES: adb: unable to update oom_score_adj
06-14 15:02:32.010   336   336 D ADB_SERVICES:  closing because is_eof=1 r=-1 s->fde.force_eof=0
06-14 15:02:32.010   336   336 W ADB_SERVICES: entered. LS(30355) fd=22
06-14 15:02:32.034   336   336 W ADB_SERVICES: create_local_service_socket() name=shell:cat /proc/net/xt_qtaguid/stats | grep 10069
06-14 15:02:32.034   336   336 W ADB_SERVICES: service_to_fd() name=shell:cat /proc/net/xt_qtaguid/stats | grep 10069
06-14 15:02:32.035   336   336 W ADB_SERVICES: read_meminfo() mem_free=337340
06-14 15:02:32.035   336   336 W ADB_SERVICES: create_subproc ret_fd=22 pid=625
06-14 15:02:32.035   336   336 W ADB_SERVICES: LS(30356): bound to 'shell:cat /proc/net/xt_qtaguid/stats | grep 10069' via 22
06-14 15:02:32.036   625   625 W ADB_SERVICES: adb: unable to update oom_score_adj
06-14 15:02:32.043 32424 32424 D BgTest  : uiCount 103  +3
06-14 15:02:32.051   336   336 D ADB_SERVICES:  closing because is_eof=1 r=-1 s->fde.force_eof=0
06-14 15:02:32.051   336   336 W ADB_SERVICES: entered. LS(30356) fd=22
06-14 15:02:32.061   336   336 W ADB_SERVICES: create_local_service_socket() name=shell:cat /proc/net/xt_qtaguid/stats | grep 10069
06-14 15:02:32.061   336   336 W ADB_SERVICES: service_to_fd() name=shell:cat /proc/net/xt_qtaguid/stats | grep 10069
06-14 15:02:32.061   336   336 W ADB_SERVICES: read_meminfo() mem_free=336772
06-14 15:02:32.062   336   336 W ADB_SERVICES: create_subproc ret_fd=22 pid=628
06-14 15:02:32.062   336   336 W ADB_SERVICES: LS(30357): bound to 'shell:cat /proc/net/xt_qtaguid/stats | grep 10069' via 22
06-14 15:02:32.063   628   628 W ADB_SERVICES: adb: unable to update oom_score_adj
06-14 15:02:32.076   336   336 D ADB_SERVICES:  closing because is_eof=1 r=-1 s->fde.force_eof=0
06-14 15:02:32.076   336   336 W ADB_SERVICES: entered. LS(30357) fd=22
06-14 15:02:32.530   336   336 W ADB_SERVICES: create_local_service_socket() name=shell:cat /proc/32424/stat
06-14 15:02:32.530   336   336 W ADB_SERVICES: service_to_fd() name=shell:cat /proc/32424/stat
06-14 15:02:32.530   336   336 W ADB_SERVICES: read_meminfo() mem_free=334608
06-14 15:02:32.531   336   336 W ADB_SERVICES: create_subproc ret_fd=22 pid=631
06-14 15:02:32.531   336   336 W ADB_SERVICES: LS(30358): bound to 'shell:cat /proc/32424/stat' via 22
06-14 15:02:32.532   631   631 W ADB_SERVICES: adb: unable to update oom_score_adj
06-14 15:02:32.537   336   336 D ADB_SERVICES:  closing because is_eof=1 r=-1 s->fde.force_eof=0
06-14 15:02:32.537   336   336 W ADB_SERVICES: entered. LS(30358) fd=22
06-14 15:02:32.543   336   336 W ADB_SERVICES: create_local_service_socket() name=shell:cat /proc/32424/stat
06-14 15:02:32.543   336   336 W ADB_SERVICES: service_to_fd() name=shell:cat /proc/32424/stat
06-14 15:02:32.544   336   336 W ADB_SERVICES: read_meminfo() mem_free=334344
06-14 15:02:32.544   336   336 W ADB_SERVICES: create_subproc ret_fd=22 pid=632
06-14 15:02:32.544   336   336 W ADB_SERVICES: LS(30359): bound to 'shell:cat /proc/32424/stat' via 22
06-14 15:02:32.545   632   632 W ADB_SERVICES: adb: unable to update oom_score_adj
06-14 15:02:32.550   336   336 D ADB_SERVICES:  closing because is_eof=1 r=-1 s->fde.force_eof=0
06-14 15:02:32.550   336   336 W ADB_SERVICES: entered. LS(30359) fd=22
06-14 15:02:32.570   336   336 W ADB_SERVICES: create_local_service_socket() name=shell:cat /proc/stat
06-14 15:02:32.570   336   336 W ADB_SERVICES: service_to_fd() name=shell:cat /proc/stat
06-14 15:02:32.571   336   336 W ADB_SERVICES: read_meminfo() mem_free=334256
06-14 15:02:32.571   336   336 W ADB_SERVICES: create_subproc ret_fd=22 pid=633
06-14 15:02:32.571   336   336 W ADB_SERVICES: LS(30360): bound to 'shell:cat /proc/stat' via 22
06-14 15:02:32.572   633   633 W ADB_SERVICES: adb: unable to update oom_score_adj
06-14 15:02:32.578   336   336 D ADB_SERVICES:  closing because is_eof=1 r=1 s->fde.force_eof=0
06-14 15:02:32.578   336   336 W ADB_SERVICES: entered. LS(30360) fd=22
06-14 15:02:32.582   336   336 W ADB_SERVICES: create_local_service_socket() name=shell:cat /proc/net/xt_qtaguid/stats | grep 10069
06-14 15:02:32.582   336   336 W ADB_SERVICES: service_to_fd() name=shell:cat /proc/net/xt_qtaguid/stats | grep 10069
06-14 15:02:32.582   336   336 W ADB_SERVICES: read_meminfo() mem_free=334256
06-14 15:02:32.583   336   336 W ADB_SERVICES: create_subproc ret_fd=22 pid=634
06-14 15:02:32.583   336   336 W ADB_SERVICES: LS(30361): bound to 'shell:cat /proc/net/xt_qtaguid/stats | grep 10069' via 22
06-14 15:02:32.583   634   634 W ADB_SERVICES: adb: unable to update oom_score_adj
06-14 15:02:32.588   336   336 W ADB_SERVICES: create_local_service_socket() name=shell:cat /proc/stat
06-14 15:02:32.588   336   336 W ADB_SERVICES: service_to_fd() name=shell:cat /proc/stat
06-14 15:02:32.588   336   336 W ADB_SERVICES: read_meminfo() mem_free=333868
06-14 15:02:32.588   336   336 W ADB_SERVICES: create_subproc ret_fd=23 pid=637
06-14 15:02:32.588   336   336 W ADB_SERVICES: LS(30362): bound to 'shell:cat /proc/stat' via 23
06-14 15:02:32.590   637   637 W ADB_SERVICES: adb: unable to update oom_score_adj
06-14 15:02:32.595   336   336 D ADB_SERVICES:  closing because is_eof=1 r=1 s->fde.force_eof=0
06-14 15:02:32.595   336   336 W ADB_SERVICES: entered. LS(30362) fd=23
06-14 15:02:32.600   336   336 D ADB_SERVICES:  closing because is_eof=1 r=-1 s->fde.force_eof=0
06-14 15:02:32.600   336   336 W ADB_SERVICES: entered. LS(30361) fd=22
06-14 15:02:32.604   336   336 W ADB_SERVICES: create_local_service_socket() name=shell:cat /proc/net/xt_qtaguid/stats | grep 10069
06-14 15:02:32.604   336   336 W ADB_SERVICES: service_to_fd() name=shell:cat /proc/net/xt_qtaguid/stats | grep 10069
06-14 15:02:32.604   336   336 W ADB_SERVICES: read_meminfo() mem_free=333816
06-14 15:02:32.605   336   336 W ADB_SERVICES: create_subproc ret_fd=22 pid=638
06-14 15:02:32.605   336   336 W ADB_SERVICES: LS(30363): bound to 'shell:cat /proc/net/xt_qtaguid/stats | grep 10069' via 22
06-14 15:02:32.606   638   638 W ADB_SERVICES: adb: unable to update oom_score_adj
06-14 15:02:32.619   336   336 D ADB_SERVICES:  closing because is_eof=1 r=-1 s->fde.force_eof=0
06-14 15:02:32.619   336   336 W ADB_SERVICES: entered. LS(30363) fd=22
06-14 15:02:32.880 32424 32489 D BgTest  : bgCount 100
06-14 15:02:33.044 32424 32424 D BgTest  : uiCount 104  +3
06-14 15:02:33.114   336   336 W ADB_SERVICES: create_local_service_socket() name=shell:cat /proc/32424/stat
06-14 15:02:33.114   336   336 W ADB_SERVICES: service_to_fd() name=shell:cat /proc/32424/stat
06-14 15:02:33.114   336   336 W ADB_SERVICES: read_meminfo() mem_free=331544
06-14 15:02:33.115   336   336 W ADB_SERVICES: create_subproc ret_fd=22 pid=641
06-14 15:02:33.115   336   336 W ADB_SERVICES: LS(30364): bound to 'shell:cat /proc/32424/stat' via 22
06-14 15:02:33.116   641   641 W ADB_SERVICES: adb: unable to update oom_score_adj
06-14 15:02:33.124   336   336 D ADB_SERVICES:  closing because is_eof=1 r=-1 s->fde.force_eof=0
06-14 15:02:33.124   336   336 W ADB_SERVICES: entered. LS(30364) fd=22
06-14 15:02:33.129   336   336 W ADB_SERVICES: create_local_service_socket() name=shell:cat /proc/net/xt_qtaguid/stats | grep 10069
06-14 15:02:33.129   336   336 W ADB_SERVICES: service_to_fd() name=shell:cat /proc/net/xt_qtaguid/stats | grep 10069
06-14 15:02:33.129   336   336 W ADB_SERVICES: read_meminfo() mem_free=331156
06-14 15:02:33.130   336   336 W ADB_SERVICES: create_subproc ret_fd=22 pid=642
06-14 15:02:33.130   336   336 W ADB_SERVICES: LS(30365): bound to 'shell:cat /proc/net/xt_qtaguid/stats | grep 10069' via 22
06-14 15:02:33.131   642   642 W ADB_SERVICES: adb: unable to update oom_score_adj
06-14 15:02:33.135   336   336 W ADB_SERVICES: create_local_service_socket() name=shell:cat /proc/32424/stat
06-14 15:02:33.135   336   336 W ADB_SERVICES: service_to_fd() name=shell:cat /proc/32424/stat
06-14 15:02:33.135   336   336 W ADB_SERVICES: read_meminfo() mem_free=330892
06-14 15:02:33.136   336   336 W ADB_SERVICES: create_subproc ret_fd=23 pid=643
06-14 15:02:33.136   336   336 W ADB_SERVICES: LS(30366): bound to 'shell:cat /proc/32424/stat' via 23
06-14 15:02:33.137   643   643 W ADB_SERVICES: adb: unable to update oom_score_adj
06-14 15:02:33.143   336   336 D ADB_SERVICES:  closing because is_eof=1 r=1 s->fde.force_eof=0
06-14 15:02:33.143   336   336 W ADB_SERVICES: entered. LS(30366) fd=23
06-14 15:02:33.148   336   336 W ADB_SERVICES: create_local_service_socket() name=shell:cat /proc/net/xt_qtaguid/stats | grep 10069
06-14 15:02:33.148   336   336 W ADB_SERVICES: service_to_fd() name=shell:cat /proc/net/xt_qtaguid/stats | grep 10069
06-14 15:02:33.148   336   336 W ADB_SERVICES: read_meminfo() mem_free=330240
06-14 15:02:33.149   336   336 W ADB_SERVICES: create_subproc ret_fd=23 pid=646
06-14 15:02:33.149   336   336 W ADB_SERVICES: LS(30367): bound to 'shell:cat /proc/net/xt_qtaguid/stats | grep 10069' via 23
06-14 15:02:33.150   336   336 D ADB_SERVICES:  closing because is_eof=1 r=-1 s->fde.force_eof=0
06-14 15:02:33.150   336   336 W ADB_SERVICES: entered. LS(30365) fd=22
06-14 15:02:33.151   646   646 W ADB_SERVICES: adb: unable to update oom_score_adj
06-14 15:02:33.155   336   336 W ADB_SERVICES: create_local_service_socket() name=shell:cat /proc/stat
06-14 15:02:33.155   336   336 W ADB_SERVICES: service_to_fd() name=shell:cat /proc/stat
06-14 15:02:33.155   336   336 W ADB_SERVICES: read_meminfo() mem_free=330660
06-14 15:02:33.155   336   336 W ADB_SERVICES: create_subproc ret_fd=22 pid=647
06-14 15:02:33.155   336   336 W ADB_SERVICES: LS(30368): bound to 'shell:cat /proc/stat' via 22
06-14 15:02:33.157   647   647 W ADB_SERVICES: adb: unable to update oom_score_adj
06-14 15:02:33.165   336   336 D ADB_SERVICES:  closing because is_eof=1 r=-1 s->fde.force_eof=0
06-14 15:02:33.165   336   336 W ADB_SERVICES: entered. LS(30368) fd=22
06-14 15:02:33.169   336   336 D ADB_SERVICES:  closing because is_eof=1 r=-1 s->fde.force_eof=0
06-14 15:02:33.169   336   336 W ADB_SERVICES: entered. LS(30367) fd=23
06-14 15:02:33.173   336   336 W ADB_SERVICES: create_local_service_socket() name=shell:cat /proc/stat
06-14 15:02:33.173   336   336 W ADB_SERVICES: service_to_fd() name=shell:cat /proc/stat
06-14 15:02:33.174   336   336 W ADB_SERVICES: read_meminfo() mem_free=330328
06-14 15:02:33.174   336   336 W ADB_SERVICES: create_subproc ret_fd=22 pid=650
06-14 15:02:33.174   336   336 W ADB_SERVICES: LS(30369): bound to 'shell:cat /proc/stat' via 22
06-14 15:02:33.175   650   650 W ADB_SERVICES: adb: unable to update oom_score_adj
06-14 15:02:33.180   336   336 D ADB_SERVICES:  closing because is_eof=1 r=1 s->fde.force_eof=0
06-14 15:02:33.180   336   336 W ADB_SERVICES: entered. LS(30369) fd=22
06-14 15:02:33.669   336   336 W ADB_SERVICES: create_local_service_socket() name=shell:cat /proc/net/xt_qtaguid/stats | grep 10069
06-14 15:02:33.669   336   336 W ADB_SERVICES: service_to_fd() name=shell:cat /proc/net/xt_qtaguid/stats | grep 10069
06-14 15:02:33.670   336   336 W ADB_SERVICES: read_meminfo() mem_free=327416
06-14 15:02:33.671   336   336 W ADB_SERVICES: create_subproc ret_fd=22 pid=651
06-14 15:02:33.671   336   336 W ADB_SERVICES: LS(30370): bound to 'shell:cat /proc/net/xt_qtaguid/stats | grep 10069' via 22
06-14 15:02:33.672   651   651 W ADB_SERVICES: adb: unable to update oom_score_adj
06-14 15:02:33.688   336   336 D ADB_SERVICES:  closing because is_eof=1 r=-1 s->fde.force_eof=0
06-14 15:02:33.688   336   336 W ADB_SERVICES: entered. LS(30370) fd=22
06-14 15:02:33.693   336   336 W ADB_SERVICES: create_local_service_socket() name=shell:cat /proc/net/xt_qtaguid/stats | grep 10069
06-14 15:02:33.693   336   336 W ADB_SERVICES: service_to_fd() name=shell:cat /proc/net/xt_qtaguid/stats | grep 10069
06-14 15:02:33.693   336   336 W ADB_SERVICES: read_meminfo() mem_free=326500
06-14 15:02:33.694   336   336 W ADB_SERVICES: create_subproc ret_fd=22 pid=654
06-14 15:02:33.694   336   336 W ADB_SERVICES: LS(30371): bound to 'shell:cat /proc/net/xt_qtaguid/stats | grep 10069' via 22
06-14 15:02:33.694   654   654 W ADB_SERVICES: adb: unable to update oom_score_adj
06-14 15:02:33.700   336   336 W ADB_SERVICES: create_local_service_socket() name=shell:cat /proc/32424/stat
06-14 15:02:33.700   336   336 W ADB_SERVICES: service_to_fd() name=shell:cat /proc/32424/stat
06-14 15:02:33.700   336   336 W ADB_SERVICES: read_meminfo() mem_free=326500
06-14 15:02:33.701   336   336 W ADB_SERVICES: create_subproc ret_fd=23 pid=657
06-14 15:02:33.701   336   336 W ADB_SERVICES: LS(30372): bound to 'shell:cat /proc/32424/stat' via 23
06-14 15:02:33.703   657   657 W ADB_SERVICES: adb: unable to update oom_score_adj
06-14 15:02:33.708   336   336 D ADB_SERVICES:  closing because is_eof=1 r=1 s->fde.force_eof=0
06-14 15:02:33.708   336   336 W ADB_SERVICES: entered. LS(30372) fd=23
06-14 15:02:33.710   372   372 I MTKLogger/LogReceiver: Get a self-kill command. Need to kill me now
06-14 15:02:33.711   372   372 I Process : Sending signal. PID: 372 SIG: 9
06-14 15:02:33.713   336   336 D ADB_SERVICES:  closing because is_eof=1 r=-1 s->fde.force_eof=0
06-14 15:02:33.713   336   336 W ADB_SERVICES: entered. LS(30371) fd=22
06-14 15:02:33.717   336   336 W ADB_SERVICES: create_local_service_socket() name=shell:cat /proc/32424/stat
06-14 15:02:33.717   336   336 W ADB_SERVICES: service_to_fd() name=shell:cat /proc/32424/stat
06-14 15:02:33.718   336   336 W ADB_SERVICES: read_meminfo() mem_free=327492
06-14 15:02:33.718   336   336 W ADB_SERVICES: create_subproc ret_fd=22 pid=658
06-14 15:02:33.718   336   336 W ADB_SERVICES: LS(30373): bound to 'shell:cat /proc/32424/stat' via 22
06-14 15:02:33.719   658   658 W ADB_SERVICES: adb: unable to update oom_score_adj
06-14 15:02:33.725   336   336 D ADB_SERVICES:  closing because is_eof=1 r=-1 s->fde.force_eof=0
06-14 15:02:33.725   336   336 W ADB_SERVICES: entered. LS(30373) fd=22
06-14 15:02:33.743   336   336 W ADB_SERVICES: create_local_service_socket() name=shell:cat /proc/stat
06-14 15:02:33.743   336   336 W ADB_SERVICES: service_to_fd() name=shell:cat /proc/stat
06-14 15:02:33.743   336   336 W ADB_SERVICES: read_meminfo() mem_free=328468
06-14 15:02:33.744   336   336 W ADB_SERVICES: create_subproc ret_fd=22 pid=659
06-14 15:02:33.744   336   336 W ADB_SERVICES: LS(30374): bound to 'shell:cat /proc/stat' via 22
06-14 15:02:33.744   659   659 W ADB_SERVICES: adb: unable to update oom_score_adj
06-14 15:02:33.750   336   336 D ADB_SERVICES:  closing because is_eof=1 r=-1 s->fde.force_eof=0
06-14 15:02:33.750   336   336 W ADB_SERVICES: entered. LS(30374) fd=22
06-14 15:02:33.752   874   900 D DisplayManagerService: Display listener for pid 372 died.
06-14 15:02:33.752   874  1712 I ActivityManager: Process com.mediatek.mtklogger (pid 372) has died
06-14 15:02:33.753   874  1712 I libPerfService: perfSetFavorPid - pid:32424, 7ea8
06-14 15:02:33.752   874  1712 D ActivityManager: SVC-handleAppDiedLocked: app = ProcessRecord{2bcf7c6 372:com.mediatek.mtklogger/u0a51}, app.pid = 372
06-14 15:02:33.752   874  1712 D ActivityManager: SVC-mBroadcastQueues: com.android.server.am.BroadcastQueue@3255f377
06-14 15:02:33.752   874  1712 D ActivityManager: SVC-mBroadcastQueues: com.android.server.am.BroadcastQueue@23d11be4
06-14 15:02:33.755   336   336 W ADB_SERVICES: create_local_service_socket() name=shell:cat /proc/stat
06-14 15:02:33.755   336   336 W ADB_SERVICES: service_to_fd() name=shell:cat /proc/stat
06-14 15:02:33.755   336   336 W ADB_SERVICES: read_meminfo() mem_free=328828
06-14 15:02:33.756   336   336 W ADB_SERVICES: create_subproc ret_fd=22 pid=660
06-14 15:02:33.756   336   336 W ADB_SERVICES: LS(30375): bound to 'shell:cat /proc/stat' via 22
06-14 15:02:33.757   660   660 W ADB_SERVICES: adb: unable to update oom_score_adj
06-14 15:02:33.762   336   336 D ADB_SERVICES:  closing because is_eof=1 r=1 s->fde.force_eof=0
06-14 15:02:33.762   336   336 W ADB_SERVICES: entered. LS(30375) fd=22
06-14 15:02:33.920 32424 32489 D BgTest  : bgCount 101
06-14 15:02:34.040   874  1162 V SettingsInterface:  from settings cache , name = netstats_time_cache_max_age , value = null
06-14 15:02:34.041   874  1162 V NetworkStats: performPollLocked(flags=0x3)
06-14 15:02:34.043   874  1162 D NetdConnector: SND -> {690 bandwidth gettetherstats}
06-14 15:02:34.043   296   779 D FrameworkListener: dispatchCommand data = (690 bandwidth gettetherstats)
06-14 15:02:34.043   296   779 D SocketClient: SocketClient sendData done: 200 690 Tethering stats list completed
06-14 15:02:34.043   874   960 D NetdConnector: RCV <- {200 690 Tethering stats list completed}
06-14 15:02:34.044   874  1162 D NetdConnector: RMV <- {200 690 Tethering stats list completed}
06-14 15:02:34.045 32424 32424 D BgTest  : uiCount 105  +3
06-14 15:02:34.047   874  1162 W NetworkStatsRecorder: unknown interfaces [wlan0, lo, p2p0], ignoring those stats
06-14 15:02:34.047   874  1162 W NetworkStatsRecorder: unknown interfaces [wlan0, lo, p2p0], ignoring those stats
06-14 15:02:34.048   874  1162 W NetworkStatsRecorder: unknown interfaces [wlan0, lo, p2p0], ignoring those stats
06-14 15:02:34.048   874  1162 W NetworkStatsRecorder: unknown interfaces [wlan0, lo, p2p0], ignoring those stats
06-14 15:02:34.050   874  1162 V NetworkStats: performPollLocked() took 9ms
06-14 15:02:34.050   874  1162 V SettingsInterface:  from settings cache , name = netstats_sample_enabled , value = null
06-14 15:02:34.051   874  1162 V ActivityManager: Broadcast: Intent { act=com.android.server.action.NETWORK_STATS_UPDATED flg=0x40000010 } ordered=false userid=-1 callerApp=ProcessRecord{2de77b41 874:system/1000}
06-14 15:02:34.052   874   966 V NetworkPolicy: updateNetworkEnabledLocked()
06-14 15:02:34.053  1860  1880 V SettingsInterface:  from settings cache , name = multi_sim_data_call , value = -1
06-14 15:02:34.053  1860  2189 V SettingsInterface:  from settings cache , name = multi_sim_data_call , value = -1
06-14 15:02:34.055   874   966 V NetworkPolicy:  checking policy:NetworkPolicy[NetworkTemplate: matchRule=MOBILE_ALL, matchSubscriberIds=[null]]: cycleDay=19, cycleTimezone=Asia/Shanghai, warningBytes=104857600, limitBytes=-1, lastWarningSnooze=-1, lastLimitSnooze=-1, metered=true, inferred=true
06-14 15:02:34.054  1231  1559 D trafficTest: whichSimSelected slotId=-1,可能是未插卡，也可能是modern挂了，也可能插了双卡，其中流量卡挂了，或还在初始化中, 而另一张卡没有自动切换成流量
06-14 15:02:34.055   874   966 V NetworkPolicy:  checking policy:NetworkPolicy[NetworkTemplate: matchRule=MOBILE_ALL, subscriberId=460028..., matchSubscriberIds=[460028...]]: cycleDay=1, cycleTimezone=Asia/Shanghai, warningBytes=2412510335, limitBytes=3015637919, lastWarningSnooze=-1, lastLimitSnooze=-1, metered=true, inferred=false
06-14 15:02:34.054  1231  1559 D NetworkManagementMz: LocalSubscriptionManager: getSubId 0
06-14 15:02:34.055   874   966 V NetworkPolicy:  checking policy:NetworkPolicy[NetworkTemplate: matchRule=MOBILE_ALL, subscriberId=460006..., matchSubscriberIds=[460006...]]: cycleDay=1, cycleTimezone=Asia/Shanghai, warningBytes=104857600, limitBytes=-1, lastWarningSnooze=-1, lastLimitSnooze=-1, metered=true, inferred=false
06-14 15:02:34.055   874   966 V NetworkPolicy:  checking policy:NetworkPolicy[NetworkTemplate: matchRule=MOBILE_ALL, subscriberId=460028..., matchSubscriberIds=[460028...]]: cycleDay=1, cycleTimezone=Asia/Shanghai, warningBytes=-1, limitBytes=-1, lastWarningSnooze=-1, lastLimitSnooze=-1, metered=true, inferred=false
06-14 15:02:34.057  1860 13323 V SettingsInterface:  from settings cache , name = multi_sim_data_call , value = -1
06-14 15:02:34.055   874   966 V NetworkPolicy: updateNotificationsLocked()
06-14 15:02:34.057  1231  1559 D NetworkManagementMz: LocalSubscriptionManager: intSubId -2
06-14 15:02:34.057  1231  1559 D NetworkManagementMz: LocalSubscriptionManager: intSubId -2
06-14 15:02:34.057  1231  1559 D NetworkManagementMz: LocalSubscriptionManager: subId[0] is : -2
06-14 15:02:34.059  1231  1559 D NetworkManagementMz: LocalTelephonyManager: imsi null
06-14 15:02:34.059  1231  1559 D NetworkManagementMz: LocalSubscriptionManager: getSubId 1
06-14 15:02:34.061  1231  1559 D NetworkManagementMz: LocalSubscriptionManager: intSubId -3
06-14 15:02:34.061  1231  1559 D NetworkManagementMz: LocalSubscriptionManager: intSubId -3
06-14 15:02:34.061  1231  1559 D NetworkManagementMz: LocalSubscriptionManager: subId[1] is : -3
06-14 15:02:34.063  1231  1559 D NetworkManagementMz: LocalTelephonyManager: imsi null
06-14 15:02:34.064  1860 13323 V SettingsInterface:  from settings cache , name = multi_sim_data_call , value = -1
06-14 15:02:34.065  1231  1559 D trafficTest: whichSimSelected slotId=-1,可能是未插卡，也可能是modern挂了，也可能插了双卡，其中流量卡挂了，或还在初始化中, 而另一张卡没有自动切换成流量
06-14 15:02:34.065  1231  1559 D NetworkManagementMz: LocalSubscriptionManager: getSubId 0
06-14 15:02:34.066  1231  1559 D NetworkManagementMz: LocalSubscriptionManager: intSubId -2
06-14 15:02:34.066  1231  1559 D NetworkManagementMz: LocalSubscriptionManager: intSubId -2
06-14 15:02:34.066  1231  1559 D NetworkManagementMz: LocalSubscriptionManager: subId[0] is : -2
06-14 15:02:34.068  1231  1559 D NetworkManagementMz: LocalTelephonyManager: imsi null
06-14 15:02:34.068  1231  1559 D NetworkManagementMz: LocalSubscriptionManager: getSubId 1
06-14 15:02:34.069  1231  1559 D NetworkManagementMz: LocalSubscriptionManager: intSubId -3
06-14 15:02:34.069  1231  1559 D NetworkManagementMz: LocalSubscriptionManager: intSubId -3
06-14 15:02:34.069  1231  1559 D NetworkManagementMz: LocalSubscriptionManager: subId[1] is : -3
06-14 15:02:34.071  1231  1559 D NetworkManagementMz: LocalTelephonyManager: imsi null
06-14 15:02:34.071  1231  1231 D trafficTest: has data listener
06-14 15:02:34.071  1231  1231 D trafficTest1: pollingService通知Ui更新
06-14 15:02:34.071  1231  1231 D trafficTest: ----refreshGeneralShowData
06-14 15:02:34.071  1231  1231 D trafficTest: ----------widget manager receiver dataChanged
06-14 15:02:34.073   874  1828 V ActivityManager: Broadcast: Intent { act=android.com.meizu.safe.provider.SafeWidgetProvider flg=0x10 (has extras) } ordered=false userid=-2 callerApp=ProcessRecord{25d454a8 1231:com.meizu.safe/1000}
06-14 15:02:34.071  1231  1231 D trafficTest: widget manager send broadcast to widget
06-14 15:02:34.074  1231  1231 I vpnTrace: notifySavingDataChanged: isShowSavingFunc: false
06-14 15:02:34.074  1231  1231 D TrafficTest: --------------亮屏且有监听器updateDataInterval = 15000
06-14 15:02:34.077  1231  1231 D trafficTest3: ---------widget receiver data change msg
06-14 15:02:34.078  1231  1231 D trafficTest3: updateRemoteView: SimCardTrafficForShow{imsi='null', totalBytes=-1, remainBytes=0, dayUsedBytes=0, leftDays=0, monthUsedbytes=0, usedPercent=0.0, idleMode=false}
06-14 15:02:34.099  1231  1231 D RemoteViews: mActions is repeat
06-14 15:02:34.099  1231  1231 D RemoteViews: mActions is repeat
06-14 15:02:34.104  1885  1885 D AppWidgetHost: updateAppWidgetView HANDLE_UPDATE 
06-14 15:02:34.104  1885  1885 D AppWidgetHost: updateAppWidgetView appWidgetId 15 com.meizu.flyme.launcher.at@179658cb
06-14 15:02:34.208   336   336 W ADB_SERVICES: create_local_service_socket() name=shell:cat /proc/net/xt_qtaguid/stats | grep 10069
06-14 15:02:34.208   336   336 W ADB_SERVICES: service_to_fd() name=shell:cat /proc/net/xt_qtaguid/stats | grep 10069
06-14 15:02:34.208   336   336 W ADB_SERVICES: read_meminfo() mem_free=343396
06-14 15:02:34.209   336   336 W ADB_SERVICES: create_subproc ret_fd=22 pid=661
06-14 15:02:34.209   336   336 W ADB_SERVICES: LS(30376): bound to 'shell:cat /proc/net/xt_qtaguid/stats | grep 10069' via 22
06-14 15:02:34.209   661   661 W ADB_SERVICES: adb: unable to update oom_score_adj
06-14 15:02:34.223   336   336 D ADB_SERVICES:  closing because is_eof=1 r=-1 s->fde.force_eof=0
06-14 15:02:34.223   336   336 W ADB_SERVICES: entered. LS(30376) fd=22
06-14 15:02:34.239   336   336 W ADB_SERVICES: create_local_service_socket() name=shell:cat /proc/net/xt_qtaguid/stats | grep 10069
06-14 15:02:34.239   336   336 W ADB_SERVICES: service_to_fd() name=shell:cat /proc/net/xt_qtaguid/stats | grep 10069
06-14 15:02:34.239   336   336 W ADB_SERVICES: read_meminfo() mem_free=342928
06-14 15:02:34.240   336   336 W ADB_SERVICES: create_subproc ret_fd=22 pid=664
06-14 15:02:34.240   336   336 W ADB_SERVICES: LS(30377): bound to 'shell:cat /proc/net/xt_qtaguid/stats | grep 10069' via 22
06-14 15:02:34.240   664   664 W ADB_SERVICES: adb: unable to update oom_score_adj
06-14 15:02:34.260   336   336 D ADB_SERVICES:  closing because is_eof=1 r=-1 s->fde.force_eof=0
06-14 15:02:34.260   336   336 W ADB_SERVICES: entered. LS(30377) fd=22
06-14 15:02:34.287  3944  3962 I art     : WaitForGcToComplete blocked for 67.732ms for cause HomogeneousSpaceCompact
06-14 15:02:34.289   336   336 W ADB_SERVICES: create_local_service_socket() name=shell:cat /proc/32424/stat
06-14 15:02:34.289   336   336 W ADB_SERVICES: service_to_fd() name=shell:cat /proc/32424/stat
06-14 15:02:34.289   336   336 W ADB_SERVICES: read_meminfo() mem_free=343632
06-14 15:02:34.291   336   336 W ADB_SERVICES: create_subproc ret_fd=22 pid=667
06-14 15:02:34.291   336   336 W ADB_SERVICES: LS(30378): bound to 'shell:cat /proc/32424/stat' via 22
06-14 15:02:34.291   667   667 W ADB_SERVICES: adb: unable to update oom_score_adj
06-14 15:02:34.298   336   336 D ADB_SERVICES:  closing because is_eof=1 r=1 s->fde.force_eof=0
06-14 15:02:34.298   336   336 W ADB_SERVICES: entered. LS(30378) fd=22
06-14 15:02:34.298   336   336 W ADB_SERVICES: create_local_service_socket() name=shell:cat /proc/32424/stat
06-14 15:02:34.298   336   336 W ADB_SERVICES: service_to_fd() name=shell:cat /proc/32424/stat
06-14 15:02:34.299   336   336 W ADB_SERVICES: read_meminfo() mem_free=343632
06-14 15:02:34.299   336   336 W ADB_SERVICES: create_subproc ret_fd=22 pid=668
06-14 15:02:34.299   336   336 W ADB_SERVICES: LS(30379): bound to 'shell:cat /proc/32424/stat' via 22
06-14 15:02:34.300   668   668 W ADB_SERVICES: adb: unable to update oom_score_adj
06-14 15:02:34.306   336   336 D ADB_SERVICES:  closing because is_eof=1 r=-1 s->fde.force_eof=0
06-14 15:02:34.306   336   336 W ADB_SERVICES: entered. LS(30379) fd=22
06-14 15:02:34.327   336   336 W ADB_SERVICES: create_local_service_socket() name=shell:cat /proc/stat
06-14 15:02:34.327   336   336 W ADB_SERVICES: service_to_fd() name=shell:cat /proc/stat
06-14 15:02:34.327   336   336 W ADB_SERVICES: read_meminfo() mem_free=340548
06-14 15:02:34.328   336   336 W ADB_SERVICES: create_subproc ret_fd=22 pid=669
06-14 15:02:34.328   336   336 W ADB_SERVICES: LS(30380): bound to 'shell:cat /proc/stat' via 22
06-14 15:02:34.328   669   669 W ADB_SERVICES: adb: unable to update oom_score_adj
06-14 15:02:34.334   336   336 D ADB_SERVICES:  closing because is_eof=1 r=1 s->fde.force_eof=0
06-14 15:02:34.334   336   336 W ADB_SERVICES: entered. LS(30380) fd=22
06-14 15:02:34.339   336   336 W ADB_SERVICES: create_local_service_socket() name=shell:cat /proc/stat
06-14 15:02:34.339   336   336 W ADB_SERVICES: service_to_fd() name=shell:cat /proc/stat
06-14 15:02:34.339   336   336 W ADB_SERVICES: read_meminfo() mem_free=339308
06-14 15:02:34.339   336   336 W ADB_SERVICES: create_subproc ret_fd=22 pid=670
06-14 15:02:34.339   336   336 W ADB_SERVICES: LS(30381): bound to 'shell:cat /proc/stat' via 22
06-14 15:02:34.340   670   670 W ADB_SERVICES: adb: unable to update oom_score_adj
06-14 15:02:34.345   336   336 D ADB_SERVICES:  closing because is_eof=1 r=1 s->fde.force_eof=0
06-14 15:02:34.345   336   336 W ADB_SERVICES: entered. LS(30381) fd=22
06-14 15:02:34.757   336   336 W ADB_SERVICES: create_local_service_socket() name=shell:cat /proc/net/xt_qtaguid/stats | grep 10069
06-14 15:02:34.757   336   336 W ADB_SERVICES: service_to_fd() name=shell:cat /proc/net/xt_qtaguid/stats | grep 10069
06-14 15:02:34.757   336   336 W ADB_SERVICES: read_meminfo() mem_free=343432
06-14 15:02:34.757   336   336 W ADB_SERVICES: create_subproc ret_fd=22 pid=671
06-14 15:02:34.758   336   336 W ADB_SERVICES: LS(30382): bound to 'shell:cat /proc/net/xt_qtaguid/stats | grep 10069' via 22
06-14 15:02:34.758   671   671 W ADB_SERVICES: adb: unable to update oom_score_adj
06-14 15:02:34.773   336   336 D ADB_SERVICES:  closing because is_eof=1 r=-1 s->fde.force_eof=0
06-14 15:02:34.773   336   336 W ADB_SERVICES: entered. LS(30382) fd=22
06-14 15:02:34.781   336   336 W ADB_SERVICES: create_local_service_socket() name=shell:cat /proc/net/xt_qtaguid/stats | grep 10069
06-14 15:02:34.781   336   336 W ADB_SERVICES: service_to_fd() name=shell:cat /proc/net/xt_qtaguid/stats | grep 10069
06-14 15:02:34.782   336   336 W ADB_SERVICES: read_meminfo() mem_free=342680
06-14 15:02:34.782   336   336 W ADB_SERVICES: create_subproc ret_fd=22 pid=674
06-14 15:02:34.782   336   336 W ADB_SERVICES: LS(30383): bound to 'shell:cat /proc/net/xt_qtaguid/stats | grep 10069' via 22
06-14 15:02:34.783   674   674 W ADB_SERVICES: adb: unable to update oom_score_adj
06-14 15:02:34.798   336   336 D ADB_SERVICES:  closing because is_eof=1 r=-1 s->fde.force_eof=0
06-14 15:02:34.798   336   336 W ADB_SERVICES: entered. LS(30383) fd=22
06-14 15:02:34.868   336   336 W ADB_SERVICES: create_local_service_socket() name=shell:cat /proc/32424/stat
06-14 15:02:34.868   336   336 W ADB_SERVICES: service_to_fd() name=shell:cat /proc/32424/stat
06-14 15:02:34.868   336   336 W ADB_SERVICES: read_meminfo() mem_free=342152
06-14 15:02:34.869   336   336 W ADB_SERVICES: create_subproc ret_fd=22 pid=677
06-14 15:02:34.869   336   336 W ADB_SERVICES: LS(30384): bound to 'shell:cat /proc/32424/stat' via 22
06-14 15:02:34.870   677   677 W ADB_SERVICES: adb: unable to update oom_score_adj
06-14 15:02:34.874   336   336 D ADB_SERVICES:  closing because is_eof=1 r=1 s->fde.force_eof=0
06-14 15:02:34.875   336   336 W ADB_SERVICES: entered. LS(30384) fd=22
06-14 15:02:34.881   336   336 W ADB_SERVICES: create_local_service_socket() name=shell:cat /proc/32424/stat
06-14 15:02:34.881   336   336 W ADB_SERVICES: service_to_fd() name=shell:cat /proc/32424/stat
06-14 15:02:34.881   336   336 W ADB_SERVICES: read_meminfo() mem_free=341952
06-14 15:02:34.882   336   336 W ADB_SERVICES: create_subproc ret_fd=22 pid=678
06-14 15:02:34.882   336   336 W ADB_SERVICES: LS(30385): bound to 'shell:cat /proc/32424/stat' via 22
06-14 15:02:34.882   678   678 W ADB_SERVICES: adb: unable to update oom_score_adj
06-14 15:02:34.888   336   336 D ADB_SERVICES:  closing because is_eof=1 r=1 s->fde.force_eof=0
06-14 15:02:34.888   336   336 W ADB_SERVICES: entered. LS(30385) fd=22
06-14 15:02:34.907   336   336 W ADB_SERVICES: create_local_service_socket() name=shell:cat /proc/stat
06-14 15:02:34.907   336   336 W ADB_SERVICES: service_to_fd() name=shell:cat /proc/stat
06-14 15:02:34.908   336   336 W ADB_SERVICES: read_meminfo() mem_free=341952
06-14 15:02:34.908   336   336 W ADB_SERVICES: create_subproc ret_fd=22 pid=679
06-14 15:02:34.908   336   336 W ADB_SERVICES: LS(30386): bound to 'shell:cat /proc/stat' via 22
06-14 15:02:34.909   679   679 W ADB_SERVICES: adb: unable to update oom_score_adj
06-14 15:02:34.915   336   336 D ADB_SERVICES:  closing because is_eof=1 r=-1 s->fde.force_eof=0
06-14 15:02:34.916   336   336 W ADB_SERVICES: entered. LS(30386) fd=22
06-14 15:02:34.924   336   336 W ADB_SERVICES: create_local_service_socket() name=shell:cat /proc/stat
06-14 15:02:34.924   336   336 W ADB_SERVICES: service_to_fd() name=shell:cat /proc/stat
06-14 15:02:34.924   336   336 W ADB_SERVICES: read_meminfo() mem_free=341736
06-14 15:02:34.925   336   336 W ADB_SERVICES: create_subproc ret_fd=22 pid=681
06-14 15:02:34.925   336   336 W ADB_SERVICES: LS(30387): bound to 'shell:cat /proc/stat' via 22
06-14 15:02:34.925   681   681 W ADB_SERVICES: adb: unable to update oom_score_adj
06-14 15:02:34.931   336   336 D ADB_SERVICES:  closing because is_eof=1 r=1 s->fde.force_eof=0
06-14 15:02:34.931   336   336 W ADB_SERVICES: entered. LS(30387) fd=22
06-14 15:02:34.960 32424 32489 D BgTest  : bgCount 102
06-14 15:02:35.046 32424 32424 D BgTest  : uiCount 106  +3
06-14 15:02:35.294   336   336 W ADB_SERVICES: create_local_service_socket() name=shell:cat /proc/net/xt_qtaguid/stats | grep 10069
06-14 15:02:35.294   336   336 W ADB_SERVICES: service_to_fd() name=shell:cat /proc/net/xt_qtaguid/stats | grep 10069
06-14 15:02:35.294   336   336 W ADB_SERVICES: read_meminfo() mem_free=342108
06-14 15:02:35.295   336   336 W ADB_SERVICES: create_subproc ret_fd=22 pid=682
06-14 15:02:35.295   336   336 W ADB_SERVICES: LS(30388): bound to 'shell:cat /proc/net/xt_qtaguid/stats | grep 10069' via 22
06-14 15:02:35.296   682   682 W ADB_SERVICES: adb: unable to update oom_score_adj
06-14 15:02:35.312   336   336 D ADB_SERVICES:  closing because is_eof=1 r=-1 s->fde.force_eof=0
06-14 15:02:35.312   336   336 W ADB_SERVICES: entered. LS(30388) fd=22
06-14 15:02:35.324   336   336 W ADB_SERVICES: create_local_service_socket() name=shell:cat /proc/net/xt_qtaguid/stats | grep 10069
06-14 15:02:35.324   336   336 W ADB_SERVICES: service_to_fd() name=shell:cat /proc/net/xt_qtaguid/stats | grep 10069
06-14 15:02:35.324   336   336 W ADB_SERVICES: read_meminfo() mem_free=341276
06-14 15:02:35.325   336   336 W ADB_SERVICES: create_subproc ret_fd=22 pid=685
06-14 15:02:35.325   336   336 W ADB_SERVICES: LS(30389): bound to 'shell:cat /proc/net/xt_qtaguid/stats | grep 10069' via 22
06-14 15:02:35.325   685   685 W ADB_SERVICES: adb: unable to update oom_score_adj
06-14 15:02:35.339   336   336 D ADB_SERVICES:  closing because is_eof=1 r=-1 s->fde.force_eof=0
06-14 15:02:35.339   336   336 W ADB_SERVICES: entered. LS(30389) fd=22
06-14 15:02:35.453   336   336 W ADB_SERVICES: create_local_service_socket() name=shell:cat /proc/32424/stat
06-14 15:02:35.453   336   336 W ADB_SERVICES: service_to_fd() name=shell:cat /proc/32424/stat
06-14 15:02:35.453   336   336 W ADB_SERVICES: read_meminfo() mem_free=341332
06-14 15:02:35.454   336   336 W ADB_SERVICES: create_subproc ret_fd=22 pid=688
06-14 15:02:35.454   336   336 W ADB_SERVICES: LS(30390): bound to 'shell:cat /proc/32424/stat' via 22
06-14 15:02:35.455   688   688 W ADB_SERVICES: adb: unable to update oom_score_adj
06-14 15:02:35.461   336   336 D ADB_SERVICES:  closing because is_eof=1 r=-1 s->fde.force_eof=0
06-14 15:02:35.461   336   336 W ADB_SERVICES: entered. LS(30390) fd=22
06-14 15:02:35.467   336   336 W ADB_SERVICES: create_local_service_socket() name=shell:cat /proc/32424/stat
06-14 15:02:35.467   336   336 W ADB_SERVICES: service_to_fd() name=shell:cat /proc/32424/stat
06-14 15:02:35.468   336   336 W ADB_SERVICES: read_meminfo() mem_free=341068
06-14 15:02:35.468   336   336 W ADB_SERVICES: create_subproc ret_fd=22 pid=689
06-14 15:02:35.468   336   336 W ADB_SERVICES: LS(30391): bound to 'shell:cat /proc/32424/stat' via 22
06-14 15:02:35.469   689   689 W ADB_SERVICES: adb: unable to update oom_score_adj
06-14 15:02:35.476   336   336 D ADB_SERVICES:  closing because is_eof=1 r=1 s->fde.force_eof=0
06-14 15:02:35.476   336   336 W ADB_SERVICES: entered. LS(30391) fd=22
06-14 15:02:35.495   336   336 W ADB_SERVICES: create_local_service_socket() name=shell:cat /proc/stat
06-14 15:02:35.495   336   336 W ADB_SERVICES: service_to_fd() name=shell:cat /proc/stat
06-14 15:02:35.495   336   336 W ADB_SERVICES: read_meminfo() mem_free=340960
06-14 15:02:35.496   336   336 W ADB_SERVICES: create_subproc ret_fd=22 pid=690
06-14 15:02:35.496   336   336 W ADB_SERVICES: LS(30392): bound to 'shell:cat /proc/stat' via 22
06-14 15:02:35.496   690   690 W ADB_SERVICES: adb: unable to update oom_score_adj
06-14 15:02:35.502   336   336 D ADB_SERVICES:  closing because is_eof=1 r=1 s->fde.force_eof=0
06-14 15:02:35.502   336   336 W ADB_SERVICES: entered. LS(30392) fd=22
06-14 15:02:35.507   336   336 W ADB_SERVICES: create_local_service_socket() name=shell:cat /proc/stat
06-14 15:02:35.507   336   336 W ADB_SERVICES: service_to_fd() name=shell:cat /proc/stat
06-14 15:02:35.507   336   336 W ADB_SERVICES: read_meminfo() mem_free=340960
06-14 15:02:35.507   336   336 W ADB_SERVICES: create_subproc ret_fd=22 pid=691
06-14 15:02:35.508   336   336 W ADB_SERVICES: LS(30393): bound to 'shell:cat /proc/stat' via 22
06-14 15:02:35.508   691   691 W ADB_SERVICES: adb: unable to update oom_score_adj
06-14 15:02:35.514   336   336 D ADB_SERVICES:  closing because is_eof=1 r=1 s->fde.force_eof=0
06-14 15:02:35.514   336   336 W ADB_SERVICES: entered. LS(30393) fd=22
06-14 15:02:35.840   336   336 W ADB_SERVICES: create_local_service_socket() name=shell:cat /proc/net/xt_qtaguid/stats | grep 10069
06-14 15:02:35.840   336   336 W ADB_SERVICES: service_to_fd() name=shell:cat /proc/net/xt_qtaguid/stats | grep 10069
06-14 15:02:35.840   336   336 W ADB_SERVICES: read_meminfo() mem_free=338884
06-14 15:02:35.841   336   336 W ADB_SERVICES: create_subproc ret_fd=22 pid=692
06-14 15:02:35.841   336   336 W ADB_SERVICES: LS(30394): bound to 'shell:cat /proc/net/xt_qtaguid/stats | grep 10069' via 22
06-14 15:02:35.841   692   692 W ADB_SERVICES: adb: unable to update oom_score_adj
06-14 15:02:35.857   336   336 D ADB_SERVICES:  closing because is_eof=1 r=-1 s->fde.force_eof=0
06-14 15:02:35.857   336   336 W ADB_SERVICES: entered. LS(30394) fd=22
06-14 15:02:35.876   336   336 W ADB_SERVICES: create_local_service_socket() name=shell:cat /proc/net/xt_qtaguid/stats | grep 10069
06-14 15:02:35.876   336   336 W ADB_SERVICES: service_to_fd() name=shell:cat /proc/net/xt_qtaguid/stats | grep 10069
06-14 15:02:35.876   336   336 W ADB_SERVICES: read_meminfo() mem_free=337844
06-14 15:02:35.877   336   336 W ADB_SERVICES: create_subproc ret_fd=22 pid=695
06-14 15:02:35.877   336   336 W ADB_SERVICES: LS(30395): bound to 'shell:cat /proc/net/xt_qtaguid/stats | grep 10069' via 22
06-14 15:02:35.877   695   695 W ADB_SERVICES: adb: unable to update oom_score_adj
06-14 15:02:35.893   336   336 D ADB_SERVICES:  closing because is_eof=1 r=-1 s->fde.force_eof=0
06-14 15:02:35.893   336   336 W ADB_SERVICES: entered. LS(30395) fd=22
06-14 15:02:35.900   319   319 I thermal_repeater: oh, queryMdThermalInfo (0)Bad file number
06-14 15:02:35.908   319   319 I thermal_repeater: [recvMdThermalInfo] ret=25, strLen=127,  1, 32767,,, -1, 32767, 2
06-14 15:02:36.000 32424 32489 D BgTest  : bgCount 103
06-14 15:02:36.043   336   336 W ADB_SERVICES: create_local_service_socket() name=shell:cat /proc/32424/stat
06-14 15:02:36.043   336   336 W ADB_SERVICES: service_to_fd() name=shell:cat /proc/32424/stat
06-14 15:02:36.043   336   336 W ADB_SERVICES: read_meminfo() mem_free=337584
06-14 15:02:36.044   336   336 W ADB_SERVICES: create_subproc ret_fd=22 pid=698
06-14 15:02:36.044   336   336 W ADB_SERVICES: LS(30396): bound to 'shell:cat /proc/32424/stat' via 22
06-14 15:02:36.044   698   698 W ADB_SERVICES: adb: unable to update oom_score_adj
06-14 15:02:36.048 32424 32424 D BgTest  : uiCount 107  +3
06-14 15:02:36.051   336   336 D ADB_SERVICES:  closing because is_eof=1 r=1 s->fde.force_eof=0
06-14 15:02:36.051   336   336 W ADB_SERVICES: entered. LS(30396) fd=22
06-14 15:02:36.051   336   336 W ADB_SERVICES: create_local_service_socket() name=shell:cat /proc/32424/stat
06-14 15:02:36.051   336   336 W ADB_SERVICES: service_to_fd() name=shell:cat /proc/32424/stat
06-14 15:02:36.051   336   336 W ADB_SERVICES: read_meminfo() mem_free=337196
06-14 15:02:36.052   336   336 W ADB_SERVICES: create_subproc ret_fd=22 pid=699
06-14 15:02:36.052   336   336 W ADB_SERVICES: LS(30397): bound to 'shell:cat /proc/32424/stat' via 22
06-14 15:02:36.053   699   699 W ADB_SERVICES: adb: unable to update oom_score_adj
06-14 15:02:36.059   336   336 D ADB_SERVICES:  closing because is_eof=1 r=1 s->fde.force_eof=0
06-14 15:02:36.059   336   336 W ADB_SERVICES: entered. LS(30397) fd=22
06-14 15:02:36.079   336   336 W ADB_SERVICES: create_local_service_socket() name=shell:cat /proc/stat
06-14 15:02:36.079   336   336 W ADB_SERVICES: service_to_fd() name=shell:cat /proc/stat
06-14 15:02:36.080   336   336 W ADB_SERVICES: read_meminfo() mem_free=337196
06-14 15:02:36.080   336   336 W ADB_SERVICES: create_subproc ret_fd=22 pid=700
06-14 15:02:36.080   336   336 W ADB_SERVICES: LS(30398): bound to 'shell:cat /proc/stat' via 22
06-14 15:02:36.081   700   700 W ADB_SERVICES: adb: unable to update oom_score_adj
06-14 15:02:36.087   336   336 D ADB_SERVICES:  closing because is_eof=1 r=1 s->fde.force_eof=0
06-14 15:02:36.087   336   336 W ADB_SERVICES: entered. LS(30398) fd=22
06-14 15:02:36.089   336   336 W ADB_SERVICES: create_local_service_socket() name=shell:cat /proc/stat
06-14 15:02:36.089   336   336 W ADB_SERVICES: service_to_fd() name=shell:cat /proc/stat
06-14 15:02:36.090   336   336 W ADB_SERVICES: read_meminfo() mem_free=337196
06-14 15:02:36.090   336   336 W ADB_SERVICES: create_subproc ret_fd=22 pid=701
06-14 15:02:36.090   336   336 W ADB_SERVICES: LS(30399): bound to 'shell:cat /proc/stat' via 22
06-14 15:02:36.091   701   701 W ADB_SERVICES: adb: unable to update oom_score_adj
06-14 15:02:36.097   336   336 D ADB_SERVICES:  closing because is_eof=1 r=1 s->fde.force_eof=0
06-14 15:02:36.097   336   336 W ADB_SERVICES: entered. LS(30399) fd=22
06-14 15:02:36.387   336   336 W ADB_SERVICES: create_local_service_socket() name=shell:cat /proc/net/xt_qtaguid/stats | grep 10069
06-14 15:02:36.387   336   336 W ADB_SERVICES: service_to_fd() name=shell:cat /proc/net/xt_qtaguid/stats | grep 10069
06-14 15:02:36.388   336   336 W ADB_SERVICES: read_meminfo() mem_free=336776
06-14 15:02:36.389   336   336 W ADB_SERVICES: create_subproc ret_fd=22 pid=702
06-14 15:02:36.389   336   336 W ADB_SERVICES: LS(30400): bound to 'shell:cat /proc/net/xt_qtaguid/stats | grep 10069' via 22
06-14 15:02:36.392   702   702 W ADB_SERVICES: adb: unable to update oom_score_adj
06-14 15:02:36.415   336   336 W ADB_SERVICES: create_local_service_socket() name=shell:cat /proc/net/xt_qtaguid/stats | grep 10069
06-14 15:02:36.415   336   336 W ADB_SERVICES: service_to_fd() name=shell:cat /proc/net/xt_qtaguid/stats | grep 10069
06-14 15:02:36.415   336   336 W ADB_SERVICES: read_meminfo() mem_free=336108
06-14 15:02:36.416   336   336 W ADB_SERVICES: create_subproc ret_fd=23 pid=705
06-14 15:02:36.416   336   336 W ADB_SERVICES: LS(30401): bound to 'shell:cat /proc/net/xt_qtaguid/stats | grep 10069' via 23
06-14 15:02:36.417   705   705 W ADB_SERVICES: adb: unable to update oom_score_adj
06-14 15:02:36.420   336   336 D ADB_SERVICES:  closing because is_eof=1 r=-1 s->fde.force_eof=0
06-14 15:02:36.421   336   336 W ADB_SERVICES: entered. LS(30400) fd=22
06-14 15:02:36.433   336   336 D ADB_SERVICES:  closing because is_eof=1 r=-1 s->fde.force_eof=0
06-14 15:02:36.433   336   336 W ADB_SERVICES: entered. LS(30401) fd=23
06-14 15:02:36.531   874   982 D AudioService: MzCreateMediaserverWatchdogThread: monitor mediaserver end !!!
06-14 15:02:36.531   874   982 D AudioService: MzCreateMediaserverWatchdogThread: monitor mediaserver start !!!
06-14 15:02:36.532   874   708 D AudioSystem: +setParameters(): mediaserver_monitor=1 
06-14 15:02:36.533   301   948 I AudioFlinger: setParameters(): io 0, keyvalue mediaserver_monitor=1, calling pid 874
06-14 15:02:36.533   301   948 D AudioALSAHardware: +setParameters(): mediaserver_monitor=1
06-14 15:02:36.533   301   948 W AudioALSAHardware: setParameters(), still have param.size() = 1, remain param = "mediaserver_monitor=1"
06-14 15:02:36.533   301   948 D AudioALSAHardware: -setParameters(): mediaserver_monitor=1 
06-14 15:02:36.534   301   948 D bt_audio_a2dp_hw: [A2DP_HW] [adev_set_parameters@1540] out is null , check in stream
06-14 15:02:36.534   301   948 I str_params: key: 'mediaserver_monitor' value: '1'
06-14 15:02:36.534   301   948 D usb_audio_hw: adev_set_parameters: kvpairs = mediaserver_monitor=1
06-14 15:02:36.534   874   708 D AudioSystem: -setParameters(): mediaserver_monitor=1 
06-14 15:02:36.535   301  6737 I AudioPolicyManager: setStreamVolumeIndex stream = 7 index = 15 device = 0x400
06-14 15:02:36.623   336   336 W ADB_SERVICES: create_local_service_socket() name=shell:cat /proc/32424/stat
06-14 15:02:36.623   336   336 W ADB_SERVICES: service_to_fd() name=shell:cat /proc/32424/stat
06-14 15:02:36.624   336   336 W ADB_SERVICES: read_meminfo() mem_free=335596
06-14 15:02:36.625   336   336 W ADB_SERVICES: create_subproc ret_fd=22 pid=709
06-14 15:02:36.625   336   336 W ADB_SERVICES: LS(30402): bound to 'shell:cat /proc/32424/stat' via 22
06-14 15:02:36.626   709   709 W ADB_SERVICES: adb: unable to update oom_score_adj
06-14 15:02:36.634   336   336 D ADB_SERVICES:  closing because is_eof=1 r=1 s->fde.force_eof=0
06-14 15:02:36.634   336   336 W ADB_SERVICES: entered. LS(30402) fd=22
06-14 15:02:36.634   336   336 W ADB_SERVICES: create_local_service_socket() name=shell:cat /proc/32424/stat
06-14 15:02:36.634   336   336 W ADB_SERVICES: service_to_fd() name=shell:cat /proc/32424/stat
06-14 15:02:36.635   336   336 W ADB_SERVICES: read_meminfo() mem_free=335332
06-14 15:02:36.636   336   336 W ADB_SERVICES: create_subproc ret_fd=22 pid=710
06-14 15:02:36.636   336   336 W ADB_SERVICES: LS(30403): bound to 'shell:cat /proc/32424/stat' via 22
06-14 15:02:36.637   710   710 W ADB_SERVICES: adb: unable to update oom_score_adj
06-14 15:02:36.644   336   336 D ADB_SERVICES:  closing because is_eof=1 r=1 s->fde.force_eof=0
06-14 15:02:36.644   336   336 W ADB_SERVICES: entered. LS(30403) fd=22
06-14 15:02:36.665   336   336 W ADB_SERVICES: create_local_service_socket() name=shell:cat /proc/stat
06-14 15:02:36.665   336   336 W ADB_SERVICES: service_to_fd() name=shell:cat /proc/stat
06-14 15:02:36.666   336   336 W ADB_SERVICES: read_meminfo() mem_free=335332
06-14 15:02:36.666   336   336 W ADB_SERVICES: create_subproc ret_fd=22 pid=711
06-14 15:02:36.666   336   336 W ADB_SERVICES: LS(30404): bound to 'shell:cat /proc/stat' via 22
06-14 15:02:36.666   711   711 W ADB_SERVICES: adb: unable to update oom_score_adj
06-14 15:02:36.672   336   336 D ADB_SERVICES:  closing because is_eof=1 r=1 s->fde.force_eof=0
06-14 15:02:36.672   336   336 W ADB_SERVICES: entered. LS(30404) fd=22
06-14 15:02:36.673   336   336 W ADB_SERVICES: create_local_service_socket() name=shell:cat /proc/stat
06-14 15:02:36.673   336   336 W ADB_SERVICES: service_to_fd() name=shell:cat /proc/stat
06-14 15:02:36.673   336   336 W ADB_SERVICES: read_meminfo() mem_free=335128
06-14 15:02:36.674   336   336 W ADB_SERVICES: create_subproc ret_fd=22 pid=712
06-14 15:02:36.674   336   336 W ADB_SERVICES: LS(30405): bound to 'shell:cat /proc/stat' via 22
06-14 15:02:36.674   712   712 W ADB_SERVICES: adb: unable to update oom_score_adj
06-14 15:02:36.679   336   336 D ADB_SERVICES:  closing because is_eof=1 r=1 s->fde.force_eof=0
06-14 15:02:36.679   336   336 W ADB_SERVICES: entered. LS(30405) fd=22
06-14 15:02:36.954   336   336 W ADB_SERVICES: create_local_service_socket() name=shell:cat /proc/net/xt_qtaguid/stats | grep 10069
06-14 15:02:36.954   336   336 W ADB_SERVICES: service_to_fd() name=shell:cat /proc/net/xt_qtaguid/stats | grep 10069
06-14 15:02:36.954   336   336 W ADB_SERVICES: read_meminfo() mem_free=334772
06-14 15:02:36.955   336   336 W ADB_SERVICES: create_subproc ret_fd=22 pid=713
06-14 15:02:36.955   336   336 W ADB_SERVICES: LS(30406): bound to 'shell:cat /proc/net/xt_qtaguid/stats | grep 10069' via 22
06-14 15:02:36.955   713   713 W ADB_SERVICES: adb: unable to update oom_score_adj
06-14 15:02:36.956   336   336 W ADB_SERVICES: create_local_service_socket() name=shell:cat /proc/net/xt_qtaguid/stats | grep 10069
06-14 15:02:36.956   336   336 W ADB_SERVICES: service_to_fd() name=shell:cat /proc/net/xt_qtaguid/stats | grep 10069
06-14 15:02:36.957   336   336 W ADB_SERVICES: read_meminfo() mem_free=334632
06-14 15:02:36.957   336   336 W ADB_SERVICES: create_subproc ret_fd=23 pid=715
06-14 15:02:36.957   336   336 W ADB_SERVICES: LS(30407): bound to 'shell:cat /proc/net/xt_qtaguid/stats | grep 10069' via 23
06-14 15:02:36.959   715   715 W ADB_SERVICES: adb: unable to update oom_score_adj
06-14 15:02:36.976   336   336 D ADB_SERVICES:  closing because is_eof=1 r=-1 s->fde.force_eof=0
06-14 15:02:36.976   336   336 W ADB_SERVICES: entered. LS(30406) fd=22
06-14 15:02:36.983   336   336 D ADB_SERVICES:  closing because is_eof=1 r=-1 s->fde.force_eof=0
06-14 15:02:36.983   336   336 W ADB_SERVICES: entered. LS(30407) fd=23
06-14 15:02:37.040 32424 32489 D BgTest  : bgCount 104
06-14 15:02:37.049 32424 32424 D BgTest  : uiCount 108  +3
06-14 15:02:37.141  3944   433 V MediaScanner: prescan<<< imageCount=340,videoCount=66, audioCount=7, lastId=478007,isEmpty=true
06-14 15:02:37.142  3944   433 V MediaScannerThreadPool: parseScanTask>>>
06-14 15:02:37.193   336   336 W ADB_SERVICES: create_local_service_socket() name=shell:cat /proc/32424/stat
06-14 15:02:37.193   336   336 W ADB_SERVICES: service_to_fd() name=shell:cat /proc/32424/stat
06-14 15:02:37.194   336   336 W ADB_SERVICES: read_meminfo() mem_free=333800
06-14 15:02:37.194   336   336 W ADB_SERVICES: create_subproc ret_fd=22 pid=720
06-14 15:02:37.194   336   336 W ADB_SERVICES: LS(30408): bound to 'shell:cat /proc/32424/stat' via 22
06-14 15:02:37.195   720   720 W ADB_SERVICES: adb: unable to update oom_score_adj
06-14 15:02:37.200   336   336 D ADB_SERVICES:  closing because is_eof=1 r=-1 s->fde.force_eof=0
06-14 15:02:37.200   336   336 W ADB_SERVICES: entered. LS(30408) fd=22
06-14 15:02:37.207   336   336 W ADB_SERVICES: create_local_service_socket() name=shell:cat /proc/32424/stat
06-14 15:02:37.207   336   336 W ADB_SERVICES: service_to_fd() name=shell:cat /proc/32424/stat
06-14 15:02:37.207   336   336 W ADB_SERVICES: read_meminfo() mem_free=333536
06-14 15:02:37.208   336   336 W ADB_SERVICES: create_subproc ret_fd=22 pid=721
06-14 15:02:37.208   336   336 W ADB_SERVICES: LS(30409): bound to 'shell:cat /proc/32424/stat' via 22
06-14 15:02:37.208   721   721 W ADB_SERVICES: adb: unable to update oom_score_adj
06-14 15:02:37.213   336   336 D ADB_SERVICES:  closing because is_eof=1 r=1 s->fde.force_eof=0
06-14 15:02:37.213   336   336 W ADB_SERVICES: entered. LS(30409) fd=22
06-14 15:02:37.234   336   336 W ADB_SERVICES: create_local_service_socket() name=shell:cat /proc/stat
06-14 15:02:37.234   336   336 W ADB_SERVICES: service_to_fd() name=shell:cat /proc/stat
06-14 15:02:37.235   336   336 W ADB_SERVICES: read_meminfo() mem_free=333976
06-14 15:02:37.235   336   336 W ADB_SERVICES: create_subproc ret_fd=22 pid=722
06-14 15:02:37.235   336   336 W ADB_SERVICES: LS(30410): bound to 'shell:cat /proc/stat' via 22
06-14 15:02:37.236   722   722 W ADB_SERVICES: adb: unable to update oom_score_adj
06-14 15:02:37.242   336   336 D ADB_SERVICES:  closing because is_eof=1 r=1 s->fde.force_eof=0
06-14 15:02:37.242   336   336 W ADB_SERVICES: entered. LS(30410) fd=22
06-14 15:02:37.247   336   336 W ADB_SERVICES: create_local_service_socket() name=shell:cat /proc/stat
06-14 15:02:37.247   336   336 W ADB_SERVICES: service_to_fd() name=shell:cat /proc/stat
06-14 15:02:37.248   336   336 W ADB_SERVICES: read_meminfo() mem_free=333836
06-14 15:02:37.248   336   336 W ADB_SERVICES: create_subproc ret_fd=22 pid=723
06-14 15:02:37.248   336   336 W ADB_SERVICES: LS(30411): bound to 'shell:cat /proc/stat' via 22
06-14 15:02:37.249   723   723 W ADB_SERVICES: adb: unable to update oom_score_adj
06-14 15:02:37.255   336   336 D ADB_SERVICES:  closing because is_eof=1 r=1 s->fde.force_eof=0
06-14 15:02:37.255   336   336 W ADB_SERVICES: entered. LS(30411) fd=22
06-14 15:02:37.317  3944   724 V MediaScannerThreadPool: parse finsih in Scan-thread#1: folder = /storage/emulated/0/简笔画, cost = 0ms
06-14 15:02:37.318  3944   724 V MediaScannerThreadPool: parse finsih in Scan-thread#1: folder = /storage/emulated/0/storage, cost = 0ms
06-14 15:02:37.319  3944   724 V MediaScannerThreadPool: parse finsih in Scan-thread#1: folder = /storage/emulated/0/.com.oupeng.browser,com.oupeng.mini.android,com.oupeng.browser.beta,com.oupeng.mini.android.beta, cost = 1ms
06-14 15:02:37.319  3944   724 V MediaScannerThreadPool: parse finsih in Scan-thread#1: folder = /storage/emulated/0/com.nd.app.factory.imapp0, cost = 0ms
06-14 15:02:37.319  3944   724 V MediaScannerThreadPool: parse finsih in Scan-thread#1: folder = /storage/emulated/0/autonavi, cost = 0ms
06-14 15:02:37.321  3944   724 V MediaScannerThreadPool: parse finsih in Scan-thread#1: folder = /storage/emulated/0/DuoDuoHouse, cost = 2ms
06-14 15:02:37.321  3944   724 V MediaScannerThreadPool: parse finsih in Scan-thread#1: folder = /storage/emulated/0/null, cost = 0ms
06-14 15:02:37.322  3944   724 V MediaScannerThreadPool: parse finsih in Scan-thread#1: folder = /storage/emulated/0/letvsdk, cost = 0ms
06-14 15:02:37.323  3944   724 V MediaScannerThreadPool: parse finsih in Scan-thread#1: folder = /storage/emulated/0/.vbyte, cost = 0ms
06-14 15:02:37.323  3944   724 V MediaScannerThreadPool: parse finsih in Scan-thread#1: folder = /storage/emulated/0/amaplocationapi, cost = 0ms
06-14 15:02:37.323  3944   724 V MediaScannerThreadPool: parse finsih in Scan-thread#1: folder = /storage/emulated/0/yerp_cs, cost = 0ms
06-14 15:02:37.324  3944   724 V MediaScannerThreadPool: parse finsih in Scan-thread#1: folder = /storage/emulated/0/Customize, cost = 0ms
06-14 15:02:37.324  3944   724 V MediaScannerThreadPool: parse finsih in Scan-thread#1: folder = /storage/emulated/0/adsdk, cost = 0ms
06-14 15:02:37.325  3944   724 V MediaScannerThreadPool: parse finsih in Scan-thread#1: folder = /storage/emulated/0/setup, cost = 0ms
06-14 15:02:37.325  3944   724 V MediaScannerThreadPool: parse finsih in Scan-thread#1: folder = /storage/emulated/0/.SohuPluginCache, cost = 0ms
06-14 15:02:37.326  3944   724 V MediaScannerThreadPool: parse finsih in Scan-thread#1: folder = /storage/emulated/0/.flymeSafeBox, cost = 0ms
06-14 15:02:37.327  3944   724 V MediaScannerThreadPool: parse finsih in Scan-thread#1: folder = /storage/emulated/0/1, cost = 1ms
06-14 15:02:37.327  3944   726 V MediaScannerThreadPool: parse finsih in Scan-thread#3: folder = /storage/emulated/0/Android, cost = 0ms
06-14 15:02:37.328  3944   726 V MediaScannerThreadPool: parse finsih in Scan-thread#3: folder = /storage/emulated/0/.UTSystemConfig, cost = 0ms
06-14 15:02:37.328  3944   724 V MediaScannerThreadPool: parse finsih in Scan-thread#1: folder = /storage/emulated/0/netease, cost = 0ms
06-14 15:02:37.329  3944   724 V MediaScannerThreadPool: parse finsih in Scan-thread#1: folder = /storage/emulated/0/mfcache, cost = 0ms
06-14 15:02:37.330  3944   726 V MediaScannerThreadPool: parse finsih in Scan-thread#3: folder = /storage/emulated/0/.DataStorage, cost = 2ms
06-14 15:02:37.331  3944   724 V MediaScannerThreadPool: parse finsih in Scan-thread#1: folder = /storage/emulated/0/Music, cost = 0ms
06-14 15:02:37.331  3944   726 V MediaScannerThreadPool: parse finsih in Scan-thread#3: folder = /storage/emulated/0/.jgads, cost = 0ms
06-14 15:02:37.331  3944   726 V MediaScannerThreadPool: parse finsih in Scan-thread#3: folder = /storage/emulated/0/msc, cost = 0ms
06-14 15:02:37.332  3944   726 V MediaScannerThreadPool: parse finsih in Scan-thread#3: folder = /storage/emulated/0/PowerDump, cost = 0ms
06-14 15:02:37.332  3944   726 V MediaScannerThreadPool: parse finsih in Scan-thread#3: folder = /storage/emulated/0/FlymeTelecom, cost = 0ms
06-14 15:02:37.332  3944   724 V MediaScannerThreadPool: parse finsih in Scan-thread#1: folder = /storage/emulated/0/Download, cost = 0ms
06-14 15:02:37.333  3944   726 V MediaScannerThreadPool: parse finsih in Scan-thread#3: folder = /storage/emulated/0/.tbs, cost = 0ms
06-14 15:02:37.334  3944   726 V MediaScannerThreadPool: parse finsih in Scan-thread#3: folder = /storage/emulated/0/.mm1, cost = 0ms
06-14 15:02:37.334  3944   726 V MediaScannerThreadPool: parse finsih in Scan-thread#3: folder = /storage/emulated/0/360, cost = 0ms
06-14 15:02:37.335  3944   726 V MediaScannerThreadPool: parse finsih in Scan-thread#3: folder = /storage/emulated/0/udesksdk, cost = 1ms
06-14 15:02:37.335  3944   726 V MediaScannerThreadPool: parse finsih in Scan-thread#3: folder = /storage/emulated/0/libs, cost = 0ms
06-14 15:02:37.336  3944   726 V MediaScannerThreadPool: parse finsih in Scan-thread#3: folder = /storage/emulated/0/chouti, cost = 0ms
06-14 15:02:37.336  3944   726 V MediaScannerThreadPool: parse finsih in Scan-thread#3: folder = /storage/emulated/0/.thumbnails, cost = 0ms
06-14 15:02:37.337  3944   724 V MediaScannerThreadPool: parse finsih in Scan-thread#1: folder = /storage/emulated/0/amap, cost = 1ms
06-14 15:02:37.337  3944   726 V MediaScannerThreadPool: parse finsih in Scan-thread#3: folder = /storage/emulated/0/backups, cost = 0ms
06-14 15:02:37.338  3944   724 V MediaScannerThreadPool: parse finsih in Scan-thread#1: folder = /storage/emulated/0/.com.taobao.dp, cost = 0ms
06-14 15:02:37.338  3944   726 V MediaScannerThreadPool: parse finsih in Scan-thread#3: folder = /storage/emulated/0/DCIM, cost = 0ms
06-14 15:02:37.339  3944   726 V MediaScannerThreadPool: parse finsih in Scan-thread#3: folder = /storage/emulated/0/niVoVin, cost = 0ms
06-14 15:02:37.340  3944   724 V MediaScannerThreadPool: parse finsih in Scan-thread#1: folder = /storage/emulated/0/.SystemConfig, cost = 1ms
06-14 15:02:37.340  3944   726 V MediaScannerThreadPool: parse finsih in Scan-thread#3: folder = /storage/emulated/0/PlugIReader, cost = 0ms
06-14 15:02:37.340  3944   724 V MediaScannerThreadPool: parse finsih in Scan-thread#1: folder = /storage/emulated/0/baidu, cost = 0ms
06-14 15:02:37.341  3944   724 V MediaScannerThreadPool: parse finsih in Scan-thread#1: folder = /storage/emulated/0/emlibs, cost = 0ms
06-14 15:02:37.342  3944   724 V MediaScannerThreadPool: parse finsih in Scan-thread#1: folder = /storage/emulated/0/com.duoduo.child.story, cost = 0ms
06-14 15:02:37.342  3944   724 V MediaScannerThreadPool: parse finsih in Scan-thread#1: folder = /storage/emulated/0/Pictures, cost = 0ms
06-14 15:02:37.342  3944   726 V MediaScannerThreadPool: parse finsih in Scan-thread#3: folder = /storage/emulated/0/UxinSDK, cost = 0ms
06-14 15:02:37.343  3944   724 V MediaScannerThreadPool: parse finsih in Scan-thread#1: folder = /storage/emulated/0/sitemp, cost = 0ms
06-14 15:02:37.343  3944   726 V MediaScannerThreadPool: parse finsih in Scan-thread#3: folder = /storage/emulated/0/Fonts, cost = 0ms
06-14 15:02:37.344  3944   726 V MediaScannerThreadPool: parse finsih in Scan-thread#3: folder = /storage/emulated/0/Recorder, cost = 0ms
06-14 15:02:37.344  3944   724 V MediaScannerThreadPool: parse finsih in Scan-thread#1: folder = /storage/emulated/0/meizunetsearch, cost = 0ms
06-14 15:02:37.344  3944   724 V MediaScannerThreadPool: parse finsih in Scan-thread#1: folder = /storage/emulated/0/.transportext, cost = 0ms
06-14 15:02:37.344  3944   726 V MediaScannerThreadPool: parse finsih in Scan-thread#3: folder = /storage/emulated/0/.com.android.browser, cost = 0ms
06-14 15:02:37.345  3944   726 V MediaScannerThreadPool: parse finsih in Scan-thread#3: folder = /storage/emulated/0/.im, cost = 0ms
06-14 15:02:37.345  3944   724 V MediaScannerThreadPool: parse finsih in Scan-thread#1: folder = /storage/emulated/0/netease_pushservice, cost = 1ms
06-14 15:02:37.346  3944   726 V MediaScannerThreadPool: parse finsih in Scan-thread#3: folder = /storage/emulated/0/.@meizu_protbox@, cost = 0ms
06-14 15:02:37.346  3944   726 V MediaScannerThreadPool: parse finsih in Scan-thread#3: folder = /storage/emulated/0/apsamapapi, cost = 0ms
06-14 15:02:37.346  3944   726 V MediaScannerThreadPool: parse finsih in Scan-thread#3: folder = /storage/emulated/0/system, cost = 0ms
06-14 15:02:37.347  3944   726 V MediaScannerThreadPool: parse finsih in Scan-thread#3: folder = /storage/emulated/0/VideoCache, cost = 0ms
06-14 15:02:37.347  3944   726 V MediaScannerThreadPool: parse finsih in Scan-thread#3: folder = /storage/emulated/0/backup, cost = 0ms
06-14 15:02:37.347  3944   724 V MediaScannerThreadPool: parse finsih in Scan-thread#1: folder = /storage/emulated/0/Sdk, cost = 1ms
06-14 15:02:37.347  3944   726 V MediaScannerThreadPool: parse finsih in Scan-thread#3: folder = /storage/emulated/0/tbs, cost = 0ms
06-14 15:02:37.347  3944   726 V MediaScannerThreadPool: parse finsih in Scan-thread#3: folder = /storage/emulated/0/OpenMaster, cost = 0ms
06-14 15:02:37.348  3944   726 V MediaScannerThreadPool: parse finsih in Scan-thread#3: folder = /storage/emulated/0/at, cost = 0ms
06-14 15:02:37.348  3944   726 V MediaScannerThreadPool: parse finsih in Scan-thread#3: folder = /storage/emulated/0/.sfp, cost = 0ms
06-14 15:02:37.349  3944   726 V MediaScannerThreadPool: parse finsih in Scan-thread#3: folder = /storage/emulated/0/cmb, cost = 1ms
06-14 15:02:37.349  3944   726 V MediaScannerThreadPool: parse finsih in Scan-thread#3: folder = /storage/emulated/0/BaiduNaviSDK, cost = 0ms
06-14 15:02:37.350  3944   724 V MediaScannerThreadPool: parse finsih in Scan-thread#1: folder = /storage/emulated/0/com.meizu.gslb, cost = 0ms
06-14 15:02:37.350  3944   726 V MediaScannerThreadPool: parse finsih in Scan-thread#3: folder = /storage/emulated/0/cmb.pb, cost = 0ms
06-14 15:02:37.350  3944   726 V MediaScannerThreadPool: parse finsih in Scan-thread#3: folder = /storage/emulated/0/moji, cost = 0ms
06-14 15:02:37.351  3944   726 V MediaScannerThreadPool: parse finsih in Scan-thread#3: folder = /storage/emulated/0/.cloud_office, cost = 0ms
06-14 15:02:37.351  3944   726 V MediaScannerThreadPool: parse finsih in Scan-thread#3: folder = /storage/emulated/0/data, cost = 0ms
06-14 15:02:37.351  3944   724 V MediaScannerThreadPool: parse finsih in Scan-thread#1: folder = /storage/emulated/0/.Android, cost = 1ms
06-14 15:02:37.352  3944   726 V MediaScannerThreadPool: parse finsih in Scan-thread#3: folder = /storage/emulated/0/hce_minidmp, cost = 1ms
06-14 15:02:37.352  3944   726 V MediaScannerThreadPool: parse finsih in Scan-thread#3: folder = /storage/emulated/0/youku, cost = 0ms
06-14 15:02:37.353  3944   724 V MediaScannerThreadPool: scan  start in Scan-thread#1: size = 20, priority = 2147482647(singlefile_/storage/emulated/0/test.log, /storage/emulated/0/YSDQ_LOG.txt, /storage/emulated/0/.qm_guid, /storage/emulated/0/kr-stock-conf, /storage/emulated/0/.fraudmetrixid, /storage/emulated/0/.td-3, /storage/emulated/0/.userReturn, /storage/emulated/0/.tcookieid, /storage/emulated/0/wiki.amr, /storage/emulated/0/.lut, /storage/emulated/0/DidiUuid, /storage/emulated/0/.aio.dat, /storage/emulated/0/dmtrace.trace, /storage/emulated/0/._driver.dat, /storage/emulated/0/._system.dat, /storage/emulated/0/jiyu_debug.acc, /storage/emulated/0/com.eln.base_0.log.lck, /storage/emulated/0/._android.dat, /storage/emulated/0/.a8a3_1944_91d5_aa08_18b0, /storage/emulated/0/configmanager.json
06-14 15:02:37.353  3944   724 V MediaScanner: setDefaultRingtoneFileNames: ringtone=03_Flyme.ogg,notification=02_Reminder.ogg,alarm=19_Waltz.ogg,mms=01_Triumph.ogg,mail=02_Reminder.ogg,Canlendar=03_Doorbell.ogg
06-14 15:02:37.355  3944   725 V MediaScannerThreadPool: parse finsih in Scan-thread#2: folder = /storage/emulated/0/tencent, cost = 35ms
06-14 15:02:37.356  3944   433 V MediaScannerThreadPool: parseScanTask<<< cost 214ms
06-14 15:02:37.356  3944   433 V MediaScannerService: scanWithThreadPool finished execute all task!
06-14 15:02:37.356  3944   433 V MediaScannerService: handleMessage: what = 11, startId = 2, arguments = Bundle[{filepath=/storage/sdcard1}]
06-14 15:02:37.357  3944   433 D MediaScannerService: scan>>>: volumeName = external, directories = [/storage/sdcard1]
06-14 15:02:37.359   874  1592 V ActivityManager: Broadcast: Intent { act=android.intent.action.MEDIA_SCANNER_STARTED dat=file:///storage/sdcard1 flg=0x10 } ordered=false userid=0 callerApp=ProcessRecord{3ff4efa 3944:android.process.media/u0a9}
06-14 15:02:37.371  3944   433 V MediaProvider: attachVolume>>> volume=external
06-14 15:02:37.372  3944   433 V MediaProvider: attachVolume<<< Already attached external.db
06-14 15:02:37.373  3944   433 V MediaScanner: setDefaultRingtoneFileNames: ringtone=03_Flyme.ogg,notification=02_Reminder.ogg,alarm=19_Waltz.ogg,mms=01_Triumph.ogg,mail=02_Reminder.ogg,Canlendar=03_Doorbell.ogg
06-14 15:02:37.375  3944   433 V MediaScanner: prescan>>> filePath=null,prescanFiles=true
06-14 15:02:37.438  3944   724 V MediaScannerThreadPool: scan finsih in Scan-thread#1: size = 20, priority = 2147482647, cost = 84ms (/storage/emulated/0/test.log, /storage/emulated/0/YSDQ_LOG.txt, /storage/emulated/0/.qm_guid, /storage/emulated/0/kr-stock-conf, /storage/emulated/0/.fraudmetrixid, /storage/emulated/0/.td-3, /storage/emulated/0/.userReturn, /storage/emulated/0/.tcookieid, /storage/emulated/0/wiki.amr, /storage/emulated/0/.lut, /storage/emulated/0/DidiUuid, /storage/emulated/0/.aio.dat, /storage/emulated/0/dmtrace.trace, /storage/emulated/0/._driver.dat, /storage/emulated/0/._system.dat, /storage/emulated/0/jiyu_debug.acc, /storage/emulated/0/com.eln.base_0.log.lck, /storage/emulated/0/._android.dat, /storage/emulated/0/.a8a3_1944_91d5_aa08_18b0, /storage/emulated/0/configmanager.json)
06-14 15:02:37.496   336   336 W ADB_SERVICES: create_local_service_socket() name=shell:cat /proc/net/xt_qtaguid/stats | grep 10069
06-14 15:02:37.496   336   336 W ADB_SERVICES: service_to_fd() name=shell:cat /proc/net/xt_qtaguid/stats | grep 10069
06-14 15:02:37.497   336   336 W ADB_SERVICES: read_meminfo() mem_free=337768
06-14 15:02:37.497   336   336 W ADB_SERVICES: create_subproc ret_fd=22 pid=727
06-14 15:02:37.497   336   336 W ADB_SERVICES: LS(30412): bound to 'shell:cat /proc/net/xt_qtaguid/stats | grep 10069' via 22
06-14 15:02:37.499   727   727 W ADB_SERVICES: adb: unable to update oom_score_adj
06-14 15:02:37.499   336   336 W ADB_SERVICES: create_local_service_socket() name=shell:cat /proc/net/xt_qtaguid/stats | grep 10069
06-14 15:02:37.499   336   336 W ADB_SERVICES: service_to_fd() name=shell:cat /proc/net/xt_qtaguid/stats | grep 10069
06-14 15:02:37.499   336   336 W ADB_SERVICES: read_meminfo() mem_free=337580
06-14 15:02:37.500   336   336 W ADB_SERVICES: create_subproc ret_fd=23 pid=728
06-14 15:02:37.500   336   336 W ADB_SERVICES: LS(30413): bound to 'shell:cat /proc/net/xt_qtaguid/stats | grep 10069' via 23
06-14 15:02:37.500   728   728 W ADB_SERVICES: adb: unable to update oom_score_adj
06-14 15:02:37.514   336   336 D ADB_SERVICES:  closing because is_eof=1 r=-1 s->fde.force_eof=0
06-14 15:02:37.514   336   336 W ADB_SERVICES: entered. LS(30413) fd=23
06-14 15:02:37.519   336   336 D ADB_SERVICES:  closing because is_eof=1 r=-1 s->fde.force_eof=0
06-14 15:02:37.519   336   336 W ADB_SERVICES: entered. LS(30412) fd=22
06-14 15:02:37.739   874  1891 I art     : Explicit concurrent mark sweep GC freed 11347(585KB) AllocSpace objects, 12(464KB) LOS objects, 9% free, 36MB/40MB, paused 2.567ms total 134.047ms
06-14 15:02:37.777   336   336 W ADB_SERVICES: create_local_service_socket() name=shell:cat /proc/32424/stat
06-14 15:02:37.777   336   336 W ADB_SERVICES: service_to_fd() name=shell:cat /proc/32424/stat
06-14 15:02:37.777   336   336 W ADB_SERVICES: read_meminfo() mem_free=335464
06-14 15:02:37.778   336   336 W ADB_SERVICES: create_subproc ret_fd=22 pid=734
06-14 15:02:37.778   336   336 W ADB_SERVICES: LS(30414): bound to 'shell:cat /proc/32424/stat' via 22
06-14 15:02:37.778   734   734 W ADB_SERVICES: adb: unable to update oom_score_adj
06-14 15:02:37.783   336   336 D ADB_SERVICES:  closing because is_eof=1 r=1 s->fde.force_eof=0
06-14 15:02:37.783   336   336 W ADB_SERVICES: entered. LS(30414) fd=22
06-14 15:02:37.795   336   336 W ADB_SERVICES: create_local_service_socket() name=shell:cat /proc/32424/stat
06-14 15:02:37.795   336   336 W ADB_SERVICES: service_to_fd() name=shell:cat /proc/32424/stat
06-14 15:02:37.795   336   336 W ADB_SERVICES: read_meminfo() mem_free=335216
06-14 15:02:37.796   336   336 W ADB_SERVICES: create_subproc ret_fd=22 pid=735
06-14 15:02:37.796   336   336 W ADB_SERVICES: LS(30415): bound to 'shell:cat /proc/32424/stat' via 22
06-14 15:02:37.796   735   735 W ADB_SERVICES: adb: unable to update oom_score_adj
06-14 15:02:37.802   336   336 D ADB_SERVICES:  closing because is_eof=1 r=-1 s->fde.force_eof=0
06-14 15:02:37.802   336   336 W ADB_SERVICES: entered. LS(30415) fd=22
06-14 15:02:37.814   336   336 W ADB_SERVICES: create_local_service_socket() name=shell:cat /proc/stat
06-14 15:02:37.814   336   336 W ADB_SERVICES: service_to_fd() name=shell:cat /proc/stat
06-14 15:02:37.814   336   336 W ADB_SERVICES: read_meminfo() mem_free=335200
06-14 15:02:37.815   336   336 W ADB_SERVICES: create_subproc ret_fd=22 pid=736
06-14 15:02:37.815   336   336 W ADB_SERVICES: LS(30416): bound to 'shell:cat /proc/stat' via 22
06-14 15:02:37.815   736   736 W ADB_SERVICES: adb: unable to update oom_score_adj
06-14 15:02:37.821   336   336 D ADB_SERVICES:  closing because is_eof=1 r=1 s->fde.force_eof=0
06-14 15:02:37.821   336   336 W ADB_SERVICES: entered. LS(30416) fd=22
06-14 15:02:37.836   336   336 W ADB_SERVICES: create_local_service_socket() name=shell:cat /proc/stat
06-14 15:02:37.836   336   336 W ADB_SERVICES: service_to_fd() name=shell:cat /proc/stat
06-14 15:02:37.836   336   336 W ADB_SERVICES: read_meminfo() mem_free=335380
06-14 15:02:37.837   336   336 W ADB_SERVICES: create_subproc ret_fd=22 pid=737
06-14 15:02:37.837   336   336 W ADB_SERVICES: LS(30417): bound to 'shell:cat /proc/stat' via 22
06-14 15:02:37.837   737   737 W ADB_SERVICES: adb: unable to update oom_score_adj
06-14 15:02:37.843   336   336 D ADB_SERVICES:  closing because is_eof=1 r=1 s->fde.force_eof=0
06-14 15:02:37.843   336   336 W ADB_SERVICES: entered. LS(30417) fd=22
06-14 15:02:38.043   336   336 W ADB_SERVICES: create_local_service_socket() name=shell:cat /proc/net/xt_qtaguid/stats | grep 10069
06-14 15:02:38.043   336   336 W ADB_SERVICES: service_to_fd() name=shell:cat /proc/net/xt_qtaguid/stats | grep 10069
06-14 15:02:38.044   336   336 W ADB_SERVICES: read_meminfo() mem_free=332248
06-14 15:02:38.044   336   336 W ADB_SERVICES: create_subproc ret_fd=22 pid=738
06-14 15:02:38.044   336   336 W ADB_SERVICES: LS(30418): bound to 'shell:cat /proc/net/xt_qtaguid/stats | grep 10069' via 22
06-14 15:02:38.044   738   738 W ADB_SERVICES: adb: unable to update oom_score_adj
06-14 15:02:38.045   336   336 W ADB_SERVICES: create_local_service_socket() name=shell:cat /proc/net/xt_qtaguid/stats | grep 10069
06-14 15:02:38.045   336   336 W ADB_SERVICES: service_to_fd() name=shell:cat /proc/net/xt_qtaguid/stats | grep 10069
06-14 15:02:38.045   336   336 W ADB_SERVICES: read_meminfo() mem_free=332108
06-14 15:02:38.045   336   336 W ADB_SERVICES: create_subproc ret_fd=23 pid=739
06-14 15:02:38.045   336   336 W ADB_SERVICES: LS(30419): bound to 'shell:cat /proc/net/xt_qtaguid/stats | grep 10069' via 23
06-14 15:02:38.045   739   739 W ADB_SERVICES: adb: unable to update oom_score_adj
06-14 15:02:38.050 32424 32424 D BgTest  : uiCount 109  +4
06-14 15:02:38.059   336   336 D ADB_SERVICES:  closing because is_eof=1 r=-1 s->fde.force_eof=0
06-14 15:02:38.059   336   336 W ADB_SERVICES: entered. LS(30418) fd=22
06-14 15:02:38.059   336   336 D ADB_SERVICES:  closing because is_eof=1 r=-1 s->fde.force_eof=0
06-14 15:02:38.059   336   336 W ADB_SERVICES: entered. LS(30419) fd=23
06-14 15:02:38.080 32424 32489 D BgTest  : bgCount 105
06-14 15:02:38.216   874  1592 I art     : Explicit concurrent mark sweep GC freed 2712(95KB) AllocSpace objects, 3(100KB) LOS objects, 9% free, 36MB/40MB, paused 2.685ms total 139.953ms
06-14 15:02:38.362   336   336 W ADB_SERVICES: create_local_service_socket() name=shell:cat /proc/32424/stat
06-14 15:02:38.362   336   336 W ADB_SERVICES: service_to_fd() name=shell:cat /proc/32424/stat
06-14 15:02:38.362   336   336 W ADB_SERVICES: read_meminfo() mem_free=331568
06-14 15:02:38.363   336   336 W ADB_SERVICES: create_subproc ret_fd=22 pid=744
06-14 15:02:38.363   336   336 W ADB_SERVICES: LS(30420): bound to 'shell:cat /proc/32424/stat' via 22
06-14 15:02:38.363   744   744 W ADB_SERVICES: adb: unable to update oom_score_adj
06-14 15:02:38.369   336   336 D ADB_SERVICES:  closing because is_eof=1 r=-1 s->fde.force_eof=0
06-14 15:02:38.369   336   336 W ADB_SERVICES: entered. LS(30420) fd=22
06-14 15:02:38.373   336   336 W ADB_SERVICES: create_local_service_socket() name=shell:cat /proc/32424/stat
06-14 15:02:38.373   336   336 W ADB_SERVICES: service_to_fd() name=shell:cat /proc/32424/stat
06-14 15:02:38.374   336   336 W ADB_SERVICES: read_meminfo() mem_free=331568
06-14 15:02:38.374   336   336 W ADB_SERVICES: create_subproc ret_fd=22 pid=745
06-14 15:02:38.374   336   336 W ADB_SERVICES: LS(30421): bound to 'shell:cat /proc/32424/stat' via 22
06-14 15:02:38.375   745   745 W ADB_SERVICES: adb: unable to update oom_score_adj
06-14 15:02:38.380   336   336 D ADB_SERVICES:  closing because is_eof=1 r=1 s->fde.force_eof=0
06-14 15:02:38.380   336   336 W ADB_SERVICES: entered. LS(30421) fd=22
06-14 15:02:38.402   336   336 W ADB_SERVICES: create_local_service_socket() name=shell:cat /proc/stat
06-14 15:02:38.402   336   336 W ADB_SERVICES: service_to_fd() name=shell:cat /proc/stat
06-14 15:02:38.403   336   336 W ADB_SERVICES: read_meminfo() mem_free=331304
06-14 15:02:38.403   336   336 W ADB_SERVICES: create_subproc ret_fd=22 pid=746
06-14 15:02:38.403   336   336 W ADB_SERVICES: LS(30422): bound to 'shell:cat /proc/stat' via 22
06-14 15:02:38.403   746   746 W ADB_SERVICES: adb: unable to update oom_score_adj
06-14 15:02:38.409   336   336 D ADB_SERVICES:  closing because is_eof=1 r=1 s->fde.force_eof=0
06-14 15:02:38.409   336   336 W ADB_SERVICES: entered. LS(30422) fd=22
06-14 15:02:38.414   336   336 W ADB_SERVICES: create_local_service_socket() name=shell:cat /proc/stat
06-14 15:02:38.414   336   336 W ADB_SERVICES: service_to_fd() name=shell:cat /proc/stat
06-14 15:02:38.414   336   336 W ADB_SERVICES: read_meminfo() mem_free=330852
06-14 15:02:38.415   336   336 W ADB_SERVICES: create_subproc ret_fd=22 pid=747
06-14 15:02:38.415   336   336 W ADB_SERVICES: LS(30423): bound to 'shell:cat /proc/stat' via 22
06-14 15:02:38.415   747   747 W ADB_SERVICES: adb: unable to update oom_score_adj
06-14 15:02:38.421   336   336 D ADB_SERVICES:  closing because is_eof=1 r=1 s->fde.force_eof=0
06-14 15:02:38.421   336   336 W ADB_SERVICES: entered. LS(30423) fd=22
06-14 15:02:38.509   874   968 D WifiHW  : enter -->wifi_send_command cmd=IFNAME=wlan0 SCAN TYPE=ONLY
06-14 15:02:38.510  1428  1428 D wpa_supplicant: wlan0: Control interface command 'SCAN TYPE=ONLY'
06-14 15:02:38.510  1428  1428 D wpa_supplicant: wlan0: Setting scan request: 0.000000 sec
06-14 15:02:38.510  1428  1428 D wpa_supplicant: wlan0: Starting AP scan for wildcard SSID
06-14 15:02:38.510  1428  1428 D wpa_supplicant: WPS: Building WPS IE for Probe Request
06-14 15:02:38.510  1428  1428 D wpa_supplicant: WPS:  * Version (hardcoded 0x10)
06-14 15:02:38.510  1428  1428 D wpa_supplicant: WPS:  * Request Type
06-14 15:02:38.510  1428  1428 D wpa_supplicant: WPS:  * Config Methods (4288)
06-14 15:02:38.510  1428  1428 D wpa_supplicant: WPS:  * UUID-E
06-14 15:02:38.510  1428  1428 D wpa_supplicant: WPS:  * Primary Device Type
06-14 15:02:38.510  1428  1428 D wpa_supplicant: WPS:  * RF Bands (3)
06-14 15:02:38.510  1428  1428 D wpa_supplicant: WPS:  * Association State
06-14 15:02:38.510  1428  1428 D wpa_supplicant: WPS:  * Configuration Error (0)
06-14 15:02:38.510  1428  1428 D wpa_supplicant: WPS:  * Device Password ID (0)
06-14 15:02:38.510  1428  1428 D wpa_supplicant: WPS:  * Manufacturer
06-14 15:02:38.510  1428  1428 D wpa_supplicant: WPS:  * Model Name
06-14 15:02:38.510  1428  1428 D wpa_supplicant: WPS:  * Model Number
06-14 15:02:38.510  1428  1428 D wpa_supplicant: WPS:  * Device Name
06-14 15:02:38.510  1428  1428 D wpa_supplicant: WPS:  * Version2 (0x20)
06-14 15:02:38.510  1428  1428 D wpa_supplicant: P2P: * P2P IE header
06-14 15:02:38.510  1428  1428 D wpa_supplicant: P2P: * Capability dev=25 group=00
06-14 15:02:38.510  1428  1428 D wpa_supplicant: P2P: * Listen Channel: Regulatory Class 81 Channel 11
06-14 15:02:38.510  1428  1428 D wpa_supplicant: wlan0: Add radio work 'scan'@0x7f8e01c380
06-14 15:02:38.510  1428  1428 D wpa_supplicant: wlan0: First radio work item in the queue - schedule start immediately
06-14 15:02:38.510  1428  1428 D wpa_supplicant: wlan0: Starting radio work 'scan'@0x7f8e01c380 after 0.000054 second wait
06-14 15:02:38.510  1428  1428 D wpa_supplicant: wlan0: nl80211: scan request
06-14 15:02:38.510  1428  1428 D wpa_supplicant: nl80211: Scan SSID - hexdump(len=0): [NULL]
06-14 15:02:38.510  1428  1428 D wpa_supplicant: nl80211: Scan extra IEs - hexdump(len=147): dd 7e 00 50 f2 04 10 4a 00 01 10 10 3a 00 01 00 10 08 00 02 42 88 10 47 00 10 cf b4 8b c6 93 4e 53 18 8b 9d 93 6f 14 84 63 c0 10 54 00 08 00 0a 00 50 f2 04 00 05 10 3c 00 01 03 10 02 00 02 00 00 10 09 00 02 00 00 10 12 00 02 00 00 10 21 00 05 4d 65 69 7a 75 10 23 00 07 6d 32 20 6e 6f 74 65 10 24 00 07 6d 32 20 6e 6f 74 65 10 11 00 06 6d 32 6e 6f 74 65 10 49 00 06 00 37 2a 00 01 20 dd 11 50 6f 9a 09 02 02 00 25 00 06 05 00 43 4e 04 51 0b
06-14 15:02:38.511   874   968 D WifiHW  : leave --> reply=OK
06-14 15:02:38.511   874   968 D WifiHW  : 
06-14 15:02:38.512  1428  1428 D wpa_supplicant: Scan requested (ret=0) - scan timeout 30 seconds
06-14 15:02:38.512  1428  1428 D wpa_supplicant: nl80211: Event message available
06-14 15:02:38.512  1428  1428 D wpa_supplicant: nl80211: Drv Event 33 (NL80211_CMD_TRIGGER_SCAN) received for wlan0
06-14 15:02:38.512  1428  1428 D wpa_supplicant: wlan0: nl80211: Scan trigger
06-14 15:02:38.512  1428  1428 D wpa_supplicant: wlan0: Event SCAN_STARTED (49) received
06-14 15:02:38.512  1428  1428 D wpa_supplicant: wlan0: Own scan request started a scan in 0.000150 seconds
06-14 15:02:38.512  1428  1428 D wpa_supplicant: CTRL_IFACE monitor sent successfully to /data/misc/wifi/sockets/wpa_ctrl_874-2\x00
06-14 15:02:38.513   874  1961 D WifiHW  : [1] get event: IFNAME=wlan0 <3>CTRL-EVENT-SCAN-STARTED 
06-14 15:02:38.513   874  1961 D WifiHW  : [2] get event: IFNAME=wlan0 CTRL-EVENT-SCAN-STARTED 
06-14 15:02:38.513   331   331 D [BT3.0+HS]PAL: == chip_reset_fd is set ==
06-14 15:02:38.513   331   331 D [BT3.0+HS]PAL: 
06-14 15:02:38.513   331   331 D [BT3.0+HS]PAL: invalid reply message
06-14 15:02:38.513   331   331 D [BT3.0+HS]PAL: 
06-14 15:02:38.513   874  1961 D WifiHW  : enter -->wifi_wait_on_socket buflen=2048
06-14 15:02:38.513   874  1961 D WifiHW  : enter -->wifi_ctrl_recv
06-14 15:02:38.591   336   336 W ADB_SERVICES: create_local_service_socket() name=shell:cat /proc/net/xt_qtaguid/stats | grep 10069
06-14 15:02:38.591   336   336 W ADB_SERVICES: service_to_fd() name=shell:cat /proc/net/xt_qtaguid/stats | grep 10069
06-14 15:02:38.592   336   336 W ADB_SERVICES: read_meminfo() mem_free=328256
06-14 15:02:38.592   336   336 W ADB_SERVICES: create_subproc ret_fd=22 pid=748
06-14 15:02:38.592   336   336 W ADB_SERVICES: LS(30424): bound to 'shell:cat /proc/net/xt_qtaguid/stats | grep 10069' via 22
06-14 15:02:38.593   748   748 W ADB_SERVICES: adb: unable to update oom_score_adj
06-14 15:02:38.593   336   336 W ADB_SERVICES: create_local_service_socket() name=shell:cat /proc/net/xt_qtaguid/stats | grep 10069
06-14 15:02:38.593   336   336 W ADB_SERVICES: service_to_fd() name=shell:cat /proc/net/xt_qtaguid/stats | grep 10069
06-14 15:02:38.593   336   336 W ADB_SERVICES: read_meminfo() mem_free=328116
06-14 15:02:38.594   336   336 W ADB_SERVICES: create_subproc ret_fd=23 pid=749
06-14 15:02:38.594   336   336 W ADB_SERVICES: LS(30425): bound to 'shell:cat /proc/net/xt_qtaguid/stats | grep 10069' via 23
06-14 15:02:38.596   749   749 W ADB_SERVICES: adb: unable to update oom_score_adj
06-14 15:02:38.610   336   336 D ADB_SERVICES:  closing because is_eof=1 r=-1 s->fde.force_eof=0
06-14 15:02:38.610   336   336 W ADB_SERVICES: entered. LS(30424) fd=22
06-14 15:02:38.620   336   336 D ADB_SERVICES:  closing because is_eof=1 r=-1 s->fde.force_eof=0
06-14 15:02:38.620   336   336 W ADB_SERVICES: entered. LS(30425) fd=23
06-14 15:02:38.675   874  1879 I art     : Explicit concurrent mark sweep GC freed 2758(91KB) AllocSpace objects, 0(0B) LOS objects, 9% free, 36MB/40MB, paused 2.337ms total 154.418ms
06-14 15:02:38.949   336   336 W ADB_SERVICES: create_local_service_socket() name=shell:cat /proc/32424/stat
06-14 15:02:38.949   336   336 W ADB_SERVICES: service_to_fd() name=shell:cat /proc/32424/stat
06-14 15:02:38.949   336   336 W ADB_SERVICES: read_meminfo() mem_free=328080
06-14 15:02:38.950   336   336 W ADB_SERVICES: create_subproc ret_fd=22 pid=754
06-14 15:02:38.950   336   336 W ADB_SERVICES: LS(30426): bound to 'shell:cat /proc/32424/stat' via 22
06-14 15:02:38.951   754   754 W ADB_SERVICES: adb: unable to update oom_score_adj
06-14 15:02:38.957   336   336 W ADB_SERVICES: create_local_service_socket() name=shell:cat /proc/32424/stat
06-14 15:02:38.957   336   336 W ADB_SERVICES: service_to_fd() name=shell:cat /proc/32424/stat
06-14 15:02:38.957   336   336 W ADB_SERVICES: read_meminfo() mem_free=327252
06-14 15:02:38.958   336   336 W ADB_SERVICES: create_subproc ret_fd=23 pid=755
06-14 15:02:38.958   336   336 W ADB_SERVICES: LS(30427): bound to 'shell:cat /proc/32424/stat' via 23
06-14 15:02:38.958   755   755 W ADB_SERVICES: adb: unable to update oom_score_adj
06-14 15:02:38.962   336   336 D ADB_SERVICES:  closing because is_eof=1 r=1 s->fde.force_eof=0
06-14 15:02:38.963   336   336 W ADB_SERVICES: entered. LS(30427) fd=23
06-14 15:02:38.963   336   336 D ADB_SERVICES:  closing because is_eof=1 r=-1 s->fde.force_eof=0
06-14 15:02:38.963   336   336 W ADB_SERVICES: entered. LS(30426) fd=22
06-14 15:02:38.988   336   336 W ADB_SERVICES: create_local_service_socket() name=shell:cat /proc/stat
06-14 15:02:38.988   336   336 W ADB_SERVICES: service_to_fd() name=shell:cat /proc/stat
06-14 15:02:38.989   336   336 W ADB_SERVICES: read_meminfo() mem_free=327068
06-14 15:02:38.989   336   336 W ADB_SERVICES: create_subproc ret_fd=22 pid=756
06-14 15:02:38.989   336   336 W ADB_SERVICES: LS(30428): bound to 'shell:cat /proc/stat' via 22
06-14 15:02:38.989   756   756 W ADB_SERVICES: adb: unable to update oom_score_adj
06-14 15:02:38.995   336   336 W ADB_SERVICES: create_local_service_socket() name=shell:cat /proc/stat
06-14 15:02:38.995   336   336 W ADB_SERVICES: service_to_fd() name=shell:cat /proc/stat
06-14 15:02:38.995   336   336 W ADB_SERVICES: read_meminfo() mem_free=326820
06-14 15:02:38.996   336   336 W ADB_SERVICES: create_subproc ret_fd=23 pid=757
06-14 15:02:38.996   336   336 W ADB_SERVICES: LS(30429): bound to 'shell:cat /proc/stat' via 23
06-14 15:02:38.996   757   757 W ADB_SERVICES: adb: unable to update oom_score_adj
06-14 15:02:38.997   336   336 D ADB_SERVICES:  closing because is_eof=1 r=-1 s->fde.force_eof=0
06-14 15:02:38.997   336   336 W ADB_SERVICES: entered. LS(30428) fd=22
06-14 15:02:39.003   336   336 D ADB_SERVICES:  closing because is_eof=1 r=-1 s->fde.force_eof=0
06-14 15:02:39.003   336   336 W ADB_SERVICES: entered. LS(30429) fd=23
06-14 15:02:39.051 32424 32424 D BgTest  : uiCount 110  +4
06-14 15:02:39.091   874   899 I art     : Explicit concurrent mark sweep GC freed 2311(73KB) AllocSpace objects, 0(0B) LOS objects, 9% free, 36MB/40MB, paused 2.332ms total 141.326ms
06-14 15:02:39.120 32424 32489 D BgTest  : bgCount 106
06-14 15:02:39.136   336   336 W ADB_SERVICES: create_local_service_socket() name=shell:cat /proc/net/xt_qtaguid/stats | grep 10069
06-14 15:02:39.136   336   336 W ADB_SERVICES: service_to_fd() name=shell:cat /proc/net/xt_qtaguid/stats | grep 10069
06-14 15:02:39.136   336   336 W ADB_SERVICES: read_meminfo() mem_free=326188
06-14 15:02:39.137   336   336 W ADB_SERVICES: create_subproc ret_fd=22 pid=758
06-14 15:02:39.137   336   336 W ADB_SERVICES: LS(30430): bound to 'shell:cat /proc/net/xt_qtaguid/stats | grep 10069' via 22
06-14 15:02:39.137   758   758 W ADB_SERVICES: adb: unable to update oom_score_adj
06-14 15:02:39.137   336   336 W ADB_SERVICES: create_local_service_socket() name=shell:cat /proc/net/xt_qtaguid/stats | grep 10069
06-14 15:02:39.137   336   336 W ADB_SERVICES: service_to_fd() name=shell:cat /proc/net/xt_qtaguid/stats | grep 10069
06-14 15:02:39.138   336   336 W ADB_SERVICES: read_meminfo() mem_free=326132
06-14 15:02:39.138   336   336 W ADB_SERVICES: create_subproc ret_fd=23 pid=760
06-14 15:02:39.138   336   336 W ADB_SERVICES: LS(30431): bound to 'shell:cat /proc/net/xt_qtaguid/stats | grep 10069' via 23
06-14 15:02:39.139   760   760 W ADB_SERVICES: adb: unable to update oom_score_adj
06-14 15:02:39.153   336   336 D ADB_SERVICES:  closing because is_eof=1 r=-1 s->fde.force_eof=0
06-14 15:02:39.153   336   336 W ADB_SERVICES: entered. LS(30430) fd=22
06-14 15:02:39.157   336   336 D ADB_SERVICES:  closing because is_eof=1 r=-1 s->fde.force_eof=0
06-14 15:02:39.157   336   336 W ADB_SERVICES: entered. LS(30431) fd=23
06-14 15:02:39.531   336   336 W ADB_SERVICES: create_local_service_socket() name=shell:cat /proc/32424/stat
06-14 15:02:39.531   336   336 W ADB_SERVICES: service_to_fd() name=shell:cat /proc/32424/stat
06-14 15:02:39.532   336   336 W ADB_SERVICES: read_meminfo() mem_free=298592
06-14 15:02:39.532   336   336 W ADB_SERVICES: create_subproc ret_fd=22 pid=766
06-14 15:02:39.532   336   336 W ADB_SERVICES: LS(30432): bound to 'shell:cat /proc/32424/stat' via 22
06-14 15:02:39.533   766   766 W ADB_SERVICES: adb: unable to update oom_score_adj
06-14 15:02:39.538   336   336 W ADB_SERVICES: create_local_service_socket() name=shell:cat /proc/32424/stat
06-14 15:02:39.538   336   336 W ADB_SERVICES: service_to_fd() name=shell:cat /proc/32424/stat
06-14 15:02:39.539   336   336 W ADB_SERVICES: read_meminfo() mem_free=297352
06-14 15:02:39.539   336   336 W ADB_SERVICES: create_subproc ret_fd=23 pid=767
06-14 15:02:39.540   336   336 W ADB_SERVICES: LS(30433): bound to 'shell:cat /proc/32424/stat' via 23
06-14 15:02:39.540   767   767 W ADB_SERVICES: adb: unable to update oom_score_adj
06-14 15:02:39.540   336   336 D ADB_SERVICES:  closing because is_eof=1 r=-1 s->fde.force_eof=0
06-14 15:02:39.540   336   336 W ADB_SERVICES: entered. LS(30432) fd=22
06-14 15:02:39.545   336   336 D ADB_SERVICES:  closing because is_eof=1 r=-1 s->fde.force_eof=0
06-14 15:02:39.545   336   336 W ADB_SERVICES: entered. LS(30433) fd=23
06-14 15:02:39.573   336   336 W ADB_SERVICES: create_local_service_socket() name=shell:cat /proc/stat
06-14 15:02:39.573   336   336 W ADB_SERVICES: service_to_fd() name=shell:cat /proc/stat
06-14 15:02:39.573   336   336 W ADB_SERVICES: read_meminfo() mem_free=293616
06-14 15:02:39.574   336   336 W ADB_SERVICES: create_subproc ret_fd=22 pid=768
06-14 15:02:39.574   336   336 W ADB_SERVICES: LS(30434): bound to 'shell:cat /proc/stat' via 22
06-14 15:02:39.574   768   768 W ADB_SERVICES: adb: unable to update oom_score_adj
06-14 15:02:39.578   336   336 W ADB_SERVICES: create_local_service_socket() name=shell:cat /proc/stat
06-14 15:02:39.578   336   336 W ADB_SERVICES: service_to_fd() name=shell:cat /proc/stat
06-14 15:02:39.579   336   336 W ADB_SERVICES: read_meminfo() mem_free=292660
06-14 15:02:39.579   336   336 W ADB_SERVICES: create_subproc ret_fd=23 pid=769
06-14 15:02:39.579   336   336 W ADB_SERVICES: LS(30435): bound to 'shell:cat /proc/stat' via 23
06-14 15:02:39.579   769   769 W ADB_SERVICES: adb: unable to update oom_score_adj
06-14 15:02:39.585   336   336 D ADB_SERVICES:  closing because is_eof=1 r=1 s->fde.force_eof=0
06-14 15:02:39.585   336   336 W ADB_SERVICES: entered. LS(30434) fd=22
06-14 15:02:39.585   336   336 D ADB_SERVICES:  closing because is_eof=1 r=1 s->fde.force_eof=0
06-14 15:02:39.585   336   336 W ADB_SERVICES: entered. LS(30435) fd=23
06-14 15:02:39.676   336   336 W ADB_SERVICES: create_local_service_socket() name=shell:cat /proc/net/xt_qtaguid/stats | grep 10069
06-14 15:02:39.676   336   336 W ADB_SERVICES: service_to_fd() name=shell:cat /proc/net/xt_qtaguid/stats | grep 10069
06-14 15:02:39.677   336   336 W ADB_SERVICES: read_meminfo() mem_free=329092
06-14 15:02:39.677   336   336 W ADB_SERVICES: create_subproc ret_fd=22 pid=770
06-14 15:02:39.677   336   336 W ADB_SERVICES: LS(30436): bound to 'shell:cat /proc/net/xt_qtaguid/stats | grep 10069' via 22
06-14 15:02:39.678   770   770 W ADB_SERVICES: adb: unable to update oom_score_adj
06-14 15:02:39.678   336   336 W ADB_SERVICES: create_local_service_socket() name=shell:cat /proc/net/xt_qtaguid/stats | grep 10069
06-14 15:02:39.678   336   336 W ADB_SERVICES: service_to_fd() name=shell:cat /proc/net/xt_qtaguid/stats | grep 10069
06-14 15:02:39.678   336   336 W ADB_SERVICES: read_meminfo() mem_free=328952
06-14 15:02:39.679   336   336 W ADB_SERVICES: create_subproc ret_fd=23 pid=771
06-14 15:02:39.679   336   336 W ADB_SERVICES: LS(30437): bound to 'shell:cat /proc/net/xt_qtaguid/stats | grep 10069' via 23
06-14 15:02:39.680   771   771 W ADB_SERVICES: adb: unable to update oom_score_adj
06-14 15:02:39.693   336   336 D ADB_SERVICES:  closing because is_eof=1 r=-1 s->fde.force_eof=0
06-14 15:02:39.693   336   336 W ADB_SERVICES: entered. LS(30437) fd=23
06-14 15:02:39.695   336   336 D ADB_SERVICES:  closing because is_eof=1 r=-1 s->fde.force_eof=0
06-14 15:02:39.695   336   336 W ADB_SERVICES: entered. LS(30436) fd=22
06-14 15:02:39.892   874  1828 I art     : Explicit concurrent mark sweep GC freed 2252(70KB) AllocSpace objects, 0(0B) LOS objects, 9% free, 36MB/40MB, paused 2.487ms total 139.222ms
06-14 15:02:39.945   331   331 D [BT3.0+HS]PAL: == chip_reset_fd is set ==
06-14 15:02:39.945   331   331 D [BT3.0+HS]PAL: 
06-14 15:02:39.947   296   773 D NetlinkEvent: clear RA flag done
06-14 15:02:39.945   331   331 D [BT3.0+HS]PAL: invalid reply message
06-14 15:02:39.947   296   773 D SocketClient: SocketClient sendData done: 600 Iface linkstate wlan0 down
06-14 15:02:39.945   331   331 D [BT3.0+HS]PAL: 
06-14 15:02:39.947   296   773 D NetlinkEvent: clear RA flag done
06-14 15:02:39.945   331   331 D [BT3.0+HS]PAL: == chip_reset_fd is set ==
06-14 15:02:39.947   296   773 D SocketClient: SocketClient sendData done: 600 Iface linkstate wlan0 down
06-14 15:02:39.945   331   331 D [BT3.0+HS]PAL: 
06-14 15:02:39.948   874   960 D NetdConnector: RCV <- {600 Iface linkstate wlan0 down}
06-14 15:02:39.945   331   331 D [BT3.0+HS]PAL: invalid reply message
06-14 15:02:39.948   874   960 D NetdConnector: RCV <- {600 Iface linkstate wlan0 down}
06-14 15:02:39.945   331   331 D [BT3.0+HS]PAL: 
06-14 15:02:39.948   874   925 D NetworkManagementService: onEvent:600 Iface linkstate wlan0 down:5
06-14 15:02:39.945   312   312 D wifi2agps: scan result, found 32 APs
06-14 15:02:39.949   874   925 D NetworkManagementService: onEvent:600 Iface linkstate wlan0 down:5
06-14 15:02:39.945   312   312 D agps    : [WIFI2AGPS] wifi2agps_scanned
06-14 15:02:39.945  1428  1428 D wpa_supplicant: RTM_NEWLINK: ifi_index=10 ifname=wlan0 wext ifi_family=0 ifi_flags=0x1003 ([UP])
06-14 15:02:39.945  1428  1428 D wpa_supplicant: RTM_NEWLINK: ifi_index=10 ifname=wlan0 wext ifi_family=0 ifi_flags=0x1003 ([UP])
06-14 15:02:39.945  1428  1428 D wpa_supplicant: nl80211: Event message available
06-14 15:02:39.945  1428  1428 D wpa_supplicant: nl80211: Drv Event 34 (NL80211_CMD_NEW_SCAN_RESULTS) received for wlan0
06-14 15:02:39.945  1428  1428 D wpa_supplicant: wlan0: nl80211: New scan results available
06-14 15:02:39.945  1428  1428 D wpa_supplicant: nl80211: Scan included frequencies: 2412 2417 2422 2427 2432 2437 2442 2447 2452 2457 2462 2467 2472 5180 5200 5220 5240 5260 5280 5300 5320 5745 5765 5785 5805 5825
06-14 15:02:39.945  1428  1428 D wpa_supplicant: wlan0: Event SCAN_RESULTS (3) received
06-14 15:02:39.945  1428  1428 D wpa_supplicant: wlan0: Scan completed in 1.433208 seconds
06-14 15:02:39.946   311   378 D agps    : [agps][n][WIFI] wifi_scanned  count=22 timestamp=8241796 num=32
06-14 15:02:39.946  1428  1428 D wpa_supplicant: nl80211: Received scan results (57 BSSes)
06-14 15:02:39.947  1428  1428 D wpa_supplicant: wlan0: BSS: Start scan result update 17
06-14 15:02:39.947   296   773 I Netd    : Get netlink event, ifname: wlan0 action: 5
06-14 15:02:39.947  1428  1428 D wpa_supplicant: wlan0: BSS: Add new id 465 BSSID b0:d5:9d:7e:5d:20 SSID 'cry'
06-14 15:02:39.947  1428  1428 D wpa_supplicant: wlan0: BSS: Add new id 466 BSSID f4:5c:89:91:7b:1d SSID 'UleeMBP'
06-14 15:02:39.947  1428  1428 D wpa_supplicant: wlan0: BSS: Add new id 467 BSSID c4:b3:01:d1:a3:4d SSID 'buginux'
06-14 15:02:39.947   296   773 I Netd    : Get netlink event, ifname: wlan0 action: 5
06-14 15:02:39.947  1428  1428 D wpa_supplicant: wlan0: BSS: Add new id 468 BSSID 84:d9:31:14:50:e1 SSID 'Meitu.guest'
06-14 15:02:39.947  1428  1428 D wpa_supplicant: wlan0: BSS: Add new id 469 BSSID 84:d9:31:14:45:60 SSID 'Meitu.com'
06-14 15:02:39.947  1428  1428 D wpa_supplicant: wlan0: BSS: Add new id 470 BSSID 84:d9:31:14:45:61 SSID 'Meitu.guest'
06-14 15:02:39.947  1428  1428 D wpa_supplicant: wlan0: BSS: Add new id 471 BSSID 84:d9:31:14:45:62 SSID 'Meitu.cp'
06-14 15:02:39.947  1428  1428 D wpa_supplicant: wlan0: BSS: Add new id 472 BSSID 84:d9:31:14:50:e0 SSID 'Meitu.com'
06-14 15:02:39.947  1428  1428 D wpa_supplicant: wlan0: BSS: Add new id 473 BSSID 84:d9:31:14:50:e2 SSID 'Meitu.cp'
06-14 15:02:39.947  1428  1428 D wpa_supplicant: BSS: last_scan_res_used=57/128
06-14 15:02:39.947  1428  1428 D wpa_supplicant: wlan0: Scan-only results received
06-14 15:02:39.947  1428  1428 D wpa_supplicant: CTRL_IFACE monitor sent successfully to /data/misc/wifi/sockets/wpa_ctrl_874-2\x00
06-14 15:02:39.947  1428  1428 D wpa_supplicant: wlan0: Radio work 'scan'@0x7f8e01c380 done in 1.436992 seconds
06-14 15:02:39.948   874  1961 D WifiHW  : [1] get event: IFNAME=wlan0 <3>CTRL-EVENT-SCAN-RESULTS 
06-14 15:02:39.948   874  1961 D WifiHW  : [2] get event: IFNAME=wlan0 CTRL-EVENT-SCAN-RESULTS 
06-14 15:02:39.948   874  1961 D WifiHW  : enter -->wifi_wait_on_socket buflen=2048
06-14 15:02:39.948   874  1961 D WifiHW  : enter -->wifi_ctrl_recv
06-14 15:02:39.948   874   925 D Tethering: interfaceLinkStateChanged wlan0, false
06-14 15:02:39.948   874   925 D Tethering: interfaceStatusChanged wlan0, false
06-14 15:02:39.949   874   925 D Tethering: interfaceLinkStateChanged wlan0, false
06-14 15:02:39.949   874   925 D Tethering: interfaceStatusChanged wlan0, false
06-14 15:02:39.952   874   968 D WifiNative-wlan0: clearGBKMapping
06-14 15:02:39.952   874   968 D WifiHW  : enter -->wifi_send_command cmd=IFNAME=wlan0 BSS RANGE=0- MASK=0x21987
06-14 15:02:39.952  1428  1428 D wpa_supplicant: wlan0: Control interface command 'BSS RANGE=0- MASK=0x21987'
06-14 15:02:39.954   874   968 D WifiHW  : leave --> reply=id=405
06-14 15:02:39.954   874   968 D WifiHW  : bssid=98:01:a7:9e:dd:75
06-14 15:02:39.954   874   968 D WifiHW  : freq=2462
06-14 15:02:39.954   874   968 D WifiHW  : level=-37
06-14 15:02:39.954   874   968 D WifiHW  : tsf=0000013061606744
06-14 15:02:39.954   874   968 D WifiHW  : flags=[WPA2-PSK-CCMP][ESS]
06-14 15:02:39.954   874   968 D WifiHW  : ssid=sodino
06-14 15:02:39.954   874   968 D WifiHW  : ====
06-14 15:02:39.954   874   968 D WifiHW  : id=406
06-14 15:02:39.954   874   968 D WifiHW  : bssid=84:d9:31:14:4f:31
06-14 15:02:39.954   874   968 D WifiHW  : freq=2437
06-14 15:02:39.954   874   968 D WifiHW  : level=-39
06-14 15:02:39.954   874   968 D WifiHW  : tsf=0000013061606709
06-14 15:02:39.954   874   968 D WifiHW  : flags=[WPA2-PSK-CCMP][ESS]
06-14 15:02:39.954   874   968 D WifiHW  : ssid=Meitu.guest
06-14 15:02:39.954   874   968 D WifiHW  : ====
06-14 15:02:39.954   874   968 D WifiHW  : id=407
06-14 15:02:39.954   874   968 D WifiHW  : bssid=84:d9:31:14:4f:32
06-14 15:02:39.954   874   968 D WifiHW  : freq=2437
06-14 15:02:39.954   874   968 D WifiHW  : level=-39
06-14 15:02:39.954   874   968 D WifiHW  : tsf=0000013061606716
06-14 15:02:39.954   874   968 D WifiHW  : flags=[WPA2-PSK-CCMP][ESS]
06-14 15:02:39.954   874   968 D WifiHW  : ssid=Meitu.cp
06-14 15:02:39.954   874   968 D WifiHW  : ====
06-14 15:02:39.954   874   968 D WifiHW  : id=408
06-14 15:02:39.954   874   968 D WifiHW  : bssid=84:d9:31:14:4f:33
06-14 15:02:39.954   874   968 D WifiHW  : freq=2437
06-14 15:02:39.954   874   968 D WifiHW  : level=-39
06-14 15:02:39.954   874   968 D WifiHW  : tsf=0000013061606723
06-14 15:02:39.954   874   968 D WifiHW  : flags=[WPA2-PSK-CCMP][ESS]
06-14 15:02:39.954   874   968 D WifiHW  : ssid=Meitu.8H.hw
06-14 15:02:39.954   874   968 D WifiHW  : ====
06-14 15:02:39.954   874   968 D WifiHW  : id=409
06-14 15:02:39.954   874   968 D WifiHW  : bssid=84:d9:31:14:4f:30
06-14 15:02:39.954   874   968 D WifiHW  : freq=2437
06-14 15:02:39.954   874   968 D WifiHW  : level=-39
06-14 15:02:39.954   874   968 D WifiHW  : tsf=0000013061606702
06-14 15:02:39.954   874   968 D WifiHW  : flags=[WPA2-PSK-CCMP][ESS]
06-14 15:02:39.954   874   968 D WifiHW  : ssid=Meitu.com
06-14 15:02:39.954   874   968 D WifiHW  : ====
06-14 15:02:39.954   874   968 D WifiHW  : id=410
06-14 15:02:39.954   874   968 D WifiHW  : bssid=84:d9:31:14:4f:21
06-14 15:02:39.954   874   968 D WifiHW  : freq=5320
06-14 15:02:39.954   874   968 D WifiHW  : level=-59
06-14 15:02:39.954   874   968 D WifiHW  : tsf=0000013061606917
06-14 15:02:39.954   874   968 D WifiHW  : flags=[WPA2-PSK-CCMP][ESS]
06-14 15:02:39.954   874   968 D WifiHW  : ssid=Meitu.guest
06-14 15:02:39.954   874   968 D WifiHW  : ====
06-14 15:02:39.954   874   968 D WifiHW  : id=411
06-14 15:02:39.954   874   968 D WifiHW  : bssid=84:d9:31:14:4f:23
06-14 15:02:39.954   874   968 D WifiHW  : freq=5320
06-14 15:02:39.954   874   968 D WifiHW  : level=-59
06-14 15:02:39.954   874   968 D WifiHW  : tsf=0000013061606931
06-14 15:02:39.954   874   968 D WifiHW  : flags=[WPA2-PSK-CCMP][ESS]
06-14 15:02:39.954   874   968 D WifiHW  : ssid=Meitu.8H.hw
06-14 15:02:39.954   874   968 D WifiHW  : ====
06-14 15:02:39.954   874   968 D WifiHW  : id=412
06-14 15:02:39.954   874   968 D WifiHW  : bssid=84:d9:31:14:4f:22
06-14 15:02:39.954   874   968 D WifiHW  : freq=5320
06-14 15:02:39.954   874   968 D WifiHW  : level=-59
06-14 15:02:39.954   874   968 D WifiHW  : tsf=0000013061606925
06-14 15:02:39.954   874   968 D WifiHW  : flags=[WPA2-PSK-CCMP][ESS]
06-14 15:02:39.954   874   968 D WifiHW  : ssid=Meitu.cp
06-14 15:02:39.954   874   968 D WifiHW  : ====
06-14 15:02:39.954   874   968 D WifiHW  : id=413
06-14 15:02:39.954   874   968 D WifiHW  : bssid=84:d9:31:14:4f:20
06-14 15:02:39.954   874   968 D WifiHW  : freq=5320
06-14 15:02:39.954   874   968 D WifiHW  : level=-60
06-14 15:02:39.954   874   968 D WifiHW  : t
06-14 15:02:39.954   874   968 D WifiNative-wlan0: scan result len: 4096
06-14 15:02:39.958   874   968 D WifiHW  : enter -->wifi_send_command cmd=IFNAME=wlan0 BSS RANGE=438- MASK=0x21987
06-14 15:02:39.959  1428  1428 D wpa_supplicant: wlan0: Control interface command 'BSS RANGE=438- MASK=0x21987'
06-14 15:02:39.961   874   968 D WifiHW  : leave --> reply=id=438
06-14 15:02:39.961   874   968 D WifiHW  : bssid=84:d9:31:14:48:40
06-14 15:02:39.961   874   968 D WifiHW  : freq=5280
06-14 15:02:39.961   874   968 D WifiHW  : level=-80
06-14 15:02:39.961   874   968 D WifiHW  : tsf=0000013061606842
06-14 15:02:39.961   874   968 D WifiHW  : flags=[WPA2-PSK-CCMP][ESS]
06-14 15:02:39.961   874   968 D WifiHW  : ssid=Meitu.com
06-14 15:02:39.961   874   968 D WifiHW  : ====
06-14 15:02:39.961   874   968 D WifiHW  : id=439
06-14 15:02:39.961   874   968 D WifiHW  : bssid=84:d9:31:14:46:01
06-14 15:02:39.961   874   968 D WifiHW  : freq=5240
06-14 15:02:39.961   874   968 D WifiHW  : level=-84
06-14 15:02:39.961   874   968 D WifiHW  : tsf=0000013060984655
06-14 15:02:39.961   874   968 D WifiHW  : flags=[WPA2-PSK-CCMP][ESS]
06-14 15:02:39.961   874   968 D WifiHW  : ssid=Meitu.guest
06-14 15:02:39.961   874   968 D WifiHW  : ====
06-14 15:02:39.961   874   968 D WifiHW  : id=440
06-14 15:02:39.961   874   968 D WifiHW  : bssid=84:d9:31:14:46:02
06-14 15:02:39.961   874   968 D WifiHW  : freq=5240
06-14 15:02:39.961   874   968 D WifiHW  : level=-84
06-14 15:02:39.961   874   968 D WifiHW  : tsf=0000013060985877
06-14 15:02:39.961   874   968 D WifiHW  : flags=[WPA2-PSK-CCMP][ESS]
06-14 15:02:39.961   874   968 D WifiHW  : ssid=Meitu.cp
06-14 15:02:39.961   874   968 D WifiHW  : ====
06-14 15:02:39.961   874   968 D WifiHW  : id=441
06-14 15:02:39.961   874   968 D WifiHW  : bssid=84:d9:31:14:46:00
06-14 15:02:39.961   874   968 D WifiHW  : freq=5240
06-14 15:02:39.961   874   968 D WifiHW  : level=-84
06-14 15:02:39.961   874   968 D WifiHW  : tsf=0000013060983555
06-14 15:02:39.961   874   968 D WifiHW  : flags=[WPA2-PSK-CCMP][ESS]
06-14 15:02:39.961   874   968 D WifiHW  : ssid=Meitu.com
06-14 15:02:39.961   874   968 D WifiHW  : ====
06-14 15:02:39.961   874   968 D WifiHW  : id=442
06-14 15:02:39.961   874   968 D WifiHW  : bssid=84:d9:31:14:4e:81
06-14 15:02:39.961   874   968 D WifiHW  : freq=5765
06-14 15:02:39.961   874   968 D WifiHW  : level=-82
06-14 15:02:39.961   874   968 D WifiHW  : tsf=0000013061487133
06-14 15:02:39.961   874   968 D WifiHW  : flags=[WPA2-PSK-CCMP][ESS]
06-14 15:02:39.961   874   968 D WifiHW  : ssid=Meitu.test2
06-14 15:02:39.961   874   968 D WifiHW  : ====
06-14 15:02:39.961   874   968 D WifiHW  : id=443
06-14 15:02:39.961   874   968 D WifiHW  : bssid=a4:5e:60:e3:99:cd
06-14 15:02:39.961   874   968 D WifiHW  : freq=2462
06-14 15:02:39.961   874   968 D WifiHW  : level=-74
06-14 15:02:39.961   874   968 D WifiHW  : tsf=0000013061606789
06-14 15:02:39.961   874   968 D WifiHW  : flags=[WPA2-PSK-CCMP][ESS]
06-14 15:02:39.961   874   968 D WifiHW  : ssid=Vong
06-14 15:02:39.961   874   968 D WifiHW  : ====
06-14 15:02:39.961   874   968 D WifiHW  : id=444
06-14 15:02:39.961   874   968 D WifiHW  : bssid=84:d9:31:14:61:b0
06-14 15:02:39.961   874   968 D WifiHW  : freq=2447
06-14 15:02:39.961   874   968 D WifiHW  : level=-79
06-14 15:02:39.961   874   968 D WifiHW  : tsf=0000013051579625
06-14 15:02:39.961   874   968 D WifiHW  : flags=[WPA2-PSK-CCMP][ESS]
06-14 15:02:39.961   874   968 D WifiHW  : ssid=Meitu.com
06-14 15:02:39.961   874   968 D WifiHW  : ====
06-14 15:02:39.961   874   968 D WifiHW  : id=445
06-14 15:02:39.961   874   968 D WifiHW  : bssid=98:01:a7:9b:a9:d1
06-14 15:02:39.961   874   968 D WifiHW  : freq=2462
06-14 15:02:39.961   874   968 D WifiHW  : level=-79
06-14 15:02:39.961   874   968 D WifiHW  : tsf=0000012686009020
06-14 15:02:39.961   874   968 D WifiHW  : flags=[WPA2-PSK-CCMP][ESS]
06-14 15:02:39.961   874   968 D WifiHW  : ssid=😚💩
06-14 15:02:39.961   874   968 D WifiHW  : ====
06-14 15:02:39.961   874   968 D WifiHW  : id=446
06-14 15:02:39.961   874   968 D WifiHW  : bssid=84:d9:31:14:4e:80
06-14 15:02:39.961   874   968 D WifiHW  : freq=5765
06-14 15:02:39.961   874   968 D WifiHW  : level=-82
06-14 15:02:39.961   874   968 D WifiHW  : tsf=000
06-14 15:02:39.961   874   968 D WifiNative-wlan0: scan result len: 4096
06-14 15:02:39.968   874   968 D WifiHW  : enter -->wifi_send_command cmd=IFNAME=wlan0 BSS RANGE=472- MASK=0x21987
06-14 15:02:39.968  1428  1428 D wpa_supplicant: wlan0: Control interface command 'BSS RANGE=472- MASK=0x21987'
06-14 15:02:39.968   874   968 D WifiHW  : leave --> reply=id=472
06-14 15:02:39.968   874   968 D WifiHW  : bssid=84:d9:31:14:50:e0
06-14 15:02:39.968   874   968 D WifiHW  : freq=5240
06-14 15:02:39.968   874   968 D WifiHW  : level=-90
06-14 15:02:39.968   874   968 D WifiHW  : tsf=0000013060999540
06-14 15:02:39.968   874   968 D WifiHW  : flags=[WPA2-PSK-CCMP][ESS]
06-14 15:02:39.968   874   968 D WifiHW  : ssid=Meitu.com
06-14 15:02:39.968   874   968 D WifiHW  : ====
06-14 15:02:39.968   874   968 D WifiHW  : id=473
06-14 15:02:39.968   874   968 D WifiHW  : bssid=84:d9:31:14:50:e2
06-14 15:02:39.968   874   968 D WifiHW  : freq=5240
06-14 15:02:39.968   874   968 D WifiHW  : level=-90
06-14 15:02:39.968   874   968 D WifiHW  : tsf=0000013061000166
06-14 15:02:39.968   874   968 D WifiHW  : flags=[WPA2-PSK-CCMP][ESS]
06-14 15:02:39.968   874   968 D WifiHW  : ssid=Meitu.cp
06-14 15:02:39.968   874   968 D WifiHW  : ####
06-14 15:02:39.969   874   968 D WifiNative-wlan0: scan result len: 4096
06-14 15:02:40.016   874   968 V SettingsInterface:  from settings cache , name = network_scorer_app , value = null
06-14 15:02:40.016   874   968 D WifiHW  : enter -->wifi_send_command cmd=IFNAME=wlan0 STATUS-NO_EVENTS
06-14 15:02:40.016  1428  1428 D wpa_supplicant: wlan0: Control interface command 'STATUS-NO_EVENTS'
06-14 15:02:40.017   874   968 D WifiHW  : leave --> reply=wpa_state=SCANNING
06-14 15:02:40.017   874   968 D WifiHW  : p2p_device_address=6a:3e:34:ba:be:0a
06-14 15:02:40.017   874   968 D WifiHW  : address=68:3e:34:ba:be:0a
06-14 15:02:40.017   874   968 D WifiHW  : uuid=cfb48bc6-934e-5318-8b9d-936f148463c0
06-14 15:02:40.017   874   968 D WifiHW  : 
06-14 15:02:40.017   874   968 E WifiAutoJoinController : attemptAutoJoin() num recent config 3 ---> suppNetId=-1
06-14 15:02:40.020   874   968 V ActivityManager: Broadcast: Intent { act=android.net.wifi.SCAN_RESULTS flg=0x4000010 (has extras) } ordered=false userid=-1 callerApp=ProcessRecord{2de77b41 874:system/1000}
06-14 15:02:40.052 32424 32424 D BgTest  : uiCount 111  +4
06-14 15:02:40.117   336   336 W ADB_SERVICES: create_local_service_socket() name=shell:cat /proc/32424/stat
06-14 15:02:40.117   336   336 W ADB_SERVICES: service_to_fd() name=shell:cat /proc/32424/stat
06-14 15:02:40.117   336   336 W ADB_SERVICES: read_meminfo() mem_free=323368
06-14 15:02:40.118   336   336 W ADB_SERVICES: create_subproc ret_fd=22 pid=786
06-14 15:02:40.118   336   336 W ADB_SERVICES: LS(30438): bound to 'shell:cat /proc/32424/stat' via 22
06-14 15:02:40.118   786   786 W ADB_SERVICES: adb: unable to update oom_score_adj
06-14 15:02:40.123   336   336 D ADB_SERVICES:  closing because is_eof=1 r=1 s->fde.force_eof=0
06-14 15:02:40.123   336   336 W ADB_SERVICES: entered. LS(30438) fd=22
06-14 15:02:40.123   336   336 W ADB_SERVICES: create_local_service_socket() name=shell:cat /proc/32424/stat
06-14 15:02:40.123   336   336 W ADB_SERVICES: service_to_fd() name=shell:cat /proc/32424/stat
06-14 15:02:40.123   336   336 W ADB_SERVICES: read_meminfo() mem_free=323104
06-14 15:02:40.124   336   336 W ADB_SERVICES: create_subproc ret_fd=22 pid=787
06-14 15:02:40.124   336   336 W ADB_SERVICES: LS(30439): bound to 'shell:cat /proc/32424/stat' via 22
06-14 15:02:40.125   787   787 W ADB_SERVICES: adb: unable to update oom_score_adj
06-14 15:02:40.131   336   336 D ADB_SERVICES:  closing because is_eof=1 r=-1 s->fde.force_eof=0
06-14 15:02:40.131   336   336 W ADB_SERVICES: entered. LS(30439) fd=22
06-14 15:02:40.136   336   336 W ADB_SERVICES: create_local_service_socket() name=shell:cat /proc/stat
06-14 15:02:40.136   336   336 W ADB_SERVICES: service_to_fd() name=shell:cat /proc/stat
06-14 15:02:40.136   336   336 W ADB_SERVICES: read_meminfo() mem_free=322840
06-14 15:02:40.137   336   336 W ADB_SERVICES: create_subproc ret_fd=22 pid=788
06-14 15:02:40.137   336   336 W ADB_SERVICES: LS(30440): bound to 'shell:cat /proc/stat' via 22
06-14 15:02:40.137   788   788 W ADB_SERVICES: adb: unable to update oom_score_adj
06-14 15:02:40.142   336   336 D ADB_SERVICES:  closing because is_eof=1 r=1 s->fde.force_eof=0
06-14 15:02:40.142   336   336 W ADB_SERVICES: entered. LS(30440) fd=22
06-14 15:02:40.160 32424 32489 D BgTest  : bgCount 107
06-14 15:02:40.164   336   336 W ADB_SERVICES: create_local_service_socket() name=shell:cat /proc/stat
06-14 15:02:40.164   336   336 W ADB_SERVICES: service_to_fd() name=shell:cat /proc/stat
06-14 15:02:40.165   336   336 W ADB_SERVICES: read_meminfo() mem_free=322856
06-14 15:02:40.165   336   336 W ADB_SERVICES: create_subproc ret_fd=22 pid=789
06-14 15:02:40.165   336   336 W ADB_SERVICES: LS(30441): bound to 'shell:cat /proc/stat' via 22
06-14 15:02:40.165   789   789 W ADB_SERVICES: adb: unable to update oom_score_adj
06-14 15:02:40.170   336   336 D ADB_SERVICES:  closing because is_eof=1 r=1 s->fde.force_eof=0
06-14 15:02:40.170   336   336 W ADB_SERVICES: entered. LS(30441) fd=22
06-14 15:02:40.215   336   336 W ADB_SERVICES: create_local_service_socket() name=shell:cat /proc/net/xt_qtaguid/stats | grep 10069
06-14 15:02:40.215   336   336 W ADB_SERVICES: service_to_fd() name=shell:cat /proc/net/xt_qtaguid/stats | grep 10069
06-14 15:02:40.215   336   336 W ADB_SERVICES: read_meminfo() mem_free=322552
06-14 15:02:40.216   336   336 W ADB_SERVICES: create_subproc ret_fd=22 pid=790
06-14 15:02:40.216   336   336 W ADB_SERVICES: LS(30442): bound to 'shell:cat /proc/net/xt_qtaguid/stats | grep 10069' via 22
06-14 15:02:40.216   790   790 W ADB_SERVICES: adb: unable to update oom_score_adj
06-14 15:02:40.221   336   336 W ADB_SERVICES: create_local_service_socket() name=shell:cat /proc/net/xt_qtaguid/stats | grep 10069
06-14 15:02:40.221   336   336 W ADB_SERVICES: service_to_fd() name=shell:cat /proc/net/xt_qtaguid/stats | grep 10069
06-14 15:02:40.222   336   336 W ADB_SERVICES: read_meminfo() mem_free=322304
06-14 15:02:40.222   336   336 W ADB_SERVICES: create_subproc ret_fd=23 pid=808
06-14 15:02:40.222   336   336 W ADB_SERVICES: LS(30443): bound to 'shell:cat /proc/net/xt_qtaguid/stats | grep 10069' via 23
06-14 15:02:40.223   808   808 W ADB_SERVICES: adb: unable to update oom_score_adj
06-14 15:02:40.232   336   336 D ADB_SERVICES:  closing because is_eof=1 r=-1 s->fde.force_eof=0
06-14 15:02:40.232   336   336 W ADB_SERVICES: entered. LS(30442) fd=22
06-14 15:02:40.237   336   336 D ADB_SERVICES:  closing because is_eof=1 r=-1 s->fde.force_eof=0
06-14 15:02:40.237   336   336 W ADB_SERVICES: entered. LS(30443) fd=23
06-14 15:02:40.486   874  1884 I art     : Explicit concurrent mark sweep GC freed 7933(321KB) AllocSpace objects, 2(36KB) LOS objects, 9% free, 36MB/40MB, paused 2.353ms total 142.103ms
06-14 15:02:40.674   336   336 W ADB_SERVICES: create_local_service_socket() name=shell:cat /proc/32424/stat
06-14 15:02:40.674   336   336 W ADB_SERVICES: service_to_fd() name=shell:cat /proc/32424/stat
06-14 15:02:40.675   336   336 W ADB_SERVICES: read_meminfo() mem_free=321116
06-14 15:02:40.675   336   336 W ADB_SERVICES: create_subproc ret_fd=22 pid=839
06-14 15:02:40.675   336   336 W ADB_SERVICES: LS(30444): bound to 'shell:cat /proc/32424/stat' via 22
06-14 15:02:40.676   839   839 W ADB_SERVICES: adb: unable to update oom_score_adj
06-14 15:02:40.682   336   336 D ADB_SERVICES:  closing because is_eof=1 r=-1 s->fde.force_eof=0
06-14 15:02:40.682   336   336 W ADB_SERVICES: entered. LS(30444) fd=22
06-14 15:02:40.684   336   336 W ADB_SERVICES: create_local_service_socket() name=shell:cat /proc/32424/stat
06-14 15:02:40.684   336   336 W ADB_SERVICES: service_to_fd() name=shell:cat /proc/32424/stat
06-14 15:02:40.685   336   336 W ADB_SERVICES: read_meminfo() mem_free=321116
06-14 15:02:40.685   336   336 W ADB_SERVICES: create_subproc ret_fd=22 pid=840
06-14 15:02:40.686   336   336 W ADB_SERVICES: LS(30445): bound to 'shell:cat /proc/32424/stat' via 22
06-14 15:02:40.686   840   840 W ADB_SERVICES: adb: unable to update oom_score_adj
06-14 15:02:40.690   336   336 W ADB_SERVICES: create_local_service_socket() name=sync:
06-14 15:02:40.690   336   336 W ADB_SERVICES: service_to_fd() name=sync:
06-14 15:02:40.690   336   336 W ADB_SERVICES: LS(30446): bound to 'sync:' via 23
06-14 15:02:40.692   336   336 D ADB_SERVICES:  closing because is_eof=1 r=1 s->fde.force_eof=0
06-14 15:02:40.692   336   336 W ADB_SERVICES: entered. LS(30445) fd=22
06-14 15:02:40.712   336   336 W ADB_SERVICES: create_local_service_socket() name=shell:cat /proc/stat
06-14 15:02:40.712   336   336 W ADB_SERVICES: service_to_fd() name=shell:cat /proc/stat
06-14 15:02:40.712   336   336 W ADB_SERVICES: read_meminfo() mem_free=320704
06-14 15:02:40.713   336   336 W ADB_SERVICES: create_subproc ret_fd=28 pid=842
06-14 15:02:40.713   336   336 W ADB_SERVICES: LS(30447): bound to 'shell:cat /proc/stat' via 28
06-14 15:02:40.713   842   842 W ADB_SERVICES: adb: unable to update oom_score_adj
06-14 15:02:40.719   336   336 D ADB_SERVICES:  closing because is_eof=1 r=1 s->fde.force_eof=0
06-14 15:02:40.719   336   336 W ADB_SERVICES: entered. LS(30447) fd=28
06-14 15:02:40.724   336   336 W ADB_SERVICES: create_local_service_socket() name=shell:cat /proc/stat
06-14 15:02:40.724   336   336 W ADB_SERVICES: service_to_fd() name=shell:cat /proc/stat
06-14 15:02:40.725   336   336 W ADB_SERVICES: read_meminfo() mem_free=320704
06-14 15:02:40.725   336   336 W ADB_SERVICES: create_subproc ret_fd=28 pid=843
06-14 15:02:40.725   336   336 W ADB_SERVICES: LS(30448): bound to 'shell:cat /proc/stat' via 28
06-14 15:02:40.726   843   843 W ADB_SERVICES: adb: unable to update oom_score_adj
06-14 15:02:40.732   336   336 D ADB_SERVICES:  closing because is_eof=1 r=1 s->fde.force_eof=0
06-14 15:02:40.732   336   336 W ADB_SERVICES: entered. LS(30448) fd=28
06-14 15:02:40.756   336   336 W ADB_SERVICES: create_local_service_socket() name=shell:cat /proc/net/xt_qtaguid/stats | grep 10069
06-14 15:02:40.756   336   336 W ADB_SERVICES: service_to_fd() name=shell:cat /proc/net/xt_qtaguid/stats | grep 10069
06-14 15:02:40.756   336   336 W ADB_SERVICES: read_meminfo() mem_free=320660
06-14 15:02:40.756   336   336 W ADB_SERVICES: create_subproc ret_fd=28 pid=844
06-14 15:02:40.756   336   336 W ADB_SERVICES: LS(30449): bound to 'shell:cat /proc/net/xt_qtaguid/stats | grep 10069' via 28
06-14 15:02:40.757   844   844 W ADB_SERVICES: adb: unable to update oom_score_adj
06-14 15:02:40.767   336   336 W ADB_SERVICES: create_local_service_socket() name=shell:cat /proc/net/xt_qtaguid/stats | grep 10069
06-14 15:02:40.767   336   336 W ADB_SERVICES: service_to_fd() name=shell:cat /proc/net/xt_qtaguid/stats | grep 10069
06-14 15:02:40.767   336   336 W ADB_SERVICES: read_meminfo() mem_free=319500
06-14 15:02:40.768   336   336 W ADB_SERVICES: create_subproc ret_fd=29 pid=847
06-14 15:02:40.768   336   336 W ADB_SERVICES: LS(30450): bound to 'shell:cat /proc/net/xt_qtaguid/stats | grep 10069' via 29
06-14 15:02:40.769   847   847 W ADB_SERVICES: adb: unable to update oom_score_adj
06-14 15:02:40.773   336   336 D ADB_SERVICES:  closing because is_eof=1 r=-1 s->fde.force_eof=0
06-14 15:02:40.773   336   336 W ADB_SERVICES: entered. LS(30449) fd=28
06-14 15:02:40.785   336   336 D ADB_SERVICES:  closing because is_eof=1 r=-1 s->fde.force_eof=0
06-14 15:02:40.785   336   336 W ADB_SERVICES: entered. LS(30450) fd=29
06-14 15:02:40.910   319   319 I thermal_repeater: oh, queryMdThermalInfo (0)Bad file number
06-14 15:02:40.918   319   319 I thermal_repeater: [recvMdThermalInfo] ret=25, strLen=127,  1, 32767,,, -1, 32767, 2
